W/dalvikvm(  839): PR_CAPBSET_DROP 13 failed: Invalid argument. Please make sure your kernel is compiled with file capabilities support enabled.
W/dalvikvm(  839): PR_CAPBSET_DROP 14 failed: Invalid argument. Please make sure your kernel is compiled with file capabilities support enabled.
W/dalvikvm(  839): PR_CAPBSET_DROP 15 failed: Invalid argument. Please make sure your kernel is compiled with file capabilities support enabled.
W/dalvikvm(  839): PR_CAPBSET_DROP 16 failed: Invalid argument. Please make sure your kernel is compiled with file capabilities support enabled.
W/dalvikvm(  839): PR_CAPBSET_DROP 17 failed: Invalid argument. Please make sure your kernel is compiled with file capabilities support enabled.
W/dalvikvm(  839): PR_CAPBSET_DROP 18 failed: Invalid argument. Please make sure your kernel is compiled with file capabilities support enabled.
W/dalvikvm(  839): PR_CAPBSET_DROP 19 failed: Invalid argument. Please make sure your kernel is compiled with file capabilities support enabled.
W/dalvikvm(  839): PR_CAPBSET_DROP 20 failed: Invalid argument. Please make sure your kernel is compiled with file capabilities support enabled.
W/dalvikvm(  839): PR_CAPBSET_DROP 21 failed: Invalid argument. Please make sure your kernel is compiled with file capabilities support enabled.
W/dalvikvm(  839): PR_CAPBSET_DROP 22 failed: Invalid argument. Please make sure your kernel is compiled with file capabilities support enabled.
W/dalvikvm(  839): PR_CAPBSET_DROP 23 failed: Invalid argument. Please make sure your kernel is compiled with file capabilities support enabled.
W/dalvikvm(  839): PR_CAPBSET_DROP 24 failed: Invalid argument. Please make sure your kernel is compiled with file capabilities support enabled.
W/dalvikvm(  839): PR_CAPBSET_DROP 25 failed: Invalid argument. Please make sure your kernel is compiled with file capabilities support enabled.
W/dalvikvm(  839): PR_CAPBSET_DROP 26 failed: Invalid argument. Please make sure your kernel is compiled with file capabilities support enabled.
W/dalvikvm(  839): PR_CAPBSET_DROP 27 failed: Invalid argument. Please make sure your kernel is compiled with file capabilities support enabled.
W/dalvikvm(  839): PR_CAPBSET_DROP 28 failed: Invalid argument. Please make sure your kernel is compiled with file capabilities support enabled.
W/dalvikvm(  839): PR_CAPBSET_DROP 29 failed: Invalid argument. Please make sure your kernel is compiled with file capabilities support enabled.
W/dalvikvm(  839): PR_CAPBSET_DROP 30 failed: Invalid argument. Please make sure your kernel is compiled with file capabilities support enabled.
W/dalvikvm(  839): PR_CAPBSET_DROP 31 failed: Invalid argument. Please make sure your kernel is compiled with file capabilities support enabled.
W/dalvikvm(  839): PR_CAPBSET_DROP 32 failed: Invalid argument. Please make sure your kernel is compiled with file capabilities support enabled.
W/dalvikvm(  839): PR_CAPBSET_DROP 33 failed: Invalid argument. Please make sure your kernel is compiled with file capabilities support enabled.
I/ActivityManager(  280): Start proc com.svox.pico for broadcast com.svox.pico/.VoiceDataInstallerReceiver: pid=839 uid=10028 gids={50028, 1015, 1028}
D/dalvikvm(  280): GC_EXPLICIT freed 782K, 62% free 5226K/13468K, paused 144ms+21ms, total 510ms
D/AndroidRuntime(  792): Shutting down VM
D/dalvikvm(  792): GC_CONCURRENT freed 92K, 17% free 477K/572K, paused 0ms+1ms, total 8ms
W/RecognitionManagerService(  280): no available voice recognition services found for user 0
D/dalvikvm(  523): GC_CONCURRENT freed 356K, 15% free 3066K/3584K, paused 6ms+3ms, total 101ms
D/AndroidRuntime(  854): 
D/AndroidRuntime(  854): >>>>>> AndroidRuntime START com.android.internal.os.RuntimeInit <<<<<<
D/AndroidRuntime(  854): CheckJNI is ON
D/dalvikvm(  854): Trying to load lib libjavacore.so 0x0
D/dalvikvm(  854): Added shared lib libjavacore.so 0x0
D/dalvikvm(  854): Trying to load lib libnativehelper.so 0x0
D/dalvikvm(  854): Added shared lib libnativehelper.so 0x0
E/cutils-trace(  854): Error opening trace file: No such file or directory (2)
D/AndroidRuntime(  854): Calling main entry com.android.commands.am.Am
D/dalvikvm(  854): Note: class Landroid/app/ActivityManagerNative; has 163 unimplemented (abstract) methods
I/ActivityManager(  280): START u0 {act=android.intent.action.MAIN flg=0x10000000 cmp=com.rhomobile.new_orm_spec/com.rhomobile.rhodes.RhodesActivity} from pid 854
D/dalvikvm(  280): GC_FOR_ALLOC freed 147K, 59% free 5560K/13468K, paused 75ms, total 80ms
I/WindowManager(  280): Screenshot Window{42026c70 u0 com.android.launcher/com.android.launcher2.Launcher} was all black! mSurfaceLayer=21005 minLayer=21000 maxLayer=21005
D/AndroidRuntime(  854): Shutting down VM
D/dalvikvm(  854): GC_CONCURRENT freed 92K, 16% free 511K/604K, paused 1ms+1ms, total 9ms
W/dalvikvm(  865): PR_CAPBSET_DROP 0 failed: Invalid argument. Please make sure your kernel is compiled with file capabilities support enabled.
W/dalvikvm(  865): PR_CAPBSET_DROP 1 failed: Invalid argument. Please make sure your kernel is compiled with file capabilities support enabled.
W/dalvikvm(  865): PR_CAPBSET_DROP 2 failed: Invalid argument. Please make sure your kernel is compiled with file capabilities support enabled.
W/dalvikvm(  865): PR_CAPBSET_DROP 3 failed: Invalid argument. Please make sure your kernel is compiled with file capabilities support enabled.
W/dalvikvm(  865): PR_CAPBSET_DROP 4 failed: Invalid argument. Please make sure your kernel is compiled with file capabilities support enabled.
W/dalvikvm(  865): PR_CAPBSET_DROP 5 failed: Invalid argument. Please make sure your kernel is compiled with file capabilities support enabled.
W/dalvikvm(  865): PR_CAPBSET_DROP 6 failed: Invalid argument. Please make sure your kernel is compiled with file capabilities support enabled.
W/dalvikvm(  865): PR_CAPBSET_DROP 7 failed: Invalid argument. Please make sure your kernel is compiled with file capabilities support enabled.
W/dalvikvm(  865): PR_CAPBSET_DROP 8 failed: Invalid argument. Please make sure your kernel is compiled with file capabilities support enabled.
W/dalvikvm(  865): PR_CAPBSET_DROP 9 failed: Invalid argument. Please make sure your kernel is compiled with file capabilities support enabled.
W/dalvikvm(  865): PR_CAPBSET_DROP 10 failed: Invalid argument. Please make sure your kernel is compiled with file capabilities support enabled.
W/dalvikvm(  865): PR_CAPBSET_DROP 11 failed: Invalid argument. Please make sure your kernel is compiled with file capabilities support enabled.
W/dalvikvm(  865): PR_CAPBSET_DROP 12 failed: Invalid argument. Please make sure your kernel is compiled with file capabilities support enabled.
W/dalvikvm(  865): PR_CAPBSET_DROP 13 failed: Invalid argument. Please make sure your kernel is compiled with file capabilities support enabled.
W/dalvikvm(  865): PR_CAPBSET_DROP 14 failed: Invalid argument. Please make sure your kernel is compiled with file capabilities support enabled.
W/dalvikvm(  865): PR_CAPBSET_DROP 15 failed: Invalid argument. Please make sure your kernel is compiled with file capabilities support enabled.
W/dalvikvm(  865): PR_CAPBSET_DROP 16 failed: Invalid argument. Please make sure your kernel is compiled with file capabilities support enabled.
W/dalvikvm(  865): PR_CAPBSET_DROP 17 failed: Invalid argument. Please make sure your kernel is compiled with file capabilities support enabled.
W/dalvikvm(  865): PR_CAPBSET_DROP 18 failed: Invalid argument. Please make sure your kernel is compiled with file capabilities support enabled.
W/dalvikvm(  865): PR_CAPBSET_DROP 19 failed: Invalid argument. Please make sure your kernel is compiled with file capabilities support enabled.
W/dalvikvm(  865): PR_CAPBSET_DROP 20 failed: Invalid argument. Please make sure your kernel is compiled with file capabilities support enabled.
W/dalvikvm(  865): PR_CAPBSET_DROP 21 failed: Invalid argument. Please make sure your kernel is compiled with file capabilities support enabled.
W/dalvikvm(  865): PR_CAPBSET_DROP 22 failed: Invalid argument. Please make sure your kernel is compiled with file capabilities support enabled.
W/dalvikvm(  865): PR_CAPBSET_DROP 23 failed: Invalid argument. Please make sure your kernel is compiled with file capabilities support enabled.
W/dalvikvm(  865): PR_CAPBSET_DROP 24 failed: Invalid argument. Please make sure your kernel is compiled with file capabilities support enabled.
W/dalvikvm(  865): PR_CAPBSET_DROP 25 failed: Invalid argument. Please make sure your kernel is compiled with file capabilities support enabled.
W/dalvikvm(  865): PR_CAPBSET_DROP 26 failed: Invalid argument. Please make sure your kernel is compiled with file capabilities support enabled.
W/dalvikvm(  865): PR_CAPBSET_DROP 27 failed: Invalid argument. Please make sure your kernel is compiled with file capabilities support enabled.
W/dalvikvm(  865): PR_CAPBSET_DROP 28 failed: Invalid argument. Please make sure your kernel is compiled with file capabilities support enabled.
W/dalvikvm(  865): PR_CAPBSET_DROP 29 failed: Invalid argument. Please make sure your kernel is compiled with file capabilities support enabled.
W/dalvikvm(  865): PR_CAPBSET_DROP 30 failed: Invalid argument. Please make sure your kernel is compiled with file capabilities support enabled.
W/dalvikvm(  865): PR_CAPBSET_DROP 31 failed: Invalid argument. Please make sure your kernel is compiled with file capabilities support enabled.
W/dalvikvm(  865): PR_CAPBSET_DROP 32 failed: Invalid argument. Please make sure your kernel is compiled with file capabilities support enabled.
W/dalvikvm(  865): PR_CAPBSET_DROP 33 failed: Invalid argument. Please make sure your kernel is compiled with file capabilities support enabled.
I/ActivityManager(  280): Start proc com.rhomobile.new_orm_spec for activity com.rhomobile.new_orm_spec/com.rhomobile.rhodes.RhodesActivity: pid=865 uid=10046 gids={50046, 3003, 1028}
I/dalvikvm(  865): Turning on JNI app bug workarounds for target SDK version 4...
D/dalvikvm(  280): GC_CONCURRENT freed 411K, 57% free 5912K/13468K, paused 5ms+24ms, total 280ms
D/dalvikvm(  865): Trying to load lib /data/app-lib/com.rhomobile.new_orm_spec-1/librhodes.so 0x416f6f30
D/dalvikvm(  865): Added shared lib /data/app-lib/com.rhomobile.new_orm_spec-1/librhodes.so 0x416f6f30
I/RhodesApplication(  865): Initializing...
D/RhoFileApi(  865): App root path: /data/data/com.rhomobile.new_orm_spec/rhodata/
D/RhoFileApi(  865): Sqlite journals path: /data/data/com.rhomobile.new_orm_spec/sqlite_stmt_journals/
D/RhoFileApi(  865): Shared path: /data/data/com.rhomobile.new_orm_spec/rhodata/
D/RhodesApplication(  865): Root path: /data/data/com.rhomobile.new_orm_spec/rhodata/
I/RhodesApplication(  865): Application hash was changed
D/RhoFileApi(  865): Copy hash to FS
D/RhoFileApi(  865): File hash copied
D/RhoFileApi(  865): Copy apps/rhoconfig.txt to FS
D/RhoFileApi(  865): File apps/rhoconfig.txt copied
I/RhoFileApi(  865): Opening stat table from package assets
D/RhoFileApi(  865): Copy apps/rhoconfig.txt to FS
D/RhoFileApi(  865): File apps/rhoconfig.txt copied
D/RhoFileApi(  865): App root path: /data/data/com.rhomobile.new_orm_spec/rhodata/
D/RhoFileApi(  865): Sqlite journals path: /data/data/com.rhomobile.new_orm_spec/sqlite_stmt_journals/
D/RhoFileApi(  865): Shared path: /data/data/com.rhomobile.new_orm_spec/rhodata/
I/APP     (  865): I 12/12/2013 19:53:56:431 00000361    RhodesApplication| Initialized
I/APP     (  865): I 12/12/2013 19:53:56:589 00000361         SplashScreen| Looking for start page source
I/APP     (  865): I 12/12/2013 19:53:56:600 00000361         SplashScreen| Loading html: apps/app/loading.html
D/dalvikvm(  865): GC_CONCURRENT freed 271K, 14% free 2746K/3172K, paused 5ms+2ms, total 70ms
D/dalvikvm(  865): GC_FOR_ALLOC freed 6K, 14% free 2740K/3172K, paused 21ms, total 22ms
I/dalvikvm-heap(  865): Grow heap (frag case) to 3.902MB for 1127536-byte allocation
D/dalvikvm(  865): GC_FOR_ALLOC freed <1K, 11% free 3841K/4276K, paused 44ms, total 44ms
D/dalvikvm(  865): GC_CONCURRENT freed <1K, 11% free 3848K/4276K, paused 3ms+3ms, total 40ms
I/APP     (  865): I 12/12/2013 19:53:56:804 00000361         SplashScreen| Done
I/APP     (  865): I 12/12/2013 19:53:56:834 00000361       RhodesActivity| Config path: /storage/sdcard/Android/data/com.rhomobile.new_orm_spec/Config.xml
I/APP     (  865): I 12/12/2013 19:53:56:836 00000361       RhodesActivity| Loading Config.xml from resources
I/APP     (  865): W 12/12/2013 19:53:56:852 00000361       RhodesActivity| Error loading RhoElements configuraiton (IllegalArgumentException): Cannot get com.rhomobile.new_orm_spec.R$raw.config
I/APP     (  865): I 12/12/2013 19:53:56:886 00000361        GoogleWebView| Initialize Google WEbView staff
I/APP     (  865): I 12/12/2013 19:53:57:045 00000361    RhodesApplication| New UiState: MainActivityCreated
I/APP     (  865): I 12/12/2013 19:53:57:049 00000361    RhodesApplication| New UiState: MainActivityStarted
I/APP     (  865): I 12/12/2013 19:53:57:052 00000361 AndroidFunctionality| Resume WebView
I/APP     (  865): I 12/12/2013 19:53:57:054 00000361    RhodesApplication| New UiState: MainActivitiResumed
D/dalvikvm(  865): GREF has increased to 201
I/APP     (  865): I 12/12/2013 19:53:57:153 00000361    LocalFileProvider| Revoke URI permissions: content:%2F%2Fcom.rhomobile.new_orm_spec
W/ActivityManager(  280): No content provider found for permission revoke: content://com.rhomobile.new_orm_spec
I/APP     (  865): I 12/12/2013 19:53:57:180 00000361               Rhodes| Loading...
I/APP     (  865): I 12/12/2013 19:53:57:182 00000361            RhodesApp| Trying to get free listening port.
I/APP     (  865): I 12/12/2013 19:53:57:192 00000361            RhodesApp| Trying to bind of 0 port...
I/APP     (  865): I 12/12/2013 19:53:57:196 00000361            RhodesApp| Got port to bind on: 46236
I/APP     (  865): I 12/12/2013 19:53:57:198 00000361            RhodesApp| Free listening port: 46236
I/APP     (  865): I 12/12/2013 19:53:57:191 0000037d         AppCallbacks| Starting main routine...
I/APP     (  865): I 12/12/2013 19:53:57:234 0000037d         AppCallbacks| ThreadQueue blocked for 4294967295 seconds...
I/APP     (  865): I 12/12/2013 19:53:57:270 00000361            RhodesApp| callAppActiveCallback
I/APP     (  865): I 12/12/2013 19:53:57:271 00000361         AppCallbacks| addCommand: APP-ACTIVATED
I/APP     (  865): I 12/12/2013 19:53:57:274 0000037d         AppCallbacks| Received command APP-ACTIVATED which is greater than expected (LOCAL-SERVER-STARTED) - postpone it
I/APP     (  865): I 12/12/2013 19:53:57:277 0000037d         AppCallbacks| ThreadQueue blocked for 4294967295 seconds...
I/APP     (  865): I 12/12/2013 19:53:57:278 00000361         AppActivated| Cannot commit now, application will be activated when started.
I/APP     (  865): I 12/12/2013 19:53:57:279 00000361    RhodesApplication| New AppState: Undefined
I/APP     (  865): I 12/12/2013 19:53:57:283 00000361        RhodesService| handleCommand: startId=1, source=com.rhomobile.rhodes.BaseActivity
I/APP     (  865): I 12/12/2013 19:53:57:273 0000037f            RhodesApp| Starting RhodesApp main routine...
I/APP     (  865): I 12/12/2013 19:53:57:305 00000361         AppCallbacks| addCommand: UI-CREATED
I/APP     (  865): I 12/12/2013 19:53:57:306 0000037d         AppCallbacks| Received command UI-CREATED which is greater than expected (LOCAL-SERVER-STARTED) - postpone it
I/APP     (  865): I 12/12/2013 19:53:57:307 0000037d         AppCallbacks| ThreadQueue blocked for 4294967295 seconds...
I/APP     (  865): I 12/12/2013 19:53:57:333 00000361  WebSettingsProvider| Set web plugins state 'OFF'
I/APP     (  865): I 12/12/2013 19:53:57:335 00000361  WebSettingsProvider| Allow universal access from file URL
I/APP     (  865): I 12/12/2013 19:53:57:338 00000361        GoogleWebView| Setting RhoWebChromeClient and RhoWebViewClient
V/PhoneStatusBar(  401): setLightsOn(true)
V/SimpleMainView.View(  865): ms[1386896037503]  Main Window :: onSizeChanged() old [ 720 x 1084 ]  new [ 0 x 0 ]
I/APP     (  865): I 12/12/2013 19:53:57:515 00000361 ConnectionChangeReceiver| LOGGER: Network status change, connected = true
I/APP     (  865): E 12/12/2013 19:53:57:515 00000361         RhodesAppJNI| nativeNotify
I/APP     (  865): E 12/12/2013 19:53:57:521 00000361            RhodesApp| enter notifyReceiver
I/APP     (  865): E 12/12/2013 19:53:57:522 00000361            RhodesApp| calling onNetworkStatusChanged
I/APP     (  865): I 12/12/2013 19:53:57:524 00000361       RhodesActivity| New start parameters: 
I/APP     (  865): I 12/12/2013 19:53:57:526 00000361            RhodesApp| New start params: 
D/        (  865): HostConnection::get() New Host Connection established 0x2a2e0fc8, tid 865
I/ActivityManager(  280): Displayed com.rhomobile.new_orm_spec/com.rhomobile.rhodes.RhodesActivity: +2s478ms
I/APP     (  865): I 12/12/2013 19:53:57:924 0000037f              RhoRuby| Init_RhoBlobs: /data/data/com.rhomobile.new_orm_spec/rhodata/db/db-files
I/APP     (  865): I 12/12/2013 19:53:58:302 0000037f              RhoRuby| require_compiled: RhoSystemApi
I/APP     (  865): I 12/12/2013 19:53:58:398 0000037f              RhoRuby| require_compiled: RhoApplicationApi
I/APP     (  865): I 12/12/2013 19:53:58:499 0000037f              RhoRuby| require_compiled: RhoNetworkApi
I/APP     (  865): I 12/12/2013 19:53:58:577 0000037f              RhoRuby| require_compiled: RhoDatabaseApi
E/cutils-trace(  865): Error opening trace file: No such file or directory (2)
I/APP     (  865): I 12/12/2013 19:53:58:814 0000037f              RhoRuby| require_compiled: RhoLogApi
I/APP     (  865): I 12/12/2013 19:53:58:933 0000037f              RhoRuby| require_compiled: RhoWebViewApi
I/APP     (  865): I 12/12/2013 19:53:58:999 0000037f              RhoRuby| require_compiled: RhoNativeToolbarApi
D/TilesManager(  865): Starting TG #0, 0x2a3a7628
I/APP     (  865): I 12/12/2013 19:53:59:120 0000037f              RhoRuby| require_compiled: RhoNativeTabbarApi
I/APP     (  865): I 12/12/2013 19:53:59:167 0000037f              RhoRuby| require_compiled: RhoNotificationApi
I/APP     (  865): I 12/12/2013 19:53:59:216 0000037f              RhoRuby| require_compiled: rhoframework
I/APP     (  865): I 12/12/2013 19:53:59:252 0000037f              RhoRuby| require_compiled: rational
I/APP     (  865): I 12/12/2013 19:53:59:258 0000037f              RhoRuby| require_compiled: json
I/APP     (  865): I 12/12/2013 19:53:59:274 0000037f              RhoRuby| require_compiled: json/common
D/dalvikvm(  865): GC_CONCURRENT freed 278K, 10% free 3962K/4400K, paused 6ms+16ms, total 66ms
I/APP     (  865): I 12/12/2013 19:53:59:388 0000037f              RhoRuby| require_compiled: json/version
I/APP     (  865): I 12/12/2013 19:53:59:419 0000037f              RhoRuby| require_compiled: json/pure
I/APP     (  865): I 12/12/2013 19:53:59:453 0000037f              RhoRuby| require_compiled: json/pure/generator
D/webviewglue(  865): nativeDestroy view: 0x2a38f008
I/APP     (  865): I 12/12/2013 19:53:59:554 0000037f              RhoRuby| require_compiled: rho/rhoapplication
I/APP     (  865): I 12/12/2013 19:53:59:584 0000037f              RhoRuby| require_compiled: rholang/localization_simplified
I/APP     (  865): I 12/12/2013 19:53:59:612 0000037f              RhoRuby| require_compiled: rho/rhomsg
I/APP     (  865): I 12/12/2013 19:53:59:621 0000037f              RhoRuby| require_compiled: rho/rhotabbar
I/APP     (  865): I 12/12/2013 19:53:59:632 0000037f              RhoRuby| require_compiled: rho/rhotoolbar
I/APP     (  865): I 12/12/2013 19:53:59:642 0000037f                  APP| Current locale: ; Country code: 
I/APP     (  865): I 12/12/2013 19:53:59:647 0000037f                  APP| Locilized file: /data/data/com.rhomobile.new_orm_spec/rhodata/lib/rholang/lang_
I/APP     (  865): I 12/12/2013 19:53:59:657 0000037f              RhoRuby| require_compiled: /data/data/com.rhomobile.new_orm_spec/rhodata/lib/rholang/lang_en
I/APP     (  865): I 12/12/2013 19:53:59:674 0000037f                  APP| Locilized file: /data/data/com.rhomobile.new_orm_spec/rhodata/apps/app/lang/lang_
I/APP     (  865): I 12/12/2013 19:53:59:677 0000037f                  APP| Locilized file: /data/data/com.rhomobile.new_orm_spec/rhodata/lib/rholang/rhoerror_
I/APP     (  865): I 12/12/2013 19:53:59:680 0000037f              RhoRuby| require_compiled: /data/data/com.rhomobile.new_orm_spec/rhodata/lib/rholang/rhoerror_en
I/APP     (  865): I 12/12/2013 19:53:59:692 0000037f                  APP| Locilized file: /data/data/com.rhomobile.new_orm_spec/rhodata/lib/rholang/rhomsg_
I/APP     (  865): I 12/12/2013 19:53:59:694 0000037f              RhoRuby| require_compiled: /data/data/com.rhomobile.new_orm_spec/rhodata/lib/rholang/rhomsg_en
I/APP     (  865): I 12/12/2013 19:53:59:705 0000037f              RhoRuby| require_compiled: indifferent_access
I/APP     (  865): I 12/12/2013 19:53:59:725 0000037f              RhoRuby| require_compiled: rho/rhosupport
I/APP     (  865): I 12/12/2013 19:53:59:758 0000037f              RhoRuby| require_compiled: rho/rhocontroller
I/APP     (  865): I 12/12/2013 19:53:59:780 0000037f              RhoRuby| require_compiled: rho/render
I/APP     (  865): I 12/12/2013 19:53:59:833 0000037f              RhoRuby| require_compiled: rho/rho
I/APP     (  865): I 12/12/2013 19:53:59:974 0000037f              RhoRuby| require_compiled: rho/rhoerror
I/APP     (  865): I 12/12/2013 19:53:59:986 0000037f              RhoRuby| require_compiled: rhodes
I/APP     (  865): I 12/12/2013 19:53:59:997 0000037f                  APP| Looking for RhoConnectClient
I/APP     (  865): I 12/12/2013 19:54:00:029 0000037f                  APP| RhoConnectClient not found ( #<NameError: uninitialized constant Rho::RhoConnectClient> ). Defining stub module
I/APP     (  865): I 12/12/2013 19:54:00:032 0000037f              RhoRuby| require_compiled: rho/rhoviewhelpers
I/APP     (  865): I 12/12/2013 19:54:00:093 0000037f              RhoRuby| require_compiled: rho
I/APP     (  865): I 12/12/2013 19:54:00:121 0000037f                  APP| RHOSTUDIO_REMOTE_DEBUG=false
I/APP     (  865): I 12/12/2013 19:54:00:121 0000037f                  APP| RHOSTUDIO_REMOTE_HOST=
I/APP     (  865): I 12/12/2013 19:54:00:123 0000037f                  APP| RHOSTUDIO_REMOTE_PATH=
I/APP     (  865): I 12/12/2013 19:54:00:124 0000037f                  APP| RHO loaded
I/APP     (  865): I 12/12/2013 19:54:00:134 0000037f                  APP| Calling RHO.initialize , use_new_rhom: 0
I/APP     (  865): I 12/12/2013 19:54:00:136 0000037f                  APP| MZV_DEBUG: we are in use_new_rhom false false
I/APP     (  865): I 12/12/2013 19:54:00:140 0000037f                   DB| Open DB: /data/data/com.rhomobile.new_orm_spec/rhodata/db/syncdbapp.sqlite
I/APP     (  865): I 12/12/2013 19:54:00:321 0000037f                   DB| Open DB: /data/data/com.rhomobile.new_orm_spec/rhodata/db/syncdbuser.sqlite
I/APP     (  865): I 12/12/2013 19:54:00:407 0000037f                   DB| Open DB: /data/data/com.rhomobile.new_orm_spec/rhodata/db/syncdblocal.sqlite
I/APP     (  865): I 12/12/2013 19:54:00:483 0000037f              RhoRuby| require_compiled: rhom
I/APP     (  865): I 12/12/2013 19:54:00:493 0000037f              RhoRuby| require_compiled: rhom/rhom
I/APP     (  865): I 12/12/2013 19:54:00:524 0000037f              RhoRuby| require_compiled: rhom/rhom_object_factory
I/APP     (  865): I 12/12/2013 19:54:00:721 0000037f              RhoRuby| require_compiled: rhom/rhom_object
I/APP     (  865): I 12/12/2013 19:54:00:732 0000037f              RhoRuby| require_compiled: rhom/rhom_model
I/APP     (  865): I 12/12/2013 19:54:00:754 0000037f              RhoRuby| require_compiled: rhom/rhom_source
I/APP     (  865): I 12/12/2013 19:54:00:774 0000037f                  APP| model file: Customer/customer
I/APP     (  865): I 12/12/2013 19:54:00:776 0000037f                  APP| model file: Customer_s/customer_s
I/APP     (  865): I 12/12/2013 19:54:00:780 0000037f                  APP| model file: Product/product
I/APP     (  865): I 12/12/2013 19:54:00:784 0000037f                  APP| model file: Product_s/product_s
I/APP     (  865): I 12/12/2013 19:54:00:786 0000037f          GeoLocation| Creating singleton instance.
I/APP     (  865): I 12/12/2013 19:54:00:786 0000037f            RhodesApp| RhoRubyInitApp...
I/APP     (  865): I 12/12/2013 19:54:00:788 0000037f                  APP| init_app
I/APP     (  865): I 12/12/2013 19:54:00:791 0000037f              RhoRuby| require_compiled: application
I/APP     (  865): I 12/12/2013 19:54:00:801 0000037f           HttpServer| Start HTTP server
I/APP     (  865): I 12/12/2013 19:54:00:802 0000037f           HttpServer| Listen for connections on port 46236
I/APP     (  865): I 12/12/2013 19:54:00:803 0000037f         AppCallbacks| addCommand: LOCAL-SERVER-STARTED
I/APP     (  865): I 12/12/2013 19:54:00:804 0000037d         AppCallbacks| process command: LOCAL-SERVER-STARTED
I/APP     (  865): I 12/12/2013 19:54:00:806 0000037d RhodesAppActiveObserver| Ready
I/APP     (  865): I 12/12/2013 19:54:00:817 00000361  WebSettingsProvider| Set web plugins state 'OFF'
I/APP     (  865): I 12/12/2013 19:54:00:819 00000361  WebSettingsProvider| Allow universal access from file URL
I/APP     (  865): I 12/12/2013 19:54:00:823 0000037d    RhodesApplication| New AppState: AppActivated
I/APP     (  865): I 12/12/2013 19:54:00:831 0000037d         AppCallbacks| process command: UI-CREATED
I/APP     (  865): I 12/12/2013 19:54:00:836 00000361  WebSettingsProvider| Set web plugins state 'ON'
I/APP     (  865): I 12/12/2013 19:54:00:838 00000361  WebSettingsProvider| Allow universal access from file URL
I/APP     (  865): I 12/12/2013 19:54:00:861 0000037f           HttpServer| Process URI: '/system/uicreated'
I/APP     (  865): I 12/12/2013 19:54:00:864 0000037f                  APP| on_ui_created.navigate to start url: '/app'
I/APP     (  865): I 12/12/2013 19:54:00:876 00000361       SimpleMainView| Cleared URL: http://127.0.0.1:46236/app
I/APP     (  865): I 12/12/2013 19:54:00:966 0000037d         AppCallbacks| process command: APP-ACTIVATED
I/APP     (  865): I 12/12/2013 19:54:01:001 0000037f           HttpServer| Process URI: '/system/activateapp'
I/APP     (  865): I 12/12/2013 19:54:01:003 0000037f                  APP| AppEvent Activated
I/APP     (  865): I 12/12/2013 19:54:01:017 0000037d         AppCallbacks| ThreadQueue blocked for 4294967295 seconds...
D/dalvikvm(  865): GC_CONCURRENT freed 404K, 15% free 3949K/4624K, paused 5ms+3ms, total 162ms
I/APP     (  865): I 12/12/2013 19:54:01:164 0000037f           HttpServer| Process URI: '/app'
I/APP     (  865): I 12/12/2013 19:54:01:227 00000361     RhoWebViewClient| Loading URL: http://127.0.0.1:46236/app/index_erb.iseq
I/APP     (  865): I 12/12/2013 19:54:01:251 0000037f           HttpServer| Process URI: '/app/index_erb.iseq'
I/APP     (  865): I 12/12/2013 19:54:01:309 0000037f                  APP| RHO serve_index: /app/index_erb.iseq
I/APP     (  865): I 12/12/2013 19:54:01:320 0000037f RHO Rho::RhoController| inst_render_index
I/APP     (  865): I 12/12/2013 19:54:01:333 0000037f RHO Rho::RhoController| index layout
I/APP     (  865): I 12/12/2013 19:54:01:407 0000037f           HttpServer| GC Start.
I/APP     (  865): I 12/12/2013 19:54:01:517 0000037f           HttpServer| GC End.
I/APP     (  865): I 12/12/2013 19:54:01:888 00000361     RhoWebViewClient| Loading URL: http://127.0.0.1:46236/app/SpecRunner
I/APP     (  865): I 12/12/2013 19:54:01:913 0000037f           HttpServer| Process URI: '/app/SpecRunner'
I/APP     (  865): I 12/12/2013 19:54:01:916 0000037f                  APP| RHO serve: /app/SpecRunner
I/APP     (  865): I 12/12/2013 19:54:01:921 0000037f              RhoRuby| require_compiled: SpecRunner/controller
I/APP     (  865): I 12/12/2013 19:54:01:953 0000037f              RhoRuby| require_compiled: spec_runner
I/APP     (  865): I 12/12/2013 19:54:01:973 0000037f              RhoRuby| require_compiled: mspec
I/APP     (  865): I 12/12/2013 19:54:01:985 0000037f              RhoRuby| require_compiled: mspec/matchers
I/APP     (  865): I 12/12/2013 19:54:02:010 0000037f              RhoRuby| require_compiled: mspec/matchers/base
I/APP     (  865): I 12/12/2013 19:54:02:052 0000037f              RhoRuby| require_compiled: mspec/matchers/be_an_instance_of
I/APP     (  865): I 12/12/2013 19:54:02:076 0000037f              RhoRuby| require_compiled: mspec/matchers/be_ancestor_of
I/APP     (  865): I 12/12/2013 19:54:02:094 0000037f              RhoRuby| require_compiled: mspec/matchers/be_close
I/APP     (  865): I 12/12/2013 19:54:02:119 0000037f              RhoRuby| require_compiled: mspec/matchers/be_computed_by
I/APP     (  865): I 12/12/2013 19:54:02:142 0000037f              RhoRuby| require_compiled: mspec/matchers/be_computed_by_function
I/APP     (  865): I 12/12/2013 19:54:02:169 0000037f              RhoRuby| require_compiled: mspec/matchers/be_empty
I/APP     (  865): I 12/12/2013 19:54:02:202 0000037f              RhoRuby| require_compiled: mspec/matchers/be_false
I/APP     (  865): I 12/12/2013 19:54:02:226 0000037f              RhoRuby| require_compiled: mspec/matchers/be_kind_of
I/APP     (  865): I 12/12/2013 19:54:02:244 0000037f              RhoRuby| require_compiled: mspec/matchers/be_nil
I/APP     (  865): I 12/12/2013 19:54:02:276 0000037f              RhoRuby| require_compiled: mspec/matchers/be_true
I/APP     (  865): I 12/12/2013 19:54:02:343 0000037f              RhoRuby| require_compiled: mspec/matchers/be_valid_dns_name
I/APP     (  865): I 12/12/2013 19:54:02:398 0000037f              RhoRuby| require_compiled: mspec/matchers/complain
I/APP     (  865): I 12/12/2013 19:54:02:429 0000037f              RhoRuby| require_compiled: mspec/helpers/io
I/APP     (  865): I 12/12/2013 19:54:02:446 0000037f              RhoRuby| require_compiled: mspec/matchers/eql
I/APP     (  865): I 12/12/2013 19:54:02:474 0000037f              RhoRuby| require_compiled: mspec/matchers/equal
I/APP     (  865): I 12/12/2013 19:54:02:509 0000037f              RhoRuby| require_compiled: mspec/matchers/equal_element
I/APP     (  865): I 12/12/2013 19:54:02:533 0000037f              RhoRuby| require_compiled: mspec/matchers/equal_utf16
I/APP     (  865): I 12/12/2013 19:54:02:556 0000037f              RhoRuby| require_compiled: mspec/helpers/encode
I/APP     (  865): I 12/12/2013 19:54:02:576 0000037f              RhoRuby| require_compiled: mspec/guards/feature
I/APP     (  865): I 12/12/2013 19:54:02:593 0000037f              RhoRuby| require_compiled: mspec/guards/guard
I/APP     (  865): I 12/12/2013 19:54:02:672 0000037f              RhoRuby| require_compiled: mspec/runner/mspec
I/APP     (  865): I 12/12/2013 19:54:02:777 0000037f              RhoRuby| require_compiled: mspec/runner/context
I/APP     (  865): I 12/12/2013 19:54:02:844 0000037f              RhoRuby| require_compiled: mspec/runner/exception
I/APP     (  865): I 12/12/2013 19:54:02:911 0000037f              RhoRuby| require_compiled: mspec/runner/tag
D/dalvikvm(  865): GC_CONCURRENT freed 184K, 11% free 4153K/4624K, paused 4ms+25ms, total 93ms
I/APP     (  865): I 12/12/2013 19:54:02:957 0000037f              RhoRuby| require_compiled: fileutils
I/APP     (  865): E 12/12/2013 19:54:03:183 0000037f              RhoRuby| require_compiled: error: can not find etc
I/APP     (  865): I 12/12/2013 19:54:03:195 0000037f              RhoRuby| require_compiled: mspec/runner/actions/tally
I/APP     (  865): I 12/12/2013 19:54:03:217 0000037f              RhoRuby| require_compiled: rbconfig
I/APP     (  865): I 12/12/2013 19:54:03:245 0000037f              RhoRuby| require_compiled: mspec/matchers/have_constant
I/APP     (  865): I 12/12/2013 19:54:03:250 0000037f              RhoRuby| require_compiled: mspec/matchers/variable
I/APP     (  865): I 12/12/2013 19:54:03:261 0000037f              RhoRuby| require_compiled: mspec/matchers/stringsymboladapter
I/APP     (  865): I 12/12/2013 19:54:03:266 0000037f              RhoRuby| require_compiled: mspec/utils/version
I/APP     (  865): I 12/12/2013 19:54:03:281 0000037f              RhoRuby| require_compiled: mspec/matchers/have_class_variable
I/APP     (  865): I 12/12/2013 19:54:03:294 0000037f              RhoRuby| require_compiled: mspec/matchers/have_data
I/APP     (  865): I 12/12/2013 19:54:03:311 0000037f              RhoRuby| require_compiled: mspec/helpers/fmode
I/APP     (  865): I 12/12/2013 19:54:03:322 0000037f              RhoRuby| require_compiled: mspec/matchers/have_instance_method
I/APP     (  865): I 12/12/2013 19:54:03:335 0000037f              RhoRuby| require_compiled: mspec/matchers/method
I/APP     (  865): I 12/12/2013 19:54:03:345 0000037f              RhoRuby| require_compiled: mspec/matchers/have_instance_variable
I/APP     (  865): I 12/12/2013 19:54:03:351 0000037f              RhoRuby| require_compiled: mspec/matchers/have_method
I/APP     (  865): I 12/12/2013 19:54:03:363 0000037f              RhoRuby| require_compiled: mspec/matchers/have_private_instance_method
I/APP     (  865): I 12/12/2013 19:54:03:371 0000037f              RhoRuby| require_compiled: mspec/matchers/have_private_method
I/APP     (  865): I 12/12/2013 19:54:03:382 0000037f              RhoRuby| require_compiled: mspec/matchers/have_protected_instance_method
I/APP     (  865): I 12/12/2013 19:54:03:390 0000037f              RhoRuby| require_compiled: mspec/matchers/have_public_instance_method
I/APP     (  865): I 12/12/2013 19:54:03:401 0000037f              RhoRuby| require_compiled: mspec/matchers/have_singleton_method
I/APP     (  865): I 12/12/2013 19:54:03:412 0000037f              RhoRuby| require_compiled: mspec/matchers/include
I/APP     (  865): I 12/12/2013 19:54:03:422 0000037f              RhoRuby| require_compiled: mspec/matchers/match_yaml
I/APP     (  865): I 12/12/2013 19:54:03:438 0000037f              RhoRuby| require_compiled: mspec/matchers/raise_error
I/APP     (  865): I 12/12/2013 19:54:03:451 0000037f              RhoRuby| require_compiled: mspec/matchers/output
I/APP     (  865): I 12/12/2013 19:54:03:467 0000037f              RhoRuby| require_compiled: mspec/matchers/output_to_fd
I/APP     (  865): I 12/12/2013 19:54:03:485 0000037f              RhoRuby| require_compiled: mspec/helpers/tmp
I/APP     (  865): I 12/12/2013 19:54:03:497 0000037f              RhoRuby| require_compiled: mspec/matchers/respond_to
I/APP     (  865): I 12/12/2013 19:54:03:507 0000037f              RhoRuby| require_compiled: mspec/expectations
I/APP     (  865): I 12/12/2013 19:54:03:514 0000037f              RhoRuby| require_compiled: mspec/expectations/expectations
I/APP     (  865): I 12/12/2013 19:54:03:522 0000037f              RhoRuby| require_compiled: mspec/expectations/should
I/APP     (  865): I 12/12/2013 19:54:03:533 0000037f              RhoRuby| require_compiled: mspec/mocks
I/APP     (  865): I 12/12/2013 19:54:03:538 0000037f              RhoRuby| require_compiled: mspec/mocks/mock
I/APP     (  865): I 12/12/2013 19:54:03:566 0000037f              RhoRuby| require_compiled: mspec/helpers/singleton_class
I/APP     (  865): I 12/12/2013 19:54:03:573 0000037f              RhoRuby| require_compiled: mspec/mocks/proxy
I/APP     (  865): I 12/12/2013 19:54:03:600 0000037f              RhoRuby| require_compiled: mspec/mocks/object
I/APP     (  865): I 12/12/2013 19:54:03:608 0000037f              RhoRuby| require_compiled: mspec/runner
I/APP     (  865): I 12/12/2013 19:54:03:617 0000037f              RhoRuby| require_compiled: mspec/runner/example
I/APP     (  865): I 12/12/2013 19:54:03:630 0000037f              RhoRuby| require_compiled: mspec/runner/object
I/APP     (  865): I 12/12/2013 19:54:03:644 0000037f              RhoRuby| require_compiled: mspec/runner/formatters
I/APP     (  865): I 12/12/2013 19:54:03:649 0000037f              RhoRuby| require_compiled: mspec/runner/formatters/describe
I/APP     (  865): I 12/12/2013 19:54:03:660 0000037f              RhoRuby| require_compiled: mspec/runner/formatters/dotted
I/APP     (  865): I 12/12/2013 19:54:03:676 0000037f              RhoRuby| require_compiled: mspec/runner/actions/timer
I/APP     (  865): I 12/12/2013 19:54:03:687 0000037f              RhoRuby| require_compiled: mspec/runner/formatters/file
I/APP     (  865): I 12/12/2013 19:54:03:694 0000037f              RhoRuby| require_compiled: mspec/runner/formatters/specdoc
I/APP     (  865): I 12/12/2013 19:54:03:706 0000037f              RhoRuby| require_compiled: mspec/runner/formatters/html
I/APP     (  865): I 12/12/2013 19:54:03:721 0000037f              RhoRuby| require_compiled: mspec/runner/formatters/summary
I/APP     (  865): I 12/12/2013 19:54:03:726 0000037f              RhoRuby| require_compiled: mspec/runner/formatters/unit
I/APP     (  865): I 12/12/2013 19:54:03:737 0000037f              RhoRuby| require_compiled: mspec/runner/formatters/spinner
I/APP     (  865): I 12/12/2013 19:54:03:754 0000037f              RhoRuby| require_compiled: mspec/runner/formatters/method
I/APP     (  865): I 12/12/2013 19:54:03:772 0000037f              RhoRuby| require_compiled: mspec/runner/formatters/yaml
I/APP     (  865): I 12/12/2013 19:54:03:787 0000037f              RhoRuby| require_compiled: mspec/runner/formatters/profile
I/APP     (  865): I 12/12/2013 19:54:03:806 0000037f              RhoRuby| require_compiled: mspec/runner/formatters/junit
I/APP     (  865): I 12/12/2013 19:54:03:826 0000037f              RhoRuby| require_compiled: mspec/utils/ruby_name
I/APP     (  865): I 12/12/2013 19:54:03:832 0000037f              RhoRuby| require_compiled: mspec/runner/actions
I/APP     (  865): I 12/12/2013 19:54:03:840 0000037f              RhoRuby| require_compiled: mspec/runner/actions/filter
I/APP     (  865): I 12/12/2013 19:54:03:849 0000037f              RhoRuby| require_compiled: mspec/runner/filters/match
I/APP     (  865): I 12/12/2013 19:54:03:862 0000037f              RhoRuby| require_compiled: mspec/runner/actions/tag
I/APP     (  865): I 12/12/2013 19:54:03:880 0000037f              RhoRuby| require_compiled: mspec/runner/actions/taglist
I/APP     (  865): I 12/12/2013 19:54:03:893 0000037f              RhoRuby| require_compiled: mspec/runner/actions/tagpurge
I/APP     (  865): I 12/12/2013 19:54:03:905 0000037f              RhoRuby| require_compiled: mspec/runner/actions/debug
I/APP     (  865): I 12/12/2013 19:54:03:916 0000037f              RhoRuby| require_compiled: mspec/runner/actions/gdb
I/APP     (  865): I 12/12/2013 19:54:03:925 0000037f              RhoRuby| require_compiled: mspec/runner/filters
I/APP     (  865): I 12/12/2013 19:54:03:929 0000037f              RhoRuby| require_compiled: mspec/runner/filters/regexp
I/APP     (  865): I 12/12/2013 19:54:03:937 0000037f              RhoRuby| require_compiled: mspec/runner/filters/tag
I/APP     (  865): I 12/12/2013 19:54:03:948 0000037f              RhoRuby| require_compiled: mspec/runner/filters/profile
I/APP     (  865): I 12/12/2013 19:54:03:966 0000037f              RhoRuby| require_compiled: mspec/runner/shared
I/APP     (  865): I 12/12/2013 19:54:03:974 0000037f              RhoRuby| require_compiled: mspec/guards
I/APP     (  865): I 12/12/2013 19:54:03:982 0000037f              RhoRuby| require_compiled: mspec/guards/background
I/APP     (  865): I 12/12/2013 19:54:03:994 0000037f              RhoRuby| require_compiled: mspec/guards/bug
I/APP     (  865): I 12/12/2013 19:54:04:005 0000037f              RhoRuby| require_compiled: mspec/guards/version
I/APP     (  865): I 12/12/2013 19:54:04:017 0000037f              RhoRuby| require_compiled: mspec/guards/compliance
I/APP     (  865): I 12/12/2013 19:54:04:030 0000037f              RhoRuby| require_compiled: mspec/guards/conflict
I/APP     (  865): I 12/12/2013 19:54:04:038 0000037f              RhoRuby| require_compiled: mspec/guards/endian
I/APP     (  865): I 12/12/2013 19:54:04:052 0000037f              RhoRuby| require_compiled: mspec/guards/extensions
I/APP     (  865): I 12/12/2013 19:54:04:062 0000037f              RhoRuby| require_compiled: mspec/guards/noncompliance
I/APP     (  865): I 12/12/2013 19:54:04:070 0000037f              RhoRuby| require_compiled: mspec/guards/platform
I/APP     (  865): I 12/12/2013 19:54:04:083 0000037f              RhoRuby| require_compiled: mspec/guards/quarantine
I/APP     (  865): I 12/12/2013 19:54:04:092 0000037f              RhoRuby| require_compiled: mspec/guards/runner
I/APP     (  865): I 12/12/2013 19:54:04:104 0000037f              RhoRuby| require_compiled: mspec/guards/specified
I/APP     (  865): I 12/12/2013 19:54:04:116 0000037f              RhoRuby| require_compiled: mspec/guards/support
I/APP     (  865): I 12/12/2013 19:54:04:126 0000037f              RhoRuby| require_compiled: mspec/guards/superuser
I/APP     (  865): I 12/12/2013 19:54:04:136 0000037f              RhoRuby| require_compiled: mspec/guards/tty
I/APP     (  865): I 12/12/2013 19:54:04:148 0000037f              RhoRuby| require_compiled: mspec/guards/user
I/APP     (  865): I 12/12/2013 19:54:04:156 0000037f              RhoRuby| require_compiled: mspec/helpers
I/APP     (  865): I 12/12/2013 19:54:04:165 0000037f              RhoRuby| require_compiled: mspec/helpers/argv
I/APP     (  865): I 12/12/2013 19:54:04:171 0000037f              RhoRuby| require_compiled: mspec/helpers/const_lookup
I/APP     (  865): I 12/12/2013 19:54:04:181 0000037f              RhoRuby| require_compiled: mspec/helpers/datetime
I/APP     (  865): I 12/12/2013 19:54:04:188 0000037f              RhoRuby| require_compiled: date
I/APP     (  865): I 12/12/2013 19:54:04:200 0000037f              RhoRuby| require_compiled: dateOrig
D/dalvikvm(  865): GC_CONCURRENT freed 406K, 13% free 4228K/4860K, paused 5ms+3ms, total 70ms
I/APP     (  865): I 12/12/2013 19:54:04:402 0000037f              RhoRuby| require_compiled: date/format
I/APP     (  865): E 12/12/2013 19:54:04:637 0000037f               RubyVM| lib/date.rb:14: warning: already initialized constant MONTHNAMES
I/APP     (  865): E 12/12/2013 19:54:04:639 0000037f               RubyVM| lib/date.rb:15: warning: already initialized constant ABBR_MONTHNAMES
I/APP     (  865): E 12/12/2013 19:54:04:641 0000037f               RubyVM| lib/date.rb:16: warning: already initialized constant DAYNAMES
I/APP     (  865): E 12/12/2013 19:54:04:641 0000037f               RubyVM| lib/date.rb:17: warning: already initialized constant ABBR_DAYNAMES
I/APP     (  865): I 12/12/2013 19:54:04:644 0000037f              RhoRuby| require_compiled: mspec/helpers/ducktype
I/APP     (  865): I 12/12/2013 19:54:04:654 0000037f              RhoRuby| require_compiled: mspec/helpers/enumerator_class
I/APP     (  865): I 12/12/2013 19:54:04:659 0000037f              RhoRuby| require_compiled: mspec/helpers/environment
I/APP     (  865): I 12/12/2013 19:54:04:672 0000037f              RhoRuby| require_compiled: mspec/helpers/fixture
I/APP     (  865): I 12/12/2013 19:54:04:678 0000037f              RhoRuby| require_compiled: mspec/helpers/flunk
I/APP     (  865): I 12/12/2013 19:54:04:684 0000037f              RhoRuby| require_compiled: mspec/helpers/fs
I/APP     (  865): I 12/12/2013 19:54:04:699 0000037f              RhoRuby| require_compiled: mspec/helpers/hash
I/APP     (  865): I 12/12/2013 19:54:04:707 0000037f              RhoRuby| require_compiled: mspec/helpers/language_version
I/APP     (  865): I 12/12/2013 19:54:04:715 0000037f              RhoRuby| require_compiled: mspec/helpers/mock_to_path
I/APP     (  865): I 12/12/2013 19:54:04:720 0000037f              RhoRuby| require_compiled: mspec/helpers/numeric
I/APP     (  865): I 12/12/2013 19:54:04:738 0000037f              RhoRuby| require_compiled: mspec/helpers/ruby_exe
I/APP     (  865): I 12/12/2013 19:54:04:754 0000037f              RhoRuby| require_compiled: mspec/helpers/scratch
I/APP     (  865): I 12/12/2013 19:54:04:763 0000037f              RhoRuby| require_compiled: mspec/helpers/stasy
I/APP     (  865): I 12/12/2013 19:54:04:770 0000037f              RhoRuby| require_compiled: mspec/pp
I/APP     (  865): I 12/12/2013 19:54:04:874 0000037f              RhoRuby| require_compiled: mspec/utils/script
I/APP     (  865): I 12/12/2013 19:54:04:904 0000037f              RhoRuby| require_compiled: mspec/version
I/APP     (  865): I 12/12/2013 19:54:04:913 0000037f              RhoRuby| require_compiled: local_server
I/APP     (  865): I 12/12/2013 19:54:04:923 0000037f                  APP| MSpec processing file: spec/spec_helper
I/APP     (  865): I 12/12/2013 19:54:04:925 0000037f              RhoRuby| require_compiled: spec/spec_helper
I/APP     (  865): I 12/12/2013 19:54:04:934 0000037f                  APP| MSpec processing file: spec/rhom_spec
I/APP     (  865): I 12/12/2013 19:54:04:938 0000037f              RhoRuby| require_compiled: spec/rhom_spec
I/APP     (  865): I 12/12/2013 19:54:04:956 0000037f                  APP| - it "should return the nil client id if client db is reset"
I/APP     (  865): I 12/12/2013 19:54:04:957 0000037f                  APP| - it "should return client id"
I/APP     (  865): I 12/12/2013 19:54:04:959 0000037f                  APP| - it "VT302-0068b | Call haveLocalChanges without having any model"
I/APP     (  865): I 12/12/2013 19:54:04:962 0000037f                  APP| - it "VT302-0068 | should return true if a model objects have local changes for sync haveLocalChanges"
I/APP     (  865): I 12/12/2013 19:54:04:963 0000037f                  APP| - it "should database_full_reset_ex incorrectly and raise an exception"
I/APP     (  865): I 12/12/2013 19:54:04:965 0000037f                  APP| - it "should database_full_reset_ex support different parameters"
I/APP     (  865): I 12/12/2013 19:54:04:966 0000037f                  APP| - it "should database_full_reset_ex with models"
I/APP     (  865): I 12/12/2013 19:54:04:967 0000037f                  APP| - it "should database_full_reset_ex with one model"
I/APP     (  865): I 12/12/2013 19:54:04:988 0000037f                  APP| load_all_sync_sources
I/APP     (  865): I 12/12/2013 19:54:04:989 0000037f                  APP| load_model: Customer
I/APP     (  865): I 12/12/2013 19:54:04:998 0000037f              RhoRuby| require_compiled: Customer/customer
I/APP     (  865): I 12/12/2013 19:54:05:013 0000037f                  APP| model name: Customer
I/APP     (  865): I 12/12/2013 19:54:05:013 0000037f                  APP| model class found
I/APP     (  865): I 12/12/2013 19:54:05:018 0000037f                  APP| Customer : {"sync_type"=>"incremental", "sync_priority"=>2, "property"=>{"address"=>[:string, nil], "created_at"=>[:string, nil], "city"=>[:string, nil], "email"=>[:string, nil], "last"=>[:string, nil], "updated_at"=>[:string, nil], "lat"=>[:string, nil], "long"=>[:string, nil], "phone"=>[:string, nil], "state"=>[:string, nil], "zip"=>[:string, nil]}}
I/APP     (  865): I 12/12/2013 19:54:05:021 0000037f                  APP| load_model: Customer_s
I/APP     (  865): I 12/12/2013 19:54:05:030 0000037f              RhoRuby| require_compiled: Customer_s/customer_s
I/APP     (  865): I 12/12/2013 19:54:05:039 0000037f                  APP| model name: Customer_s
I/APP     (  865): I 12/12/2013 19:54:05:040 0000037f                  APP| model class found
I/APP     (  865): I 12/12/2013 19:54:05:043 0000037f                  APP| Customer_s : {"sync_type"=>"incremental", "sync_priority"=>1, "schema_version"=>"1.0", "schema"=>{"property"=>{"address"=>[:string, nil], "created_at"=>[:string, nil], "city"=>[:string, nil], "email"=>[:string, nil], "first"=>[:string, nil], "last"=>[:string, nil], "updated_at"=>[:string, nil], "lat"=>[:string, nil], "long"=>[:string, nil], "phone"=>[:string, nil], "state"=>[:string, nil], "zip"=>[:string, nil]}}}
I/APP     (  865): I 12/12/2013 19:54:05:046 0000037f                  APP| load_model: Product
I/APP     (  865): I 12/12/2013 19:54:05:053 0000037f              RhoRuby| require_compiled: Product/product
I/APP     (  865): I 12/12/2013 19:54:05:058 0000037f                  APP| model name: Product
I/APP     (  865): I 12/12/2013 19:54:05:060 0000037f                  APP| model class found
I/APP     (  865): I 12/12/2013 19:54:05:064 0000037f                  APP| Product : {"sync_type"=>"incremental", "sync_priority"=>1, "belongs_to"=>[{"quantity"=>"Customer"}, {"sku"=>"Customer"}], "property"=>{}}
I/APP     (  865): I 12/12/2013 19:54:05:065 0000037f                  APP| load_model: Product_s
I/APP     (  865): I 12/12/2013 19:54:05:072 0000037f              RhoRuby| require_compiled: Product_s/product_s
I/APP     (  865): I 12/12/2013 19:54:05:083 0000037f                  APP| model name: Product_s
I/APP     (  865): I 12/12/2013 19:54:05:084 0000037f                  APP| model class found
I/APP     (  865): I 12/12/2013 19:54:05:092 0000037f                  APP| Product_s : {"sync_type"=>"incremental", "sync_priority"=>2, "schema_version"=>"1.0", "belongs_to"=>[{"quantity"=>"Customer_s"}, {"sku"=>"Customer_s"}], "schema"=>{"property"=>{"brand"=>[:string, nil], "created_at"=>[:string, nil], "name"=>[:string, nil], "price"=>[:string, nil], "quantity"=>[:string, nil], "sku"=>[:string, nil], "updated_at"=>[:string, nil]}}}
I/APP     (  865): I 12/12/2013 19:54:05:095 0000037f                  APP| init_sources: 
