I/APP     (  865): I 12/12/2013 19:54:05:102 0000037f                  APP| @db_partitions : {"app"=>#<Rho::Database:0x2a5d1a58 @dbpath="/data/data/com.rhomobile.new_orm_spec/rhodata/db/syncdbapp.sqlite", @database=#<Rho::Database::SQLite3:0x2a5d1a40>>, "user"=>#<Rho::Database:0x2a5d19e0 @dbpath="/data/data/com.rhomobile.new_orm_spec/rhodata/db/syncdbuser.sqlite", @database=#<Rho::Database::SQLite3:0x2a5d19c8>>, "local"=>#<Rho::Database:0x2a5d1968 @dbpath="/data/data/com.rhomobile.new_orm_spec/rhodata/db/syncdblocal.sqlite", @database=#<Rho::Database::SQLite3:0x2a5d1950>>}
I/APP     (  865): I 12/12/2013 19:54:05:105 0000037f                  APP| init_db_sources
I/APP     (  865): I 12/12/2013 19:54:05:109 0000037f                  APP| start_id: 20003
I/APP     (  865): I 12/12/2013 19:54:05:117 0000037f                  APP| init_db_sources
I/APP     (  865): I 12/12/2013 19:54:05:120 0000037f                  APP| start_id: 3
D/InitAlarmsService(  650): Clearing and rescheduling alarms.
I/APP     (  865): I 12/12/2013 19:54:05:145 0000037f                  APP| init_db_sources
I/APP     (  865): I 12/12/2013 19:54:05:173 0000037f                  APP| start_id: 40003
I/APP     (  865): I 12/12/2013 19:54:05:175 0000037f                  APP| Migrate schema sources: {}
I/APP     (  865): I 12/12/2013 19:54:05:177 0000037f                  APP| init_schema_sources
I/APP     (  865): I 12/12/2013 19:54:05:200 0000037f                  APP|  we are here in arcols : Hash, {"address"=>[:string, nil], "created_at"=>[:string, nil], "city"=>[:string, nil], "email"=>[:string, nil], "first"=>[:string, nil], "last"=>[:string, nil], "updated_at"=>[:string, nil], "lat"=>[:string, nil], "long"=>[:string, nil], "phone"=>[:string, nil], "state"=>[:string, nil], "zip"=>[:string, nil]}
I/APP     (  865): I 12/12/2013 19:54:05:226 0000037f                  APP|  we are here in arcols : Hash, {"brand"=>[:string, nil], "created_at"=>[:string, nil], "name"=>[:string, nil], "price"=>[:string, nil], "quantity"=>[:string, nil], "sku"=>[:string, nil], "updated_at"=>[:string, nil]}
I/APP     (  865): I 12/12/2013 19:54:05:248 0000037f                  APP| END init_schema_sources
I/APP     (  865): I 12/12/2013 19:54:05:253 0000037f                   DB| Open DB: /data/data/com.rhomobile.new_orm_spec/rhodata/db/resetdbtemp.sqlite
I/APP     (  865): I 12/12/2013 19:54:05:327 0000037f                   DB| Open DB: /data/data/com.rhomobile.new_orm_spec/rhodata/db/syncdbapp.sqlite
I/APP     (  865): I 12/12/2013 19:54:05:339 0000037f                   DB| Open DB: /data/data/com.rhomobile.new_orm_spec/rhodata/db/resetdbtemp.sqlite
I/APP     (  865): I 12/12/2013 19:54:05:426 0000037f                   DB| Open DB: /data/data/com.rhomobile.new_orm_spec/rhodata/db/syncdbuser.sqlite
I/APP     (  865): I 12/12/2013 19:54:05:431 0000037f                  APP| init_schema_sources
I/APP     (  865): I 12/12/2013 19:54:05:459 0000037f                  APP|  we are here in arcols : Hash, {"address"=>[:string, nil], "created_at"=>[:string, nil], "city"=>[:string, nil], "email"=>[:string, nil], "first"=>[:string, nil], "last"=>[:string, nil], "updated_at"=>[:string, nil], "lat"=>[:string, nil], "long"=>[:string, nil], "phone"=>[:string, nil], "state"=>[:string, nil], "zip"=>[:string, nil]}
I/APP     (  865): I 12/12/2013 19:54:05:478 0000037f                  APP|  we are here in arcols : Hash, {"brand"=>[:string, nil], "created_at"=>[:string, nil], "name"=>[:string, nil], "price"=>[:string, nil], "quantity"=>[:string, nil], "sku"=>[:string, nil], "updated_at"=>[:string, nil]}
I/APP     (  865): I 12/12/2013 19:54:05:500 0000037f                  APP| END init_schema_sources
I/APP     (  865): I 12/12/2013 19:54:05:572 0000037f                  APP| database_full_reset_ex [{:models=>["Product"], :reset_client_info=>true}]
I/APP     (  865): I 12/12/2013 19:54:05:583 0000037f                  APP| database_full_reset_ex []
I/APP     (  865): I 12/12/2013 19:54:05:584 0000037f                  APP| database_full_reset : reset_client_info=false, reset_local_models=true
I/APP     (  865): I 12/12/2013 19:54:05:595 0000037f                   DB| Open DB: /data/data/com.rhomobile.new_orm_spec/rhodata/db/resetdbtemp.sqlite
I/APP     (  865): I 12/12/2013 19:54:05:663 0000037f                   DB| Open DB: /data/data/com.rhomobile.new_orm_spec/rhodata/db/syncdbapp.sqlite
I/APP     (  865): I 12/12/2013 19:54:05:667 0000037f                   DB| Open DB: /data/data/com.rhomobile.new_orm_spec/rhodata/db/resetdbtemp.sqlite
I/APP     (  865): I 12/12/2013 19:54:05:745 0000037f                   DB| Open DB: /data/data/com.rhomobile.new_orm_spec/rhodata/db/syncdbuser.sqlite
I/APP     (  865): I 12/12/2013 19:54:05:750 0000037f                   DB| Open DB: /data/data/com.rhomobile.new_orm_spec/rhodata/db/resetdbtemp.sqlite
I/APP     (  865): I 12/12/2013 19:54:05:824 0000037f                   DB| Open DB: /data/data/com.rhomobile.new_orm_spec/rhodata/db/syncdblocal.sqlite
I/APP     (  865): I 12/12/2013 19:54:05:831 0000037f                  APP| init_schema_sources
I/APP     (  865): I 12/12/2013 19:54:05:850 0000037f                  APP|  we are here in arcols : Hash, {"address"=>[:string, nil], "created_at"=>[:string, nil], "city"=>[:string, nil], "email"=>[:string, nil], "first"=>[:string, nil], "last"=>[:string, nil], "updated_at"=>[:string, nil], "lat"=>[:string, nil], "long"=>[:string, nil], "phone"=>[:string, nil], "state"=>[:string, nil], "zip"=>[:string, nil]}
I/APP     (  865): I 12/12/2013 19:54:05:867 0000037f                  APP|  we are here in arcols : Hash, {"brand"=>[:string, nil], "created_at"=>[:string, nil], "name"=>[:string, nil], "price"=>[:string, nil], "quantity"=>[:string, nil], "sku"=>[:string, nil], "updated_at"=>[:string, nil]}
I/APP     (  865): I 12/12/2013 19:54:05:889 0000037f                  APP| END init_schema_sources
I/APP     (  865): I 12/12/2013 19:54:05:890 0000037f                  APP| database_full_reset_ex [{:reset_client_info=>true}]
I/APP     (  865): I 12/12/2013 19:54:05:892 0000037f                  APP| database_full_reset : reset_client_info=true, reset_local_models=true
I/APP     (  865): I 12/12/2013 19:54:05:905 0000037f                   DB| Open DB: /data/data/com.rhomobile.new_orm_spec/rhodata/db/resetdbtemp.sqlite
I/APP     (  865): I 12/12/2013 19:54:05:977 0000037f                   DB| Open DB: /data/data/com.rhomobile.new_orm_spec/rhodata/db/syncdbapp.sqlite
I/APP     (  865): I 12/12/2013 19:54:05:986 0000037f                   DB| Open DB: /data/data/com.rhomobile.new_orm_spec/rhodata/db/resetdbtemp.sqlite
I/APP     (  865): I 12/12/2013 19:54:06:058 0000037f                   DB| Open DB: /data/data/com.rhomobile.new_orm_spec/rhodata/db/syncdbuser.sqlite
I/APP     (  865): I 12/12/2013 19:54:06:062 0000037f                   DB| Open DB: /data/data/com.rhomobile.new_orm_spec/rhodata/db/resetdbtemp.sqlite
I/APP     (  865): I 12/12/2013 19:54:06:137 0000037f                   DB| Open DB: /data/data/com.rhomobile.new_orm_spec/rhodata/db/syncdblocal.sqlite
I/APP     (  865): I 12/12/2013 19:54:06:140 0000037f                  APP| init_schema_sources
I/APP     (  865): I 12/12/2013 19:54:06:158 0000037f                  APP|  we are here in arcols : Hash, {"address"=>[:string, nil], "created_at"=>[:string, nil], "city"=>[:string, nil], "email"=>[:string, nil], "first"=>[:string, nil], "last"=>[:string, nil], "updated_at"=>[:string, nil], "lat"=>[:string, nil], "long"=>[:string, nil], "phone"=>[:string, nil], "state"=>[:string, nil], "zip"=>[:string, nil]}
I/APP     (  865): I 12/12/2013 19:54:06:177 0000037f                  APP|  we are here in arcols : Hash, {"brand"=>[:string, nil], "created_at"=>[:string, nil], "name"=>[:string, nil], "price"=>[:string, nil], "quantity"=>[:string, nil], "sku"=>[:string, nil], "updated_at"=>[:string, nil]}
I/APP     (  865): I 12/12/2013 19:54:06:200 0000037f                  APP| END init_schema_sources
I/APP     (  865): I 12/12/2013 19:54:06:203 0000037f                  APP| database_full_reset_ex [{:reset_local_models=>true}]
I/APP     (  865): I 12/12/2013 19:54:06:205 0000037f                  APP| database_full_reset : reset_client_info=false, reset_local_models=true
I/APP     (  865): I 12/12/2013 19:54:06:213 0000037f                   DB| Open DB: /data/data/com.rhomobile.new_orm_spec/rhodata/db/resetdbtemp.sqlite
I/APP     (  865): I 12/12/2013 19:54:06:291 0000037f                   DB| Open DB: /data/data/com.rhomobile.new_orm_spec/rhodata/db/syncdbapp.sqlite
I/APP     (  865): I 12/12/2013 19:54:06:298 0000037f                   DB| Open DB: /data/data/com.rhomobile.new_orm_spec/rhodata/db/resetdbtemp.sqlite
I/APP     (  865): I 12/12/2013 19:54:06:368 0000037f                   DB| Open DB: /data/data/com.rhomobile.new_orm_spec/rhodata/db/syncdbuser.sqlite
I/APP     (  865): I 12/12/2013 19:54:06:374 0000037f                   DB| Open DB: /data/data/com.rhomobile.new_orm_spec/rhodata/db/resetdbtemp.sqlite
I/APP     (  865): I 12/12/2013 19:54:06:445 0000037f                   DB| Open DB: /data/data/com.rhomobile.new_orm_spec/rhodata/db/syncdblocal.sqlite
I/APP     (  865): I 12/12/2013 19:54:06:447 0000037f                  APP| init_schema_sources
I/APP     (  865): I 12/12/2013 19:54:06:464 0000037f                  APP|  we are here in arcols : Hash, {"address"=>[:string, nil], "created_at"=>[:string, nil], "city"=>[:string, nil], "email"=>[:string, nil], "first"=>[:string, nil], "last"=>[:string, nil], "updated_at"=>[:string, nil], "lat"=>[:string, nil], "long"=>[:string, nil], "phone"=>[:string, nil], "state"=>[:string, nil], "zip"=>[:string, nil]}
I/APP     (  865): I 12/12/2013 19:54:06:480 0000037f                  APP|  we are here in arcols : Hash, {"brand"=>[:string, nil], "created_at"=>[:string, nil], "name"=>[:string, nil], "price"=>[:string, nil], "quantity"=>[:string, nil], "sku"=>[:string, nil], "updated_at"=>[:string, nil]}
I/APP     (  865): I 12/12/2013 19:54:06:506 0000037f                  APP| END init_schema_sources
I/APP     (  865): I 12/12/2013 19:54:06:508 0000037f                  APP| database_full_reset_ex [{:reset_local_models=>true, :reset_client_info=>false}]
I/APP     (  865): I 12/12/2013 19:54:06:510 0000037f                  APP| database_full_reset : reset_client_info=false, reset_local_models=true
I/APP     (  865): I 12/12/2013 19:54:06:516 0000037f                   DB| Open DB: /data/data/com.rhomobile.new_orm_spec/rhodata/db/resetdbtemp.sqlite
I/APP     (  865): I 12/12/2013 19:54:06:586 0000037f                   DB| Open DB: /data/data/com.rhomobile.new_orm_spec/rhodata/db/syncdbapp.sqlite
I/APP     (  865): I 12/12/2013 19:54:06:591 0000037f                   DB| Open DB: /data/data/com.rhomobile.new_orm_spec/rhodata/db/resetdbtemp.sqlite
I/APP     (  865): I 12/12/2013 19:54:06:676 0000037f                   DB| Open DB: /data/data/com.rhomobile.new_orm_spec/rhodata/db/syncdbuser.sqlite
I/APP     (  865): I 12/12/2013 19:54:06:687 0000037f                   DB| Open DB: /data/data/com.rhomobile.new_orm_spec/rhodata/db/resetdbtemp.sqlite
I/APP     (  865): I 12/12/2013 19:54:06:757 0000037f                   DB| Open DB: /data/data/com.rhomobile.new_orm_spec/rhodata/db/syncdblocal.sqlite
I/APP     (  865): I 12/12/2013 19:54:06:760 0000037f                  APP| init_schema_sources
I/APP     (  865): I 12/12/2013 19:54:06:777 0000037f                  APP|  we are here in arcols : Hash, {"address"=>[:string, nil], "created_at"=>[:string, nil], "city"=>[:string, nil], "email"=>[:string, nil], "first"=>[:string, nil], "last"=>[:string, nil], "updated_at"=>[:string, nil], "lat"=>[:string, nil], "long"=>[:string, nil], "phone"=>[:string, nil], "state"=>[:string, nil], "zip"=>[:string, nil]}
I/APP     (  865): I 12/12/2013 19:54:06:794 0000037f                  APP|  we are here in arcols : Hash, {"brand"=>[:string, nil], "created_at"=>[:string, nil], "name"=>[:string, nil], "price"=>[:string, nil], "quantity"=>[:string, nil], "sku"=>[:string, nil], "updated_at"=>[:string, nil]}
I/APP     (  865): I 12/12/2013 19:54:06:814 0000037f                  APP| END init_schema_sources
I/APP     (  865): I 12/12/2013 19:54:06:864 0000037f                  APP| database_full_reset_ex [{:models=>["Product", "Customer"]}]
I/APP     (  865): I 12/12/2013 19:54:06:925 0000037f                  APP| database_full_reset_ex [{:models=>["Product"]}]
I/APP     (  865): I 12/12/2013 19:54:06:943 0000037f                  APP| MSpec processing file: spec/rhom_model_spec
I/APP     (  865): I 12/12/2013 19:54:06:946 0000037f              RhoRuby| require_compiled: spec/rhom_model_spec
I/APP     (  865): I 12/12/2013 19:54:06:958 0000037f                  APP| - it "should get count of objects"
I/APP     (  865): I 12/12/2013 19:54:06:959 0000037f                  APP| - it "list of properties supported by instance of object"
I/APP     (  865): I 12/12/2013 19:54:07:009 0000037f                  APP| ---------- Properties ...
I/APP     (  865): I 12/12/2013 19:54:07:011 0000037f                  APP| {:object=>"156110046827341.12", :source_id=>5, :name=>"test", :brand=>"android"}
I/APP     (  865): I 12/12/2013 19:54:07:013 0000037f                  APP| 
I/APP     (  865): I 12/12/2013 19:54:07:015 0000037f                  APP| 
I/APP     (  865): I 12/12/2013 19:54:07:016 0000037f                  APP| 
I/APP     (  865): I 12/12/2013 19:54:07:017 0000037f                  APP| 
I/APP     (  865): I 12/12/2013 19:54:07:018 0000037f                  APP| 5
I/APP     (  865): I 12/12/2013 19:54:07:019 0000037f                  APP| 
I/APP     (  865): I 12/12/2013 19:54:07:020 0000037f                  APP| 
I/APP     (  865): I 12/12/2013 19:54:07:022 0000037f                  APP| 
I/APP     (  865): I 12/12/2013 19:54:07:025 0000037f                  APP| ----------
I/APP     (  865): I 12/12/2013 19:54:07:054 0000037f                  Net| POST request (Pull): http://192.168.1.119:64164?filename=orm_spec_results.xml
I/APP     (  865): I 12/12/2013 19:54:07:102 0000037f                  APP| Post orm_spec_results.xml to local server. Status: ok
I/APP     (  865): I 12/12/2013 19:54:07:104 00000361        RhodesService| Exit application
I/APP     (  865): I 12/12/2013 19:54:07:117 0000037f                  APP| ***Total:  10
I/APP     (  865): I 12/12/2013 19:54:07:117 0000037f                  APP| ***Passed: 10
I/APP     (  865): I 12/12/2013 19:54:07:119 0000037f                  APP| ***Failed: 0
I/APP     (  865): I 12/12/2013 19:54:07:135 0000037f RHO SpecRunnerController| Layout file: /data/data/com.rhomobile.new_orm_spec/rhodata/apps/app/layout_erb.iseq. Content size: 388
I/APP     (  865): I 12/12/2013 19:54:07:179 0000037f           HttpServer| GC Start.
I/APP     (  865): I 12/12/2013 19:54:07:268 0000037f           HttpServer| GC End.
I/APP     (  865): I 12/12/2013 19:54:07:281 0000037f           HttpServer| Process URI: '/system/uidestroyed'
I/APP     (  865): I 12/12/2013 19:54:07:282 0000037f                  APP| AppEvent UIDestroyed
I/APP     (  865): I 12/12/2013 19:54:07:291 00000361    RhodesApplication| New UiState: MainActivityPaused
I/APP     (  865): I 12/12/2013 19:54:07:862 0000037d         AppCallbacks| Thread shutdown
I/APP     (  865): I 12/12/2013 19:54:07:864 00000361           HttpServer| Stopping server...
I/APP     (  865): I 12/12/2013 19:54:07:867 0000037f            RhodesApp| RhodesApp thread shutdown
I/APP     (  865): I 12/12/2013 19:54:07:871 0000037f          GeoLocation| Destroying singleton instance.
D/dalvikvm(  280): GC_FOR_ALLOC freed 107K, 54% free 6310K/13468K, paused 288ms, total 292ms
I/WindowManager(  280): Screenshot Window{41aa28e0 u0 com.rhomobile.new_orm_spec/com.rhomobile.rhodes.RhodesActivity} was all black! mSurfaceLayer=21010 minLayer=21000 maxLayer=21010
D/AndroidRuntime(  907): 
D/AndroidRuntime(  907): >>>>>> AndroidRuntime START com.android.internal.os.RuntimeInit <<<<<<
D/AndroidRuntime(  907): CheckJNI is ON
I/Process (  865): Sending signal. PID: 865 SIG: 3
I/Choreographer(  865): Skipped 35 frames!  The application may be doing too much work on its main thread.
I/dalvikvm(  865): threadid=3: reacting to signal 3
D/dalvikvm(  907): Trying to load lib libjavacore.so 0x0
D/dalvikvm(  907): Added shared lib libjavacore.so 0x0
D/dalvikvm(  907): Trying to load lib libnativehelper.so 0x0
D/dalvikvm(  907): Added shared lib libnativehelper.so 0x0
E/dalvikvm(  865): Unable to open stack trace file '/data/anr/traces.txt': No such file or directory
D/dalvikvm(  865): GC_CONCURRENT freed 359K, 15% free 4149K/4860K, paused 5ms+3ms, total 69ms
I/APP     (  865): I 12/12/2013 19:54:08:765 00000361 AndroidFunctionality| Pause WebView
I/APP     (  865): I 12/12/2013 19:54:08:766 00000361    RhodesApplication| New UiState: MainActivityPaused
E/cutils-trace(  907): Error opening trace file: No such file or directory (2)
I/Process (  865): Sending signal. PID: 865 SIG: 9
W/EGL_emulation(  518): eglSurfaceAttrib not implemented
I/ActivityManager(  280): Process com.rhomobile.new_orm_spec (pid 865) has died.
W/InputDispatcher(  280): channel '41aa28e0 com.rhomobile.new_orm_spec/com.rhomobile.rhodes.RhodesActivity (server)' ~ Consumer closed input channel or an error occurred.  events=0x9
E/InputDispatcher(  280): channel '41aa28e0 com.rhomobile.new_orm_spec/com.rhomobile.rhodes.RhodesActivity (server)' ~ Channel is unrecoverably broken and will be disposed!
W/InputMethodManagerService(  280): Got RemoteException sending setActive(false) notification to pid 865 uid 10046
I/WindowState(  280): WIN DEATH: Window{41aa28e0 u0 com.rhomobile.new_orm_spec/com.rhomobile.rhodes.RhodesActivity}
W/InputDispatcher(  280): Attempted to unregister already unregistered input channel '41aa28e0 com.rhomobile.new_orm_spec/com.rhomobile.rhodes.RhodesActivity (server)'
D/dalvikvm(  518): GC_FOR_ALLOC freed 4866K, 36% free 9773K/15192K, paused 126ms, total 160ms
I/dalvikvm-heap(  518): Grow heap (frag case) to 12.809MB for 3265936-byte allocation
D/AndroidRuntime(  907): Calling main entry com.android.commands.pm.Pm
I/ActivityManager(  280): Force stopping package com.rhomobile.new_orm_spec appid=10046 user=-1
W/PackageManager(  280): Couldn't delete native library directory /data/app-lib/com.rhomobile.new_orm_spec
D/dalvikvm(  518): GC_FOR_ALLOC freed 1K, 15% free 12961K/15192K, paused 166ms, total 166ms
D/dalvikvm(  518): GC_CONCURRENT freed 6K, 15% free 12955K/15192K, paused 22ms+5ms, total 121ms
D/dalvikvm(  280): GC_CONCURRENT freed 839K, 54% free 6309K/13468K, paused 8ms+14ms, total 118ms
D/keystore(   42): calling clear_uid in state: 3
I/ActivityManager(  280): Force stopping package com.rhomobile.new_orm_spec appid=10046 user=0
D/dalvikvm(  523): GC_EXPLICIT freed 153K, 18% free 2953K/3580K, paused 4ms+12ms, total 84ms
I/InputReader(  280): Reconfiguring input devices.  changes=0x00000010
D/BackupManagerService(  280): Received broadcast Intent { act=android.intent.action.PACKAGE_REMOVED dat=package:com.rhomobile.new_orm_spec flg=0x8000010 (has extras) }
V/BackupManagerService(  280): removePackageParticipantsLocked: uid=10046 #1
W/dalvikvm(  921): PR_CAPBSET_DROP 0 failed: Invalid argument. Please make sure your kernel is compiled with file capabilities support enabled.
W/dalvikvm(  921): PR_CAPBSET_DROP 1 failed: Invalid argument. Please make sure your kernel is compiled with file capabilities support enabled.
W/dalvikvm(  921): PR_CAPBSET_DROP 2 failed: Invalid argument. Please make sure your kernel is compiled with file capabilities support enabled.
W/dalvikvm(  921): PR_CAPBSET_DROP 3 failed: Invalid argument. Please make sure your kernel is compiled with file capabilities support enabled.
W/dalvikvm(  921): PR_CAPBSET_DROP 4 failed: Invalid argument. Please make sure your kernel is compiled with file capabilities support enabled.
W/dalvikvm(  921): PR_CAPBSET_DROP 5 failed: Invalid argument. Please make sure your kernel is compiled with file capabilities support enabled.
W/dalvikvm(  921): PR_CAPBSET_DROP 6 failed: Invalid argument. Please make sure your kernel is compiled with file capabilities support enabled.
W/dalvikvm(  921): PR_CAPBSET_DROP 7 failed: Invalid argument. Please make sure your kernel is compiled with file capabilities support enabled.
W/dalvikvm(  921): PR_CAPBSET_DROP 8 failed: Invalid argument. Please make sure your kernel is compiled with file capabilities support enabled.
W/dalvikvm(  921): PR_CAPBSET_DROP 9 failed: Invalid argument. Please make sure your kernel is compiled with file capabilities support enabled.
W/dalvikvm(  921): PR_CAPBSET_DROP 10 failed: Invalid argument. Please make sure your kernel is compiled with file capabilities support enabled.
W/dalvikvm(  921): PR_CAPBSET_DROP 11 failed: Invalid argument. Please make sure your kernel is compiled with file capabilities support enabled.
W/dalvikvm(  921): PR_CAPBSET_DROP 12 failed: Invalid argument. Please make sure your kernel is compiled with file capabilities support enabled.
W/dalvikvm(  921): PR_CAPBSET_DROP 13 failed: Invalid argument. Please make sure your kernel is compiled with file capabilities support enabled.
W/dalvikvm(  921): PR_CAPBSET_DROP 14 failed: Invalid argument. Please make sure your kernel is compiled with file capabilities support enabled.
W/dalvikvm(  921): PR_CAPBSET_DROP 15 failed: Invalid argument. Please make sure your kernel is compiled with file capabilities support enabled.
W/dalvikvm(  921): PR_CAPBSET_DROP 16 failed: Invalid argument. Please make sure your kernel is compiled with file capabilities support enabled.
W/dalvikvm(  921): PR_CAPBSET_DROP 17 failed: Invalid argument. Please make sure your kernel is compiled with file capabilities support enabled.
W/dalvikvm(  921): PR_CAPBSET_DROP 18 failed: Invalid argument. Please make sure your kernel is compiled with file capabilities support enabled.
W/dalvikvm(  921): PR_CAPBSET_DROP 19 failed: Invalid argument. Please make sure your kernel is compiled with file capabilities support enabled.
W/dalvikvm(  921): PR_CAPBSET_DROP 20 failed: Invalid argument. Please make sure your kernel is compiled with file capabilities support enabled.
W/dalvikvm(  921): PR_CAPBSET_DROP 21 failed: Invalid argument. Please make sure your kernel is compiled with file capabilities support enabled.
W/dalvikvm(  921): PR_CAPBSET_DROP 22 failed: Invalid argument. Please make sure your kernel is compiled with file capabilities support enabled.
W/dalvikvm(  921): PR_CAPBSET_DROP 23 failed: Invalid argument. Please make sure your kernel is compiled with file capabilities support enabled.
W/dalvikvm(  921): PR_CAPBSET_DROP 24 failed: Invalid argument. Please make sure your kernel is compiled with file capabilities support enabled.
W/dalvikvm(  921): PR_CAPBSET_DROP 25 failed: Invalid argument. Please make sure your kernel is compiled with file capabilities support enabled.
W/dalvikvm(  921): PR_CAPBSET_DROP 26 failed: Invalid argument. Please make sure your kernel is compiled with file capabilities support enabled.
W/dalvikvm(  921): PR_CAPBSET_DROP 27 failed: Invalid argument. Please make sure your kernel is compiled with file capabilities support enabled.
W/dalvikvm(  921): PR_CAPBSET_DROP 28 failed: Invalid argument. Please make sure your kernel is compiled with file capabilities support enabled.
W/dalvikvm(  921): PR_CAPBSET_DROP 29 failed: Invalid argument. Please make sure your kernel is compiled with file capabilities support enabled.
W/dalvikvm(  921): PR_CAPBSET_DROP 30 failed: Invalid argument. Please make sure your kernel is compiled with file capabilities support enabled.
W/dalvikvm(  921): PR_CAPBSET_DROP 31 failed: Invalid argument. Please make sure your kernel is compiled with file capabilities support enabled.
W/dalvikvm(  921): PR_CAPBSET_DROP 32 failed: Invalid argument. Please make sure your kernel is compiled with file capabilities support enabled.
W/dalvikvm(  921): PR_CAPBSET_DROP 33 failed: Invalid argument. Please make sure your kernel is compiled with file capabilities support enabled.
I/ActivityManager(  280): Start proc com.android.keychain for broadcast com.android.keychain/.KeyChainBroadcastReceiver: pid=921 uid=1000 gids={41000, 1015, 1028, 3002, 3001, 3003}
W/ContextImpl(  921): Calling a method in the system process without a qualified user: android.app.ContextImpl.startService:1385 android.content.ContextWrapper.startService:473 android.content.ContextWrapper.startService:473 com.android.keychain.KeyChainBroadcastReceiver.onReceive:12 android.app.ActivityThread.handleReceiver:2424 
D/VoicemailCleanupService(  523): Cleaning up data for package: com.rhomobile.new_orm_spec
D/dalvikvm(  280): GC_EXPLICIT freed 329K, 53% free 6350K/13468K, paused 74ms+31ms, total 411ms
D/AndroidRuntime(  907): Shutting down VM
D/dalvikvm(  907): GC_CONCURRENT freed 90K, 17% free 474K/568K, paused 0ms+1ms, total 9ms
