D/WeatherUpdateService(31035): Service started, but shouldn't update ... stopping
D/GCM     ( 1169): GcmService start Intent { act=android.net.conn.CONNECTIVITY_CHANGE flg=0x8000010 cmp=com.google.android.gms/.gcm.GcmService (has extras) } android.net.conn.CONNECTIVITY_CHANGE
D/dalvikvm(  691): GC_EXPLICIT freed 3077K, 19% free 32741K/39968K, paused 4ms+39ms, total 241ms
D/dalvikvm( 1169): GC_CONCURRENT freed 968K, 19% free 5152K/6308K, paused 5ms+9ms, total 54ms
D/dalvikvm( 1169): WAIT_FOR_CONCURRENT_GC blocked 36ms
D/GCM     ( 1169): GcmService start Intent { act=android.net.conn.CONNECTIVITY_CHANGE flg=0x8000010 cmp=com.google.android.gms/.gcm.GcmService (has extras) } android.net.conn.CONNECTIVITY_CHANGE
E/Sensors (  691): accelHandler 1.270558 8.416099 4.782854
I/APP     (30858): I 06/12/2013 14:58:34:810 0000789f                  APP| RHO serve: /app/Settings/check_registration
I/APP     (30858): I 06/12/2013 14:58:34:818 0000789f                  APP| Params: {"rho_callback"=>"1"}
I/APP     (30858): I 06/12/2013 14:58:34:819 0000789f                  APP| Check push registration
I/APP     (30858): I 06/12/2013 14:58:34:823 0000789f           HttpServer| GC Start.
I/APP     (30858): I 06/12/2013 14:58:34:851 0000789f           HttpServer| GC End.
E/Sensors (  691): accelHandler -1.159189 9.169333 3.515889
I/APP     (30858): I 06/12/2013 14:58:39:826 0000789f                  APP| RHO serve: /app/Settings/check_registration
I/APP     (30858): I 06/12/2013 14:58:39:829 0000789f                  APP| Params: {"rho_callback"=>"1"}
I/APP     (30858): I 06/12/2013 14:58:39:830 0000789f                  APP| Check push registration
I/APP     (30858): I 06/12/2013 14:58:39:832 0000789f           HttpServer| GC Start.
I/APP     (30858): I 06/12/2013 14:58:39:849 0000789f           HttpServer| GC End.
E/Sensors (  691): accelHandler -1.286126 8.971744 4.072731
E/Sensors (  691): accelHandler -1.293311 9.035212 3.900289
I/APP     (30858): I 06/12/2013 14:58:44:842 0000789f                  APP| RHO serve: /app/Settings/check_registration
I/APP     (30858): I 06/12/2013 14:58:44:851 0000789f                  APP| Params: {"rho_callback"=>"1"}
I/APP     (30858): I 06/12/2013 14:58:44:853 0000789f                  APP| Check push registration
I/APP     (30858): I 06/12/2013 14:58:44:857 0000789f           HttpServer| GC Start.
I/APP     (30858): I 06/12/2013 14:58:44:877 0000789f           HttpServer| GC End.
W/SystemClock( 1083): time going backwards: prev 533523702266504(ioctl) vs now 533523701442454(ioctl), tid=1391
D/ALSADevice(  438): route: devices 0x2 in mode 0
D/ALSADevice(  438): No valid input device: 0
D/alsa_ucm(  438): snd_use_case_set(): uc_mgr 0x40b20898 identifier _enadev value Speaker
D/ALSADevice(  438): switchDevice: mCurTxUCMDevivce DMIC Endfire mCurRxDevDevice Speaker
I/ALSADevice(  438): a2220: txDevice=(null) rxDevice=Speaker
D/alsa_ucm(  438): snd_use_case_set(): uc_mgr 0x40b20898 identifier _verb value HiFi
D/alsa_ucm(  438): Set mixer controls for Speaker enable 1
D/alsa_ucm(  438): acdb_id 15 cap 1 enable 1
D/ACDB-LOADER(  438): ACDB -> send_audio_cal, acdb_id = 15, path =  0
D/ACDB-LOADER(  438): ACDB -> send_adm_topology
D/ACDB-LOADER(  438): ACDB -> ACDB_CMD_GET_AUDPROC_COMMON_TOPOLOGY_ID
D/ACDB-LOADER(  438): ACDB -> send_audtable
D/ACDB-LOADER(  438): ACDB -> ACDB_CMD_GET_AUDPROC_COMMON_TABLE
D/ACDB-LOADER(  438): ACDB -> AUDIO_SET_AUDPROC_CAL
D/ACDB-LOADER(  438): ACDB -> send_audvoltable
D/ACDB-LOADER(  438): ACDB -> ACDB_CMD_GET_AUDPROC_GAIN_DEP_VOLTBL_STEP_COPP
D/ACDB-LOADER(  438): ACDB -> AUDIO_SET_AUDPROC_VOL_CAL
D/ACDB-LOADER(  438): ACDB -> send_afe_cal
D/ACDB-LOADER(  438): ACDB -> ACDB_CMD_GET_AFE_COMMON_TABLE
E/ACDB-LOADER(  438): Error: ACDB AFE returned = -8
D/ACDB-LOADER(  438): ACDB -> AUDIO_SET_AFE_CAL
D/alsa_ucm(  438): Setting mixer control: PRI_RX Channels, value: Two
D/alsa_ucm(  438): Setting mixer control: RX5 MIX1 INP1, value: RX1
D/alsa_ucm(  438): Setting mixer control: RX5 MIX1 INP2, value: RX2
D/alsa_ucm(  438): Setting mixer control: RX6 DSM MUX, value: DSM_INV
D/alsa_ucm(  438): Setting mixer control: LINEOUT2 Volume, value: 100
D/alsa_ucm(  438): Setting mixer control: LINEOUT4 Volume, value: 100
D/alsa_ucm(  438): Setting mixer control: RX5 Digital Volume, value: 65
D/alsa_ucm(  438): Set mixer controls for HiFi enable 1
D/alsa_ucm(  438): Setting mixer control: PRI_RX Audio Mixer MultiMedia1, value: 1
D/ALSADevice(  438): close: handle 0x4007bba0 h 0x0
D/ALSADevice(  438): open: handle 0x4007bba0, format 0x2
D/ALSADevice(  438): Device value returned is hw:0,0
I/APP     (30858): I 06/12/2013 14:58:46:624 0000788a       SimpleMainView| Cleared URL: http://localhost:48702/app/Settings
D/ALSADevice(  438): handle->format: 0x2
D/ALSADevice(  438): setHardwareParams: reqBuffSize 2048 channels 2 sampleRate 48000
I/APP     (30858): I 06/12/2013 14:58:46:630 0000789f           HttpServer| Process URI: '/app/Settings'
I/APP     (30858): I 06/12/2013 14:58:46:631 0000789f                  APP| RHO serve: /app/Settings
D/ALSADevice(  438): setHardwareParams: buffer_size 16384, period_size 2048, period_cnt 8
I/APP     (30858): I 06/12/2013 14:58:46:633 0000789f                  APP| Logged in: 0
I/APP     (30858): I 06/12/2013 14:58:46:636 0000789f                 Sync| STOP sync
I/APP     (30858): I 06/12/2013 14:58:46:636 0000789f                  APP| push server is http://192.168.1.128:8675
I/APP     (30858): I 06/12/2013 14:58:46:638 0000789f                 Sync| STOP sync
I/APP     (30858): I 06/12/2013 14:58:46:639 0000789f                 Sync| addCommand: Login
I/APP     (30858): I 06/12/2013 14:58:46:640 000078a3                  Net| POST request (Pull): http://192.168.1.128:9292/rc/v1/app/login
I/APP     (30858): I 06/12/2013 14:58:46:669 0000789f RHO SettingsController| Layout file: /data/data/com.rhomobile.rho_push_client/rhodata/apps/app/layout_erb.iseq. Content size: 2921
I/APP     (30858): I 06/12/2013 14:58:46:679 0000789f           HttpServer| GC Start.
I/APP     (30858): I 06/12/2013 14:58:46:689 0000789f           HttpServer| GC End.
I/APP     (30858): I 06/12/2013 14:58:46:727 000078a3                 Sync| Login callback: Url :; Params: . Error code: 0. Message: 
I/APP     (30858): I 06/12/2013 14:58:46:769 0000789f           HttpServer| Process URI: '/app/Settings/login_callback'
I/APP     (30858): I 06/12/2013 14:58:46:770 0000789f                  APP| RHO serve: /app/Settings/login_callback
I/APP     (30858): I 06/12/2013 14:58:46:771 0000789f                  APP| Params: {"__rho_object"=>{"__rho_inline"=>"0"}, "rho_callback"=>"1"}
I/APP     (30858): I 06/12/2013 14:58:46:771 0000789f                  APP| login callback, error code: 0
I/APP     (30858): I 06/12/2013 14:58:46:773 0000789f                  Net| GET request (Pull): http://192.168.1.128:57932?error=0
I/APP     (30858): I 06/12/2013 14:58:46:808 0000789f                  APP| sent error code to the spec server
I/APP     (30858): I 06/12/2013 14:58:46:808 0000789f                  APP| Check push registration
I/APP     (30858): I 06/12/2013 14:58:46:810 0000789f           HttpServer| GC Start.
I/APP     (30858): I 06/12/2013 14:58:46:820 0000789f           HttpServer| GC End.
I/APP     (30858): I 06/12/2013 14:58:46:856 000078a3       ClientRegister| New Sync credentials - user: pushclient, sess: rhoconnect_session=BAh7CEkiD3Nlc3Npb25faWQGOgZFRiJFYjM0M2JjMmI4NWMwNTJmMmM1ZDAz%0AMGE5MzQzZjhkYzg1ZTg4YmI4MTQzMmYyOTU2ZTQyYzc1ZmNiNGY2NDg1NUki%0ACmxvZ2luBjsARkkiD3B1c2hjbGllbnQGOwBUSSINYXBwX25hbWUGOwBGSSIQ%0AYXBwbGljYXRpb24GOwBG%0A--184ca5679b9d5b1b43a5caa2b77416f7183ed642;
I/APP     (30858): I 06/12/2013 14:58:46:857 000078a3       ClientRegister| Stopping ClientRegister...
I/APP     (30858): I 06/12/2013 14:58:46:857 000078a4       ClientRegister| ClientRegister thread shutdown
I/APP     (30858): I 06/12/2013 14:58:46:892 000078a3       ClientRegister| Starting ClientRegister...
I/APP     (30858): I 06/12/2013 14:58:46:892 000078a3                 Sync| ThreadQueue blocked for 60 seconds...
I/APP     (30858): I 06/12/2013 14:58:46:893 000079d7       ClientRegister| ClientRegister is started
I/APP     (30858): I 06/12/2013 14:58:46:893 000079d7       ClientRegister| Try to register: 1
I/APP     (30858): I 06/12/2013 14:58:46:893 000079d7       ClientRegister| Device PUSH pin is empty, do register later
I/APP     (30858): I 06/12/2013 14:58:46:894 000079d7       ClientRegister| Waiting for 4294967295 sec to try again to register client
I/APP     (30858): I 06/12/2013 14:58:46:894 000079d7       ClientRegister| Try to register: 2
I/APP     (30858): I 06/12/2013 14:58:46:895 000079d7       ClientRegister| Device PUSH pin is empty, do register later
I/APP     (30858): I 06/12/2013 14:58:46:895 000079d7       ClientRegister| Waiting for 4294967295 sec to try again to register client
I/ActivityManager(  691): Start proc com.motsolutions.cto.services.ans for service com.motsolutions.cto.services.ans/.ANSService: pid=31187 uid=10073 gids={50073, 3003, 1028}
I/dalvikvm(31187): Turning on JNI app bug workarounds for target SDK version 8...
I/ANSApplication-ANS(31187): ANS Starting
I/ConnectionHandler-ANS(31187): ANS Checking registrations to see if any connections need to be created...
I/ConnectionHandler-ANS(31187): ===> No registrations, not setting up connections
I/RegistrationQueue-ANS(31187): ANS registration queue starting
I/TokenChecker-ANS(31187): ANS token checking starting up
I/TokenChecker-ANS(31187): ...> No registrations, so not checking
I/RegistrationQueue-ANS(31187): ANS registration queue - inserting (registration - someappname, pushclient, url=http://192.168.1.128:8675, session=rhoconnect_session=BAh7CEkiD3Nlc3Npb25faWQGOgZFRiJFYjM0M2JjMmI4NWMwNTJmMmM1ZDAz%0AMGE5MzQzZjhkYzg1ZTg4YmI4MTQzMmYyOTU2ZTQyYzc1ZmNiNGY2NDg1NUki%0ACmxvZ2luBjsARkkiD3B1c2hjbGllbnQGOwBUSSINYXBwX25hbWUGOwBGSSIQ%0AYXBwbGljYXRpb24GOwBG%0A--184ca5679b9d5b1b43a5caa2b77416f7183ed642;)
I/RegistrationQueue-ANS(31187): ANS registration queue - processing queue element (registration - someappname, pushclient, url=http://192.168.1.128:8675, session=rhoconnect_session=BAh7CEkiD3Nlc3Npb25faWQGOgZFRiJFYjM0M2JjMmI4NWMwNTJmMmM1ZDAz%0AMGE5MzQzZjhkYzg1ZTg4YmI4MTQzMmYyOTU2ZTQyYzc1ZmNiNGY2NDg1NUki%0ACmxvZ2luBjsARkkiD3B1c2hjbGllbnQGOwBUSSINYXBwX25hbWUGOwBGSSIQ%0AYXBwbGljYXRpb24GOwBG%0A--184ca5679b9d5b1b43a5caa2b77416f7183ed642;)
I/RegistrationQueue-ANS(31187): ---> Fetching instance ID: http://192.168.1.128:8675
I/RegistrationQueue-ANS(31187): ---> Fetching instance cookie: http://192.168.1.128:8675, app = someappname
D/dalvikvm(31187): GC_CONCURRENT freed 268K, 16% free 2443K/2892K, paused 12ms+2ms, total 34ms
I/RegistrationQueue-ANS(31187): ---> Registering: http://192.168.1.128:8675, app = someappname
I/ConnectionHandler-ANS(31187): ANS Checking registrations to see if any connections need to be created...
I/ConnectionHandler-ANS(31187): ===> Setting up connection for http://192.168.1.128:8675
I/ConnectionHandler-ANS(31187): ANS connection handler started for http://192.168.1.128:8675
I/ConnectionHandler-ANS(31187): ANS initiating nextMessage fetch for http://192.168.1.128:8675
I/ConnectionHandler-ANS(31187): ===> Establishing connection to http://192.168.1.128:8675...
I/APP     (30858): I 06/12/2013 14:58:47:500 0000788a ANSBroadcastReceiver| Rhoconnect-push registration succeded
I/APP     (30858): I 06/12/2013 14:58:47:515 0000788a        RhodesService| handleCommand: startId=2, source=com.rhomobile.rhodes.PushContract
I/APP     (30858): I 06/12/2013 14:58:47:516 0000788a        RhodesService| Received PUSH registration id: 9bdfc805-7b71-47ec-b3f3-5bf711951821:268357fc6a63b7a9065d23a3208327d2
I/APP     (30858): I 06/12/2013 14:58:47:517 0000788a       ClientRegister| Starting ClientRegister...
I/APP     (30858): I 06/12/2013 14:58:47:517 000079d7       ClientRegister| Try to register: 3
I/APP     (30858): I 06/12/2013 14:58:47:519 000079d7                  Net| POST request (Pull): http://192.168.1.128:9292/rc/v1/clients
I/APP     (30858): I 06/12/2013 14:58:47:573 000079d7              PhoneId| Serial#: 34010534
I/APP     (30858): I 06/12/2013 14:58:47:574 000079d7              PhoneId| Generated phone id: 12316995-b125-3e49-8dbe-26359138486e
I/APP     (30858): I 06/12/2013 14:58:47:575 000079d7       ClientRegister| getRegisterBody() BODY is: {"device_pin":"9bdfc805-7b71-47ec-b3f3-5bf711951821:268357fc6a63b7a9065d23a3208327d2","phone_id":"12316995-b125-3e49-8dbe-26359138486e","device_port":"100","device_type":"ANDROID","device_push_type":"rhoconnect_push"}
I/APP     (30858): I 06/12/2013 14:58:47:576 000079d7                  Net| POST request (Pull): http://192.168.1.128:9292/rc/v1/clients/69caa4a1c6d64fe3b7bdc5b86b06ce97/register
I/APP     (30858): I 06/12/2013 14:58:47:626 000079d7       ClientRegister| Registered client sucessfully...
I/APP     (30858): I 06/12/2013 14:58:47:626 000079d7       ClientRegister| Registered: 3
I/APP     (30858): I 06/12/2013 14:58:47:627 000079d7       ClientRegister| ClientRegister thread shutdown
E/Sensors (  691): accelHandler -1.610651 9.205257 3.550617
D/ALSADevice(  438): standby: handle 0x4007bba0 h 0x0
I/APP     (30858): I 06/12/2013 14:58:49:860 0000789f                  APP| RHO serve: /app/Settings/check_registration
I/APP     (30858): I 06/12/2013 14:58:49:864 0000789f                  APP| Params: {"rho_callback"=>"1"}
I/APP     (30858): I 06/12/2013 14:58:49:868 0000789f                  APP| Check push registration
I/APP     (30858): I 06/12/2013 14:58:49:872 0000789f                  APP| RhoConfig: Rho::RhoConfig
I/APP     (30858): I 06/12/2013 14:58:49:875 0000789f                  APP| Sending device_id: 9bdfc805-7b71-47ec-b3f3-5bf711951821:268357fc6a63b7a9065d23a3208327d2
I/APP     (30858): I 06/12/2013 14:58:49:885 0000789f                  Net| GET request (Pull): http://192.168.1.128:57932?device_id=9bdfc805-7b71-47ec-b3f3-5bf711951821:268357fc6a63b7a9065d23a3208327d2
I/rmt_storage(  599): rmt_storage_rw_iovec_cb: /boot/modem_fs2: clnt_h=0xa: req_h=0x657 msg_id=3: R/W request received
I/rmt_storage(  599): wakelock acquired: 1, error no: 110
I/rmt_storage(  599): rmt_storage_client_thread: /boot/modem_fs2: clnt_h=0xa Unblock worker thread (th_id: 1076006632)
D/QMI_FW  (  599): QCSI: QMI_CSI_RX: cntl_flag - 00, txn_id - 00d5, msg_id - 0003, msg_len - 002b
I/APP     (30858): I 06/12/2013 14:58:49:975 0000789f           HttpServer| GC Start.
I/APP     (30858): I 06/12/2013 14:58:49:996 0000789f           HttpServer| GC End.
D/QMI_FW  (  599): QCSI: xport_handle_event[16]
D/alsa_ucm(  438): snd_use_case_set(): uc_mgr 0x40b20898 identifier _verb value Inactive
D/alsa_ucm(  438): Set mixer controls for HiFi enable 0
D/alsa_ucm(  438): Setting mixer control: PRI_RX Audio Mixer MultiMedia1, value: 0
D/alsa_ucm(  438): snd_use_case_set(): uc_mgr 0x40b20898 identifier _disdev value DMIC Endfire
D/alsa_ucm(  438): disdev: device DMIC Endfire not enabled, no need to disable
D/alsa_ucm(  438): snd_use_case_set(): uc_mgr 0x40b20898 identifier _disdev value Speaker
D/alsa_ucm(  438): Set mixer controls for Speaker enable 0
D/alsa_ucm(  438): Setting mixer control: RX5 MIX1 INP1, value: ZERO
D/alsa_ucm(  438): Setting mixer control: RX5 MIX1 INP2, value: ZERO
D/alsa_ucm(  438): Setting mixer control: LINEOUT2 Volume, value: 0
D/alsa_ucm(  438): Setting mixer control: LINEOUT4 Volume, value: 0
D/alsa_ucm(  438): Setting mixer control: RX5 Digital Volume, value: 0
D/AudioUsbALSA(  438): exitPlaybackThread, mproxypfdPlayback: -1
I/rmt_storage(  599): rmt_storage_client_thread: /boot/modem_fs2: clnt_h=0xa: req_h=0x657 msg_id=3: Bytes written = 3145216
I/rmt_storage(  599): rmt_storage_client_thread: /boot/modem_fs2: clnt_h=0xa: req_h=0x657 msg_id=3: Bytes written = 512
I/rmt_storage(  599): rmt_storage_client_thread: /boot/modem_fs2: clnt_h=0xa: req_h=0x657 msg_id=3: Send response: res=0 err=0
I/rmt_storage(  599): rmt_storage_client_thread: /boot/modem_fs2: clnt_h=0xa About to block rmt_storage client thread (th_id: 1076006632) wakelock released: 1, error no: 0
I/rmt_storage(  599): 
D/QMI_FW  (  599): QCSI: QMI_CSI_TX: cntl_flag - 02, txn_id - 00d5, msg_id - 0003, msg_len - 0007
D/QMI_FW  (  599): QCSI: Sent[16]: 14 bytes to port 1280
E/Sensors (  691): accelHandler -0.747246 8.986114 4.344565
I/APP     (30858): I 06/12/2013 14:58:51:812 0000789f                  APP| RHO serve: /app/Settings/check_registration
I/APP     (30858): I 06/12/2013 14:58:51:814 0000789f                  APP| Params: {"rho_callback"=>"1"}
I/APP     (30858): I 06/12/2013 14:58:51:817 0000789f                  APP| Check push registration
I/APP     (30858): I 06/12/2013 14:58:51:820 0000789f                  APP| RhoConfig: Rho::RhoConfig
I/APP     (30858): I 06/12/2013 14:58:51:822 0000789f                  APP| Sending device_id: 9bdfc805-7b71-47ec-b3f3-5bf711951821:268357fc6a63b7a9065d23a3208327d2
I/APP     (30858): I 06/12/2013 14:58:51:828 0000789f                  Net| GET request (Pull): http://192.168.1.128:57932?device_id=9bdfc805-7b71-47ec-b3f3-5bf711951821:268357fc6a63b7a9065d23a3208327d2
I/ConnectionHandler-ANS(31187): ===> Response code = 200 from http://192.168.1.128:8675
I/APP     (30858): I 06/12/2013 14:58:51:880 0000789f           HttpServer| GC Start.
I/APP     (30858): I 06/12/2013 14:58:51:900 0000789f           HttpServer| GC End.
I/APP     (30858): I 06/12/2013 14:58:51:908 0000788a        RhodesService| handleCommand: startId=3, source=com.rhomobile.rhodes.PushContract
I/APP     (30858): I 06/12/2013 14:58:51:910 0000788a              RhoPush| Push message: rhoconnect_push
I/APP     (30858): I 06/12/2013 14:58:51:965 0000789f           HttpServer| Process URI: '/app/Settings/push_callback'
I/APP     (30858): I 06/12/2013 14:58:51:967 0000789f                  APP| RHO serve: /app/Settings/push_callback
I/APP     (30858): I 06/12/2013 14:58:51:969 0000789f                  APP| Params: {"__rho_object"=>{"__rho_inline"=>"0"}, "rho_callback"=>"1"}
I/APP     (30858): I 06/12/2013 14:58:51:969 0000789f                  APP| ======> PUSH CALLBACK params {"rho_callback"=>"1", "vibrate"=>"", "alert"=>"magic1"}
I/APP     (30858): I 06/12/2013 14:58:51:970 0000789f                  APP| sending response: http://192.168.1.128:57932?alert=magic1&error= <<<<<<<<<<<<<<<<<<<<<<<<<<<<<<<<<<<<<<<<<<<<<<<<<<<<
I/ConnectionHandler-ANS(31187): ===> message received and processed from http://192.168.1.128:8675
I/ConnectionHandler-ANS(31187): ==================================
I/APP     (30858): I 06/12/2013 14:58:51:973 0000789f                  Net| GET request (Pull): http://192.168.1.128:57932?alert=magic1&error=
I/ConnectionHandler-ANS(31187): ANS initiating nextMessage fetch for http://192.168.1.128:8675
I/ConnectionHandler-ANS(31187): ===> Establishing connection to http://192.168.1.128:8675...
I/APP     (30858): I 06/12/2013 14:58:52:008 0000789f                  APP| before exit, exit = 
I/APP     (30858): I 06/12/2013 14:58:52:009 0000789f                  APP| after exit, exit = 
I/APP     (30858): I 06/12/2013 14:58:52:009 0000789f           HttpServer| GC Start.
I/APP     (30858): I 06/12/2013 14:58:52:019 0000789f           HttpServer| GC End.
I/ConnectionHandler-ANS(31187): ===> IOException while getting next message from http://192.168.1.128:8675
I/ConnectionHandler-ANS(31187): ANS initiating nextMessage fetch for http://192.168.1.128:8675
I/ConnectionHandler-ANS(31187): ===> trouble fetching last message - initiating 8000ms delayed retry (http://192.168.1.128:8675)
D/AndroidRuntime(31256): 
D/AndroidRuntime(31256): >>>>>> AndroidRuntime START com.android.internal.os.RuntimeInit <<<<<<
D/AndroidRuntime(31256): CheckJNI is OFF
D/dalvikvm(31256): Trying to load lib libjavacore.so 0x0
D/dalvikvm(31256): Added shared lib libjavacore.so 0x0
D/dalvikvm(31256): Trying to load lib libnativehelper.so 0x0
D/dalvikvm(31256): Added shared lib libnativehelper.so 0x0
D/AndroidRuntime(31256): Calling main entry com.android.commands.pm.Pm
I/PackageManager(  691): Removing non-system package:com.rhomobile.rho_push_client
I/ActivityManager(  691): Force stopping package com.rhomobile.rho_push_client appid=10080 user=-1
I/ActivityManager(  691): Killing proc 30858:com.rhomobile.rho_push_client/u0a10080: force stop com.rhomobile.rho_push_client
W/ActivityManager(  691): Scheduling restart of crashed service com.rhomobile.rho_push_client/com.rhomobile.rhodes.RhodesService in 5000ms
W/ActivityManager(  691): Force removing ActivityRecord{4230f880 u0 com.rhomobile.rho_push_client/com.rhomobile.rhodes.RhodesActivity}: app died, no saved state
I/ActivityManager(  691):   Force stopping service ServiceRecord{4326a160 u0 com.rhomobile.rho_push_client/com.rhomobile.rhodes.RhodesService}
W/PackageManager(  691): Couldn't delete native library directory /data/app-lib/com.rhomobile.rho_push_client
I/PackageManager(  691): Removing old permission: com.rhomobile.rho_push_client.permission.ANS from package com.rhomobile.rho_push_client
W/PackageManager(  691): Unknown permission android.permission.ADD_SYSTEM_SERVICE in package com.android.phone
W/InputDispatcher(  691): channel '41eccf00 com.rhomobile.rho_push_client/com.rhomobile.rhodes.RhodesActivity (server)' ~ Consumer closed input channel or an error occurred.  events=0x9
E/InputDispatcher(  691): channel '41eccf00 com.rhomobile.rho_push_client/com.rhomobile.rhodes.RhodesActivity (server)' ~ Channel is unrecoverably broken and will be disposed!
W/InputDispatcher(  691): Attempted to unregister already unregistered input channel '41eccf00 com.rhomobile.rho_push_client/com.rhomobile.rhodes.RhodesActivity (server)'
I/WindowState(  691): WIN DEATH: Window{41eccf00 u0 com.rhomobile.rho_push_client/com.rhomobile.rhodes.RhodesActivity}
W/PackageManager(  691): Unknown permission com.android.vending.billing.IBillingAccountService.BIND2 in package com.google.android.gsf.login
W/PackageManager(  691): Unknown permission com.google.android.gallery3d.permission.GALLERY_PROVIDER in package com.android.bluetooth
W/PackageManager(  691): Not granting permission android.permission.SEND_DOWNLOAD_COMPLETED_INTENTS to package com.android.browser (protectionLevel=2 flags=0x89be45)
W/PackageManager(  691): Unknown permission android.permission.READ_MEDIA_STORAGE in package com.keramidas.TitaniumBackup
W/PackageManager(  691): Not granting permission android.permission.WRITE_MEDIA_STORAGE to package com.keramidas.TitaniumBackup (protectionLevel=18 flags=0x88be44)
W/PackageManager(  691): Not granting permission com.android.voicemail.permission.READ_WRITE_ALL_VOICEMAIL to package com.keramidas.TitaniumBackup (protectionLevel=2 flags=0x88be44)
W/PackageManager(  691): Unknown permission com.google.android.gallery3d.permission.PICASA_STORE in package com.android.dreams.phototable
W/PackageManager(  691): Unknown permission android.permission.READ_OWNER_DATA in package com.google.android.setupwizard
W/PackageManager(  691): Unknown permission android.permission.WRITE_OWNER_DATA in package com.google.android.setupwizard
W/PackageManager(  691): Unknown permission com.amazon.dcp.sso.permission.AMAZON_ACCOUNT_PROPERTY in package com.amazon.kindle
W/PackageManager(  691): Unknown permission com.amazon.dcp.sso.permission.account.changed in package com.amazon.kindle
W/PackageManager(  691): Unknown permission com.google.android.voicesearch.SHORTCUTS_ACCESS in package com.google.android.googlequicksearchbox
W/PackageManager(  691): Unknown permission com.google.android.apps.googlevoice.permission.AUTO_SEND in package com.google.android.googlequicksearchbox
W/PackageManager(  691): Unknown permission com.google.android.gallery3d.permission.GALLERY_PROVIDER in package com.android.exchange
W/PackageManager(  691): Unknown permission com.google.android.gallery3d.permission.GALLERY_PROVIDER in package com.android.email
W/PackageManager(  691): Unknown permission com.android.providers.im.permission.READ_ONLY in package com.google.android.apps.maps
W/PackageManager(  691): Not granting permission android.permission.ACCESS_CHECKIN_PROPERTIES to package com.google.android.apps.googlevoice (protectionLevel=18 flags=0x88be44)
W/PackageManager(  691): Unknown permission com.google.android.apps.googlevoice.REMOTE_INTENT in package com.google.android.apps.googlevoice
W/PackageManager(  691): Unknown permission com.google.android.permission.RECEIVE_DATA_MESSAGE in package com.google.android.apps.googlevoice
W/PackageManager(  691): Unknown permission com.google.android.permission.SEND_DATA_MESSAGE in package com.google.android.apps.googlevoice
W/PackageManager(  691): Unknown permission com.android.providers.voicemail.permission.READ_WRITE_ALL_VOICEMAIL in package com.google.android.apps.googlevoice
W/PackageManager(  691): Unknown permission com.android.providers.voicemail.permission.READ_WRITE_OWN_VOICEMAIL in package com.google.android.apps.googlevoice
W/PackageManager(  691): Unknown permission com.htc.launcher.permission.READ_SETTINGS in package com.teslacoilsw.launcher
W/PackageManager(  691): Unknown permission com.cyanogenmod.trebuchet.permission.READ_SETTINGS in package com.teslacoilsw.launcher
W/PackageManager(  691): Unknown permission org.adw.launcher.permission.READ_SETTINGS in package com.teslacoilsw.launcher
W/PackageManager(  691): Unknown permission org.adwfreak.launcher.permission.READ_SETTINGS in package com.teslacoilsw.launcher
W/PackageManager(  691): Unknown permission com.anddoes.launcher.permission.READ_SETTINGS in package com.teslacoilsw.launcher
W/PackageManager(  691): Unknown permission android.permission.WRITE_INTERNAL_STORAGE in package com.wdc.wdremote
W/PackageManager(  691): Not granting permission android.permission.CALL_PRIVILEGED to package com.skype.raider (protectionLevel=18 flags=0x88be44)
W/PackageManager(  691): Not granting permission android.permission.SEND_DOWNLOAD_COMPLETED_INTENTS to package com.android.vending (protectionLevel=2 flags=0x8abec5)
W/PackageManager(  691): Unknown permission .PERMISSION in package com.estrongs.android.pop
W/PackageManager(  691): Not granting permission android.permission.REBOOT to package eu.chainfire.supersu (protectionLevel=18 flags=0x883e85)
W/PackageManager(  691): Not granting permission android.permission.DEVICE_POWER to package com.android.deskclock (protectionLevel=2 flags=0x88be45)
W/PackageManager(  691): Not granting permission android.permission.READ_DREAM_STATE to package com.google.android.gsf (protectionLevel=2 flags=0x883e45)
W/InputMethodManagerService(  691): Got RemoteException sending setActive(false) notification to pid 30858 uid 10080
I/ActivityManager(  691): Force stopping package com.rhomobile.rho_push_client appid=10080 user=0
D/dalvikvm(15518): GC_EXPLICIT freed 403K, 20% free 3049K/3784K, paused 2ms+2ms, total 37ms
D/dalvikvm(25386): GC_EXPLICIT freed 788K, 27% free 2803K/3800K, paused 2ms+2ms, total 30ms
I/InputReader(  691): Reconfiguring input devices.  changes=0x00000010
I/ThemeManager(25350): Handling removed theme package: com.rhomobile.rho_push_client
I/ActivityManager(  691): Start proc com.android.keychain for broadcast com.android.keychain/.KeyChainBroadcastReceiver: pid=31277 uid=1000 gids={41000, 1015, 1028, 3002, 3001, 3003, 3007}
D/VoicemailCleanupService(15518): Cleaning up data for package: com.rhomobile.rho_push_client
D/dalvikvm(12552): GC_EXPLICIT freed 1514K, 31% free 11437K/16344K, paused 4ms+16ms, total 74ms
W/ContextImpl(31277): Calling a method in the system process without a qualified user: android.app.ContextImpl.startService:1370 android.content.ContextWrapper.startService:450 android.content.ContextWrapper.startService:450 com.android.keychain.KeyChainBroadcastReceiver.onReceive:12 android.app.ActivityThread.handleReceiver:2502 
W/Searchables(  691): No global search activity found
I/ActivityManager(  691): No longer want com.android.defcontainer (pid 30685): empty #17
E/Sensors (  691): accelHandler -0.197589 0.240699 9.745335
D/dalvikvm(  691): GC_EXPLICIT freed 5699K, 18% free 32797K/39968K, paused 10ms+47ms, total 958ms
D/AndroidRuntime(31256): Shutting down VM
D/dalvikvm(31256): GC_CONCURRENT freed 90K, 17% free 464K/556K, paused 0ms+1ms, total 4ms
I/ActivityManager(  691): Start proc com.android.defcontainer for service com.android.defcontainer/.DefaultContainerService: pid=31312 uid=10008 gids={50008, 1015, 2001, 1028}
D/dalvikvm(  440): GC_EXPLICIT freed 39K, 9% free 2301K/2520K, paused 1ms+1ms, total 17ms
D/dalvikvm(  440): GC_EXPLICIT freed <1K, 9% free 2301K/2520K, paused 2ms+1ms, total 16ms
D/dalvikvm(  440): GC_EXPLICIT freed <1K, 9% free 2301K/2520K, paused 2ms+1ms, total 16ms
I/ActivityManager(  691): No longer want com.svox.pico (pid 30784): empty #17
D/AndroidRuntime(31328): 
D/AndroidRuntime(31328): >>>>>> AndroidRuntime START com.android.internal.os.RuntimeInit <<<<<<
D/AndroidRuntime(31328): CheckJNI is OFF
D/dalvikvm(31328): Trying to load lib libjavacore.so 0x0
D/dalvikvm(31328): Added shared lib libjavacore.so 0x0
D/dalvikvm(31328): Trying to load lib libnativehelper.so 0x0
D/dalvikvm(31328): Added shared lib libnativehelper.so 0x0
D/AndroidRuntime(31328): Calling main entry com.android.commands.pm.Pm
I/PackageManager(  691): Removing non-system package:com.motsolutions.cto.services.ans
I/ActivityManager(  691): Force stopping package com.motsolutions.cto.services.ans appid=10073 user=-1
I/ActivityManager(  691): Killing proc 31187:com.motsolutions.cto.services.ans/u0a10073: force stop com.motsolutions.cto.services.ans
W/ActivityManager(  691): Scheduling restart of crashed service com.motsolutions.cto.services.ans/.ANSKeepAliveService in 5000ms
I/ActivityManager(  691):   Force stopping service ServiceRecord{43094a00 u0 com.motsolutions.cto.services.ans/.ANSKeepAliveService}
W/PackageManager(  691): Couldn't delete native library directory /data/app-lib/com.motsolutions.cto.services.ans
I/PackageManager(  691): Removing old permission: com.motsolutions.cto.services.ans.permission.CONNECTION from package com.motsolutions.cto.services.ans
I/PackageManager(  691): Removing old permission: com.motsolutions.cto.services.ans.permission.RECEIVE from package com.motsolutions.cto.services.ans
I/PackageManager(  691): Removing old permission: com.motsolutions.cto.services.ans.permission.DEBUG from package com.motsolutions.cto.services.ans
I/PackageManager(  691): Removing old permission: com.motsolutions.cto.services.ans.permission.REGISTER from package com.motsolutions.cto.services.ans
I/PackageManager(  691): Removing old permission: com.motsolutions.cto.services.ans.permission.KEEPALIVE from package com.motsolutions.cto.services.ans
W/PackageManager(  691): Unknown permission android.permission.ADD_SYSTEM_SERVICE in package com.android.phone
W/PackageManager(  691): Unknown permission com.android.vending.billing.IBillingAccountService.BIND2 in package com.google.android.gsf.login
W/PackageManager(  691): Unknown permission com.google.android.gallery3d.permission.GALLERY_PROVIDER in package com.android.bluetooth
W/PackageManager(  691): Not granting permission android.permission.SEND_DOWNLOAD_COMPLETED_INTENTS to package com.android.browser (protectionLevel=2 flags=0x89be45)
W/PackageManager(  691): Unknown permission android.permission.READ_MEDIA_STORAGE in package com.keramidas.TitaniumBackup
W/PackageManager(  691): Not granting permission android.permission.WRITE_MEDIA_STORAGE to package com.keramidas.TitaniumBackup (protectionLevel=18 flags=0x88be44)
W/PackageManager(  691): Not granting permission com.android.voicemail.permission.READ_WRITE_ALL_VOICEMAIL to package com.keramidas.TitaniumBackup (protectionLevel=2 flags=0x88be44)
W/PackageManager(  691): Unknown permission com.google.android.gallery3d.permission.PICASA_STORE in package com.android.dreams.phototable
W/PackageManager(  691): Unknown permission android.permission.READ_OWNER_DATA in package com.google.android.setupwizard
W/PackageManager(  691): Unknown permission android.permission.WRITE_OWNER_DATA in package com.google.android.setupwizard
W/PackageManager(  691): Unknown permission com.amazon.dcp.sso.permission.AMAZON_ACCOUNT_PROPERTY in package com.amazon.kindle
W/PackageManager(  691): Unknown permission com.amazon.dcp.sso.permission.account.changed in package com.amazon.kindle
W/PackageManager(  691): Unknown permission com.google.android.voicesearch.SHORTCUTS_ACCESS in package com.google.android.googlequicksearchbox
W/PackageManager(  691): Unknown permission com.google.android.apps.googlevoice.permission.AUTO_SEND in package com.google.android.googlequicksearchbox
W/PackageManager(  691): Unknown permission com.google.android.gallery3d.permission.GALLERY_PROVIDER in package com.android.exchange
W/PackageManager(  691): Unknown permission com.google.android.gallery3d.permission.GALLERY_PROVIDER in package com.android.email
W/PackageManager(  691): Unknown permission com.android.providers.im.permission.READ_ONLY in package com.google.android.apps.maps
W/PackageManager(  691): Not granting permission android.permission.ACCESS_CHECKIN_PROPERTIES to package com.google.android.apps.googlevoice (protectionLevel=18 flags=0x88be44)
W/PackageManager(  691): Unknown permission com.google.android.apps.googlevoice.REMOTE_INTENT in package com.google.android.apps.googlevoice
W/PackageManager(  691): Unknown permission com.google.android.permission.RECEIVE_DATA_MESSAGE in package com.google.android.apps.googlevoice
W/PackageManager(  691): Unknown permission com.google.android.permission.SEND_DATA_MESSAGE in package com.google.android.apps.googlevoice
W/PackageManager(  691): Unknown permission com.android.providers.voicemail.permission.READ_WRITE_ALL_VOICEMAIL in package com.google.android.apps.googlevoice
W/PackageManager(  691): Unknown permission com.android.providers.voicemail.permission.READ_WRITE_OWN_VOICEMAIL in package com.google.android.apps.googlevoice
W/PackageManager(  691): Unknown permission com.htc.launcher.permission.READ_SETTINGS in package com.teslacoilsw.launcher
W/PackageManager(  691): Unknown permission com.cyanogenmod.trebuchet.permission.READ_SETTINGS in package com.teslacoilsw.launcher
W/PackageManager(  691): Unknown permission org.adw.launcher.permission.READ_SETTINGS in package com.teslacoilsw.launcher
W/PackageManager(  691): Unknown permission org.adwfreak.launcher.permission.READ_SETTINGS in package com.teslacoilsw.launcher
W/PackageManager(  691): Unknown permission com.anddoes.launcher.permission.READ_SETTINGS in package com.teslacoilsw.launcher
W/PackageManager(  691): Unknown permission android.permission.WRITE_INTERNAL_STORAGE in package com.wdc.wdremote
W/PackageManager(  691): Not granting permission android.permission.CALL_PRIVILEGED to package com.skype.raider (protectionLevel=18 flags=0x88be44)
W/PackageManager(  691): Not granting permission android.permission.SEND_DOWNLOAD_COMPLETED_INTENTS to package com.android.vending (protectionLevel=2 flags=0x8abec5)
W/PackageManager(  691): Unknown permission .PERMISSION in package com.estrongs.android.pop
W/PackageManager(  691): Not granting permission android.permission.REBOOT to package eu.chainfire.supersu (protectionLevel=18 flags=0x883e85)
W/PackageManager(  691): Not granting permission android.permission.DEVICE_POWER to package com.android.deskclock (protectionLevel=2 flags=0x88be45)
W/PackageManager(  691): Not granting permission android.permission.READ_DREAM_STATE to package com.google.android.gsf (protectionLevel=2 flags=0x883e45)
I/ActivityManager(  691): Force stopping package com.motsolutions.cto.services.ans appid=10073 user=0
I/ThemeManager(25350): Handling removed theme package: com.motsolutions.cto.services.ans
I/InputReader(  691): Reconfiguring input devices.  changes=0x00000010
D/dalvikvm(  985): GC_CONCURRENT freed 465K, 24% free 2586K/3376K, paused 3ms+1ms, total 22ms
D/VoicemailCleanupService(15518): Cleaning up data for package: com.motsolutions.cto.services.ans
W/ContextImpl(31277): Calling a method in the system process without a qualified user: android.app.ContextImpl.startService:1370 android.content.ContextWrapper.startService:450 android.content.ContextWrapper.startService:450 com.android.keychain.KeyChainBroadcastReceiver.onReceive:12 android.app.ActivityThread.handleReceiver:2502 
D/dalvikvm(25478): GC_CONCURRENT freed 411K, 21% free 2387K/3012K, paused 1ms+2ms, total 12ms
W/Searchables(  691): No global search activity found
D/dalvikvm(  691): GC_EXPLICIT freed 5356K, 19% free 32771K/39968K, paused 203ms+45ms, total 760ms
D/AndroidRuntime(31328): Shutting down VM
D/dalvikvm(31328): GC_CONCURRENT freed 90K, 17% free 464K/556K, paused 0ms+0ms, total 2ms
D/dalvikvm(15518): GC_CONCURRENT freed 341K, 16% free 3180K/3784K, paused 1ms+2ms, total 25ms
E/Sensors (  691): accelHandler -0.211959 0.176034 9.772877
D/dalvikvm(29806): GC_CONCURRENT freed 596K, 21% free 3089K/3868K, paused 6ms+12ms, total 56ms
D/dalvikvm(29806): WAIT_FOR_CONCURRENT_GC blocked 4ms
E/Sensors (  691): accelHandler -0.292192 -0.032333 9.885443
I/Sensors (  691): **** No Motion ****
E/Sensors (  691): accelHandler -0.210762 0.159269 9.590856
E/Sensors (  691): accelHandler -0.197589 0.189207 9.665101
D/dalvikvm(25386): GC_CONCURRENT freed 105K, 19% free 3087K/3800K, paused 3ms+1ms, total 22ms
D/Finsky  (25386): [1] 5.onFinished: Installation state replication succeeded.
I/ActivityManager(  691): No longer want com.google.android.partnersetup (pid 30798): empty #17
E/Sensors (  691): accelHandler -0.203577 0.188009 9.732162
E/Sensors (  691): accelHandler -0.193997 0.173639 9.691446
E/Sensors (  691): accelHandler -0.199984 0.168849 9.708212
E/Sensors (  691): accelHandler -0.202379 0.213157 9.683064
E/Sensors (  691): accelHandler -0.180824 0.205972 9.692644
E/Sensors (  691): accelHandler -0.186812 0.210762 9.710607
E/Sensors (  691): accelHandler -0.195194 0.180824 9.772877
E/Sensors (  691): accelHandler -0.208367 0.183219 9.690249
D/AndroidRuntime(31433): 
D/AndroidRuntime(31433): >>>>>> AndroidRuntime START com.android.internal.os.RuntimeInit <<<<<<
D/AndroidRuntime(31433): CheckJNI is OFF
D/dalvikvm(31433): Trying to load lib libjavacore.so 0x0
D/dalvikvm(31433): Added shared lib libjavacore.so 0x0
D/dalvikvm(31433): Trying to load lib libnativehelper.so 0x0
D/dalvikvm(31433): Added shared lib libnativehelper.so 0x0
D/AndroidRuntime(31433): Calling main entry com.android.commands.pm.Pm
D/AndroidRuntime(31433): Shutting down VM
D/dalvikvm(31433): GC_CONCURRENT freed 238K, 34% free 475K/716K, paused 0ms+0ms, total 3ms
D/AndroidRuntime(31445): 
D/AndroidRuntime(31445): >>>>>> AndroidRuntime START com.android.internal.os.RuntimeInit <<<<<<
D/AndroidRuntime(31445): CheckJNI is OFF
D/dalvikvm(31445): Trying to load lib libjavacore.so 0x0
D/dalvikvm(31445): Added shared lib libjavacore.so 0x0
D/dalvikvm(31445): Trying to load lib libnativehelper.so 0x0
D/dalvikvm(31445): Added shared lib libnativehelper.so 0x0
D/AndroidRuntime(31445): Calling main entry com.android.commands.pm.Pm
D/AndroidRuntime(31445): Shutting down VM
D/dalvikvm(31445): GC_CONCURRENT freed 238K, 34% free 475K/716K, paused 1ms+0ms, total 7ms
D/AndroidRuntime(31465): 
D/AndroidRuntime(31465): >>>>>> AndroidRuntime START com.android.internal.os.RuntimeInit <<<<<<
D/AndroidRuntime(31465): CheckJNI is OFF
D/dalvikvm(31465): Trying to load lib libjavacore.so 0x0
D/dalvikvm(31465): Added shared lib libjavacore.so 0x0
D/dalvikvm(31465): Trying to load lib libnativehelper.so 0x0
D/dalvikvm(31465): Added shared lib libnativehelper.so 0x0
D/AndroidRuntime(31465): Calling main entry com.android.commands.pm.Pm
W/ActivityManager(  691): No content provider found for permission revoke: file:///data/local/tmp/rhoconnect-push-service.apk
D/Finsky  (25386): [1] PackageVerificationReceiver.onReceive: Verification requested, id = 24
D/Finsky  (25386): [1] WorkerTask.onPreExecute: Verification Requested for id = 24, data=file:///data/local/tmp/rhoconnect-push-service.apk flags=112 fromVerificationActivity=false
D/dalvikvm(25386): GC_CONCURRENT freed 628K, 25% free 2865K/3784K, paused 3ms+3ms, total 19ms
I/ElegantRequestDirector(25386): I/O exception (javax.net.ssl.SSLException) caught when processing request: Write error: ssl=0x737f2378: I/O error during system call, Broken pipe
I/ElegantRequestDirector(25386): Retrying request
E/Sensors (  691): accelHandler -0.185614 0.173639 9.633966
D/Finsky  (25386): [1] 2.onResponse: Verification id=24 response=0
D/Finsky  (25386): [1] PackageVerificationReceiver.onReceive: Verification requested, id = 24
W/ActivityManager(  691): No content provider found for permission revoke: file:///data/local/tmp/rhoconnect-push-service.apk
I/PackageManager(  691): Copying native libraries to /data/app-lib/vmdl507294229
I/PackageManager(  691): Running dexopt on: com.motsolutions.cto.services.ans
D/dalvikvm(31488): DexOpt: load 11ms, verify+opt 45ms, 334692 bytes
I/ActivityManager(  691): Force stopping package com.motsolutions.cto.services.ans appid=10073 user=-1
D/PackageManager(  691): New package installed in /data/app/com.motsolutions.cto.services.ans-1.apk
W/PackageManager(  691): Unknown permission android.permission.ADD_SYSTEM_SERVICE in package com.android.phone
W/PackageManager(  691): Unknown permission com.android.vending.billing.IBillingAccountService.BIND2 in package com.google.android.gsf.login
W/PackageManager(  691): Unknown permission com.google.android.gallery3d.permission.GALLERY_PROVIDER in package com.android.bluetooth
W/PackageManager(  691): Not granting permission android.permission.SEND_DOWNLOAD_COMPLETED_INTENTS to package com.android.browser (protectionLevel=2 flags=0x89be45)
W/PackageManager(  691): Unknown permission android.permission.READ_MEDIA_STORAGE in package com.keramidas.TitaniumBackup
W/PackageManager(  691): Not granting permission android.permission.WRITE_MEDIA_STORAGE to package com.keramidas.TitaniumBackup (protectionLevel=18 flags=0x88be44)
W/PackageManager(  691): Not granting permission com.android.voicemail.permission.READ_WRITE_ALL_VOICEMAIL to package com.keramidas.TitaniumBackup (protectionLevel=2 flags=0x88be44)
W/PackageManager(  691): Unknown permission com.google.android.gallery3d.permission.PICASA_STORE in package com.android.dreams.phototable
W/PackageManager(  691): Unknown permission android.permission.READ_OWNER_DATA in package com.google.android.setupwizard
W/PackageManager(  691): Unknown permission android.permission.WRITE_OWNER_DATA in package com.google.android.setupwizard
W/PackageManager(  691): Unknown permission com.amazon.dcp.sso.permission.AMAZON_ACCOUNT_PROPERTY in package com.amazon.kindle
W/PackageManager(  691): Unknown permission com.amazon.dcp.sso.permission.account.changed in package com.amazon.kindle
W/PackageManager(  691): Unknown permission com.google.android.voicesearch.SHORTCUTS_ACCESS in package com.google.android.googlequicksearchbox
W/PackageManager(  691): Unknown permission com.google.android.apps.googlevoice.permission.AUTO_SEND in package com.google.android.googlequicksearchbox
W/PackageManager(  691): Unknown permission com.google.android.gallery3d.permission.GALLERY_PROVIDER in package com.android.exchange
W/PackageManager(  691): Unknown permission com.google.android.gallery3d.permission.GALLERY_PROVIDER in package com.android.email
W/PackageManager(  691): Unknown permission com.android.providers.im.permission.READ_ONLY in package com.google.android.apps.maps
W/PackageManager(  691): Not granting permission android.permission.ACCESS_CHECKIN_PROPERTIES to package com.google.android.apps.googlevoice (protectionLevel=18 flags=0x88be44)
W/PackageManager(  691): Unknown permission com.google.android.apps.googlevoice.REMOTE_INTENT in package com.google.android.apps.googlevoice
W/PackageManager(  691): Unknown permission com.google.android.permission.RECEIVE_DATA_MESSAGE in package com.google.android.apps.googlevoice
W/PackageManager(  691): Unknown permission com.google.android.permission.SEND_DATA_MESSAGE in package com.google.android.apps.googlevoice
W/PackageManager(  691): Unknown permission com.android.providers.voicemail.permission.READ_WRITE_ALL_VOICEMAIL in package com.google.android.apps.googlevoice
W/PackageManager(  691): Unknown permission com.android.providers.voicemail.permission.READ_WRITE_OWN_VOICEMAIL in package com.google.android.apps.googlevoice
W/PackageManager(  691): Unknown permission com.htc.launcher.permission.READ_SETTINGS in package com.teslacoilsw.launcher
W/PackageManager(  691): Unknown permission com.cyanogenmod.trebuchet.permission.READ_SETTINGS in package com.teslacoilsw.launcher
W/PackageManager(  691): Unknown permission org.adw.launcher.permission.READ_SETTINGS in package com.teslacoilsw.launcher
W/PackageManager(  691): Unknown permission org.adwfreak.launcher.permission.READ_SETTINGS in package com.teslacoilsw.launcher
W/PackageManager(  691): Unknown permission com.anddoes.launcher.permission.READ_SETTINGS in package com.teslacoilsw.launcher
W/PackageManager(  691): Unknown permission android.permission.WRITE_INTERNAL_STORAGE in package com.wdc.wdremote
W/PackageManager(  691): Not granting permission android.permission.CALL_PRIVILEGED to package com.skype.raider (protectionLevel=18 flags=0x88be44)
W/PackageManager(  691): Not granting permission android.permission.SEND_DOWNLOAD_COMPLETED_INTENTS to package com.android.vending (protectionLevel=2 flags=0x8abec5)
W/PackageManager(  691): Unknown permission .PERMISSION in package com.estrongs.android.pop
W/PackageManager(  691): Not granting permission android.permission.REBOOT to package eu.chainfire.supersu (protectionLevel=18 flags=0x883e85)
W/PackageManager(  691): Not granting permission android.permission.DEVICE_POWER to package com.android.deskclock (protectionLevel=2 flags=0x88be45)
W/PackageManager(  691): Not granting permission android.permission.READ_DREAM_STATE to package com.google.android.gsf (protectionLevel=2 flags=0x883e45)
I/InputReader(  691): Reconfiguring input devices.  changes=0x00000010
D/dalvikvm(25350): GC_CONCURRENT freed 430K, 22% free 2360K/2992K, paused 2ms+1ms, total 29ms
I/ThemeManager(25350): Handling new theme package: com.motsolutions.cto.services.ans
I/ActivityManager(  691): Start proc com.svox.pico for broadcast com.svox.pico/.VoiceDataInstallerReceiver: pid=31492 uid=10034 gids={50034, 1015, 1028}
I/ActivityManager(  691): Start proc com.google.android.partnersetup for broadcast com.google.android.partnersetup/.RlzPingBroadcastReceiver: pid=31507 uid=10056 gids={50056, 3003, 1028}
I/ActivityManager(  691): No longer want com.cyanogenmod.lockclock (pid 31035): empty #17
I/ActivityManager(  691): No longer want com.android.settings (pid 31053): empty #17
W/Searchables(  691): No global search activity found
D/dalvikvm(  691): GC_EXPLICIT freed 2057K, 18% free 32825K/39968K, paused 5ms+43ms, total 604ms
D/AndroidRuntime(31465): Shutting down VM
D/dalvikvm(31465): GC_CONCURRENT freed 91K, 17% free 467K/560K, paused 0ms+0ms, total 3ms
E/Sensors (  691): accelHandler -0.184417 0.183219 9.732162
I/PowerManagerService(  691): Going to sleep due to screen timeout...
D/SurfaceFlinger(  245): Screen released, type=0 flinger=0x41547318
D/qdhwcomposer(  245): hwc_blank: Doing Dpy=0, blank=1
V/Sensors (  691): enable - sensor Accelerometer (handle 4) en -> dis
E/Sensors (  691): mEnabled = 0
V/Sensors (  691): setDelay - sensor Accelerometer (handle 4), rate 66 ms (15.00 Hz)
E/Sensors (  691): activatePendingSensors : mEnabled = 0
E/Sensors (  691): requested_sensors(70) from kernel
I/Sensors (  691): Disabled 9 axis sensor fusion
I/MPL-mldl_cfg_mpu:(  691): inv_mpu_suspend(,,,,7fff) -> 0000
V/Sensors (  691): calling inv_set_mpu_sensors(000000)
D/qdhwcomposer(  245): Excessive delay reading vsync: 33ms
V/Sensors (  691): Starting DMP
W/MPL-9_sup(  691): 9 axis sensor fusion not available - No compass detected.
I/Sensors (  691): Enabled 9 axis sensor fusion
I/MPL-mldl_cfg_mpu:(  691): inv_mpu_resume(,,,,0000) -> 0000
V/Sensors (  691): Stopping DMP
I/Sensors (  691): Disabled 9 axis sensor fusion
I/MPL-mldl_cfg_mpu:(  691): inv_mpu_suspend(,,,,7fff) -> 0000
D/qdhwcomposer(  245): hwc_blank: Done Dpy=0, blank=1
D/Surface (  691): Excessive delay in blankDisplay() while turning screen off: 200ms
E/Sensors (  691): Sleep Event : mEnabled = 0
D/NfcService(  985): NFC-C OFF, disconnect
E/        (  691): ../../accel.c|inv_get_accel_offset|211 returning 19
D/Sensors (  691): enable accel bias check
V/Sensors (  691): enable - sensor Accelerometer (handle 4) dis -> en
E/Sensors (  691): mEnabled = 10
V/Sensors (  691): setDelay - sensor Accelerometer (handle 4), rate 200 ms (5.00 Hz)
E/Sensors (  691): activatePendingSensors : mEnabled = 10
E/Sensors (  691): requested_sensors(0) from kernel
V/Sensors (  691): calling inv_set_mpu_sensors(000070)
I/MPL-fifo(  691): Actual ODR: 14285 mHz
E/Sensors (  691): set fifo rate - divider : 39, delay : 200 ms (5.00 Hz)
I/MPL-fifo(  691): Actual ODR: 5000 mHz
V/Sensors (  691): Starting DMP
W/MPL-9_sup(  691): 9 axis sensor fusion not available - No compass detected.
I/Sensors (  691): Enabled 9 axis sensor fusion
V/Sensors (  691): setDelay - sensor Accelerometer (handle 4), rate 20 ms (50.00 Hz)
I/MPL-mldl_cfg_mpu:(  691): inv_mpu_resume(,,,,0070) -> 0070
E/Sensors (  691): activatePendingSensors : mEnabled = 10
E/Sensors (  691): requested_sensors(70) from kernel
I/Sensors (  691): Disabled 9 axis sensor fusion
I/MPL-mldl_cfg_mpu:(  691): inv_mpu_suspend(,,,,7fff) -> 0000
E/Sensors (  691): set fifo rate - divider : 3, delay : 20 ms (50.00 Hz)
I/MPL-fifo(  691): Actual ODR: 50000 mHz
V/Sensors (  691): Starting DMP
W/MPL-9_sup(  691): 9 axis sensor fusion not available - No compass detected.
I/Sensors (  691): Enabled 9 axis sensor fusion
I/MPL-mldl_cfg_mpu:(  691): inv_mpu_resume(,,,,0070) -> 0070
E/Sensors (  691): accelHandler -0.173639 0.193997 9.714199
D/YouTube MDX(31068): Recieved intent android.intent.action.SCREEN_OFF
