W/PackageManager(  691): Unknown permission com.google.android.gallery3d.permission.GALLERY_PROVIDER in package com.android.bluetooth
W/PackageManager(  691): Not granting permission android.permission.SEND_DOWNLOAD_COMPLETED_INTENTS to package com.android.browser (protectionLevel=2 flags=0x89be45)
W/PackageManager(  691): Unknown permission android.permission.READ_MEDIA_STORAGE in package com.keramidas.TitaniumBackup
W/PackageManager(  691): Not granting permission android.permission.WRITE_MEDIA_STORAGE to package com.keramidas.TitaniumBackup (protectionLevel=18 flags=0x88be44)
W/PackageManager(  691): Not granting permission com.android.voicemail.permission.READ_WRITE_ALL_VOICEMAIL to package com.keramidas.TitaniumBackup (protectionLevel=2 flags=0x88be44)
W/PackageManager(  691): Unknown permission com.google.android.gallery3d.permission.PICASA_STORE in package com.android.dreams.phototable
W/PackageManager(  691): Unknown permission android.permission.READ_OWNER_DATA in package com.google.android.setupwizard
W/PackageManager(  691): Unknown permission android.permission.WRITE_OWNER_DATA in package com.google.android.setupwizard
W/PackageManager(  691): Unknown permission com.amazon.dcp.sso.permission.AMAZON_ACCOUNT_PROPERTY in package com.amazon.kindle
W/PackageManager(  691): Unknown permission com.amazon.dcp.sso.permission.account.changed in package com.amazon.kindle
W/PackageManager(  691): Unknown permission com.google.android.voicesearch.SHORTCUTS_ACCESS in package com.google.android.googlequicksearchbox
W/PackageManager(  691): Unknown permission com.google.android.apps.googlevoice.permission.AUTO_SEND in package com.google.android.googlequicksearchbox
W/PackageManager(  691): Unknown permission com.google.android.gallery3d.permission.GALLERY_PROVIDER in package com.android.exchange
W/PackageManager(  691): Unknown permission com.google.android.gallery3d.permission.GALLERY_PROVIDER in package com.android.email
W/PackageManager(  691): Unknown permission com.android.providers.im.permission.READ_ONLY in package com.google.android.apps.maps
W/PackageManager(  691): Not granting permission android.permission.ACCESS_CHECKIN_PROPERTIES to package com.google.android.apps.googlevoice (protectionLevel=18 flags=0x88be44)
W/PackageManager(  691): Unknown permission com.google.android.apps.googlevoice.REMOTE_INTENT in package com.google.android.apps.googlevoice
W/PackageManager(  691): Unknown permission com.google.android.permission.RECEIVE_DATA_MESSAGE in package com.google.android.apps.googlevoice
W/PackageManager(  691): Unknown permission com.google.android.permission.SEND_DATA_MESSAGE in package com.google.android.apps.googlevoice
W/PackageManager(  691): Unknown permission com.android.providers.voicemail.permission.READ_WRITE_ALL_VOICEMAIL in package com.google.android.apps.googlevoice
W/PackageManager(  691): Unknown permission com.android.providers.voicemail.permission.READ_WRITE_OWN_VOICEMAIL in package com.google.android.apps.googlevoice
W/PackageManager(  691): Unknown permission com.htc.launcher.permission.READ_SETTINGS in package com.teslacoilsw.launcher
W/PackageManager(  691): Unknown permission com.cyanogenmod.trebuchet.permission.READ_SETTINGS in package com.teslacoilsw.launcher
W/PackageManager(  691): Unknown permission org.adw.launcher.permission.READ_SETTINGS in package com.teslacoilsw.launcher
W/PackageManager(  691): Unknown permission org.adwfreak.launcher.permission.READ_SETTINGS in package com.teslacoilsw.launcher
W/PackageManager(  691): Unknown permission com.anddoes.launcher.permission.READ_SETTINGS in package com.teslacoilsw.launcher
W/PackageManager(  691): Unknown permission android.permission.WRITE_INTERNAL_STORAGE in package com.wdc.wdremote
W/PackageManager(  691): Not granting permission android.permission.CALL_PRIVILEGED to package com.skype.raider (protectionLevel=18 flags=0x88be44)
W/PackageManager(  691): Not granting permission android.permission.SEND_DOWNLOAD_COMPLETED_INTENTS to package com.android.vending (protectionLevel=2 flags=0x8abec5)
W/PackageManager(  691): Unknown permission .PERMISSION in package com.estrongs.android.pop
W/PackageManager(  691): Not granting permission android.permission.REBOOT to package eu.chainfire.supersu (protectionLevel=18 flags=0x883e85)
W/PackageManager(  691): Not granting permission android.permission.DEVICE_POWER to package com.android.deskclock (protectionLevel=2 flags=0x88be45)
W/PackageManager(  691): Not granting permission android.permission.READ_DREAM_STATE to package com.google.android.gsf (protectionLevel=2 flags=0x883e45)
I/ActivityManager(  691): Force stopping package com.motsolutions.cto.services.ans appid=10073 user=0
W/ContextImpl(29882): Calling a method in the system process without a qualified user: android.app.ContextImpl.startService:1370 android.content.ContextWrapper.startService:450 android.content.ContextWrapper.startService:450 com.android.keychain.KeyChainBroadcastReceiver.onReceive:12 android.app.ActivityThread.handleReceiver:2502 
W/ActivityManager(  691): No content provider found for permission revoke: file:///data/local/tmp/rhoconnect-push-service.apk
W/ActivityManager(  691): No content provider found for permission revoke: file:///data/local/tmp/rhoconnect-push-service.apk
I/PackageManager(  691): Copying native libraries to /data/app-lib/vmdl571640563
I/ActivityManager(  691): Force stopping package com.motsolutions.cto.services.ans appid=10073 user=-1
W/PackageManager(  691): Unknown permission android.permission.ADD_SYSTEM_SERVICE in package com.android.phone
W/PackageManager(  691): Unknown permission com.android.vending.billing.IBillingAccountService.BIND2 in package com.google.android.gsf.login
W/PackageManager(  691): Unknown permission com.google.android.gallery3d.permission.GALLERY_PROVIDER in package com.android.bluetooth
W/PackageManager(  691): Not granting permission android.permission.SEND_DOWNLOAD_COMPLETED_INTENTS to package com.android.browser (protectionLevel=2 flags=0x89be45)
W/PackageManager(  691): Unknown permission android.permission.READ_MEDIA_STORAGE in package com.keramidas.TitaniumBackup
W/PackageManager(  691): Not granting permission android.permission.WRITE_MEDIA_STORAGE to package com.keramidas.TitaniumBackup (protectionLevel=18 flags=0x88be44)
W/PackageManager(  691): Not granting permission com.android.voicemail.permission.READ_WRITE_ALL_VOICEMAIL to package com.keramidas.TitaniumBackup (protectionLevel=2 flags=0x88be44)
W/PackageManager(  691): Unknown permission com.google.android.gallery3d.permission.PICASA_STORE in package com.android.dreams.phototable
W/PackageManager(  691): Unknown permission android.permission.READ_OWNER_DATA in package com.google.android.setupwizard
W/PackageManager(  691): Unknown permission android.permission.WRITE_OWNER_DATA in package com.google.android.setupwizard
W/PackageManager(  691): Unknown permission com.amazon.dcp.sso.permission.AMAZON_ACCOUNT_PROPERTY in package com.amazon.kindle
W/PackageManager(  691): Unknown permission com.amazon.dcp.sso.permission.account.changed in package com.amazon.kindle
W/PackageManager(  691): Unknown permission com.google.android.voicesearch.SHORTCUTS_ACCESS in package com.google.android.googlequicksearchbox
W/PackageManager(  691): Unknown permission com.google.android.apps.googlevoice.permission.AUTO_SEND in package com.google.android.googlequicksearchbox
W/PackageManager(  691): Unknown permission com.google.android.gallery3d.permission.GALLERY_PROVIDER in package com.android.exchange
W/PackageManager(  691): Unknown permission com.google.android.gallery3d.permission.GALLERY_PROVIDER in package com.android.email
W/PackageManager(  691): Unknown permission com.android.providers.im.permission.READ_ONLY in package com.google.android.apps.maps
W/PackageManager(  691): Not granting permission android.permission.ACCESS_CHECKIN_PROPERTIES to package com.google.android.apps.googlevoice (protectionLevel=18 flags=0x88be44)
W/PackageManager(  691): Unknown permission com.google.android.apps.googlevoice.REMOTE_INTENT in package com.google.android.apps.googlevoice
W/PackageManager(  691): Unknown permission com.google.android.permission.RECEIVE_DATA_MESSAGE in package com.google.android.apps.googlevoice
W/PackageManager(  691): Unknown permission com.google.android.permission.SEND_DATA_MESSAGE in package com.google.android.apps.googlevoice
W/PackageManager(  691): Unknown permission com.android.providers.voicemail.permission.READ_WRITE_ALL_VOICEMAIL in package com.google.android.apps.googlevoice
W/PackageManager(  691): Unknown permission com.android.providers.voicemail.permission.READ_WRITE_OWN_VOICEMAIL in package com.google.android.apps.googlevoice
W/PackageManager(  691): Unknown permission com.htc.launcher.permission.READ_SETTINGS in package com.teslacoilsw.launcher
W/PackageManager(  691): Unknown permission com.cyanogenmod.trebuchet.permission.READ_SETTINGS in package com.teslacoilsw.launcher
W/PackageManager(  691): Unknown permission org.adw.launcher.permission.READ_SETTINGS in package com.teslacoilsw.launcher
W/PackageManager(  691): Unknown permission org.adwfreak.launcher.permission.READ_SETTINGS in package com.teslacoilsw.launcher
W/PackageManager(  691): Unknown permission com.anddoes.launcher.permission.READ_SETTINGS in package com.teslacoilsw.launcher
W/PackageManager(  691): Unknown permission android.permission.WRITE_INTERNAL_STORAGE in package com.wdc.wdremote
W/PackageManager(  691): Not granting permission android.permission.CALL_PRIVILEGED to package com.skype.raider (protectionLevel=18 flags=0x88be44)
W/PackageManager(  691): Not granting permission android.permission.SEND_DOWNLOAD_COMPLETED_INTENTS to package com.android.vending (protectionLevel=2 flags=0x8abec5)
W/PackageManager(  691): Unknown permission .PERMISSION in package com.estrongs.android.pop
W/PackageManager(  691): Not granting permission android.permission.REBOOT to package eu.chainfire.supersu (protectionLevel=18 flags=0x883e85)
W/PackageManager(  691): Not granting permission android.permission.DEVICE_POWER to package com.android.deskclock (protectionLevel=2 flags=0x88be45)
W/PackageManager(  691): Not granting permission android.permission.READ_DREAM_STATE to package com.google.android.gsf (protectionLevel=2 flags=0x883e45)
I/ActivityManager(  691): Start proc com.svox.pico for broadcast com.svox.pico/.VoiceDataInstallerReceiver: pid=29990 uid=10034 gids={50034, 1015, 1028}
I/ActivityManager(  691): No longer want com.android.exchange (pid 29766): empty #17
W/ActivityManager(  691): No content provider found for permission revoke: file:///data/local/tmp/Rho_Push_Client-debug.apk
W/ActivityManager(  691): No content provider found for permission revoke: file:///data/local/tmp/Rho_Push_Client-debug.apk
I/PackageManager(  691): Copying native libraries to /data/app-lib/vmdl1761839676
I/ActivityManager(  691): Force stopping package com.rhomobile.rho_push_client appid=10080 user=-1
W/PackageManager(  691): Unknown permission android.permission.ADD_SYSTEM_SERVICE in package com.android.phone
W/PackageManager(  691): Unknown permission com.android.vending.billing.IBillingAccountService.BIND2 in package com.google.android.gsf.login
W/PackageManager(  691): Unknown permission com.google.android.gallery3d.permission.GALLERY_PROVIDER in package com.android.bluetooth
W/PackageManager(  691): Not granting permission android.permission.SEND_DOWNLOAD_COMPLETED_INTENTS to package com.android.browser (protectionLevel=2 flags=0x89be45)
W/PackageManager(  691): Unknown permission android.permission.READ_MEDIA_STORAGE in package com.keramidas.TitaniumBackup
W/PackageManager(  691): Not granting permission android.permission.WRITE_MEDIA_STORAGE to package com.keramidas.TitaniumBackup (protectionLevel=18 flags=0x88be44)
W/PackageManager(  691): Not granting permission com.android.voicemail.permission.READ_WRITE_ALL_VOICEMAIL to package com.keramidas.TitaniumBackup (protectionLevel=2 flags=0x88be44)
W/PackageManager(  691): Unknown permission com.google.android.gallery3d.permission.PICASA_STORE in package com.android.dreams.phototable
W/PackageManager(  691): Unknown permission android.permission.READ_OWNER_DATA in package com.google.android.setupwizard
W/PackageManager(  691): Unknown permission android.permission.WRITE_OWNER_DATA in package com.google.android.setupwizard
W/PackageManager(  691): Unknown permission com.amazon.dcp.sso.permission.AMAZON_ACCOUNT_PROPERTY in package com.amazon.kindle
W/PackageManager(  691): Unknown permission com.amazon.dcp.sso.permission.account.changed in package com.amazon.kindle
W/PackageManager(  691): Unknown permission com.google.android.voicesearch.SHORTCUTS_ACCESS in package com.google.android.googlequicksearchbox
W/PackageManager(  691): Unknown permission com.google.android.apps.googlevoice.permission.AUTO_SEND in package com.google.android.googlequicksearchbox
W/PackageManager(  691): Unknown permission com.google.android.gallery3d.permission.GALLERY_PROVIDER in package com.android.exchange
W/PackageManager(  691): Unknown permission com.google.android.gallery3d.permission.GALLERY_PROVIDER in package com.android.email
W/PackageManager(  691): Unknown permission com.android.providers.im.permission.READ_ONLY in package com.google.android.apps.maps
W/PackageManager(  691): Not granting permission android.permission.ACCESS_CHECKIN_PROPERTIES to package com.google.android.apps.googlevoice (protectionLevel=18 flags=0x88be44)
W/PackageManager(  691): Unknown permission com.google.android.apps.googlevoice.REMOTE_INTENT in package com.google.android.apps.googlevoice
W/PackageManager(  691): Unknown permission com.google.android.permission.RECEIVE_DATA_MESSAGE in package com.google.android.apps.googlevoice
W/PackageManager(  691): Unknown permission com.google.android.permission.SEND_DATA_MESSAGE in package com.google.android.apps.googlevoice
W/PackageManager(  691): Unknown permission com.android.providers.voicemail.permission.READ_WRITE_ALL_VOICEMAIL in package com.google.android.apps.googlevoice
W/PackageManager(  691): Unknown permission com.android.providers.voicemail.permission.READ_WRITE_OWN_VOICEMAIL in package com.google.android.apps.googlevoice
W/PackageManager(  691): Unknown permission com.htc.launcher.permission.READ_SETTINGS in package com.teslacoilsw.launcher
W/PackageManager(  691): Unknown permission com.cyanogenmod.trebuchet.permission.READ_SETTINGS in package com.teslacoilsw.launcher
W/PackageManager(  691): Unknown permission org.adw.launcher.permission.READ_SETTINGS in package com.teslacoilsw.launcher
W/PackageManager(  691): Unknown permission org.adwfreak.launcher.permission.READ_SETTINGS in package com.teslacoilsw.launcher
W/PackageManager(  691): Unknown permission com.anddoes.launcher.permission.READ_SETTINGS in package com.teslacoilsw.launcher
W/PackageManager(  691): Unknown permission android.permission.WRITE_INTERNAL_STORAGE in package com.wdc.wdremote
W/PackageManager(  691): Not granting permission android.permission.CALL_PRIVILEGED to package com.skype.raider (protectionLevel=18 flags=0x88be44)
W/PackageManager(  691): Not granting permission android.permission.SEND_DOWNLOAD_COMPLETED_INTENTS to package com.android.vending (protectionLevel=2 flags=0x8abec5)
W/PackageManager(  691): Unknown permission .PERMISSION in package com.estrongs.android.pop
W/PackageManager(  691): Not granting permission android.permission.REBOOT to package eu.chainfire.supersu (protectionLevel=18 flags=0x883e85)
W/PackageManager(  691): Not granting permission android.permission.DEVICE_POWER to package com.android.deskclock (protectionLevel=2 flags=0x88be45)
W/PackageManager(  691): Not granting permission android.permission.READ_DREAM_STATE to package com.google.android.gsf (protectionLevel=2 flags=0x883e45)
I/ActivityManager(  691): START u0 {act=android.intent.action.MAIN flg=0x10000000 cmp=com.rhomobile.rho_push_client/com.rhomobile.rhodes.RhodesActivity} from pid 30041
I/ActivityManager(  691): Start proc com.rhomobile.rho_push_client for activity com.rhomobile.rho_push_client/com.rhomobile.rhodes.RhodesActivity: pid=30050 uid=10080 gids={50080, 3003, 1028}
W/ActivityManager(  691): No content provider found for permission revoke: content:///com.rhomobile.rho_push_client
I/ActivityManager(  691): Start proc com.motsolutions.cto.services.ans for service com.motsolutions.cto.services.ans/.ANSService: pid=30083 uid=10073 gids={50073, 3003, 1028}
--------- beginning of /dev/log/main
I/APP     (30050): I 06/12/2013 14:46:21:139 00007577           HttpServer| Process URI: '/system/loadallsyncsources'
I/APP     (30050): I 06/12/2013 14:46:21:151 0000757b                 Sync| Fire notification. Source : ; Url :; Params: 
I/APP     (30050): I 06/12/2013 14:46:21:273 00007577           HttpServer| Process URI: '/app/Settings/sync_notify'
I/APP     (30050): I 06/12/2013 14:46:21:275 00007577                  APP| RHO serve: /app/Settings/sync_notify
I/APP     (30050): I 06/12/2013 14:46:21:280 00007577                  APP| Params: {"__rho_object"=>{"__rho_inline"=>"0"}, "rho_callback"=>"1"}
I/APP     (30050): E 06/12/2013 14:46:21:283 00007577 RHO SettingsController| Action 'sync_notify' does not exist in controller or has private access.
I/APP     (30050): E 06/12/2013 14:46:21:285 00007577 RHO SettingsController| render call in callback. Call WebView.navigate instead
I/APP     (30050): I 06/12/2013 14:46:21:290 00007577           HttpServer| GC Start.
I/APP     (30050): I 06/12/2013 14:46:21:301 0000757b                 Sync| Clear notification. Source : 
I/APP     (30050): I 06/12/2013 14:46:21:313 0000757b                 Sync| ThreadQueue blocked for 60 seconds...
I/APP     (30050): I 06/12/2013 14:46:21:326 00007577           HttpServer| GC End.
I/ActivityManager(  691): Start proc com.google.android.talk for service com.google.android.talk/com.google.android.apps.babel.realtimechat.RealTimeChatService$AlarmWrapperService: pid=30126 uid=10063 gids={50063, 3003, 1015, 1006, 3002, 1028}
W/Settings(30126): Setting airplane_mode_on has moved from android.provider.Settings.System to android.provider.Settings.Global, returning read-only value.
D/dalvikvm(30126): GC_CONCURRENT freed 346K, 18% free 2467K/2992K, paused 23ms+6ms, total 128ms
D/dalvikvm(30126): WAIT_FOR_CONCURRENT_GC blocked 47ms
D/dalvikvm(30126): WAIT_FOR_CONCURRENT_GC blocked 43ms
D/dalvikvm(30126): WAIT_FOR_CONCURRENT_GC blocked 30ms
D/dalvikvm(30126): WAIT_FOR_CONCURRENT_GC blocked 31ms
D/dalvikvm(30126): GC_CONCURRENT freed 377K, 19% free 2477K/3036K, paused 4ms+2ms, total 17ms
I/ActivityManager(  691): No longer want com.android.email (pid 29749): empty #17
D/dalvikvm( 1169): GC_EXPLICIT freed 602K, 18% free 5098K/6164K, paused 4ms+13ms, total 72ms
D/dalvikvm(30126): GC_CONCURRENT freed 287K, 16% free 2575K/3044K, paused 2ms+2ms, total 18ms
I/ActivityManager(  691): Start proc com.cyanogenmod.lockclock for service com.cyanogenmod.lockclock/.weather.WeatherUpdateService: pid=30154 uid=10023 gids={50023, 3003, 1028}
D/dalvikvm(30154): GC_CONCURRENT freed 334K, 18% free 2437K/2952K, paused 6ms+8ms, total 56ms
D/dalvikvm(30154): GC_CONCURRENT freed 444K, 22% free 2378K/3020K, paused 5ms+7ms, total 39ms
D/WeatherXmlParser(30154): Weather updated: WeatherInfo for Pleasanton@ Wed Jun 12 14:46:52 PDT 2013: Fair(34), temperature 27C, low 11, high 26, humidity 24%, wind 26km/h at W
D/dalvikvm(  691): GC_EXPLICIT freed 1628K, 19% free 32664K/39968K, paused 14ms+45ms, total 541ms
I/ActivityManager(  691): No longer want com.google.android.apps.maps:FriendService (pid 29828): empty #17
D/dalvikvm(29806): GC_CONCURRENT freed 633K, 22% free 2987K/3804K, paused 5ms+5ms, total 75ms
D/dalvikvm(29806): WAIT_FOR_CONCURRENT_GC blocked 29ms
I/APP     (30050): I 06/12/2013 14:47:21:315 0000757b                 Sync| addCommand: SyncAll
I/APP     (30050): I 06/12/2013 14:47:21:443 00007577           HttpServer| Process URI: '/system/loadallsyncsources'
I/APP     (30050): I 06/12/2013 14:47:21:455 0000757b                 Sync| Fire notification. Source : ; Url :; Params: 
I/APP     (30050): I 06/12/2013 14:47:21:578 00007577           HttpServer| Process URI: '/app/Settings/sync_notify'
I/APP     (30050): I 06/12/2013 14:47:21:579 00007577                  APP| RHO serve: /app/Settings/sync_notify
I/APP     (30050): I 06/12/2013 14:47:21:585 00007577                  APP| Params: {"__rho_object"=>{"__rho_inline"=>"0"}, "rho_callback"=>"1"}
I/APP     (30050): E 06/12/2013 14:47:21:588 00007577 RHO SettingsController| Action 'sync_notify' does not exist in controller or has private access.
I/APP     (30050): E 06/12/2013 14:47:21:590 00007577 RHO SettingsController| render call in callback. Call WebView.navigate instead
I/APP     (30050): I 06/12/2013 14:47:21:595 00007577           HttpServer| GC Start.
I/APP     (30050): I 06/12/2013 14:47:21:617 0000757b                 Sync| Clear notification. Source : 
I/APP     (30050): I 06/12/2013 14:47:21:618 0000757b                 Sync| ThreadQueue blocked for 60 seconds...
I/APP     (30050): I 06/12/2013 14:47:21:631 00007577           HttpServer| GC End.
I/ConnectionHandler-ANS(30083): ===> Establishing connection to http://192.168.1.128:8675...
I/ConnectionHandler-ANS(30083): ===> IOException while getting next message from http://192.168.1.128:8675
I/ConnectionHandler-ANS(30083): ANS initiating nextMessage fetch for http://192.168.1.128:8675
I/ConnectionHandler-ANS(30083): ===> trouble fetching last message - initiating 120000ms delayed retry (http://192.168.1.128:8675)
E/        (  691): ../../accel.c|inv_get_accel_offset|211 returning 19
D/Sensors (  691): enable accel bias check
V/Sensors (  691): enable - sensor Accelerometer (handle 4) dis -> en
E/Sensors (  691): mEnabled = 10
V/Sensors (  691): setDelay - sensor Accelerometer (handle 4), rate 200 ms (5.00 Hz)
V/Sensors (  691): setDelay - sensor Accelerometer (handle 4), rate 20 ms (50.00 Hz)
E/Sensors (  691): activatePendingSensors : mEnabled = 10
E/Sensors (  691): requested_sensors(0) from kernel
V/Sensors (  691): calling inv_set_mpu_sensors(000070)
I/MPL-fifo(  691): Actual ODR: 50000 mHz
E/Sensors (  691): set fifo rate - divider : 3, delay : 20 ms (50.00 Hz)
I/MPL-fifo(  691): Actual ODR: 50000 mHz
V/Sensors (  691): Starting DMP
W/MPL-9_sup(  691): 9 axis sensor fusion not available - No compass detected.
I/Sensors (  691): Enabled 9 axis sensor fusion
I/MPL-mldl_cfg_mpu:(  691): inv_mpu_resume(,,,,0070) -> 0070
E/Sensors (  691): accelHandler -0.189207 0.188009 9.746532
E/Sensors (  691): accelHandler -0.188009 0.249082 9.612411
I/APP     (30050): I 06/12/2013 14:48:21:620 0000757b                 Sync| addCommand: SyncAll
E/Sensors (  691): accelHandler -0.195194 0.185614 9.796827
I/APP     (30050): I 06/12/2013 14:48:21:757 00007577           HttpServer| Process URI: '/system/loadallsyncsources'
I/APP     (30050): I 06/12/2013 14:48:21:771 0000757b                 Sync| Fire notification. Source : ; Url :; Params: 
I/APP     (30050): I 06/12/2013 14:48:21:909 00007577           HttpServer| Process URI: '/app/Settings/sync_notify'
I/APP     (30050): I 06/12/2013 14:48:21:911 00007577                  APP| RHO serve: /app/Settings/sync_notify
I/APP     (30050): I 06/12/2013 14:48:21:916 00007577                  APP| Params: {"__rho_object"=>{"__rho_inline"=>"0"}, "rho_callback"=>"1"}
I/APP     (30050): E 06/12/2013 14:48:21:920 00007577 RHO SettingsController| Action 'sync_notify' does not exist in controller or has private access.
I/APP     (30050): E 06/12/2013 14:48:21:922 00007577 RHO SettingsController| render call in callback. Call WebView.navigate instead
I/APP     (30050): I 06/12/2013 14:48:21:926 00007577           HttpServer| GC Start.
I/APP     (30050): I 06/12/2013 14:48:21:940 0000757b                 Sync| Clear notification. Source : 
I/APP     (30050): I 06/12/2013 14:48:21:948 0000757b                 Sync| ThreadQueue blocked for 60 seconds...
I/APP     (30050): I 06/12/2013 14:48:21:964 00007577           HttpServer| GC End.
E/Sensors (  691): accelHandler -0.223934 0.172441 9.710607
V/Sensors (  691): enable - sensor Accelerometer (handle 4) en -> dis
E/Sensors (  691): mEnabled = 0
V/Sensors (  691): setDelay - sensor Accelerometer (handle 4), rate 20 ms (50.00 Hz)
E/Sensors (  691): activatePendingSensors : mEnabled = 0
E/Sensors (  691): requested_sensors(70) from kernel
I/Sensors (  691): Disabled 9 axis sensor fusion
I/MPL-mldl_cfg_mpu:(  691): inv_mpu_suspend(,,,,7fff) -> 0000
V/Sensors (  691): calling inv_set_mpu_sensors(000000)
V/Sensors (  691): Starting DMP
W/MPL-9_sup(  691): 9 axis sensor fusion not available - No compass detected.
I/Sensors (  691): Enabled 9 axis sensor fusion
I/MPL-mldl_cfg_mpu:(  691): inv_mpu_resume(,,,,0000) -> 0000
V/Sensors (  691): Stopping DMP
I/Sensors (  691): Disabled 9 axis sensor fusion
I/MPL-mldl_cfg_mpu:(  691): inv_mpu_suspend(,,,,7fff) -> 0000
D/dalvikvm(29806): GC_CONCURRENT freed 370K, 17% free 3129K/3736K, paused 5ms+7ms, total 102ms
D/dalvikvm(29806): WAIT_FOR_CONCURRENT_GC blocked 43ms
E/        (  691): ../../accel.c|inv_get_accel_offset|211 returning 19
D/Sensors (  691): enable accel bias check
V/Sensors (  691): enable - sensor Accelerometer (handle 4) dis -> en
E/Sensors (  691): mEnabled = 10
V/Sensors (  691): setDelay - sensor Accelerometer (handle 4), rate 200 ms (5.00 Hz)
V/Sensors (  691): setDelay - sensor Accelerometer (handle 4), rate 20 ms (50.00 Hz)
E/Sensors (  691): activatePendingSensors : mEnabled = 10
E/Sensors (  691): requested_sensors(0) from kernel
V/Sensors (  691): calling inv_set_mpu_sensors(000070)
I/MPL-fifo(  691): Actual ODR: 50000 mHz
E/Sensors (  691): set fifo rate - divider : 3, delay : 20 ms (50.00 Hz)
I/MPL-fifo(  691): Actual ODR: 50000 mHz
V/Sensors (  691): Starting DMP
W/MPL-9_sup(  691): 9 axis sensor fusion not available - No compass detected.
I/Sensors (  691): Enabled 9 axis sensor fusion
I/MPL-mldl_cfg_mpu:(  691): inv_mpu_resume(,,,,0070) -> 0070
E/Sensors (  691): accelHandler -0.217947 0.167651 9.776470
V/Sensors (  691): enable - sensor Accelerometer (handle 4) en -> dis
E/Sensors (  691): mEnabled = 0
V/Sensors (  691): setDelay - sensor Accelerometer (handle 4), rate 20 ms (50.00 Hz)
E/Sensors (  691): activatePendingSensors : mEnabled = 0
E/Sensors (  691): requested_sensors(70) from kernel
I/Sensors (  691): Disabled 9 axis sensor fusion
I/MPL-mldl_cfg_mpu:(  691): inv_mpu_suspend(,,,,7fff) -> 0000
V/Sensors (  691): calling inv_set_mpu_sensors(000000)
V/Sensors (  691): Starting DMP
W/MPL-9_sup(  691): 9 axis sensor fusion not available - No compass detected.
I/Sensors (  691): Enabled 9 axis sensor fusion
I/MPL-mldl_cfg_mpu:(  691): inv_mpu_resume(,,,,0000) -> 0000
V/Sensors (  691): Stopping DMP
I/Sensors (  691): Disabled 9 axis sensor fusion
I/MPL-mldl_cfg_mpu:(  691): inv_mpu_suspend(,,,,7fff) -> 0000
D/dalvikvm(29806): GC_CONCURRENT freed 647K, 22% free 2989K/3820K, paused 5ms+4ms, total 80ms
D/dalvikvm(29806): WAIT_FOR_CONCURRENT_GC blocked 27ms
I/APP     (30050): I 06/12/2013 14:49:21:950 0000757b                 Sync| addCommand: SyncAll
I/APP     (30050): I 06/12/2013 14:49:22:077 00007577           HttpServer| Process URI: '/system/loadallsyncsources'
I/APP     (30050): I 06/12/2013 14:49:22:089 0000757b                 Sync| Fire notification. Source : ; Url :; Params: 
I/APP     (30050): I 06/12/2013 14:49:22:210 00007577           HttpServer| Process URI: '/app/Settings/sync_notify'
I/APP     (30050): I 06/12/2013 14:49:22:212 00007577                  APP| RHO serve: /app/Settings/sync_notify
I/APP     (30050): I 06/12/2013 14:49:22:217 00007577                  APP| Params: {"__rho_object"=>{"__rho_inline"=>"0"}, "rho_callback"=>"1"}
I/APP     (30050): E 06/12/2013 14:49:22:221 00007577 RHO SettingsController| Action 'sync_notify' does not exist in controller or has private access.
I/APP     (30050): E 06/12/2013 14:49:22:223 00007577 RHO SettingsController| render call in callback. Call WebView.navigate instead
I/APP     (30050): I 06/12/2013 14:49:22:227 00007577           HttpServer| GC Start.
I/APP     (30050): I 06/12/2013 14:49:22:239 0000757b                 Sync| Clear notification. Source : 
I/APP     (30050): I 06/12/2013 14:49:22:246 0000757b                 Sync| ThreadQueue blocked for 60 seconds...
I/APP     (30050): I 06/12/2013 14:49:22:264 00007577           HttpServer| GC End.
I/ConnectionHandler-ANS(30083): ===> Establishing connection to http://192.168.1.128:8675...
D/dalvikvm(30083): GC_CONCURRENT freed 355K, 18% free 2499K/3036K, paused 6ms+4ms, total 47ms
D/AndroidRuntime(30185): 
D/AndroidRuntime(30185): >>>>>> AndroidRuntime START com.android.internal.os.RuntimeInit <<<<<<
D/AndroidRuntime(30185): CheckJNI is OFF
D/dalvikvm(30185): Trying to load lib libjavacore.so 0x0
D/dalvikvm(30185): Added shared lib libjavacore.so 0x0
D/dalvikvm(30185): Trying to load lib libnativehelper.so 0x0
D/dalvikvm(30185): Added shared lib libnativehelper.so 0x0
D/AndroidRuntime(30185): Calling main entry com.android.commands.pm.Pm
D/AndroidRuntime(30185): Shutting down VM
D/dalvikvm(30185): GC_CONCURRENT freed 242K, 34% free 475K/720K, paused 0ms+1ms, total 4ms
D/AndroidRuntime(30197): 
D/AndroidRuntime(30197): >>>>>> AndroidRuntime START com.android.internal.os.RuntimeInit <<<<<<
D/AndroidRuntime(30197): CheckJNI is OFF
D/dalvikvm(30197): Trying to load lib libjavacore.so 0x0
D/dalvikvm(30197): Added shared lib libjavacore.so 0x0
D/dalvikvm(30197): Trying to load lib libnativehelper.so 0x0
D/dalvikvm(30197): Added shared lib libnativehelper.so 0x0
D/AndroidRuntime(30197): Calling main entry com.android.commands.pm.Pm
I/PackageManager(  691): Removing non-system package:com.rhomobile.rho_push_client
I/ActivityManager(  691): Force stopping package com.rhomobile.rho_push_client appid=10080 user=-1
I/ActivityManager(  691): Killing proc 30050:com.rhomobile.rho_push_client/u0a10080: force stop com.rhomobile.rho_push_client
W/ActivityManager(  691): Scheduling restart of crashed service com.rhomobile.rho_push_client/com.rhomobile.rhodes.RhodesService in 5000ms
I/ActivityManager(  691):   Force finishing activity ActivityRecord{42695400 u0 com.rhomobile.rho_push_client/com.rhomobile.rhodes.RhodesActivity}
I/ActivityManager(  691):   Force stopping service ServiceRecord{4325e5b8 u0 com.rhomobile.rho_push_client/com.rhomobile.rhodes.RhodesService}
W/PackageManager(  691): Couldn't delete native library directory /data/app-lib/com.rhomobile.rho_push_client
I/PackageManager(  691): Removing old permission: com.rhomobile.rho_push_client.permission.ANS from package com.rhomobile.rho_push_client
W/PackageManager(  691): Unknown permission android.permission.ADD_SYSTEM_SERVICE in package com.android.phone
W/PackageManager(  691): Unknown permission com.android.vending.billing.IBillingAccountService.BIND2 in package com.google.android.gsf.login
W/PackageManager(  691): Unknown permission com.google.android.gallery3d.permission.GALLERY_PROVIDER in package com.android.bluetooth
W/PackageManager(  691): Not granting permission android.permission.SEND_DOWNLOAD_COMPLETED_INTENTS to package com.android.browser (protectionLevel=2 flags=0x89be45)
W/PackageManager(  691): Unknown permission android.permission.READ_MEDIA_STORAGE in package com.keramidas.TitaniumBackup
W/PackageManager(  691): Not granting permission android.permission.WRITE_MEDIA_STORAGE to package com.keramidas.TitaniumBackup (protectionLevel=18 flags=0x88be44)
W/PackageManager(  691): Not granting permission com.android.voicemail.permission.READ_WRITE_ALL_VOICEMAIL to package com.keramidas.TitaniumBackup (protectionLevel=2 flags=0x88be44)
W/PackageManager(  691): Unknown permission com.google.android.gallery3d.permission.PICASA_STORE in package com.android.dreams.phototable
W/PackageManager(  691): Unknown permission android.permission.READ_OWNER_DATA in package com.google.android.setupwizard
W/PackageManager(  691): Unknown permission android.permission.WRITE_OWNER_DATA in package com.google.android.setupwizard
W/PackageManager(  691): Unknown permission com.amazon.dcp.sso.permission.AMAZON_ACCOUNT_PROPERTY in package com.amazon.kindle
W/PackageManager(  691): Unknown permission com.amazon.dcp.sso.permission.account.changed in package com.amazon.kindle
W/PackageManager(  691): Unknown permission com.google.android.voicesearch.SHORTCUTS_ACCESS in package com.google.android.googlequicksearchbox
W/PackageManager(  691): Unknown permission com.google.android.apps.googlevoice.permission.AUTO_SEND in package com.google.android.googlequicksearchbox
W/PackageManager(  691): Unknown permission com.google.android.gallery3d.permission.GALLERY_PROVIDER in package com.android.exchange
W/PackageManager(  691): Unknown permission com.google.android.gallery3d.permission.GALLERY_PROVIDER in package com.android.email
W/PackageManager(  691): Unknown permission com.android.providers.im.permission.READ_ONLY in package com.google.android.apps.maps
W/PackageManager(  691): Not granting permission android.permission.ACCESS_CHECKIN_PROPERTIES to package com.google.android.apps.googlevoice (protectionLevel=18 flags=0x88be44)
W/PackageManager(  691): Unknown permission com.google.android.apps.googlevoice.REMOTE_INTENT in package com.google.android.apps.googlevoice
W/PackageManager(  691): Unknown permission com.google.android.permission.RECEIVE_DATA_MESSAGE in package com.google.android.apps.googlevoice
W/PackageManager(  691): Unknown permission com.google.android.permission.SEND_DATA_MESSAGE in package com.google.android.apps.googlevoice
W/PackageManager(  691): Unknown permission com.android.providers.voicemail.permission.READ_WRITE_ALL_VOICEMAIL in package com.google.android.apps.googlevoice
W/PackageManager(  691): Unknown permission com.android.providers.voicemail.permission.READ_WRITE_OWN_VOICEMAIL in package com.google.android.apps.googlevoice
W/PackageManager(  691): Unknown permission com.htc.launcher.permission.READ_SETTINGS in package com.teslacoilsw.launcher
W/PackageManager(  691): Unknown permission com.cyanogenmod.trebuchet.permission.READ_SETTINGS in package com.teslacoilsw.launcher
W/PackageManager(  691): Unknown permission org.adw.launcher.permission.READ_SETTINGS in package com.teslacoilsw.launcher
W/PackageManager(  691): Unknown permission org.adwfreak.launcher.permission.READ_SETTINGS in package com.teslacoilsw.launcher
W/PackageManager(  691): Unknown permission com.anddoes.launcher.permission.READ_SETTINGS in package com.teslacoilsw.launcher
W/PackageManager(  691): Unknown permission android.permission.WRITE_INTERNAL_STORAGE in package com.wdc.wdremote
W/PackageManager(  691): Not granting permission android.permission.CALL_PRIVILEGED to package com.skype.raider (protectionLevel=18 flags=0x88be44)
W/PackageManager(  691): Not granting permission android.permission.SEND_DOWNLOAD_COMPLETED_INTENTS to package com.android.vending (protectionLevel=2 flags=0x8abec5)
W/PackageManager(  691): Unknown permission .PERMISSION in package com.estrongs.android.pop
W/PackageManager(  691): Not granting permission android.permission.REBOOT to package eu.chainfire.supersu (protectionLevel=18 flags=0x883e85)
W/PackageManager(  691): Not granting permission android.permission.DEVICE_POWER to package com.android.deskclock (protectionLevel=2 flags=0x88be45)
W/PackageManager(  691): Not granting permission android.permission.READ_DREAM_STATE to package com.google.android.gsf (protectionLevel=2 flags=0x883e45)
I/WindowState(  691): WIN DEATH: Window{422bc090 u0 com.rhomobile.rho_push_client/com.rhomobile.rhodes.RhodesActivity}
I/ActivityManager(  691): Force stopping package com.rhomobile.rho_push_client appid=10080 user=0
D/dalvikvm(12552): GC_EXPLICIT freed 699K, 29% free 11984K/16744K, paused 2ms+6ms, total 57ms
D/dalvikvm(15518): GC_EXPLICIT freed 396K, 20% free 3050K/3784K, paused 2ms+2ms, total 119ms
D/dalvikvm(25386): GC_EXPLICIT freed 337K, 27% free 2751K/3744K, paused 2ms+2ms, total 62ms
I/InputReader(  691): Reconfiguring input devices.  changes=0x00000010
I/ThemeManager(25350): Handling removed theme package: com.rhomobile.rho_push_client
D/dalvikvm(  985): GC_CONCURRENT freed 610K, 24% free 2588K/3376K, paused 3ms+2ms, total 64ms
D/dalvikvm(  691): GC_EXPLICIT freed 1073K, 19% free 32654K/39968K, paused 39ms+64ms, total 485ms
I/Choreographer(12552): Skipped 33 frames!  The application may be doing too much work on its main thread.
W/ContextImpl(29882): Calling a method in the system process without a qualified user: android.app.ContextImpl.startService:1370 android.content.ContextWrapper.startService:450 android.content.ContextWrapper.startService:450 com.android.keychain.KeyChainBroadcastReceiver.onReceive:12 android.app.ActivityThread.handleReceiver:2502 
D/VoicemailCleanupService(15518): Cleaning up data for package: com.rhomobile.rho_push_client
D/dalvikvm(25478): GC_CONCURRENT freed 401K, 22% free 2389K/3028K, paused 1ms+2ms, total 12ms
W/Searchables(  691): No global search activity found
D/dalvikvm(  691): GC_EXPLICIT freed 4576K, 18% free 32862K/39968K, paused 475ms+48ms, total 1352ms
D/AndroidRuntime(30197): Shutting down VM
D/dalvikvm(30197): GC_CONCURRENT freed 90K, 17% free 464K/556K, paused 1ms+1ms, total 4ms
D/AndroidRuntime(30238): 
D/AndroidRuntime(30238): >>>>>> AndroidRuntime START com.android.internal.os.RuntimeInit <<<<<<
D/AndroidRuntime(30238): CheckJNI is OFF
D/dalvikvm(30238): Trying to load lib libjavacore.so 0x0
D/dalvikvm(30238): Added shared lib libjavacore.so 0x0
D/dalvikvm(30238): Trying to load lib libnativehelper.so 0x0
D/dalvikvm(30238): Added shared lib libnativehelper.so 0x0
D/AndroidRuntime(30238): Calling main entry com.android.commands.pm.Pm
D/AndroidRuntime(30238): Shutting down VM
D/dalvikvm(30238): GC_CONCURRENT freed 240K, 34% free 475K/720K, paused 0ms+0ms, total 5ms
D/AndroidRuntime(30250): 
D/AndroidRuntime(30250): >>>>>> AndroidRuntime START com.android.internal.os.RuntimeInit <<<<<<
D/AndroidRuntime(30250): CheckJNI is OFF
D/dalvikvm(30250): Trying to load lib libjavacore.so 0x0
D/dalvikvm(30250): Added shared lib libjavacore.so 0x0
D/dalvikvm(30250): Trying to load lib libnativehelper.so 0x0
D/dalvikvm(30250): Added shared lib libnativehelper.so 0x0
D/AndroidRuntime(30250): Calling main entry com.android.commands.pm.Pm
I/PackageManager(  691): Removing non-system package:com.motsolutions.cto.services.ans
I/ActivityManager(  691): Force stopping package com.motsolutions.cto.services.ans appid=10073 user=-1
I/ActivityManager(  691): Killing proc 30083:com.motsolutions.cto.services.ans/u0a10073: force stop com.motsolutions.cto.services.ans
W/ActivityManager(  691): Scheduling restart of crashed service com.motsolutions.cto.services.ans/.ANSKeepAliveService in 5000ms
I/ActivityManager(  691):   Force stopping service ServiceRecord{431e0d18 u0 com.motsolutions.cto.services.ans/.ANSKeepAliveService}
W/PackageManager(  691): Couldn't delete native library directory /data/app-lib/com.motsolutions.cto.services.ans
I/PackageManager(  691): Removing old permission: com.motsolutions.cto.services.ans.permission.CONNECTION from package com.motsolutions.cto.services.ans
I/PackageManager(  691): Removing old permission: com.motsolutions.cto.services.ans.permission.RECEIVE from package com.motsolutions.cto.services.ans
I/PackageManager(  691): Removing old permission: com.motsolutions.cto.services.ans.permission.DEBUG from package com.motsolutions.cto.services.ans
I/PackageManager(  691): Removing old permission: com.motsolutions.cto.services.ans.permission.REGISTER from package com.motsolutions.cto.services.ans
I/PackageManager(  691): Removing old permission: com.motsolutions.cto.services.ans.permission.KEEPALIVE from package com.motsolutions.cto.services.ans
W/PackageManager(  691): Unknown permission android.permission.ADD_SYSTEM_SERVICE in package com.android.phone
W/PackageManager(  691): Unknown permission com.android.vending.billing.IBillingAccountService.BIND2 in package com.google.android.gsf.login
W/PackageManager(  691): Unknown permission com.google.android.gallery3d.permission.GALLERY_PROVIDER in package com.android.bluetooth
W/PackageManager(  691): Not granting permission android.permission.SEND_DOWNLOAD_COMPLETED_INTENTS to package com.android.browser (protectionLevel=2 flags=0x89be45)
W/PackageManager(  691): Unknown permission android.permission.READ_MEDIA_STORAGE in package com.keramidas.TitaniumBackup
W/PackageManager(  691): Not granting permission android.permission.WRITE_MEDIA_STORAGE to package com.keramidas.TitaniumBackup (protectionLevel=18 flags=0x88be44)
W/PackageManager(  691): Not granting permission com.android.voicemail.permission.READ_WRITE_ALL_VOICEMAIL to package com.keramidas.TitaniumBackup (protectionLevel=2 flags=0x88be44)
W/PackageManager(  691): Unknown permission com.google.android.gallery3d.permission.PICASA_STORE in package com.android.dreams.phototable
W/PackageManager(  691): Unknown permission android.permission.READ_OWNER_DATA in package com.google.android.setupwizard
W/PackageManager(  691): Unknown permission android.permission.WRITE_OWNER_DATA in package com.google.android.setupwizard
W/PackageManager(  691): Unknown permission com.amazon.dcp.sso.permission.AMAZON_ACCOUNT_PROPERTY in package com.amazon.kindle
W/PackageManager(  691): Unknown permission com.amazon.dcp.sso.permission.account.changed in package com.amazon.kindle
W/PackageManager(  691): Unknown permission com.google.android.voicesearch.SHORTCUTS_ACCESS in package com.google.android.googlequicksearchbox
W/PackageManager(  691): Unknown permission com.google.android.apps.googlevoice.permission.AUTO_SEND in package com.google.android.googlequicksearchbox
W/PackageManager(  691): Unknown permission com.google.android.gallery3d.permission.GALLERY_PROVIDER in package com.android.exchange
W/PackageManager(  691): Unknown permission com.google.android.gallery3d.permission.GALLERY_PROVIDER in package com.android.email
W/PackageManager(  691): Unknown permission com.android.providers.im.permission.READ_ONLY in package com.google.android.apps.maps
W/PackageManager(  691): Not granting permission android.permission.ACCESS_CHECKIN_PROPERTIES to package com.google.android.apps.googlevoice (protectionLevel=18 flags=0x88be44)
W/PackageManager(  691): Unknown permission com.google.android.apps.googlevoice.REMOTE_INTENT in package com.google.android.apps.googlevoice
W/PackageManager(  691): Unknown permission com.google.android.permission.RECEIVE_DATA_MESSAGE in package com.google.android.apps.googlevoice
W/PackageManager(  691): Unknown permission com.google.android.permission.SEND_DATA_MESSAGE in package com.google.android.apps.googlevoice
W/PackageManager(  691): Unknown permission com.android.providers.voicemail.permission.READ_WRITE_ALL_VOICEMAIL in package com.google.android.apps.googlevoice
W/PackageManager(  691): Unknown permission com.android.providers.voicemail.permission.READ_WRITE_OWN_VOICEMAIL in package com.google.android.apps.googlevoice
W/PackageManager(  691): Unknown permission com.htc.launcher.permission.READ_SETTINGS in package com.teslacoilsw.launcher
W/PackageManager(  691): Unknown permission com.cyanogenmod.trebuchet.permission.READ_SETTINGS in package com.teslacoilsw.launcher
W/PackageManager(  691): Unknown permission org.adw.launcher.permission.READ_SETTINGS in package com.teslacoilsw.launcher
W/PackageManager(  691): Unknown permission org.adwfreak.launcher.permission.READ_SETTINGS in package com.teslacoilsw.launcher
W/PackageManager(  691): Unknown permission com.anddoes.launcher.permission.READ_SETTINGS in package com.teslacoilsw.launcher
W/PackageManager(  691): Unknown permission android.permission.WRITE_INTERNAL_STORAGE in package com.wdc.wdremote
W/PackageManager(  691): Not granting permission android.permission.CALL_PRIVILEGED to package com.skype.raider (protectionLevel=18 flags=0x88be44)
W/PackageManager(  691): Not granting permission android.permission.SEND_DOWNLOAD_COMPLETED_INTENTS to package com.android.vending (protectionLevel=2 flags=0x8abec5)
W/PackageManager(  691): Unknown permission .PERMISSION in package com.estrongs.android.pop
W/PackageManager(  691): Not granting permission android.permission.REBOOT to package eu.chainfire.supersu (protectionLevel=18 flags=0x883e85)
W/PackageManager(  691): Not granting permission android.permission.DEVICE_POWER to package com.android.deskclock (protectionLevel=2 flags=0x88be45)
W/PackageManager(  691): Not granting permission android.permission.READ_DREAM_STATE to package com.google.android.gsf (protectionLevel=2 flags=0x883e45)
I/ActivityManager(  691): Force stopping package com.motsolutions.cto.services.ans appid=10073 user=0
I/InputReader(  691): Reconfiguring input devices.  changes=0x00000010
I/ThemeManager(25350): Handling removed theme package: com.motsolutions.cto.services.ans
W/ContextImpl(29882): Calling a method in the system process without a qualified user: android.app.ContextImpl.startService:1370 android.content.ContextWrapper.startService:450 android.content.ContextWrapper.startService:450 com.android.keychain.KeyChainBroadcastReceiver.onReceive:12 android.app.ActivityThread.handleReceiver:2502 
D/VoicemailCleanupService(15518): Cleaning up data for package: com.motsolutions.cto.services.ans
D/dalvikvm(25210): GC_CONCURRENT freed 389K, 19% free 2683K/3296K, paused 17ms+2ms, total 109ms
D/dalvikvm(15518): GC_CONCURRENT freed 331K, 18% free 3112K/3784K, paused 3ms+2ms, total 35ms
W/Searchables(  691): No global search activity found
D/dalvikvm(  691): GC_EXPLICIT freed 5416K, 18% free 32924K/39968K, paused 66ms+61ms, total 991ms
D/AndroidRuntime(30250): Shutting down VM
D/dalvikvm(30250): GC_CONCURRENT freed 90K, 17% free 464K/556K, paused 1ms+0ms, total 4ms
D/AndroidRuntime(30292): 
D/AndroidRuntime(30292): >>>>>> AndroidRuntime START com.android.internal.os.RuntimeInit <<<<<<
D/AndroidRuntime(30292): CheckJNI is OFF
D/dalvikvm(30292): Trying to load lib libjavacore.so 0x0
D/dalvikvm(30292): Added shared lib libjavacore.so 0x0
D/dalvikvm(30292): Trying to load lib libnativehelper.so 0x0
D/dalvikvm(30292): Added shared lib libnativehelper.so 0x0
D/AndroidRuntime(30292): Calling main entry com.android.commands.pm.Pm
W/ActivityManager(  691): No content provider found for permission revoke: file:///data/local/tmp/rhoconnect-push-service.apk
D/Finsky  (25386): [1] PackageVerificationReceiver.onReceive: Verification requested, id = 20
D/Finsky  (25386): [1] WorkerTask.onPreExecute: Verification Requested for id = 20, data=file:///data/local/tmp/rhoconnect-push-service.apk flags=112 fromVerificationActivity=false
D/dalvikvm(25386): GC_CONCURRENT freed 312K, 25% free 2827K/3744K, paused 2ms+2ms, total 22ms
I/qtaguid (25386): Failed write_ctrl(u 48) res=-1 errno=22
I/qtaguid (25386): Untagging socket 48 failed errno=-22
W/NetworkManagementSocketTagger(25386): untagSocket(48) failed with errno -22
I/ElegantRequestDirector(25386): I/O exception (org.apache.http.NoHttpResponseException) caught when processing request: The target server failed to respond
I/ElegantRequestDirector(25386): Retrying request
D/dalvikvm(21447): GC_CONCURRENT freed 775K, 17% free 4903K/5864K, paused 35ms+8ms, total 147ms
D/Finsky  (25386): [1] 2.onResponse: Verification id=20 response=0
D/Finsky  (25386): [1] PackageVerificationReceiver.onReceive: Verification requested, id = 20
W/ActivityManager(  691): No content provider found for permission revoke: file:///data/local/tmp/rhoconnect-push-service.apk
I/PackageManager(  691): Copying native libraries to /data/app-lib/vmdl-1870172424
I/PackageManager(  691): Running dexopt on: com.motsolutions.cto.services.ans
D/dalvikvm(30306): DexOpt: load 33ms, verify+opt 143ms, 334692 bytes
I/ActivityManager(  691): Force stopping package com.motsolutions.cto.services.ans appid=10073 user=-1
D/PackageManager(  691): New package installed in /data/app/com.motsolutions.cto.services.ans-1.apk
W/PackageManager(  691): Unknown permission android.permission.ADD_SYSTEM_SERVICE in package com.android.phone
W/PackageManager(  691): Unknown permission com.android.vending.billing.IBillingAccountService.BIND2 in package com.google.android.gsf.login
W/PackageManager(  691): Unknown permission com.google.android.gallery3d.permission.GALLERY_PROVIDER in package com.android.bluetooth
W/PackageManager(  691): Not granting permission android.permission.SEND_DOWNLOAD_COMPLETED_INTENTS to package com.android.browser (protectionLevel=2 flags=0x89be45)
W/PackageManager(  691): Unknown permission android.permission.READ_MEDIA_STORAGE in package com.keramidas.TitaniumBackup
W/PackageManager(  691): Not granting permission android.permission.WRITE_MEDIA_STORAGE to package com.keramidas.TitaniumBackup (protectionLevel=18 flags=0x88be44)
W/PackageManager(  691): Not granting permission com.android.voicemail.permission.READ_WRITE_ALL_VOICEMAIL to package com.keramidas.TitaniumBackup (protectionLevel=2 flags=0x88be44)
W/PackageManager(  691): Unknown permission com.google.android.gallery3d.permission.PICASA_STORE in package com.android.dreams.phototable
W/PackageManager(  691): Unknown permission android.permission.READ_OWNER_DATA in package com.google.android.setupwizard
W/PackageManager(  691): Unknown permission android.permission.WRITE_OWNER_DATA in package com.google.android.setupwizard
W/PackageManager(  691): Unknown permission com.amazon.dcp.sso.permission.AMAZON_ACCOUNT_PROPERTY in package com.amazon.kindle
W/PackageManager(  691): Unknown permission com.amazon.dcp.sso.permission.account.changed in package com.amazon.kindle
W/PackageManager(  691): Unknown permission com.google.android.voicesearch.SHORTCUTS_ACCESS in package com.google.android.googlequicksearchbox
W/PackageManager(  691): Unknown permission com.google.android.apps.googlevoice.permission.AUTO_SEND in package com.google.android.googlequicksearchbox
