D/dalvikvm( 1169): GC_EXPLICIT freed 723K, 19% free 5167K/6316K, paused 3ms+13ms, total 77ms
D/dalvikvm(32123): GC_CONCURRENT freed 272K, 13% free 3245K/3700K, paused 2ms+26ms, total 45ms
D/dalvikvm(32123): WAIT_FOR_CONCURRENT_GC blocked 7ms
D/dalvikvm(32123): WAIT_FOR_CONCURRENT_GC blocked 9ms
D/dalvikvm(21447): GC_CONCURRENT freed 1032K, 18% free 5610K/6824K, paused 3ms+4ms, total 187ms
D/dalvikvm(21447): WAIT_FOR_CONCURRENT_GC blocked 122ms
E/        (  691): ../../accel.c|inv_get_accel_offset|211 returning 19
D/Sensors (  691): enable accel bias check
V/Sensors (  691): enable - sensor Accelerometer (handle 4) dis -> en
E/Sensors (  691): mEnabled = 10
V/Sensors (  691): setDelay - sensor Accelerometer (handle 4), rate 200 ms (5.00 Hz)
V/Sensors (  691): setDelay - sensor Accelerometer (handle 4), rate 20 ms (50.00 Hz)
E/Sensors (  691): activatePendingSensors : mEnabled = 10
E/Sensors (  691): requested_sensors(0) from kernel
V/Sensors (  691): calling inv_set_mpu_sensors(000070)
I/MPL-fifo(  691): Actual ODR: 50000 mHz
E/Sensors (  691): set fifo rate - divider : 3, delay : 20 ms (50.00 Hz)
I/MPL-fifo(  691): Actual ODR: 50000 mHz
V/Sensors (  691): Starting DMP
W/MPL-9_sup(  691): 9 axis sensor fusion not available - No compass detected.
I/Sensors (  691): Enabled 9 axis sensor fusion
I/MPL-mldl_cfg_mpu:(  691): inv_mpu_resume(,,,,0070) -> 0070
E/Sensors (  691): accelHandler -0.229922 0.217947 9.735754
E/Sensors (  691): accelHandler -0.216749 0.210762 9.769284
E/Sensors (  691): accelHandler -0.213157 0.192799 9.732162
E/Sensors (  691): accelHandler -0.207169 0.221539 9.772877
V/Sensors (  691): enable - sensor Accelerometer (handle 4) en -> dis
E/Sensors (  691): mEnabled = 0
V/Sensors (  691): setDelay - sensor Accelerometer (handle 4), rate 20 ms (50.00 Hz)
E/Sensors (  691): activatePendingSensors : mEnabled = 0
E/Sensors (  691): requested_sensors(70) from kernel
I/Sensors (  691): Disabled 9 axis sensor fusion
I/MPL-mldl_cfg_mpu:(  691): inv_mpu_suspend(,,,,7fff) -> 0000
V/Sensors (  691): calling inv_set_mpu_sensors(000000)
V/Sensors (  691): Starting DMP
W/MPL-9_sup(  691): 9 axis sensor fusion not available - No compass detected.
I/Sensors (  691): Enabled 9 axis sensor fusion
I/MPL-mldl_cfg_mpu:(  691): inv_mpu_resume(,,,,0000) -> 0000
V/Sensors (  691): Stopping DMP
I/Sensors (  691): Disabled 9 axis sensor fusion
I/MPL-mldl_cfg_mpu:(  691): inv_mpu_suspend(,,,,7fff) -> 0000
D/dalvikvm(32123): GC_CONCURRENT freed 663K, 22% free 3093K/3936K, paused 5ms+6ms, total 96ms
D/dalvikvm(32123): WAIT_FOR_CONCURRENT_GC blocked 38ms
E/        (  691): ../../accel.c|inv_get_accel_offset|211 returning 19
D/Sensors (  691): enable accel bias check
V/Sensors (  691): enable - sensor Accelerometer (handle 4) dis -> en
E/Sensors (  691): mEnabled = 10
V/Sensors (  691): setDelay - sensor Accelerometer (handle 4), rate 200 ms (5.00 Hz)
V/Sensors (  691): setDelay - sensor Accelerometer (handle 4), rate 20 ms (50.00 Hz)
E/Sensors (  691): activatePendingSensors : mEnabled = 10
E/Sensors (  691): requested_sensors(0) from kernel
V/Sensors (  691): calling inv_set_mpu_sensors(000070)
I/MPL-fifo(  691): Actual ODR: 50000 mHz
E/Sensors (  691): set fifo rate - divider : 3, delay : 20 ms (50.00 Hz)
I/MPL-fifo(  691): Actual ODR: 50000 mHz
V/Sensors (  691): Starting DMP
W/MPL-9_sup(  691): 9 axis sensor fusion not available - No compass detected.
I/Sensors (  691): Enabled 9 axis sensor fusion
I/MPL-mldl_cfg_mpu:(  691): inv_mpu_resume(,,,,0070) -> 0070
E/Sensors (  691): accelHandler -0.210762 0.222737 9.806408
E/Sensors (  691): accelHandler -0.235909 0.197589 9.713001
E/Sensors (  691): accelHandler -0.231119 0.209564 9.837543
V/Sensors (  691): enable - sensor Accelerometer (handle 4) en -> dis
E/Sensors (  691): mEnabled = 0
V/Sensors (  691): setDelay - sensor Accelerometer (handle 4), rate 20 ms (50.00 Hz)
E/Sensors (  691): activatePendingSensors : mEnabled = 0
E/Sensors (  691): requested_sensors(70) from kernel
I/Sensors (  691): Disabled 9 axis sensor fusion
I/MPL-mldl_cfg_mpu:(  691): inv_mpu_suspend(,,,,7fff) -> 0000
V/Sensors (  691): calling inv_set_mpu_sensors(000000)
V/Sensors (  691): Starting DMP
W/MPL-9_sup(  691): 9 axis sensor fusion not available - No compass detected.
I/Sensors (  691): Enabled 9 axis sensor fusion
I/MPL-mldl_cfg_mpu:(  691): inv_mpu_resume(,,,,0000) -> 0000
V/Sensors (  691): Stopping DMP
I/Sensors (  691): Disabled 9 axis sensor fusion
I/MPL-mldl_cfg_mpu:(  691): inv_mpu_suspend(,,,,7fff) -> 0000
D/dalvikvm(32123): GC_CONCURRENT freed 516K, 22% free 3088K/3936K, paused 6ms+6ms, total 82ms
D/dalvikvm(32123): WAIT_FOR_CONCURRENT_GC blocked 41ms
I/EventLogService( 1169): Aggregate from 1371075177067 (log), 1371075177067 (data)
D/dalvikvm(32123): GC_CONCURRENT freed 507K, 25% free 2973K/3936K, paused 5ms+5ms, total 114ms
I/rmt_storage(  599): rmt_storage_rw_iovec_cb: /boot/modem_fs1: clnt_h=0x9: req_h=0x65c msg_id=3: R/W request received
I/rmt_storage(  599): wakelock acquired: 1, error no: 110
I/rmt_storage(  599): rmt_storage_client_thread: /boot/modem_fs1: clnt_h=0x9 Unblock worker thread (th_id: 1076006808)
D/QMI_FW  (  599): QCSI: QMI_CSI_RX: cntl_flag - 00, txn_id - 00da, msg_id - 0003, msg_len - 002b
D/QMI_FW  (  599): QCSI: xport_handle_event[16]
I/rmt_storage(  599): rmt_storage_client_thread: /boot/modem_fs1: clnt_h=0x9: req_h=0x65c msg_id=3: Bytes written = 3145216
I/rmt_storage(  599): rmt_storage_client_thread: /boot/modem_fs1: clnt_h=0x9: req_h=0x65c msg_id=3: Bytes written = 512
I/rmt_storage(  599): rmt_storage_client_thread: /boot/modem_fs1: clnt_h=0x9: req_h=0x65c msg_id=3: Send response: res=0 err=0
I/rmt_storage(  599): rmt_storage_client_thread: /boot/modem_fs1: clnt_h=0x9 About to block rmt_storage client thread (th_id: 1076006808) wakelock released: 1, error no: 0
I/rmt_storage(  599): 
D/QMI_FW  (  599): QCSI: QMI_CSI_TX: cntl_flag - 02, txn_id - 00da, msg_id - 0003, msg_len - 0007
D/QMI_FW  (  599): QCSI: Sent[16]: 14 bytes to port 1024
E/        (  691): ../../accel.c|inv_get_accel_offset|211 returning 19
D/Sensors (  691): enable accel bias check
V/Sensors (  691): enable - sensor Accelerometer (handle 4) dis -> en
E/Sensors (  691): mEnabled = 10
V/Sensors (  691): setDelay - sensor Accelerometer (handle 4), rate 200 ms (5.00 Hz)
V/Sensors (  691): setDelay - sensor Accelerometer (handle 4), rate 20 ms (50.00 Hz)
E/Sensors (  691): activatePendingSensors : mEnabled = 10
E/Sensors (  691): requested_sensors(0) from kernel
V/Sensors (  691): calling inv_set_mpu_sensors(000070)
I/MPL-fifo(  691): Actual ODR: 50000 mHz
E/Sensors (  691): set fifo rate - divider : 3, delay : 20 ms (50.00 Hz)
I/MPL-fifo(  691): Actual ODR: 50000 mHz
V/Sensors (  691): Starting DMP
W/MPL-9_sup(  691): 9 axis sensor fusion not available - No compass detected.
I/Sensors (  691): Enabled 9 axis sensor fusion
I/MPL-mldl_cfg_mpu:(  691): inv_mpu_resume(,,,,0070) -> 0070
E/Sensors (  691): accelHandler -0.231119 0.197589 9.744137
V/Sensors (  691): enable - sensor Accelerometer (handle 4) en -> dis
E/Sensors (  691): mEnabled = 0
V/Sensors (  691): setDelay - sensor Accelerometer (handle 4), rate 20 ms (50.00 Hz)
E/Sensors (  691): activatePendingSensors : mEnabled = 0
E/Sensors (  691): requested_sensors(70) from kernel
I/Sensors (  691): Disabled 9 axis sensor fusion
I/MPL-mldl_cfg_mpu:(  691): inv_mpu_suspend(,,,,7fff) -> 0000
V/Sensors (  691): calling inv_set_mpu_sensors(000000)
V/Sensors (  691): Starting DMP
W/MPL-9_sup(  691): 9 axis sensor fusion not available - No compass detected.
I/Sensors (  691): Enabled 9 axis sensor fusion
I/MPL-mldl_cfg_mpu:(  691): inv_mpu_resume(,,,,0000) -> 0000
V/Sensors (  691): Stopping DMP
I/Sensors (  691): Disabled 9 axis sensor fusion
I/MPL-mldl_cfg_mpu:(  691): inv_mpu_suspend(,,,,7fff) -> 0000
I/rmt_storage(  599): rmt_storage_rw_iovec_cb: /boot/modem_fs2: clnt_h=0xa: req_h=0x65d msg_id=3: R/W request received
I/rmt_storage(  599): wakelock acquired: 1, error no: 110
I/rmt_storage(  599): rmt_storage_client_thread: /boot/modem_fs2: clnt_h=0xa Unblock worker thread (th_id: 1076006632)
D/QMI_FW  (  599): QCSI: QMI_CSI_RX: cntl_flag - 00, txn_id - 00d8, msg_id - 0003, msg_len - 002b
D/QMI_FW  (  599): QCSI: xport_handle_event[16]
I/rmt_storage(  599): rmt_storage_client_thread: /boot/modem_fs2: clnt_h=0xa: req_h=0x65d msg_id=3: Bytes written = 3145216
I/rmt_storage(  599): rmt_storage_client_thread: /boot/modem_fs2: clnt_h=0xa: req_h=0x65d msg_id=3: Bytes written = 512
I/rmt_storage(  599): rmt_storage_client_thread: /boot/modem_fs2: clnt_h=0xa: req_h=0x65d msg_id=3: Send response: res=0 err=0
I/rmt_storage(  599): rmt_storage_client_thread: /boot/modem_fs2: clnt_h=0xa About to block rmt_storage client thread (th_id: 1076006632) wakelock released: 1, error no: 0
I/rmt_storage(  599): 
D/QMI_FW  (  599): QCSI: QMI_CSI_TX: cntl_flag - 02, txn_id - 00d8, msg_id - 0003, msg_len - 0007
D/QMI_FW  (  599): QCSI: Sent[16]: 14 bytes to port 1280
I/ActivityManager(  691): No longer want android.process.media (pid 31826): empty for 1802s
I/ActivityManager(  691): No longer want com.android.settings (pid 31943): empty for 1802s
I/ActivityManager(  691): No longer want com.cyanogenmod.lockclock (pid 31928): empty for 1802s
W/ActivityManager(  691): Scheduling restart of crashed service com.android.providers.media/.MtpService in 5000ms
D/dalvikvm(32123): GC_CONCURRENT freed 495K, 24% free 2989K/3896K, paused 5ms+5ms, total 85ms
D/dalvikvm(32123): WAIT_FOR_CONCURRENT_GC blocked 20ms
I/ActivityManager(  691): Start proc android.process.media for service com.android.providers.media/.MtpService: pid=32182 uid=10010 gids={50010, 1015, 1023, 1024, 1028, 2001, 3003, 3007}
I/DownloadManager(32182): in removeSpuriousFiles
D/MtpService(32182): updating state; isCurrentUser=true, mMtpLocked=false
D/MtpService(32182): addStorageLocked 65537 /storage/emulated/0
D/MtpService(32182): addStorageLocked 131073 /storage/sdcard1
D/MtpService(32182): updating state; isCurrentUser=true, mMtpLocked=false
D/MtpService(32182): starting MTP server in MTP mode
D/MtpService(32182): addStorageLocked 65537 /storage/emulated/0
D/MtpService(32182): addStorageLocked 131073 /storage/sdcard1
D/dalvikvm(32182): GC_CONCURRENT freed 254K, 16% free 2445K/2880K, paused 7ms+22ms, total 85ms
D/dalvikvm(  691): GC_EXPLICIT freed 905K, 18% free 32804K/39968K, paused 48ms+47ms, total 589ms
E/        (  691): ../../accel.c|inv_get_accel_offset|211 returning 19
D/Sensors (  691): enable accel bias check
V/Sensors (  691): enable - sensor Accelerometer (handle 4) dis -> en
E/Sensors (  691): mEnabled = 10
V/Sensors (  691): setDelay - sensor Accelerometer (handle 4), rate 200 ms (5.00 Hz)
V/Sensors (  691): setDelay - sensor Accelerometer (handle 4), rate 20 ms (50.00 Hz)
E/Sensors (  691): activatePendingSensors : mEnabled = 10
E/Sensors (  691): requested_sensors(0) from kernel
V/Sensors (  691): calling inv_set_mpu_sensors(000070)
I/MPL-fifo(  691): Actual ODR: 50000 mHz
E/Sensors (  691): set fifo rate - divider : 3, delay : 20 ms (50.00 Hz)
I/MPL-fifo(  691): Actual ODR: 50000 mHz
V/Sensors (  691): Starting DMP
W/MPL-9_sup(  691): 9 axis sensor fusion not available - No compass detected.
I/Sensors (  691): Enabled 9 axis sensor fusion
I/MPL-mldl_cfg_mpu:(  691): inv_mpu_resume(,,,,0070) -> 0070
E/Sensors (  691): accelHandler -0.208367 0.184417 9.715397
E/Sensors (  691): accelHandler -0.258662 0.201182 9.754914
E/Sensors (  691): accelHandler -0.207169 0.217947 9.735754
V/Sensors (  691): enable - sensor Accelerometer (handle 4) en -> dis
E/Sensors (  691): mEnabled = 0
V/Sensors (  691): setDelay - sensor Accelerometer (handle 4), rate 20 ms (50.00 Hz)
E/Sensors (  691): activatePendingSensors : mEnabled = 0
E/Sensors (  691): requested_sensors(70) from kernel
I/Sensors (  691): Disabled 9 axis sensor fusion
I/MPL-mldl_cfg_mpu:(  691): inv_mpu_suspend(,,,,7fff) -> 0000
V/Sensors (  691): calling inv_set_mpu_sensors(000000)
V/Sensors (  691): Starting DMP
W/MPL-9_sup(  691): 9 axis sensor fusion not available - No compass detected.
I/Sensors (  691): Enabled 9 axis sensor fusion
I/MPL-mldl_cfg_mpu:(  691): inv_mpu_resume(,,,,0000) -> 0000
V/Sensors (  691): Stopping DMP
I/Sensors (  691): Disabled 9 axis sensor fusion
I/MPL-mldl_cfg_mpu:(  691): inv_mpu_suspend(,,,,7fff) -> 0000
D/dalvikvm(32123): GC_CONCURRENT freed 387K, 21% free 3113K/3896K, paused 6ms+6ms, total 80ms
D/dalvikvm(32123): WAIT_FOR_CONCURRENT_GC blocked 45ms
D/dalvikvm(32123): GC_CONCURRENT freed 636K, 24% free 2988K/3896K, paused 6ms+5ms, total 84ms
D/dalvikvm(32123): WAIT_FOR_CONCURRENT_GC blocked 25ms
D/dalvikvm(21447): GC_CONCURRENT freed 1036K, 18% free 5681K/6896K, paused 6ms+12ms, total 224ms
D/dalvikvm(21447): WAIT_FOR_CONCURRENT_GC blocked 93ms
D/dalvikvm(21447): WAIT_FOR_CONCURRENT_GC blocked 95ms
E/        (  691): ../../accel.c|inv_get_accel_offset|211 returning 19
D/Sensors (  691): enable accel bias check
V/Sensors (  691): enable - sensor Accelerometer (handle 4) dis -> en
E/Sensors (  691): mEnabled = 10
V/Sensors (  691): setDelay - sensor Accelerometer (handle 4), rate 200 ms (5.00 Hz)
V/Sensors (  691): setDelay - sensor Accelerometer (handle 4), rate 20 ms (50.00 Hz)
E/Sensors (  691): activatePendingSensors : mEnabled = 10
E/Sensors (  691): requested_sensors(0) from kernel
V/Sensors (  691): calling inv_set_mpu_sensors(000070)
I/MPL-fifo(  691): Actual ODR: 50000 mHz
E/Sensors (  691): set fifo rate - divider : 3, delay : 20 ms (50.00 Hz)
I/MPL-fifo(  691): Actual ODR: 50000 mHz
V/Sensors (  691): Starting DMP
W/MPL-9_sup(  691): 9 axis sensor fusion not available - No compass detected.
I/Sensors (  691): Enabled 9 axis sensor fusion
I/MPL-mldl_cfg_mpu:(  691): inv_mpu_resume(,,,,0070) -> 0070
E/Sensors (  691): accelHandler -0.238304 0.229922 9.727372
V/Sensors (  691): enable - sensor Accelerometer (handle 4) en -> dis
E/Sensors (  691): mEnabled = 0
V/Sensors (  691): setDelay - sensor Accelerometer (handle 4), rate 20 ms (50.00 Hz)
E/Sensors (  691): activatePendingSensors : mEnabled = 0
E/Sensors (  691): requested_sensors(70) from kernel
I/Sensors (  691): Disabled 9 axis sensor fusion
I/MPL-mldl_cfg_mpu:(  691): inv_mpu_suspend(,,,,7fff) -> 0000
V/Sensors (  691): calling inv_set_mpu_sensors(000000)
V/Sensors (  691): Starting DMP
W/MPL-9_sup(  691): 9 axis sensor fusion not available - No compass detected.
I/Sensors (  691): Enabled 9 axis sensor fusion
I/MPL-mldl_cfg_mpu:(  691): inv_mpu_resume(,,,,0000) -> 0000
V/Sensors (  691): Stopping DMP
I/Sensors (  691): Disabled 9 axis sensor fusion
I/MPL-mldl_cfg_mpu:(  691): inv_mpu_suspend(,,,,7fff) -> 0000
E/        (  691): ../../accel.c|inv_get_accel_offset|211 returning 19
D/Sensors (  691): enable accel bias check
V/Sensors (  691): enable - sensor Accelerometer (handle 4) dis -> en
E/Sensors (  691): mEnabled = 10
V/Sensors (  691): setDelay - sensor Accelerometer (handle 4), rate 200 ms (5.00 Hz)
V/Sensors (  691): setDelay - sensor Accelerometer (handle 4), rate 20 ms (50.00 Hz)
E/Sensors (  691): activatePendingSensors : mEnabled = 10
E/Sensors (  691): requested_sensors(0) from kernel
V/Sensors (  691): calling inv_set_mpu_sensors(000070)
I/MPL-fifo(  691): Actual ODR: 50000 mHz
E/Sensors (  691): set fifo rate - divider : 3, delay : 20 ms (50.00 Hz)
I/MPL-fifo(  691): Actual ODR: 50000 mHz
V/Sensors (  691): Starting DMP
W/MPL-9_sup(  691): 9 axis sensor fusion not available - No compass detected.
I/Sensors (  691): Enabled 9 axis sensor fusion
I/MPL-mldl_cfg_mpu:(  691): inv_mpu_resume(,,,,0070) -> 0070
E/Sensors (  691): accelHandler -0.228724 0.179626 9.756112
E/Sensors (  691): accelHandler -0.205972 0.204774 9.772877
E/Sensors (  691): accelHandler -0.223934 0.207169 9.758507
E/Sensors (  691): accelHandler -0.225132 0.209564 9.746532
V/Sensors (  691): enable - sensor Accelerometer (handle 4) en -> dis
E/Sensors (  691): mEnabled = 0
V/Sensors (  691): setDelay - sensor Accelerometer (handle 4), rate 20 ms (50.00 Hz)
E/Sensors (  691): activatePendingSensors : mEnabled = 0
E/Sensors (  691): requested_sensors(70) from kernel
I/Sensors (  691): Disabled 9 axis sensor fusion
I/MPL-mldl_cfg_mpu:(  691): inv_mpu_suspend(,,,,7fff) -> 0000
V/Sensors (  691): calling inv_set_mpu_sensors(000000)
V/Sensors (  691): Starting DMP
W/MPL-9_sup(  691): 9 axis sensor fusion not available - No compass detected.
I/Sensors (  691): Enabled 9 axis sensor fusion
I/MPL-mldl_cfg_mpu:(  691): inv_mpu_resume(,,,,0000) -> 0000
V/Sensors (  691): Stopping DMP
I/Sensors (  691): Disabled 9 axis sensor fusion
I/MPL-mldl_cfg_mpu:(  691): inv_mpu_suspend(,,,,7fff) -> 0000
D/dalvikvm(32123): GC_CONCURRENT freed 376K, 17% free 3124K/3752K, paused 6ms+8ms, total 112ms
D/dalvikvm(32123): WAIT_FOR_CONCURRENT_GC blocked 32ms
D/dalvikvm(32123): GC_CONCURRENT freed 646K, 22% free 2990K/3816K, paused 5ms+5ms, total 85ms
D/dalvikvm(32123): WAIT_FOR_CONCURRENT_GC blocked 21ms
E/        (  691): ../../accel.c|inv_get_accel_offset|211 returning 19
D/Sensors (  691): enable accel bias check
V/Sensors (  691): enable - sensor Accelerometer (handle 4) dis -> en
E/Sensors (  691): mEnabled = 10
V/Sensors (  691): setDelay - sensor Accelerometer (handle 4), rate 200 ms (5.00 Hz)
V/Sensors (  691): setDelay - sensor Accelerometer (handle 4), rate 20 ms (50.00 Hz)
E/Sensors (  691): activatePendingSensors : mEnabled = 10
E/Sensors (  691): requested_sensors(0) from kernel
V/Sensors (  691): calling inv_set_mpu_sensors(000070)
I/MPL-fifo(  691): Actual ODR: 50000 mHz
E/Sensors (  691): set fifo rate - divider : 3, delay : 20 ms (50.00 Hz)
I/MPL-fifo(  691): Actual ODR: 50000 mHz
V/Sensors (  691): Starting DMP
W/MPL-9_sup(  691): 9 axis sensor fusion not available - No compass detected.
I/Sensors (  691): Enabled 9 axis sensor fusion
I/MPL-mldl_cfg_mpu:(  691): inv_mpu_resume(,,,,0070) -> 0070
E/Sensors (  691): accelHandler -0.223934 0.124541 9.723780
V/Sensors (  691): enable - sensor Accelerometer (handle 4) en -> dis
E/Sensors (  691): mEnabled = 0
V/Sensors (  691): setDelay - sensor Accelerometer (handle 4), rate 20 ms (50.00 Hz)
E/Sensors (  691): activatePendingSensors : mEnabled = 0
E/Sensors (  691): requested_sensors(70) from kernel
I/Sensors (  691): Disabled 9 axis sensor fusion
I/MPL-mldl_cfg_mpu:(  691): inv_mpu_suspend(,,,,7fff) -> 0000
V/Sensors (  691): calling inv_set_mpu_sensors(000000)
V/Sensors (  691): Starting DMP
W/MPL-9_sup(  691): 9 axis sensor fusion not available - No compass detected.
I/Sensors (  691): Enabled 9 axis sensor fusion
I/MPL-mldl_cfg_mpu:(  691): inv_mpu_resume(,,,,0000) -> 0000
V/Sensors (  691): Stopping DMP
I/Sensors (  691): Disabled 9 axis sensor fusion
I/MPL-mldl_cfg_mpu:(  691): inv_mpu_suspend(,,,,7fff) -> 0000
D/dalvikvm( 1083): GC_CONCURRENT freed 551K, 24% free 4388K/5748K, paused 18ms+11ms, total 124ms
D/dalvikvm(32123): GC_CONCURRENT freed 499K, 21% free 3002K/3776K, paused 6ms+5ms, total 87ms
D/dalvikvm(32123): WAIT_FOR_CONCURRENT_GC blocked 19ms
D/dalvikvm(21447): GC_CONCURRENT freed 972K, 18% free 5723K/6916K, paused 10ms+7ms, total 144ms
E/        (  691): ../../accel.c|inv_get_accel_offset|211 returning 19
D/Sensors (  691): enable accel bias check
V/Sensors (  691): enable - sensor Accelerometer (handle 4) dis -> en
E/Sensors (  691): mEnabled = 10
V/Sensors (  691): setDelay - sensor Accelerometer (handle 4), rate 200 ms (5.00 Hz)
V/Sensors (  691): setDelay - sensor Accelerometer (handle 4), rate 20 ms (50.00 Hz)
E/Sensors (  691): activatePendingSensors : mEnabled = 10
E/Sensors (  691): requested_sensors(0) from kernel
V/Sensors (  691): calling inv_set_mpu_sensors(000070)
I/MPL-fifo(  691): Actual ODR: 50000 mHz
E/Sensors (  691): set fifo rate - divider : 3, delay : 20 ms (50.00 Hz)
I/MPL-fifo(  691): Actual ODR: 50000 mHz
V/Sensors (  691): Starting DMP
W/MPL-9_sup(  691): 9 axis sensor fusion not available - No compass detected.
I/Sensors (  691): Enabled 9 axis sensor fusion
I/MPL-mldl_cfg_mpu:(  691): inv_mpu_resume(,,,,0070) -> 0070
E/Sensors (  691): accelHandler -0.221539 0.167651 9.765692
E/Sensors (  691): accelHandler -0.221539 0.196392 9.837543
E/Sensors (  691): accelHandler -0.217947 0.196392 9.793235
V/Sensors (  691): enable - sensor Accelerometer (handle 4) en -> dis
E/Sensors (  691): mEnabled = 0
V/Sensors (  691): setDelay - sensor Accelerometer (handle 4), rate 20 ms (50.00 Hz)
E/Sensors (  691): activatePendingSensors : mEnabled = 0
E/Sensors (  691): requested_sensors(70) from kernel
I/Sensors (  691): Disabled 9 axis sensor fusion
I/MPL-mldl_cfg_mpu:(  691): inv_mpu_suspend(,,,,7fff) -> 0000
V/Sensors (  691): calling inv_set_mpu_sensors(000000)
V/Sensors (  691): Starting DMP
W/MPL-9_sup(  691): 9 axis sensor fusion not available - No compass detected.
I/Sensors (  691): Enabled 9 axis sensor fusion
I/MPL-mldl_cfg_mpu:(  691): inv_mpu_resume(,,,,0000) -> 0000
V/Sensors (  691): Stopping DMP
I/Sensors (  691): Disabled 9 axis sensor fusion
I/MPL-mldl_cfg_mpu:(  691): inv_mpu_suspend(,,,,7fff) -> 0000
D/dalvikvm(32123): GC_CONCURRENT freed 391K, 17% free 3123K/3752K, paused 5ms+5ms, total 79ms
D/dalvikvm(32123): WAIT_FOR_CONCURRENT_GC blocked 32ms
W/ThrottleService(  691): unable to find stats for iface rmnet0
D/dalvikvm(  691): GC_EXPLICIT freed 1311K, 18% free 32838K/39968K, paused 13ms+57ms, total 614ms
D/dalvikvm(32123): GC_CONCURRENT freed 505K, 19% free 3128K/3816K, paused 15ms+100ms, total 740ms
D/dalvikvm(32123): WAIT_FOR_CONCURRENT_GC blocked 27ms
E/        (  691): ../../accel.c|inv_get_accel_offset|211 returning 19
D/Sensors (  691): enable accel bias check
V/Sensors (  691): enable - sensor Accelerometer (handle 4) dis -> en
E/Sensors (  691): mEnabled = 10
V/Sensors (  691): setDelay - sensor Accelerometer (handle 4), rate 200 ms (5.00 Hz)
V/Sensors (  691): setDelay - sensor Accelerometer (handle 4), rate 20 ms (50.00 Hz)
E/Sensors (  691): activatePendingSensors : mEnabled = 10
E/Sensors (  691): requested_sensors(0) from kernel
V/Sensors (  691): calling inv_set_mpu_sensors(000070)
I/MPL-fifo(  691): Actual ODR: 50000 mHz
E/Sensors (  691): set fifo rate - divider : 3, delay : 20 ms (50.00 Hz)
I/MPL-fifo(  691): Actual ODR: 50000 mHz
V/Sensors (  691): Starting DMP
W/MPL-9_sup(  691): 9 axis sensor fusion not available - No compass detected.
I/Sensors (  691): Enabled 9 axis sensor fusion
I/MPL-mldl_cfg_mpu:(  691): inv_mpu_resume(,,,,0070) -> 0070
E/Sensors (  691): accelHandler -0.203577 0.140109 9.721384
V/Sensors (  691): enable - sensor Accelerometer (handle 4) en -> dis
E/Sensors (  691): mEnabled = 0
V/Sensors (  691): setDelay - sensor Accelerometer (handle 4), rate 20 ms (50.00 Hz)
E/Sensors (  691): activatePendingSensors : mEnabled = 0
E/Sensors (  691): requested_sensors(70) from kernel
I/Sensors (  691): Disabled 9 axis sensor fusion
I/MPL-mldl_cfg_mpu:(  691): inv_mpu_suspend(,,,,7fff) -> 0000
V/Sensors (  691): calling inv_set_mpu_sensors(000000)
V/Sensors (  691): Starting DMP
W/MPL-9_sup(  691): 9 axis sensor fusion not available - No compass detected.
I/Sensors (  691): Enabled 9 axis sensor fusion
I/MPL-mldl_cfg_mpu:(  691): inv_mpu_resume(,,,,0000) -> 0000
V/Sensors (  691): Stopping DMP
I/Sensors (  691): Disabled 9 axis sensor fusion
I/MPL-mldl_cfg_mpu:(  691): inv_mpu_suspend(,,,,7fff) -> 0000
E/        (  691): ../../accel.c|inv_get_accel_offset|211 returning 19
D/Sensors (  691): enable accel bias check
V/Sensors (  691): enable - sensor Accelerometer (handle 4) dis -> en
E/Sensors (  691): mEnabled = 10
V/Sensors (  691): setDelay - sensor Accelerometer (handle 4), rate 200 ms (5.00 Hz)
V/Sensors (  691): setDelay - sensor Accelerometer (handle 4), rate 20 ms (50.00 Hz)
E/Sensors (  691): activatePendingSensors : mEnabled = 10
E/Sensors (  691): requested_sensors(0) from kernel
V/Sensors (  691): calling inv_set_mpu_sensors(000070)
I/MPL-fifo(  691): Actual ODR: 50000 mHz
E/Sensors (  691): set fifo rate - divider : 3, delay : 20 ms (50.00 Hz)
I/MPL-fifo(  691): Actual ODR: 50000 mHz
V/Sensors (  691): Starting DMP
W/MPL-9_sup(  691): 9 axis sensor fusion not available - No compass detected.
I/Sensors (  691): Enabled 9 axis sensor fusion
I/MPL-mldl_cfg_mpu:(  691): inv_mpu_resume(,,,,0070) -> 0070
E/Sensors (  691): accelHandler -0.188009 0.185614 9.753717
D/dalvikvm(32123): GC_CONCURRENT freed 492K, 21% free 3023K/3816K, paused 5ms+5ms, total 67ms
E/Sensors (  691): accelHandler -0.221539 0.177231 9.753717
E/Sensors (  691): accelHandler -0.221539 0.155676 9.784852
V/Sensors (  691): enable - sensor Accelerometer (handle 4) en -> dis
E/Sensors (  691): mEnabled = 0
V/Sensors (  691): setDelay - sensor Accelerometer (handle 4), rate 20 ms (50.00 Hz)
E/Sensors (  691): activatePendingSensors : mEnabled = 0
E/Sensors (  691): requested_sensors(70) from kernel
I/Sensors (  691): Disabled 9 axis sensor fusion
I/MPL-mldl_cfg_mpu:(  691): inv_mpu_suspend(,,,,7fff) -> 0000
V/Sensors (  691): calling inv_set_mpu_sensors(000000)
V/Sensors (  691): Starting DMP
W/MPL-9_sup(  691): 9 axis sensor fusion not available - No compass detected.
I/Sensors (  691): Enabled 9 axis sensor fusion
I/MPL-mldl_cfg_mpu:(  691): inv_mpu_resume(,,,,0000) -> 0000
V/Sensors (  691): Stopping DMP
I/Sensors (  691): Disabled 9 axis sensor fusion
I/MPL-mldl_cfg_mpu:(  691): inv_mpu_suspend(,,,,7fff) -> 0000
D/dalvikvm(32123): GC_CONCURRENT freed 422K, 19% free 3112K/3816K, paused 5ms+5ms, total 75ms
D/dalvikvm(32123): WAIT_FOR_CONCURRENT_GC blocked 41ms
I/rmt_storage(  599): rmt_storage_rw_iovec_cb: /boot/modem_fs1: clnt_h=0x9: req_h=0x65e msg_id=3: R/W request received
I/rmt_storage(  599): wakelock acquired: 1, error no: 110
D/QMI_FW  (  599): QCSI: QMI_CSI_RX: cntl_flag - 00, txn_id - 00db, msg_id - 0003, msg_len - 002b
I/rmt_storage(  599): rmt_storage_client_thread: /boot/modem_fs1: clnt_h=0x9 Unblock worker thread (th_id: 1076006808)
D/QMI_FW  (  599): QCSI: xport_handle_event[16]
I/rmt_storage(  599): rmt_storage_client_thread: /boot/modem_fs1: clnt_h=0x9: req_h=0x65e msg_id=3: Bytes written = 3145216
I/rmt_storage(  599): rmt_storage_client_thread: /boot/modem_fs1: clnt_h=0x9: req_h=0x65e msg_id=3: Bytes written = 512
I/rmt_storage(  599): rmt_storage_client_thread: /boot/modem_fs1: clnt_h=0x9: req_h=0x65e msg_id=3: Send response: res=0 err=0
D/QMI_FW  (  599): QCSI: QMI_CSI_TX: cntl_flag - 02, txn_id - 00db, msg_id - 0003, msg_len - 0007
D/QMI_FW  (  599): QCSI: Sent[16]: 14 bytes to port 1024
I/rmt_storage(  599): rmt_storage_client_thread: /boot/modem_fs1: clnt_h=0x9 About to block rmt_storage client thread (th_id: 1076006808) wakelock released: 1, error no: 0
I/rmt_storage(  599): 
D/dalvikvm(32123): GC_CONCURRENT freed 610K, 21% free 3014K/3812K, paused 5ms+5ms, total 80ms
D/dalvikvm(32123): WAIT_FOR_CONCURRENT_GC blocked 24ms
I/Email   (31772): ReconcilePopImapAccountsSync: start
I/Email   (31772): ReconcilePopImapAccountsSync: done
D/Email   (31772): *** synchronizeMailboxGeneric ***
D/dalvikvm(31772): GC_CONCURRENT freed 347K, 16% free 2871K/3400K, paused 6ms+11ms, total 55ms
E/        (  691): ../../accel.c|inv_get_accel_offset|211 returning 19
D/Sensors (  691): enable accel bias check
V/Sensors (  691): enable - sensor Accelerometer (handle 4) dis -> en
E/Sensors (  691): mEnabled = 10
V/Sensors (  691): setDelay - sensor Accelerometer (handle 4), rate 200 ms (5.00 Hz)
V/Sensors (  691): setDelay - sensor Accelerometer (handle 4), rate 20 ms (50.00 Hz)
E/Sensors (  691): activatePendingSensors : mEnabled = 10
E/Sensors (  691): requested_sensors(0) from kernel
V/Sensors (  691): calling inv_set_mpu_sensors(000070)
I/MPL-fifo(  691): Actual ODR: 50000 mHz
E/Sensors (  691): set fifo rate - divider : 3, delay : 20 ms (50.00 Hz)
I/MPL-fifo(  691): Actual ODR: 50000 mHz
V/Sensors (  691): Starting DMP
W/MPL-9_sup(  691): 9 axis sensor fusion not available - No compass detected.
I/Sensors (  691): Enabled 9 axis sensor fusion
I/MPL-mldl_cfg_mpu:(  691): inv_mpu_resume(,,,,0070) -> 0070
E/Sensors (  691): accelHandler -0.202379 0.160466 9.757310
V/Sensors (  691): enable - sensor Accelerometer (handle 4) en -> dis
E/Sensors (  691): mEnabled = 0
V/Sensors (  691): setDelay - sensor Accelerometer (handle 4), rate 20 ms (50.00 Hz)
E/Sensors (  691): activatePendingSensors : mEnabled = 0
E/Sensors (  691): requested_sensors(70) from kernel
I/Sensors (  691): Disabled 9 axis sensor fusion
I/MPL-mldl_cfg_mpu:(  691): inv_mpu_suspend(,,,,7fff) -> 0000
V/Sensors (  691): calling inv_set_mpu_sensors(000000)
V/Sensors (  691): Starting DMP
W/MPL-9_sup(  691): 9 axis sensor fusion not available - No compass detected.
I/Sensors (  691): Enabled 9 axis sensor fusion
I/MPL-mldl_cfg_mpu:(  691): inv_mpu_resume(,,,,0000) -> 0000
V/Sensors (  691): Stopping DMP
I/Sensors (  691): Disabled 9 axis sensor fusion
I/MPL-mldl_cfg_mpu:(  691): inv_mpu_suspend(,,,,7fff) -> 0000
D/AndroidRuntime(32251): 
D/AndroidRuntime(32251): >>>>>> AndroidRuntime START com.android.internal.os.RuntimeInit <<<<<<
D/AndroidRuntime(32251): CheckJNI is OFF
D/dalvikvm(32251): Trying to load lib libjavacore.so 0x0
D/dalvikvm(32251): Added shared lib libjavacore.so 0x0
D/dalvikvm(32251): Trying to load lib libnativehelper.so 0x0
D/dalvikvm(32251): Added shared lib libnativehelper.so 0x0
D/AndroidRuntime(32251): Calling main entry com.android.commands.pm.Pm
D/AndroidRuntime(32251): Shutting down VM
D/dalvikvm(32251): GC_CONCURRENT freed 238K, 34% free 475K/716K, paused 0ms+0ms, total 4ms
D/AndroidRuntime(32263): 
D/AndroidRuntime(32263): >>>>>> AndroidRuntime START com.android.internal.os.RuntimeInit <<<<<<
D/AndroidRuntime(32263): CheckJNI is OFF
D/dalvikvm(32263): Trying to load lib libjavacore.so 0x0
D/dalvikvm(32263): Added shared lib libjavacore.so 0x0
D/dalvikvm(32263): Trying to load lib libnativehelper.so 0x0
D/dalvikvm(32263): Added shared lib libnativehelper.so 0x0
D/AndroidRuntime(32263): Calling main entry com.android.commands.pm.Pm
D/AndroidRuntime(32263): Shutting down VM
D/dalvikvm(32263): GC_CONCURRENT freed 238K, 34% free 475K/716K, paused 1ms+1ms, total 8ms
D/AndroidRuntime(32276): 
D/AndroidRuntime(32276): >>>>>> AndroidRuntime START com.android.internal.os.RuntimeInit <<<<<<
D/AndroidRuntime(32276): CheckJNI is OFF
D/dalvikvm(32276): Trying to load lib libjavacore.so 0x0
D/dalvikvm(32276): Added shared lib libjavacore.so 0x0
D/dalvikvm(32276): Trying to load lib libnativehelper.so 0x0
D/dalvikvm(32276): Added shared lib libnativehelper.so 0x0
D/AndroidRuntime(32276): Calling main entry com.android.commands.pm.Pm
I/ActivityManager(  691): Start proc com.android.defcontainer for service com.android.defcontainer/.DefaultContainerService: pid=32286 uid=10008 gids={50008, 1015, 2001, 1028}
W/ActivityManager(  691): No content provider found for permission revoke: file:///data/local/tmp/rhoconnect-push-service.apk
I/ActivityManager(  691): Start proc com.android.vending for broadcast com.android.vending/com.google.android.vending.verifier.PackageVerificationReceiver: pid=32300 uid=10060 gids={50060, 3003, 1015, 1028}
D/Finsky  (32300): [1] FinskyApp.onCreate: Initializing network with DFE https://android.clients.google.com/fdfe/
D/dalvikvm(32300): GC_CONCURRENT freed 229K, 15% free 2457K/2868K, paused 3ms+2ms, total 21ms
D/Finsky  (32300): [1] DailyHygiene.goMakeHygieneIfDirty: No need to run daily hygiene.
W/Settings(32300): Setting download_manager_max_bytes_over_mobile has moved from android.provider.Settings.Secure to android.provider.Settings.Global.
W/Settings(32300): Setting download_manager_recommended_max_bytes_over_mobile has moved from android.provider.Settings.Secure to android.provider.Settings.Global.
D/Finsky  (32300): [1] PackageVerificationReceiver.onReceive: Verification requested, id = 26
D/dalvikvm(  691): GC_EXPLICIT freed 783K, 18% free 32813K/39968K, paused 6ms+47ms, total 313ms
D/Finsky  (32300): [1] 2.run: Loaded library for account: [7kAut-R9-IlrYgdpgmUI_CK0pg4]
D/Finsky  (32300): [1] 2.run: Finished loading 1 libraries.
D/Finsky  (32300): [1] WorkerTask.onPreExecute: Verification Requested for id = 26, data=file:///data/local/tmp/rhoconnect-push-service.apk flags=112 fromVerificationActivity=false
D/dalvikvm(32300): GC_CONCURRENT freed 287K, 15% free 2654K/3120K, paused 3ms+9ms, total 35ms
D/dalvikvm(32300): GC_CONCURRENT freed 352K, 18% free 2688K/3260K, paused 2ms+1ms, total 16ms
D/dalvikvm(32300): GC_CONCURRENT freed 330K, 16% free 2747K/3260K, paused 7ms+6ms, total 57ms
D/Finsky  (32300): [1] 2.onResponse: Verification id=26 response=0
D/Finsky  (32300): [1] PackageVerificationReceiver.onReceive: Verification requested, id = 26
I/ActivityManager(  691): No longer want com.google.android.youtube (pid 31958): empty for 2533s
W/ActivityManager(  691): No content provider found for permission revoke: file:///data/local/tmp/rhoconnect-push-service.apk
I/PackageManager(  691): Copying native libraries to /data/app-lib/vmdl1204355001
I/PackageManager(  691): Running dexopt on: com.motsolutions.cto.services.ans
D/dalvikvm(32334): DexOpt: load 11ms, verify+opt 47ms, 334692 bytes
I/ActivityManager(  691): Force stopping package com.motsolutions.cto.services.ans appid=10073 user=-1
D/PackageManager(  691): New package installed in /data/app/com.motsolutions.cto.services.ans-1.apk
W/PackageManager(  691): Unknown permission android.permission.ADD_SYSTEM_SERVICE in package com.android.phone
W/PackageManager(  691): Unknown permission com.android.vending.billing.IBillingAccountService.BIND2 in package com.google.android.gsf.login
W/PackageManager(  691): Unknown permission com.google.android.gallery3d.permission.GALLERY_PROVIDER in package com.android.bluetooth
W/PackageManager(  691): Not granting permission android.permission.SEND_DOWNLOAD_COMPLETED_INTENTS to package com.android.browser (protectionLevel=2 flags=0x89be45)
W/PackageManager(  691): Unknown permission android.permission.READ_MEDIA_STORAGE in package com.keramidas.TitaniumBackup
W/PackageManager(  691): Not granting permission android.permission.WRITE_MEDIA_STORAGE to package com.keramidas.TitaniumBackup (protectionLevel=18 flags=0x88be44)
W/PackageManager(  691): Not granting permission com.android.voicemail.permission.READ_WRITE_ALL_VOICEMAIL to package com.keramidas.TitaniumBackup (protectionLevel=2 flags=0x88be44)
W/PackageManager(  691): Unknown permission com.google.android.gallery3d.permission.PICASA_STORE in package com.android.dreams.phototable
W/PackageManager(  691): Unknown permission android.permission.READ_OWNER_DATA in package com.google.android.setupwizard
W/PackageManager(  691): Unknown permission android.permission.WRITE_OWNER_DATA in package com.google.android.setupwizard
W/PackageManager(  691): Unknown permission com.amazon.dcp.sso.permission.AMAZON_ACCOUNT_PROPERTY in package com.amazon.kindle
W/PackageManager(  691): Unknown permission com.amazon.dcp.sso.permission.account.changed in package com.amazon.kindle
W/PackageManager(  691): Unknown permission com.google.android.voicesearch.SHORTCUTS_ACCESS in package com.google.android.googlequicksearchbox
W/PackageManager(  691): Unknown permission com.google.android.apps.googlevoice.permission.AUTO_SEND in package com.google.android.googlequicksearchbox
W/PackageManager(  691): Unknown permission com.google.android.gallery3d.permission.GALLERY_PROVIDER in package com.android.exchange
W/PackageManager(  691): Unknown permission com.google.android.gallery3d.permission.GALLERY_PROVIDER in package com.android.email
W/PackageManager(  691): Unknown permission com.android.providers.im.permission.READ_ONLY in package com.google.android.apps.maps
W/PackageManager(  691): Not granting permission android.permission.ACCESS_CHECKIN_PROPERTIES to package com.google.android.apps.googlevoice (protectionLevel=18 flags=0x88be44)
W/PackageManager(  691): Unknown permission com.google.android.apps.googlevoice.REMOTE_INTENT in package com.google.android.apps.googlevoice
W/PackageManager(  691): Unknown permission com.google.android.permission.RECEIVE_DATA_MESSAGE in package com.google.android.apps.googlevoice
W/PackageManager(  691): Unknown permission com.google.android.permission.SEND_DATA_MESSAGE in package com.google.android.apps.googlevoice
W/PackageManager(  691): Unknown permission com.android.providers.voicemail.permission.READ_WRITE_ALL_VOICEMAIL in package com.google.android.apps.googlevoice
W/PackageManager(  691): Unknown permission com.android.providers.voicemail.permission.READ_WRITE_OWN_VOICEMAIL in package com.google.android.apps.googlevoice
W/PackageManager(  691): Unknown permission com.htc.launcher.permission.READ_SETTINGS in package com.teslacoilsw.launcher
W/PackageManager(  691): Unknown permission com.cyanogenmod.trebuchet.permission.READ_SETTINGS in package com.teslacoilsw.launcher
W/PackageManager(  691): Unknown permission org.adw.launcher.permission.READ_SETTINGS in package com.teslacoilsw.launcher
W/PackageManager(  691): Unknown permission org.adwfreak.launcher.permission.READ_SETTINGS in package com.teslacoilsw.launcher
W/PackageManager(  691): Unknown permission com.anddoes.launcher.permission.READ_SETTINGS in package com.teslacoilsw.launcher
W/PackageManager(  691): Unknown permission android.permission.WRITE_INTERNAL_STORAGE in package com.wdc.wdremote
W/PackageManager(  691): Not granting permission android.permission.CALL_PRIVILEGED to package com.skype.raider (protectionLevel=18 flags=0x88be44)
W/PackageManager(  691): Not granting permission android.permission.SEND_DOWNLOAD_COMPLETED_INTENTS to package com.android.vending (protectionLevel=2 flags=0x8abec5)
W/PackageManager(  691): Unknown permission .PERMISSION in package com.estrongs.android.pop
W/PackageManager(  691): Not granting permission android.permission.REBOOT to package eu.chainfire.supersu (protectionLevel=18 flags=0x883e85)
W/PackageManager(  691): Not granting permission android.permission.DEVICE_POWER to package com.android.deskclock (protectionLevel=2 flags=0x88be45)
W/PackageManager(  691): Not granting permission android.permission.READ_DREAM_STATE to package com.google.android.gsf (protectionLevel=2 flags=0x883e45)
I/InputReader(  691): Reconfiguring input devices.  changes=0x00000010
I/ActivityManager(  691): Start proc com.android.gallery3d for broadcast com.android.gallery3d/.app.PackagesMonitor: pid=32335 uid=10015 gids={50015, 1006, 3003, 1015, 1028}
I/ActivityManager(  691): Start proc com.android.musicfx for broadcast com.android.musicfx/.Compatibility$Receiver: pid=32348 uid=10027 gids={50027, 3003, 3002, 1028}
I/ActivityManager(  691): Start proc com.svox.pico for broadcast com.svox.pico/.VoiceDataInstallerReceiver: pid=32364 uid=10034 gids={50034, 1015, 1028}
I/ActivityManager(  691): Start proc com.tmobile.thememanager for broadcast com.tmobile.thememanager/.receiver.ThemePackageReceiver: pid=32379 uid=1300 gids={41300, -1, 1028}
D/dalvikvm(32379): GC_CONCURRENT freed 405K, 20% free 2409K/2992K, paused 3ms+1ms, total 25ms
D/dalvikvm(32379): WAIT_FOR_CONCURRENT_GC blocked 9ms
D/dalvikvm(  440): GC_EXPLICIT freed 39K, 9% free 2301K/2520K, paused 1ms+2ms, total 21ms
I/ActivityManager(  691): Start proc com.android.voicedialer for broadcast com.android.voicedialer/.VoiceDialerReceiver: pid=32393 uid=10047 gids={50047, 3002, 1028}
D/dalvikvm(  440): GC_EXPLICIT freed <1K, 9% free 2301K/2520K, paused 1ms+2ms, total 25ms
D/dalvikvm(  440): GC_EXPLICIT freed <1K, 9% free 2301K/2520K, paused 2ms+2ms, total 25ms
I/ActivityManager(  691): Start proc com.google.android.partnersetup for broadcast com.google.android.partnersetup/.RlzPingBroadcastReceiver: pid=32406 uid=10056 gids={50056, 3003, 1028}
I/ThemeManager(32379): VerifyInstalledThemesThread took 258 ms.
I/ActivityManager(  691): Start proc com.google.android.gms for broadcast com.google.android.gms/.games.receiver.GamesSystemBroadcastReceiver: pid=32421 uid=10051 gids={50051, 3003, 1007, 1028, 1015, 1006, 2001, 3006}
I/ActivityManager(  691): Start proc eu.chainfire.supersu for broadcast eu.chainfire.supersu/.InstallReceiver: pid=32440 uid=10039 gids={50039, 1028}
I/ActivityManager(  691): Start proc com.keramidas.TitaniumBackup for broadcast com.keramidas.TitaniumBackup/.PackageEventsReceiver: pid=32454 uid=10067 gids={50067, 1028, 1015, 3003}
I/com.keramidas.TitaniumBackup.MainApplication(32454): onCreate()
D/dalvikvm(32454): Trying to load lib /data/app-lib/com.keramidas.TitaniumBackup-1/libtitanium.so 0x40f70e18
D/dalvikvm(32454): Added shared lib /data/app-lib/com.keramidas.TitaniumBackup-1/libtitanium.so 0x40f70e18
I/com.keramidas.TitaniumBackup.MainApplication(32454): Detected CPU architecture: ARM
W/Settings(32454): Setting android_id has moved from android.provider.Settings.System to android.provider.Settings.Secure, returning read-only value.
D/o.   (32454): Debug features are disabled.
I/o.   (32454): restoreMySettings_ifNeeded()
I/o.   (32454): Internal settings found => No need to restore.
W/Resources(32454): Converting to string: TypedValue{t=0x10/d=0x0 a=-1}
D/dalvikvm(32454): GC_CONCURRENT freed 178K, 13% free 2550K/2908K, paused 2ms+1ms, total 29ms
W/Resources(32454): Converting to string: TypedValue{t=0x10/d=0x0 a=-1}
W/Resources(32454): Converting to string: TypedValue{t=0x10/d=0x0 a=-1}
W/Resources(32454): Converting to string: TypedValue{t=0x10/d=0xf a=-1}
W/Resources(32454): Converting to string: TypedValue{t=0x10/d=0x80 a=-1}
W/Resources(32454): Converting to string: TypedValue{t=0x10/d=0x80 a=-1}
W/Resources(32454): Converting to string: TypedValue{t=0x10/d=0x3 a=-1}
W/Resources(32454): Converting to string: TypedValue{t=0x10/d=0x3 a=-1}
W/Resources(32454): Converting to string: TypedValue{t=0x10/d=0x20 a=-1}
W/Resources(32454): Converting to string: TypedValue{t=0x10/d=0x20 a=-1}
W/Resources(32454): Converting to string: TypedValue{t=0x10/d=0x1 a=-1}
W/Resources(32454): Converting to string: TypedValue{t=0x10/d=0x3 a=-1}
W/Resources(32454): Converting to string: TypedValue{t=0x10/d=0x3 a=-1}
I/Recovery(32421): Received: Intent { act=com.google.android.gms.INITIALIZE flg=0x10 pkg=com.google.android.gms cmp=com.google.android.gms/.recovery.AccountRecoveryService$Receiver }
I/ActivityManager(  691): Start proc com.google.android.gsf.login for service com.google.android.gms/.recovery.AccountRecoveryService: pid=32476 uid=10051 gids={50051, 3003, 1007, 1028, 1015, 1006, 2001, 3006}
D/GCM     ( 1169): GcmService start Intent { act=com.google.android.gms.INITIALIZE flg=0x10 pkg=com.google.android.gms cmp=com.google.android.gms/.gcm.GcmService } com.google.android.gms.INITIALIZE
I/Recovery(32421): Received: Intent { act=com.google.android.gms.INITIALIZE flg=0x10 pkg=com.google.android.gms cmp=com.google.android.gms/.recovery.AccountRecoveryService$Receiver }
D/dalvikvm( 1169): GC_CONCURRENT freed 931K, 18% free 5194K/6316K, paused 12ms+8ms, total 62ms
D/dalvikvm( 1169): WAIT_FOR_CONCURRENT_GC blocked 50ms
D/GCM     ( 1169): GcmService start Intent { act=com.google.android.gms.INITIALIZE flg=0x10 pkg=com.google.android.gms cmp=com.google.android.gms/.gcm.GcmService } com.google.android.gms.INITIALIZE
D/dalvikvm(32421): GC_CONCURRENT freed 238K, 15% free 2505K/2924K, paused 3ms+154ms, total 320ms
D/dalvikvm(32421): GC_CONCURRENT freed 326K, 17% free 2609K/3116K, paused 3ms+13ms, total 29ms
I/PeopleDatabaseHelper(32421): cleanUpNonGplusAccounts done.
D/dalvikvm(15518): GC_CONCURRENT freed 328K, 17% free 3172K/3816K, paused 3ms+40ms, total 62ms
W/Searchables(  691): No global search activity found
D/dalvikvm(  691): GC_EXPLICIT freed 2137K, 18% free 32989K/39968K, paused 214ms+44ms, total 2542ms
D/AndroidRuntime(32276): Shutting down VM
D/dalvikvm(32276): GC_CONCURRENT freed 91K, 17% free 467K/560K, paused 1ms+0ms, total 4ms
E/        (  691): ../../accel.c|inv_get_accel_offset|211 returning 19
D/Sensors (  691): enable accel bias check
V/Sensors (  691): enable - sensor Accelerometer (handle 4) dis -> en
E/Sensors (  691): mEnabled = 10
V/Sensors (  691): setDelay - sensor Accelerometer (handle 4), rate 200 ms (5.00 Hz)
V/Sensors (  691): setDelay - sensor Accelerometer (handle 4), rate 20 ms (50.00 Hz)
E/Sensors (  691): activatePendingSensors : mEnabled = 10
E/Sensors (  691): requested_sensors(0) from kernel
V/Sensors (  691): calling inv_set_mpu_sensors(000070)
I/MPL-fifo(  691): Actual ODR: 50000 mHz
E/Sensors (  691): set fifo rate - divider : 3, delay : 20 ms (50.00 Hz)
I/MPL-fifo(  691): Actual ODR: 50000 mHz
V/Sensors (  691): Starting DMP
W/MPL-9_sup(  691): 9 axis sensor fusion not available - No compass detected.
I/Sensors (  691): Enabled 9 axis sensor fusion
I/MPL-mldl_cfg_mpu:(  691): inv_mpu_resume(,,,,0070) -> 0070
E/Sensors (  691): accelHandler -0.213157 0.196392 9.747729
E/Sensors (  691): accelHandler -0.241897 0.162861 9.728569
E/Sensors (  691): accelHandler -0.201182 0.174836 9.771680
E/Sensors (  691): accelHandler -0.216749 0.191602 9.776470
V/Sensors (  69