I/Sensors (  691): Disabled 9 axis sensor fusion
I/MPL-mldl_cfg_mpu:(  691): inv_mpu_suspend(,,,,7fff) -> 0000
D/dalvikvm(31846): GC_CONCURRENT freed 386K, 18% free 3112K/3768K, paused 6ms+6ms, total 83ms
D/dalvikvm(31846): WAIT_FOR_CONCURRENT_GC blocked 40ms
I/rmt_storage(  599): rmt_storage_rw_iovec_cb: /boot/modem_fs1: clnt_h=0x9: req_h=0x658 msg_id=3: R/W request received
I/rmt_storage(  599): wakelock acquired: 1, error no: 110
I/rmt_storage(  599): rmt_storage_client_thread: /boot/modem_fs1: clnt_h=0x9 Unblock worker thread (th_id: 1076006808)
D/QMI_FW  (  599): QCSI: QMI_CSI_RX: cntl_flag - 00, txn_id - 00d8, msg_id - 0003, msg_len - 002b
D/QMI_FW  (  599): QCSI: xport_handle_event[16]
I/rmt_storage(  599): rmt_storage_client_thread: /boot/modem_fs1: clnt_h=0x9: req_h=0x658 msg_id=3: Bytes written = 3145216
I/rmt_storage(  599): rmt_storage_client_thread: /boot/modem_fs1: clnt_h=0x9: req_h=0x658 msg_id=3: Bytes written = 512
I/rmt_storage(  599): rmt_storage_client_thread: /boot/modem_fs1: clnt_h=0x9: req_h=0x658 msg_id=3: Send response: res=0 err=0
I/rmt_storage(  599): rmt_storage_client_thread: /boot/modem_fs1: clnt_h=0x9 About to block rmt_storage client thread (th_id: 1076006808) wakelock released: 1, error no: 0
I/rmt_storage(  599): 
D/QMI_FW  (  599): QCSI: QMI_CSI_TX: cntl_flag - 02, txn_id - 00d8, msg_id - 0003, msg_len - 0007
D/QMI_FW  (  599): QCSI: Sent[16]: 14 bytes to port 1024
D/dalvikvm(31846): GC_CONCURRENT freed 628K, 22% free 2993K/3804K, paused 5ms+5ms, total 80ms
D/dalvikvm(31846): WAIT_FOR_CONCURRENT_GC blocked 23ms
D/dalvikvm(  691): GC_EXPLICIT freed 1769K, 18% free 32876K/39968K, paused 15ms+46ms, total 611ms
E/        (  691): ../../accel.c|inv_get_accel_offset|211 returning 19
D/Sensors (  691): enable accel bias check
V/Sensors (  691): enable - sensor Accelerometer (handle 4) dis -> en
E/Sensors (  691): mEnabled = 10
V/Sensors (  691): setDelay - sensor Accelerometer (handle 4), rate 200 ms (5.00 Hz)
V/Sensors (  691): setDelay - sensor Accelerometer (handle 4), rate 20 ms (50.00 Hz)
E/Sensors (  691): activatePendingSensors : mEnabled = 10
E/Sensors (  691): requested_sensors(0) from kernel
V/Sensors (  691): calling inv_set_mpu_sensors(000070)
I/MPL-fifo(  691): Actual ODR: 50000 mHz
E/Sensors (  691): set fifo rate - divider : 3, delay : 20 ms (50.00 Hz)
I/MPL-fifo(  691): Actual ODR: 50000 mHz
V/Sensors (  691): Starting DMP
W/MPL-9_sup(  691): 9 axis sensor fusion not available - No compass detected.
I/Sensors (  691): Enabled 9 axis sensor fusion
I/MPL-mldl_cfg_mpu:(  691): inv_mpu_resume(,,,,0070) -> 0070
E/Sensors (  691): accelHandler -0.233514 0.211959 9.768087
E/Sensors (  691): accelHandler -0.221539 0.197589 9.798025
E/Sensors (  691): accelHandler -0.198787 0.203577 9.736952
V/Sensors (  691): enable - sensor Accelerometer (handle 4) en -> dis
E/Sensors (  691): mEnabled = 0
V/Sensors (  691): setDelay - sensor Accelerometer (handle 4), rate 20 ms (50.00 Hz)
E/Sensors (  691): activatePendingSensors : mEnabled = 0
E/Sensors (  691): requested_sensors(70) from kernel
I/Sensors (  691): Disabled 9 axis sensor fusion
I/MPL-mldl_cfg_mpu:(  691): inv_mpu_suspend(,,,,7fff) -> 0000
V/Sensors (  691): calling inv_set_mpu_sensors(000000)
V/Sensors (  691): Starting DMP
W/MPL-9_sup(  691): 9 axis sensor fusion not available - No compass detected.
I/Sensors (  691): Enabled 9 axis sensor fusion
I/MPL-mldl_cfg_mpu:(  691): inv_mpu_resume(,,,,0000) -> 0000
V/Sensors (  691): Stopping DMP
I/Sensors (  691): Disabled 9 axis sensor fusion
I/MPL-mldl_cfg_mpu:(  691): inv_mpu_suspend(,,,,7fff) -> 0000
D/dalvikvm( 1083): GC_CONCURRENT freed 728K, 24% free 4374K/5748K, paused 7ms+9ms, total 117ms
D/dalvikvm( 1083): WAIT_FOR_CONCURRENT_GC blocked 75ms
E/        (  691): ../../accel.c|inv_get_accel_offset|211 returning 19
D/Sensors (  691): enable accel bias check
V/Sensors (  691): enable - sensor Accelerometer (handle 4) dis -> en
E/Sensors (  691): mEnabled = 10
V/Sensors (  691): setDelay - sensor Accelerometer (handle 4), rate 200 ms (5.00 Hz)
V/Sensors (  691): setDelay - sensor Accelerometer (handle 4), rate 20 ms (50.00 Hz)
E/Sensors (  691): activatePendingSensors : mEnabled = 10
E/Sensors (  691): requested_sensors(0) from kernel
V/Sensors (  691): calling inv_set_mpu_sensors(000070)
I/MPL-fifo(  691): Actual ODR: 50000 mHz
E/Sensors (  691): set fifo rate - divider : 3, delay : 20 ms (50.00 Hz)
I/MPL-fifo(  691): Actual ODR: 50000 mHz
V/Sensors (  691): Starting DMP
W/MPL-9_sup(  691): 9 axis sensor fusion not available - No compass detected.
I/Sensors (  691): Enabled 9 axis sensor fusion
I/MPL-mldl_cfg_mpu:(  691): inv_mpu_resume(,,,,0070) -> 0070
E/Sensors (  691): accelHandler -0.228724 0.207169 9.771680
E/Sensors (  691): accelHandler -0.211959 0.201182 9.714199
E/Sensors (  691): accelHandler -0.215552 0.185614 9.728569
V/Sensors (  691): enable - sensor Accelerometer (handle 4) en -> dis
E/Sensors (  691): mEnabled = 0
V/Sensors (  691): setDelay - sensor Accelerometer (handle 4), rate 20 ms (50.00 Hz)
E/Sensors (  691): activatePendingSensors : mEnabled = 0
E/Sensors (  691): requested_sensors(70) from kernel
I/Sensors (  691): Disabled 9 axis sensor fusion
I/MPL-mldl_cfg_mpu:(  691): inv_mpu_suspend(,,,,7fff) -> 0000
V/Sensors (  691): calling inv_set_mpu_sensors(000000)
V/Sensors (  691): Starting DMP
W/MPL-9_sup(  691): 9 axis sensor fusion not available - No compass detected.
I/Sensors (  691): Enabled 9 axis sensor fusion
I/MPL-mldl_cfg_mpu:(  691): inv_mpu_resume(,,,,0000) -> 0000
V/Sensors (  691): Stopping DMP
I/Sensors (  691): Disabled 9 axis sensor fusion
I/MPL-mldl_cfg_mpu:(  691): inv_mpu_suspend(,,,,7fff) -> 0000
D/dalvikvm(31846): GC_CONCURRENT freed 387K, 18% free 3118K/3768K, paused 5ms+7ms, total 110ms
D/dalvikvm(31846): WAIT_FOR_CONCURRENT_GC blocked 43ms
D/dalvikvm(31846): WAIT_FOR_CONCURRENT_GC blocked 28ms
D/dalvikvm(31846): GC_CONCURRENT freed 632K, 22% free 2993K/3808K, paused 6ms+4ms, total 91ms
D/dalvikvm(31846): WAIT_FOR_CONCURRENT_GC blocked 20ms
D/dalvikvm(21447): GC_CONCURRENT freed 881K, 17% free 5348K/6408K, paused 7ms+11ms, total 180ms
D/dalvikvm(21447): WAIT_FOR_CONCURRENT_GC blocked 88ms
D/dalvikvm(21447): WAIT_FOR_CONCURRENT_GC blocked 85ms
E/        (  691): ../../accel.c|inv_get_accel_offset|211 returning 19
D/Sensors (  691): enable accel bias check
V/Sensors (  691): enable - sensor Accelerometer (handle 4) dis -> en
E/Sensors (  691): mEnabled = 10
V/Sensors (  691): setDelay - sensor Accelerometer (handle 4), rate 200 ms (5.00 Hz)
V/Sensors (  691): setDelay - sensor Accelerometer (handle 4), rate 20 ms (50.00 Hz)
E/Sensors (  691): activatePendingSensors : mEnabled = 10
E/Sensors (  691): requested_sensors(0) from kernel
V/Sensors (  691): calling inv_set_mpu_sensors(000070)
I/MPL-fifo(  691): Actual ODR: 50000 mHz
E/Sensors (  691): set fifo rate - divider : 3, delay : 20 ms (50.00 Hz)
I/MPL-fifo(  691): Actual ODR: 50000 mHz
V/Sensors (  691): Starting DMP
W/MPL-9_sup(  691): 9 axis sensor fusion not available - No compass detected.
I/Sensors (  691): Enabled 9 axis sensor fusion
I/MPL-mldl_cfg_mpu:(  691): inv_mpu_resume(,,,,0070) -> 0070
E/Sensors (  691): accelHandler -0.232317 0.201182 9.778865
E/Sensors (  691): accelHandler -0.203577 0.243094 9.769284
E/Sensors (  691): accelHandler -0.214354 0.180824 9.758507
E/Sensors (  691): accelHandler -0.215552 0.210762 9.799222
V/Sensors (  691): enable - sensor Accelerometer (handle 4) en -> dis
E/Sensors (  691): mEnabled = 0
V/Sensors (  691): setDelay - sensor Accelerometer (handle 4), rate 20 ms (50.00 Hz)
E/Sensors (  691): activatePendingSensors : mEnabled = 0
E/Sensors (  691): requested_sensors(70) from kernel
I/Sensors (  691): Disabled 9 axis sensor fusion
I/MPL-mldl_cfg_mpu:(  691): inv_mpu_suspend(,,,,7fff) -> 0000
V/Sensors (  691): calling inv_set_mpu_sensors(000000)
V/Sensors (  691): Starting DMP
W/MPL-9_sup(  691): 9 axis sensor fusion not available - No compass detected.
I/Sensors (  691): Enabled 9 axis sensor fusion
I/MPL-mldl_cfg_mpu:(  691): inv_mpu_resume(,,,,0000) -> 0000
V/Sensors (  691): Stopping DMP
I/Sensors (  691): Disabled 9 axis sensor fusion
I/MPL-mldl_cfg_mpu:(  691): inv_mpu_suspend(,,,,7fff) -> 0000
D/dalvikvm( 1083): GC_CONCURRENT freed 636K, 23% free 4432K/5748K, paused 7ms+11ms, total 135ms
D/dalvikvm( 1083): WAIT_FOR_CONCURRENT_GC blocked 78ms
D/dalvikvm(31846): GC_CONCURRENT freed 503K, 22% free 3001K/3804K, paused 5ms+5ms, total 87ms
D/dalvikvm(31846): WAIT_FOR_CONCURRENT_GC blocked 27ms
E/        (  691): ../../accel.c|inv_get_accel_offset|211 returning 19
D/Sensors (  691): enable accel bias check
V/Sensors (  691): enable - sensor Accelerometer (handle 4) dis -> en
E/Sensors (  691): mEnabled = 10
V/Sensors (  691): setDelay - sensor Accelerometer (handle 4), rate 200 ms (5.00 Hz)
V/Sensors (  691): setDelay - sensor Accelerometer (handle 4), rate 20 ms (50.00 Hz)
E/Sensors (  691): activatePendingSensors : mEnabled = 10
E/Sensors (  691): requested_sensors(0) from kernel
V/Sensors (  691): calling inv_set_mpu_sensors(000070)
I/MPL-fifo(  691): Actual ODR: 50000 mHz
E/Sensors (  691): set fifo rate - divider : 3, delay : 20 ms (50.00 Hz)
I/MPL-fifo(  691): Actual ODR: 50000 mHz
V/Sensors (  691): Starting DMP
W/MPL-9_sup(  691): 9 axis sensor fusion not available - No compass detected.
I/Sensors (  691): Enabled 9 axis sensor fusion
I/MPL-mldl_cfg_mpu:(  691): inv_mpu_resume(,,,,0070) -> 0070
E/Sensors (  691): accelHandler -0.203577 0.211959 9.722582
E/Sensors (  691): accelHandler -0.246687 0.201182 9.788445
E/Sensors (  691): accelHandler -0.209564 0.184417 9.811197
E/Sensors (  691): accelHandler -0.183219 0.192799 9.806408
V/Sensors (  691): enable - sensor Accelerometer (handle 4) en -> dis
E/Sensors (  691): mEnabled = 0
V/Sensors (  691): setDelay - sensor Accelerometer (handle 4), rate 20 ms (50.00 Hz)
E/Sensors (  691): activatePendingSensors : mEnabled = 0
E/Sensors (  691): requested_sensors(70) from kernel
I/Sensors (  691): Disabled 9 axis sensor fusion
I/MPL-mldl_cfg_mpu:(  691): inv_mpu_suspend(,,,,7fff) -> 0000
V/Sensors (  691): calling inv_set_mpu_sensors(000000)
V/Sensors (  691): Starting DMP
W/MPL-9_sup(  691): 9 axis sensor fusion not available - No compass detected.
I/Sensors (  691): Enabled 9 axis sensor fusion
I/MPL-mldl_cfg_mpu:(  691): inv_mpu_resume(,,,,0000) -> 0000
V/Sensors (  691): Stopping DMP
I/Sensors (  691): Disabled 9 axis sensor fusion
I/MPL-mldl_cfg_mpu:(  691): inv_mpu_suspend(,,,,7fff) -> 0000
D/dalvikvm(31846): GC_CONCURRENT freed 393K, 18% free 3119K/3792K, paused 5ms+6ms, total 78ms
D/dalvikvm(31846): WAIT_FOR_CONCURRENT_GC blocked 38ms
W/ThrottleService(  691): unable to find stats for iface rmnet0
D/dalvikvm(31846): GC_CONCURRENT freed 602K, 21% free 3029K/3812K, paused 5ms+12ms, total 170ms
D/dalvikvm(31846): WAIT_FOR_CONCURRENT_GC blocked 9ms
E/        (  691): ../../accel.c|inv_get_accel_offset|211 returning 19
D/Sensors (  691): enable accel bias check
V/Sensors (  691): enable - sensor Accelerometer (handle 4) dis -> en
E/Sensors (  691): mEnabled = 10
V/Sensors (  691): setDelay - sensor Accelerometer (handle 4), rate 200 ms (5.00 Hz)
V/Sensors (  691): setDelay - sensor Accelerometer (handle 4), rate 20 ms (50.00 Hz)
E/Sensors (  691): activatePendingSensors : mEnabled = 10
E/Sensors (  691): requested_sensors(0) from kernel
V/Sensors (  691): calling inv_set_mpu_sensors(000070)
I/MPL-fifo(  691): Actual ODR: 50000 mHz
E/Sensors (  691): set fifo rate - divider : 3, delay : 20 ms (50.00 Hz)
I/MPL-fifo(  691): Actual ODR: 50000 mHz
V/Sensors (  691): Starting DMP
W/MPL-9_sup(  691): 9 axis sensor fusion not available - No compass detected.
I/Sensors (  691): Enabled 9 axis sensor fusion
I/MPL-mldl_cfg_mpu:(  691): inv_mpu_resume(,,,,0070) -> 0070
E/Sensors (  691): accelHandler -0.215552 0.217947 9.740544
E/Sensors (  691): accelHandler -0.232317 0.203577 9.766890
E/Sensors (  691): accelHandler -0.216749 0.182021 9.795630
V/Sensors (  691): enable - sensor Accelerometer (handle 4) en -> dis
E/Sensors (  691): mEnabled = 0
V/Sensors (  691): setDelay - sensor Accelerometer (handle 4), rate 20 ms (50.00 Hz)
E/Sensors (  691): activatePendingSensors : mEnabled = 0
E/Sensors (  691): requested_sensors(70) from kernel
I/Sensors (  691): Disabled 9 axis sensor fusion
I/MPL-mldl_cfg_mpu:(  691): inv_mpu_suspend(,,,,7fff) -> 0000
V/Sensors (  691): calling inv_set_mpu_sensors(000000)
V/Sensors (  691): Starting DMP
W/MPL-9_sup(  691): 9 axis sensor fusion not available - No compass detected.
I/Sensors (  691): Enabled 9 axis sensor fusion
I/MPL-mldl_cfg_mpu:(  691): inv_mpu_resume(,,,,0000) -> 0000
V/Sensors (  691): Stopping DMP
I/Sensors (  691): Disabled 9 axis sensor fusion
I/MPL-mldl_cfg_mpu:(  691): inv_mpu_suspend(,,,,7fff) -> 0000
D/dalvikvm( 1083): GC_CONCURRENT freed 705K, 23% free 4439K/5748K, paused 6ms+10ms, total 131ms
D/dalvikvm( 1083): WAIT_FOR_CONCURRENT_GC blocked 75ms
D/dalvikvm(21447): GC_CONCURRENT freed 1001K, 19% free 5364K/6544K, paused 6ms+12ms, total 191ms
D/dalvikvm(21447): WAIT_FOR_CONCURRENT_GC blocked 78ms
E/        (  691): ../../accel.c|inv_get_accel_offset|211 returning 19
D/Sensors (  691): enable accel bias check
V/Sensors (  691): enable - sensor Accelerometer (handle 4) dis -> en
E/Sensors (  691): mEnabled = 10
V/Sensors (  691): setDelay - sensor Accelerometer (handle 4), rate 200 ms (5.00 Hz)
V/Sensors (  691): setDelay - sensor Accelerometer (handle 4), rate 20 ms (50.00 Hz)
E/Sensors (  691): activatePendingSensors : mEnabled = 10
E/Sensors (  691): requested_sensors(0) from kernel
V/Sensors (  691): calling inv_set_mpu_sensors(000070)
I/MPL-fifo(  691): Actual ODR: 50000 mHz
E/Sensors (  691): set fifo rate - divider : 3, delay : 20 ms (50.00 Hz)
I/MPL-fifo(  691): Actual ODR: 50000 mHz
V/Sensors (  691): Starting DMP
W/MPL-9_sup(  691): 9 axis sensor fusion not available - No compass detected.
I/Sensors (  691): Enabled 9 axis sensor fusion
I/MPL-mldl_cfg_mpu:(  691): inv_mpu_resume(,,,,0070) -> 0070
E/Sensors (  691): accelHandler -0.241897 0.173639 9.752520
D/dalvikvm(31846): GC_CONCURRENT freed 405K, 22% free 3009K/3812K, paused 6ms+7ms, total 95ms
E/Sensors (  691): accelHandler -0.210762 0.189207 9.665101
E/Sensors (  691): accelHandler -0.210762 0.199984 9.747729
E/Sensors (  691): accelHandler -0.199984 0.201182 9.742939
V/Sensors (  691): enable - sensor Accelerometer (handle 4) en -> dis
E/Sensors (  691): mEnabled = 0
V/Sensors (  691): setDelay - sensor Accelerometer (handle 4), rate 20 ms (50.00 Hz)
E/Sensors (  691): activatePendingSensors : mEnabled = 0
E/Sensors (  691): requested_sensors(70) from kernel
I/Sensors (  691): Disabled 9 axis sensor fusion
I/MPL-mldl_cfg_mpu:(  691): inv_mpu_suspend(,,,,7fff) -> 0000
V/Sensors (  691): calling inv_set_mpu_sensors(000000)
V/Sensors (  691): Starting DMP
W/MPL-9_sup(  691): 9 axis sensor fusion not available - No compass detected.
I/Sensors (  691): Enabled 9 axis sensor fusion
I/MPL-mldl_cfg_mpu:(  691): inv_mpu_resume(,,,,0000) -> 0000
V/Sensors (  691): Stopping DMP
I/Sensors (  691): Disabled 9 axis sensor fusion
I/MPL-mldl_cfg_mpu:(  691): inv_mpu_suspend(,,,,7fff) -> 0000
D/dalvikvm(31846): GC_CONCURRENT freed 396K, 19% free 3125K/3812K, paused 6ms+5ms, total 80ms
D/dalvikvm(31846): WAIT_FOR_CONCURRENT_GC blocked 36ms
D/dalvikvm(  691): GC_EXPLICIT freed 1191K, 18% free 32868K/39968K, paused 14ms+47ms, total 702ms
D/dalvikvm(31846): GC_CONCURRENT freed 611K, 21% free 3021K/3816K, paused 5ms+5ms, total 82ms
D/dalvikvm(31846): WAIT_FOR_CONCURRENT_GC blocked 28ms
I/Email   (31772): ReconcilePopImapAccountsSync: start
D/dalvikvm(31772): GC_CONCURRENT freed 323K, 16% free 2777K/3280K, paused 9ms+7ms, total 71ms
I/Email   (31772): ReconcilePopImapAccountsSync: done
D/Email   (31772): *** synchronizeMailboxGeneric ***
E/        (  691): ../../accel.c|inv_get_accel_offset|211 returning 19
D/Sensors (  691): enable accel bias check
V/Sensors (  691): enable - sensor Accelerometer (handle 4) dis -> en
E/Sensors (  691): mEnabled = 10
V/Sensors (  691): setDelay - sensor Accelerometer (handle 4), rate 200 ms (5.00 Hz)
V/Sensors (  691): setDelay - sensor Accelerometer (handle 4), rate 20 ms (50.00 Hz)
E/Sensors (  691): activatePendingSensors : mEnabled = 10
E/Sensors (  691): requested_sensors(0) from kernel
V/Sensors (  691): calling inv_set_mpu_sensors(000070)
I/MPL-fifo(  691): Actual ODR: 50000 mHz
E/Sensors (  691): set fifo rate - divider : 3, delay : 20 ms (50.00 Hz)
I/MPL-fifo(  691): Actual ODR: 50000 mHz
V/Sensors (  691): Starting DMP
W/MPL-9_sup(  691): 9 axis sensor fusion not available - No compass detected.
I/Sensors (  691): Enabled 9 axis sensor fusion
I/MPL-mldl_cfg_mpu:(  691): inv_mpu_resume(,,,,0070) -> 0070
E/Sensors (  691): accelHandler -0.197589 0.225132 9.800420
V/Sensors (  691): enable - sensor Accelerometer (handle 4) en -> dis
E/Sensors (  691): mEnabled = 0
V/Sensors (  691): setDelay - sensor Accelerometer (handle 4), rate 20 ms (50.00 Hz)
E/Sensors (  691): activatePendingSensors : mEnabled = 0
E/Sensors (  691): requested_sensors(70) from kernel
I/Sensors (  691): Disabled 9 axis sensor fusion
I/MPL-mldl_cfg_mpu:(  691): inv_mpu_suspend(,,,,7fff) -> 0000
V/Sensors (  691): calling inv_set_mpu_sensors(000000)
V/Sensors (  691): Starting DMP
W/MPL-9_sup(  691): 9 axis sensor fusion not available - No compass detected.
I/Sensors (  691): Enabled 9 axis sensor fusion
I/MPL-mldl_cfg_mpu:(  691): inv_mpu_resume(,,,,0000) -> 0000
V/Sensors (  691): Stopping DMP
I/Sensors (  691): Disabled 9 axis sensor fusion
I/MPL-mldl_cfg_mpu:(  691): inv_mpu_suspend(,,,,7fff) -> 0000
E/        (  691): ../../accel.c|inv_get_accel_offset|211 returning 19
D/Sensors (  691): enable accel bias check
V/Sensors (  691): enable - sensor Accelerometer (handle 4) dis -> en
E/Sensors (  691): mEnabled = 10
V/Sensors (  691): setDelay - sensor Accelerometer (handle 4), rate 200 ms (5.00 Hz)
V/Sensors (  691): setDelay - sensor Accelerometer (handle 4), rate 20 ms (50.00 Hz)
E/Sensors (  691): activatePendingSensors : mEnabled = 10
E/Sensors (  691): requested_sensors(0) from kernel
V/Sensors (  691): calling inv_set_mpu_sensors(000070)
I/MPL-fifo(  691): Actual ODR: 50000 mHz
E/Sensors (  691): set fifo rate - divider : 3, delay : 20 ms (50.00 Hz)
I/MPL-fifo(  691): Actual ODR: 50000 mHz
V/Sensors (  691): Starting DMP
W/MPL-9_sup(  691): 9 axis sensor fusion not available - No compass detected.
I/Sensors (  691): Enabled 9 axis sensor fusion
I/MPL-mldl_cfg_mpu:(  691): inv_mpu_resume(,,,,0070) -> 0070
E/Sensors (  691): accelHandler -0.320933 0.149689 9.776470
E/Sensors (  691): accelHandler -0.239502 0.250280 9.722582
E/Sensors (  691): accelHandler -0.207169 0.199984 9.766890
V/Sensors (  691): enable - sensor Accelerometer (handle 4) en -> dis
E/Sensors (  691): mEnabled = 0
V/Sensors (  691): setDelay - sensor Accelerometer (handle 4), rate 20 ms (50.00 Hz)
E/Sensors (  691): activatePendingSensors : mEnabled = 0
E/Sensors (  691): requested_sensors(70) from kernel
I/Sensors (  691): Disabled 9 axis sensor fusion
I/MPL-mldl_cfg_mpu:(  691): inv_mpu_suspend(,,,,7fff) -> 0000
V/Sensors (  691): calling inv_set_mpu_sensors(000000)
V/Sensors (  691): Starting DMP
W/MPL-9_sup(  691): 9 axis sensor fusion not available - No compass detected.
I/Sensors (  691): Enabled 9 axis sensor fusion
I/MPL-mldl_cfg_mpu:(  691): inv_mpu_resume(,,,,0000) -> 0000
V/Sensors (  691): Stopping DMP
I/Sensors (  691): Disabled 9 axis sensor fusion
I/MPL-mldl_cfg_mpu:(  691): inv_mpu_suspend(,,,,7fff) -> 0000
D/dalvikvm(31846): GC_CONCURRENT freed 399K, 17% free 3133K/3768K, paused 6ms+7ms, total 112ms
D/dalvikvm(31846): WAIT_FOR_CONCURRENT_GC blocked 32ms
D/dalvikvm(31846): WAIT_FOR_CONCURRENT_GC blocked 34ms
D/dalvikvm(31846): GC_CONCURRENT freed 629K, 22% free 3011K/3824K, paused 5ms+5ms, total 92ms
D/dalvikvm(31846): WAIT_FOR_CONCURRENT_GC blocked 22ms
I/rmt_storage(  599): rmt_storage_rw_iovec_cb: /boot/modem_fs2: clnt_h=0xa: req_h=0x659 msg_id=3: R/W request received
I/rmt_storage(  599): wakelock acquired: 1, error no: 110
D/QMI_FW  (  599): QCSI: QMI_CSI_RX: cntl_flag - 00, txn_id - 00d6, msg_id - 0003, msg_len - 002b
I/rmt_storage(  599): rmt_storage_client_thread: /boot/modem_fs2: clnt_h=0xa Unblock worker thread (th_id: 1076006632)
D/QMI_FW  (  599): QCSI: xport_handle_event[16]
I/rmt_storage(  599): rmt_storage_client_thread: /boot/modem_fs2: clnt_h=0xa: req_h=0x659 msg_id=3: Bytes written = 3145216
I/rmt_storage(  599): rmt_storage_client_thread: /boot/modem_fs2: clnt_h=0xa: req_h=0x659 msg_id=3: Bytes written = 512
I/rmt_storage(  599): rmt_storage_client_thread: /boot/modem_fs2: clnt_h=0xa: req_h=0x659 msg_id=3: Send response: res=0 err=0
I/rmt_storage(  599): rmt_storage_client_thread: /boot/modem_fs2: clnt_h=0xa About to block rmt_storage client thread (th_id: 1076006632) wakelock released: 1, error no: 0
I/rmt_storage(  599): 
D/QMI_FW  (  599): QCSI: QMI_CSI_TX: cntl_flag - 02, txn_id - 00d6, msg_id - 0003, msg_len - 0007
D/QMI_FW  (  599): QCSI: Sent[16]: 14 bytes to port 1280
D/dalvikvm( 1083): GC_CONCURRENT freed 721K, 25% free 4330K/5748K, paused 6ms+13ms, total 303ms
D/dalvikvm(21447): GC_CONCURRENT freed 965K, 18% free 5425K/6568K, paused 50ms+11ms, total 216ms
D/dalvikvm(21447): WAIT_FOR_CONCURRENT_GC blocked 99ms
D/dalvikvm(21447): WAIT_FOR_CONCURRENT_GC blocked 106ms
E/        (  691): ../../accel.c|inv_get_accel_offset|211 returning 19
D/Sensors (  691): enable accel bias check
V/Sensors (  691): enable - sensor Accelerometer (handle 4) dis -> en
E/Sensors (  691): mEnabled = 10
V/Sensors (  691): setDelay - sensor Accelerometer (handle 4), rate 200 ms (5.00 Hz)
V/Sensors (  691): setDelay - sensor Accelerometer (handle 4), rate 20 ms (50.00 Hz)
E/Sensors (  691): activatePendingSensors : mEnabled = 10
E/Sensors (  691): requested_sensors(0) from kernel
V/Sensors (  691): calling inv_set_mpu_sensors(000070)
I/MPL-fifo(  691): Actual ODR: 50000 mHz
E/Sensors (  691): set fifo rate - divider : 3, delay : 20 ms (50.00 Hz)
I/MPL-fifo(  691): Actual ODR: 50000 mHz
V/Sensors (  691): Starting DMP
W/MPL-9_sup(  691): 9 axis sensor fusion not available - No compass detected.
I/Sensors (  691): Enabled 9 axis sensor fusion
I/MPL-mldl_cfg_mpu:(  691): inv_mpu_resume(,,,,0070) -> 0070
E/Sensors (  691): accelHandler -0.268242 0.142504 9.707014
V/Sensors (  691): enable - sensor Accelerometer (handle 4) en -> dis
E/Sensors (  691): mEnabled = 0
V/Sensors (  691): setDelay - sensor Accelerometer (handle 4), rate 20 ms (50.00 Hz)
E/Sensors (  691): activatePendingSensors : mEnabled = 0
E/Sensors (  691): requested_sensors(70) from kernel
I/Sensors (  691): Disabled 9 axis sensor fusion
I/MPL-mldl_cfg_mpu:(  691): inv_mpu_suspend(,,,,7fff) -> 0000
V/Sensors (  691): calling inv_set_mpu_sensors(000000)
V/Sensors (  691): Starting DMP
W/MPL-9_sup(  691): 9 axis sensor fusion not available - No compass detected.
I/Sensors (  691): Enabled 9 axis sensor fusion
I/MPL-mldl_cfg_mpu:(  691): inv_mpu_resume(,,,,0000) -> 0000
V/Sensors (  691): Stopping DMP
I/Sensors (  691): Disabled 9 axis sensor fusion
I/MPL-mldl_cfg_mpu:(  691): inv_mpu_suspend(,,,,7fff) -> 0000
D/dalvikvm(31846): GC_CONCURRENT freed 504K, 21% free 3018K/3808K, paused 16ms+5ms, total 160ms
D/dalvikvm(31846): WAIT_FOR_CONCURRENT_GC blocked 19ms
D/dalvikvm(  691): JIT code cache reset in 2 ms (1048540 bytes 33/0)
D/dalvikvm(  691): GC_EXPLICIT freed 1033K, 18% free 32858K/39968K, paused 14ms+49ms, total 575ms
E/        (  691): ../../accel.c|inv_get_accel_offset|211 returning 19
D/Sensors (  691): enable accel bias check
V/Sensors (  691): enable - sensor Accelerometer (handle 4) dis -> en
E/Sensors (  691): mEnabled = 10
V/Sensors (  691): setDelay - sensor Accelerometer (handle 4), rate 200 ms (5.00 Hz)
V/Sensors (  691): setDelay - sensor Accelerometer (handle 4), rate 20 ms (50.00 Hz)
E/Sensors (  691): activatePendingSensors : mEnabled = 10
E/Sensors (  691): requested_sensors(0) from kernel
V/Sensors (  691): calling inv_set_mpu_sensors(000070)
I/MPL-fifo(  691): Actual ODR: 50000 mHz
E/Sensors (  691): set fifo rate - divider : 3, delay : 20 ms (50.00 Hz)
I/MPL-fifo(  691): Actual ODR: 50000 mHz
V/Sensors (  691): Starting DMP
W/MPL-9_sup(  691): 9 axis sensor fusion not available - No compass detected.
I/Sensors (  691): Enabled 9 axis sensor fusion
I/MPL-mldl_cfg_mpu:(  691): inv_mpu_resume(,,,,0070) -> 0070
E/Sensors (  691): accelHandler -0.222737 0.201182 9.762099
E/Sensors (  691): accelHandler -0.220342 0.202379 9.758507
E/Sensors (  691): accelHandler -0.231119 0.221539 9.754914
E/Sensors (  691): accelHandler -0.227527 0.217947 9.759705
V/Sensors (  691): enable - sensor Accelerometer (handle 4) en -> dis
E/Sensors (  691): mEnabled = 0
V/Sensors (  691): setDelay - sensor Accelerometer (handle 4), rate 20 ms (50.00 Hz)
E/Sensors (  691): activatePendingSensors : mEnabled = 0
E/Sensors (  691): requested_sensors(70) from kernel
I/Sensors (  691): Disabled 9 axis sensor fusion
I/MPL-mldl_cfg_mpu:(  691): inv_mpu_suspend(,,,,7fff) -> 0000
V/Sensors (  691): calling inv_set_mpu_sensors(000000)
V/Sensors (  691): Starting DMP
W/MPL-9_sup(  691): 9 axis sensor fusion not available - No compass detected.
I/Sensors (  691): Enabled 9 axis sensor fusion
I/MPL-mldl_cfg_mpu:(  691): inv_mpu_resume(,,,,0000) -> 0000
V/Sensors (  691): Stopping DMP
I/Sensors (  691): Disabled 9 axis sensor fusion
I/MPL-mldl_cfg_mpu:(  691): inv_mpu_suspend(,,,,7fff) -> 0000
D/dalvikvm(31846): GC_CONCURRENT freed 398K, 18% free 3132K/3804K, paused 6ms+5ms, total 81ms
D/dalvikvm(31846): WAIT_FOR_CONCURRENT_GC blocked 41ms
I/ActivityManager(  691): No longer want com.android.vending (pid 25386): empty for 1808s
I/ActivityManager(  691): No longer want com.android.defcontainer (pid 31312): empty for 1822s
I/ActivityManager(  691): No longer want com.keramidas.TitaniumBackup (pid 25495): empty for 1823s
I/ActivityManager(  691): No longer want eu.chainfire.supersu (pid 25478): empty for 1823s
I/ActivityManager(  691): No longer want com.google.android.gms (pid 25210): empty for 1823s
I/ActivityManager(  691): No longer want com.tmobile.thememanager (pid 25350): empty for 1824s
I/ActivityManager(  691): No longer want com.android.gallery3d (pid 25305): empty for 1824s
I/ActivityManager(  691): No longer want com.google.android.inputmethod.latin.dictionarypack (pid 30632): empty for 1824s
I/ActivityManager(  691): No longer want com.android.voicedialer (pid 25364): empty for 1824s
D/dalvikvm(31846): GC_CONCURRENT freed 523K, 21% free 3007K/3804K, paused 5ms+6ms, total 119ms
W/ThrottleService(  691): unable to find stats for iface rmnet0
E/        (  691): ../../accel.c|inv_get_accel_offset|211 returning 19
D/Sensors (  691): enable accel bias check
V/Sensors (  691): enable - sensor Accelerometer (handle 4) dis -> en
E/Sensors (  691): mEnabled = 10
V/Sensors (  691): setDelay - sensor Accelerometer (handle 4), rate 200 ms (5.00 Hz)
V/Sensors (  691): setDelay - sensor Accelerometer (handle 4), rate 20 ms (50.00 Hz)
E/Sensors (  691): activatePendingSensors : mEnabled = 10
E/Sensors (  691): requested_sensors(0) from kernel
V/Sensors (  691): calling inv_set_mpu_sensors(000070)
I/MPL-fifo(  691): Actual ODR: 50000 mHz
E/Sensors (  691): set fifo rate - divider : 3, delay : 20 ms (50.00 Hz)
I/MPL-fifo(  691): Actual ODR: 50000 mHz
V/Sensors (  691): Starting DMP
W/MPL-9_sup(  691): 9 axis sensor fusion not available - No compass detected.
I/Sensors (  691): Enabled 9 axis sensor fusion
I/MPL-mldl_cfg_mpu:(  691): inv_mpu_resume(,,,,0070) -> 0070
V/Sensors (  691): enable - sensor Accelerometer (handle 4) en -> dis
E/Sensors (  691): mEnabled = 0
V/Sensors (  691): setDelay - sensor Accelerometer (handle 4), rate 20 ms (50.00 Hz)
E/Sensors (  691): activatePendingSensors : mEnabled = 0
E/Sensors (  691): requested_sensors(70) from kernel
I/Sensors (  691): Disabled 9 axis sensor fusion
I/MPL-mldl_cfg_mpu:(  691): inv_mpu_suspend(,,,,7fff) -> 0000
V/Sensors (  691): calling inv_set_mpu_sensors(000000)
V/Sensors (  691): Starting DMP
W/MPL-9_sup(  691): 9 axis sensor fusion not available - No compass detected.
I/Sensors (  691): Enabled 9 axis sensor fusion
I/MPL-mldl_cfg_mpu:(  691): inv_mpu_resume(,,,,0000) -> 0000
V/Sensors (  691): Stopping DMP
I/Sensors (  691): Disabled 9 axis sensor fusion
I/MPL-mldl_cfg_mpu:(  691): inv_mpu_suspend(,,,,7fff) -> 0000
D/dalvikvm(31846): GC_CONCURRENT freed 504K, 21% free 3015K/3804K, paused 11ms+6ms, total 87ms
D/dalvikvm(31846): WAIT_FOR_CONCURRENT_GC blocked 25ms
D/dalvikvm(21447): GC_CONCURRENT freed 963K, 18% free 5507K/6648K, paused 6ms+20ms, total 341ms
D/dalvikvm(21447): WAIT_FOR_CONCURRENT_GC blocked 93ms
D/dalvikvm(21447): WAIT_FOR_CONCURRENT_GC blocked 84ms
E/        (  691): ../../accel.c|inv_get_accel_offset|211 returning 19
D/Sensors (  691): enable accel bias check
V/Sensors (  691): enable - sensor Accelerometer (handle 4) dis -> en
E/Sensors (  691): mEnabled = 10
V/Sensors (  691): setDelay - sensor Accelerometer (handle 4), rate 200 ms (5.00 Hz)
V/Sensors (  691): setDelay - sensor Accelerometer (handle 4), rate 20 ms (50.00 Hz)
E/Sensors (  691): activatePendingSensors : mEnabled = 10
E/Sensors (  691): requested_sensors(0) from kernel
V/Sensors (  691): calling inv_set_mpu_sensors(000070)
I/MPL-fifo(  691): Actual ODR: 50000 mHz
E/Sensors (  691): set fifo rate - divider : 3, delay : 20 ms (50.00 Hz)
I/MPL-fifo(  691): Actual ODR: 50000 mHz
V/Sensors (  691): Starting DMP
W/MPL-9_sup(  691): 9 axis sensor fusion not available - No compass detected.
I/Sensors (  691): Enabled 9 axis sensor fusion
I/MPL-mldl_cfg_mpu:(  691): inv_mpu_resume(,,,,0070) -> 0070
E/Sensors (  691): accelHandler -0.227527 0.190404 9.727372
E/Sensors (  691): accelHandler -0.189207 0.221539 9.711804
E/Sensors (  691): accelHandler -0.186812 0.241897 9.766890
E/Sensors (  691): accelHandler -0.233514 0.190404 9.745335
V/Sensors (  691): enable - sensor Accelerometer (handle 4) en -> dis
E/Sensors (  691): mEnabled = 0
V/Sensors (  691): setDelay - sensor Accelerometer (handle 4), rate 20 ms (50.00 Hz)
E/Sensors (  691): activatePendingSensors : mEnabled = 0
E/Sensors (  691): requested_sensors(70) from kernel
I/Sensors (  691): Disabled 9 axis sensor fusion
I/MPL-mldl_cfg_mpu:(  691): inv_mpu_suspend(,,,,7fff) -> 0000
V/Sensors (  691): calling inv_set_mpu_sensors(000000)
V/Sensors (  691): Starting DMP
W/MPL-9_sup(  691): 9 axis sensor fusion not available - No compass detected.
I/Sensors (  691): Enabled 9 axis sensor fusion
I/MPL-mldl_cfg_mpu:(  691): inv_mpu_resume(,,,,0000) -> 0000
V/Sensors (  691): Stopping DMP
I/Sensors (  691): Disabled 9 axis sensor fusion
I/MPL-mldl_cfg_mpu:(  691): inv_mpu_suspend(,,,,7fff) -> 0000
D/dalvikvm(31846): GC_CONCURRENT freed 385K, 18% free 3142K/3804K, paused 5ms+6ms, total 79ms
D/dalvikvm(31846): WAIT_FOR_CONCURRENT_GC blocked 41ms
D/dalvikvm( 1083): GC_CONCURRENT freed 547K, 25% free 4334K/5748K, paused 7ms+9ms, total 104ms
I/rmt_storage(  599): rmt_storage_rw_iovec_cb: /boot/modem_fs1: clnt_h=0x9: req_h=0x65a msg_id=3: R/W request received
I/rmt_storage(  599): wakelock acquired: 1, error no: 110
I/rmt_storage(  599): rmt_storage_client_thread: /boot/modem_fs1: clnt_h=0x9 Unblock worker thread (th_id: 1076006808)
D/QMI_FW  (  599): QCSI: QMI_CSI_RX: cntl_flag - 00, txn_id - 00d9, msg_id - 0003, msg_len - 002b
D/QMI_FW  (  599): QCSI: xport_handle_event[16]
I/rmt_storage(  599): rmt_storage_client_thread: /boot/modem_fs1: clnt_h=0x9: req_h=0x65a msg_id=3: Bytes written = 3145216
I/rmt_storage(  599): rmt_storage_client_thread: /boot/modem_fs1: clnt_h=0x9: req_h=0x65a msg_id=3: Bytes written = 512
I/rmt_storage(  599): rmt_storage_client_thread: /boot/modem_fs1: clnt_h=0x9: req_h=0x65a msg_id=3: Send response: res=0 err=0
I/rmt_storage(  599): rmt_storage_client_thread: /boot/modem_fs1: clnt_h=0x9 About to block rmt_storage client thread (th_id: 1076006808) wakelock released: 1, error no: 0
I/rmt_storage(  599): 
D/QMI_FW  (  599): QCSI: QMI_CSI_TX: cntl_flag - 02, txn_id - 00d9, msg_id - 0003, msg_len - 0007
D/QMI_FW  (  599): QCSI: Sent[16]: 14 bytes to port 1024
D/dalvikvm(31846): GC_CONCURRENT freed 631K, 22% free 3016K/3832K, paused 5ms+5ms, total 79ms
D/dalvikvm(31846): WAIT_FOR_CONCURRENT_GC blocked 28ms
E/        (  691): ../../accel.c|inv_get_accel_offset|211 returning 19
D/Sensors (  691): enable accel bias check
V/Sensors (  691): enable - sensor Accelerometer (handle 4) dis -> en
E/Sensors (  691): mEnabled = 10
V/Sensors (  691): setDelay - sensor Accelerometer (handle 4), rate 200 ms (5.00 Hz)
V/Sensors (  691): setDelay - sensor Accelerometer (handle 4), rate 20 ms (50.00 Hz)
E/Sensors (  691): activatePendingSensors : mEnabled = 10
E/Sensors (  691): requested_sensors(0) from kernel
V/Sensors (  691): calling inv_set_mpu_sensors(000070)
I/MPL-fifo(  691): Actual ODR: 50000 mHz
E/Sensors (  691): set fifo rate - divider : 3, delay : 20 ms (50.00 Hz)
I/MPL-fifo(  691): Actual ODR: 50000 mHz
V/Sensors (  691): Starting DMP
W/MPL-9_sup(  691): 9 axis sensor fusion not available - No compass detected.
I/Sensors (  691): Enabled 9 axis sensor fusion
I/MPL-mldl_cfg_mpu:(  691): inv_mpu_resume(,,,,0070) -> 0070
E/Sensors (  691): accelHandler -0.192799 0.245490 9.812395
V/Sensors (  691): enable - sensor Accelerometer (handle 4) en -> dis
E/Sensors (  691): mEnabled = 0
V/Sensors (  691): setDelay - sensor Accelerometer (handle 4), rate 20 ms (50.00 Hz)
E/Sensors (  691): activatePendingSensors : mEnabled = 0
E/Sensors (  691): requested_sensors(70) from kernel
I/Sensors (  691): Disabled 9 axis sensor fusion
I/MPL-mldl_cfg_mpu:(  691): inv_mpu_suspend(,,,,7fff) -> 0000
V/Sensors (  691): calling inv_set_mpu_sensors(000000)
V/Sensors (  691): Starting DMP
W/MPL-9_sup(  691): 9 axis sensor fusion not available - No compass detected.
I/Sensors (  691): Enabled 9 axis sensor fusion
I/MPL-mldl_cfg_mpu:(  691): inv_mpu_resume(,,,,0000) -> 0000
V/Sensors (  691): Stopping DMP
I/Sensors (  691): Disabled 9 axis sensor fusion
I/MPL-mldl_cfg_mpu:(  691): inv_mpu_suspend(,,,,7fff) -> 0000
E/        (  691): ../../accel.c|inv_get_accel_offset|211 returning 19
D/Sensors (  691): enable accel bias check
V/Sensors (  691): enable - sensor Accelerometer (handle 4) dis -> en
E/Sensors (  691): mEnabled = 10
V/Sensors (  691): setDelay - sensor Accelerometer (handle 4), rate 200 ms (5.00 Hz)
V/Sensors (  691): setDelay - sensor Accelerometer (handle 4), rate 20 ms (50.00 Hz)
E/Sensors (  691): activatePendingSensors : mEnabled = 10
E/Sensors (  691): requested_sensors(0) from kernel
V/Sensors (  691): calling inv_set_mpu_sensors(000070)
I/MPL-fifo(  691): Actual ODR: 50000 mHz
E/Sensors (  691): set fifo rate - divider : 3, delay : 20 ms (50.00 Hz)
I/MPL-fifo(  691): Actual ODR: 50000 mHz
V/Sensors (  691): Starting DMP
W/MPL-9_sup(  691): 9 axis sensor fusion not available - No compass detected.
I/Sensors (  691): Enabled 9 axis sensor fusion
I/MPL-mldl_cfg_mpu:(  691): inv_mpu_resume(,,,,0070) -> 0070
E/Sensors (  691): accelHandler -0.190404 0.190404 9.759705
E/Sensors (  691): accelHandler -0.203577 0.204774 9.691446
E/Sensors (  691): accelHandler -0.246687 0.148491 9.953701
V/Sensors (  691): enable - sensor Accelerometer (handle 4) en -> dis
E/Sensors (  691): mEnabled = 0
V/Sensors (  691): setDelay - sensor Accelerometer (handle 4), rate 20 ms (50.00 Hz)
E/Sensors (  691): activatePendingSensors : mEnabled = 0
E/Sensors (  691): requested_sensors(70) from kernel
I/Sensors (  691): Disabled 9 axis sensor fusion
I/MPL-mldl_cfg_mpu:(  691): inv_mpu_suspend(,,,,7fff) -> 0000
V/Sensors (  691): calling inv_set_mpu_sensors(000000)
V/Sensors (  691): Starting DMP
W/MPL-9_sup(  691): 9 axis sensor fusion not available - No compass detected.
I/Sensors (  691): Enabled 9 axis sensor fusion
I/MPL-mldl_cfg_mpu:(  691): inv_mpu_resume(,,,,0000) -> 0000
V/Sensors (  691): Stopping DMP
I/Sensors (  691): Disabled 9 axis sensor fusion
I/MPL-mldl_cfg_mpu:(  691): inv_mpu_suspend(,,,,7fff) -> 0000
D/dalvikvm(31846): GC_CONCURRENT freed 385K, 18% free 3142K/3804K, paused 6ms+8ms, total 110ms
D/dalvikvm(31846): WAIT_FOR_CONCURRENT_GC blocked 36ms
D/dalvikvm(31846): WAIT_FOR_CONCURRENT_GC blocked 38ms
D/dalvikvm(31846): GC_CONCURRENT freed 636K, 22% free 3015K/3832K, paused 5ms+5ms, total 94ms
D/dalvikvm(31846): WAIT_FOR_CONCURRENT_GC blocked 24ms
D/dalvikvm(  691): GC_EXPLICIT freed 1143K, 18% free 32857K/39968K, paused 16ms+48ms, total 581ms
D/dalvikvm(21447): GC_CONCURRENT freed 985K, 18% free 5558K/6724K, paused 21ms+10ms, total 192ms
E/        (  691): ../../accel.c|inv_get_accel_offset|211 returning 19
D/Sensors (  691): enable accel bias check
V/Sensors (  691): enable - sensor Accelerometer (handle 4) dis -> en
E/Sensors (  691): mEnabled = 10
V/Sensors (  691): setDelay - sensor Accelerometer (handle 4), rate 200 ms (5.00 Hz)
V/Sensors (  691): setDelay - sensor Accelerometer (handle 4), rate 20 ms (50.00 Hz)
E/Sensors (  691): activatePendingSensors : mEnabled = 10
E/Sensors (  691): requested_sensors(0) from kernel
V/Sensors (  691): calling inv_set_mpu_sensors(000070)
I/MPL-fifo(  691): Actual ODR: 50000 mHz
E/Sensors (  691): set fifo rate - divider : 3, delay : 20 ms (50.00 Hz)
I/MPL-fifo(  691): Actual ODR: 50000 mHz
V/Sensors (  691): Starting DMP
W/MPL-9_sup(  691): 9 axis sensor fusion not available - No compass detected.
I/Sensors (  691): Enabled 9 axis sensor fusion
I/MPL-mldl_cfg_mpu:(  691): inv_mpu_resume(,,,,0070) -> 0070
E/Sensors (  691): accelHandler -0.189207 0.183219 9.718989
V/Sensors (  691): enable - sensor Accelerometer (handle 4) en -> dis
E/Sensors (  691): mEnabled = 0
V/Sensors (  691): setDelay - sensor Accelerometer (handle 4), rate 20 ms (50.00 Hz)
E/Sensors (  691): activatePendingSensors : mEnabled = 0
E/Sensors (  691): requested_sensors(70) from kernel
I/Sensors (  691): Disabled 9 axis sensor fusion
I/MPL-mldl_cfg_mpu:(  691): inv_mpu_suspend(,,,,7fff) -> 0000
V/Sensors (  691): calling inv_set_mpu_sensors(000000)
V/Sensors (  691): Starting DMP
W/MPL-9_sup(  691): 9 axis sensor fusion not available - No compass detected.
I/Sensors (  691): Enabled 9 axis sensor fusion
I/MPL-mldl_cfg_mpu:(  691): inv_mpu_resume(,,,,0000) -> 0000
V/Sensors (  691): Stopping DMP
I/Sensors (  691): Disabled 9 axis sensor fusion
I/MPL-mldl_cfg_mpu:(  691): inv_mpu_suspend(,,,,7fff) -> 0000
I/rmt_storage(  599): rmt_storage_rw_iovec_cb: /boot/modem_fs2: clnt_h=0xa: req_h=0x65b msg_id=3: R/W request received
I/rmt_storage(  599): wakelock acquired: 1, error no: 110
I/rmt_storage(  599): rmt_storage_client_thread: /boot/modem_fs2: clnt_h=0xa Unblock worker thread (th_id: 1076006632)
D/QMI_FW  (  599): QCSI: QMI_CSI_RX: cntl_flag - 00, txn_id - 00d7, msg_id - 0003, msg_len - 002b
D/QMI_FW  (  599): QCSI: xport_handle_event[16]
I/rmt_storage(  599): rmt_storage_client_thread: /boot/modem_fs2: clnt_h=0xa: req_h=0x65b msg_id=3: Bytes written = 3145216
I/rmt_storage(  599): rmt_storage_client_thread: /boot/modem_fs2: clnt_h=0xa: req_h=0x65b msg_id=3: Bytes written = 512
I/rmt_storage(  599): rmt_storage_client_thread: /boot/modem_fs2: clnt_h=0xa: req_h=0x65b msg_id=3: Send response: res=0 err=0
I/rmt_storage(  599): rmt_storage_client_thread: /boot/modem_fs2: clnt_h=0xa About to block rmt_storage client thread (th_id: 1076006632) wakelock released: 1, error no: 0
I/rmt_storage(  599): 
D/QMI_FW  (  599): QCSI: QMI_CSI_TX: cntl_flag - 02, txn_id - 00d7, msg_id - 0003, msg_len - 0007
D/QMI_FW  (  599): QCSI: Sent[16]: 14 bytes to port 1280
D/dalvikvm(31846): GC_CONCURRENT freed 501K, 21% free 3025K/3816K, paused 5ms+6ms, total 108ms
D/dalvikvm(31846): WAIT_FOR_CONCURRENT_GC blocked 22ms
E/        (  691): ../../accel.c|inv_get_accel_offset|211 returning 19
D/Sensors (  691): enable accel bias check
V/Sensors (  691): enable - sensor Accelerometer (handle 4) dis -> en
E/Sensors (  691): mEnabled = 10
V/Sensors (  691): setDelay - sensor Accelerometer (handle 4), rate 200 ms (5.00 Hz)
V/Sensors (  691): setDelay - sensor Accelerometer (handle 4), rate 20 ms (50.00 Hz)
E/Sensors (  691): activatePendingSensors : mEnabled = 10
E/Sensors (  691): requested_sensors(0) from kernel
V/Sensors (  691): calling inv_set_mpu_sensors(000070)
I/MPL-fifo(  691): Actual ODR: 50000 mHz
E/Sensors (  691): set fifo rate - divider : 3, delay : 20 ms (50.00 Hz)
I/MPL-fifo(  691): Actual ODR: 50000 mHz
V/Sensors (  691): Starting DMP
W/MPL-9_sup(  691): 9 axis sensor fusion not available - No compass detected.
I/Sensors (  691): Enabled 9 axis sensor fusion
I/MPL-mldl_cfg_mpu:(  691): inv_mpu_resume(,,,,0070) -> 0070
E/Sensors (  691): accelHandler -0.274230 0.226329 9.742939
E/Sensors (  691): accelHandler -0.201182 0.244292 9.790840
E/Sensors (  691): accelHandler -0.226329 0.219144 9.800420
E/Sensors (  691): accelHandler -0.215552 0.183219 9.720187
V/Sensors (  691): enable - sensor Accelerometer (handle 4) en -> dis
E/Sensors (  691): mEnabled = 0
V/Sensors (  691): setDelay - sensor Accelerometer (handle 4), rate 20 ms (50.00 Hz)
E/Sensors (  691): activatePendingSensors : mEnabled = 0
E/Sensors (  691): requested_sensors(70) from kernel
I/Sensors (  691): Disabled 9 axis sensor fusion
I/MPL-mldl_cfg_mpu:(  691): inv_mpu_suspend(,,,,7fff) -> 0000
V/Sensors (  691): calling inv_set_mpu_sensors(000000)
V/Sensors (  691): Starting DMP
W/MPL-9_sup(  691): 9 axis sensor fusion not available - No compass detected.
I/Sensors (  691): Enabled 9 axis sensor fusion
I/MPL-mldl_cfg_mpu:(  691): inv_mpu_resume(,,,,0000) -> 0000
V/Sensors (  691): Stopping DMP
I/Sensors (  691): Disabled 9 axis sensor fusion
I/MPL-mldl_cfg_mpu:(  691): inv_mpu_suspend(,,,,7fff) -> 0000
D/dalvikvm(31846): GC_CONCURRENT freed 407K, 18% free 3130K/3816K, paused 5ms+6ms, total 77ms
D/dalvikvm(31846): WAIT_FOR_CONCURRENT_GC blocked 41ms
D/dalvikvm(31846): GC_CONCURRENT freed 507K, 21% free 3011K/3812K, paused 5ms+5ms, total 113ms
I/ActivityManager(  691): No longer want com.android.exchange (pid 31789): empty for 1805s
I/Email   (31772): ReconcilePopImapAccountsSync: start
I/Email   (31772): ReconcilePopImapAccountsSync: done
D/Email   (31772): *** synchronizeMailboxGeneric ***
D/dalvikvm(31772): GC_CONCURRENT freed 343K, 16% free 2823K/3348K, paused 3ms+4ms, total 24ms
W/ThrottleService(  691): unable to find stats for iface rmnet0
E/        (  691): ../../accel.c|inv_get_accel_offset|211 returning 19
D/Sensors (  691): enable accel bias check
V/Sensors (  691): enable - sensor Accelerometer (handle 4) dis -> en
E/Sensors (  691): mEnabled = 10
V/Sensors (  691): setDelay - sensor Accelerometer (handle 4), rate 200 ms (5.00 Hz)
V/Sensors (  691): setDelay - sensor Accelerometer (handle 4), rate 20 ms (50.00 Hz)
E/Sensors (  691): activatePendingSensors : mEnabled = 10
E/Sensors (  691): requested_sensors(0) from kernel
V/Sensors (  691): calling inv_set_mpu_sensors(000070)
I/MPL-fifo(  691): Actual ODR: 50000 mHz
E/Sensors (  691): set fifo rate - divider : 3, delay : 20 ms (50.00 Hz)
I/MPL-fifo(  691): Actual ODR: 50000 mHz
V/Sensors (  691): Starting DMP
W/MPL-9_sup(  691): 9 axis sensor fusion not available - No compass detected.
I/Sensors (  691): Enabled 9 axis sensor fusion
I/MPL-mldl_cfg_mpu:(  691): inv_mpu_resume(,,,,0070) -> 0070
V/Sensors (  691): enable - sensor Accelerometer (handle 4) en -> dis
E/Sensors (  691): mEnabled = 0
V/Sensors (  691): setDelay - sensor Accelerometer (handle 4), rate 20 ms (50.00 Hz)
E/Sensors (  691): activatePendingSensors : mEnabled = 0
E/Sensors (  691): requested_sensors(70) from kernel
I/Sensors (  691): Disabled 9 axis sensor fusion
I/MPL-mldl_cfg_mpu:(  691): inv_mpu_suspend(,,,,7fff) -> 0000
V/Sensors (  691): calling inv_set_mpu_sensors(000000)
V/Sensors (  691): Starting DMP
W/MPL-9_sup(  691): 9 axis sensor fusion not available - No compass detected.
I/Sensors (  691): Enabled 9 axis sensor fusion
I/MPL-mldl_cfg_mpu:(  691): inv_mpu_resume(,,,,0000) -> 0000
V/Sensors (  691): Stopping DMP
I/Sensors (  691): Disabled 9 axis sensor fusion
I/MPL-mldl_cfg_mpu:(  691): inv_mpu_suspend(,,,,7fff) -> 0000
D/dalvikvm( 1083): GC_CONCURRENT freed 523K, 24% free 4368K/5748K, paused 17ms+10ms, total 118ms
I/ActivityManager(  691): No longer want com.google.android.apps.maps:FriendService (pid 31868): empty for 1802s
I/ActivityManager(  691): No longer want com.google.android.apps.maps:GoogleLocationService (pid 31846): empty for 1803s
W/ActivityManager(  691): Scheduling restart of crashed service com.google.android.apps.maps/com.google.android.location.internal.server.GoogleLocationService in 5000ms
I/ActivityManager(  691): Start proc com.google.android.apps.maps:GoogleLocationService for service com.google.android.apps.maps/com.google.android.location.internal.server.GoogleLocationService: pid=32123 uid=10074 gids={50074, 3003, 1015, 1028}
D/dalvikvm(  691): GC_EXPLICIT freed 880K, 18% free 32800K/39968K, paused 5ms+47ms, total 295ms
D/dalvikvm(32123): GC_CONCURRENT freed 192K, 13% free 2606K/2984K, paused 3ms+13ms, total 36ms
D/dalvikvm(32123): WAIT_FOR_CONCURRENT_GC blocked 2ms
D/dalvikvm(32123): GC_FOR_ALLOC freed 133K, 17% free 2689K/3208K, paused 12ms, total 12ms
I/dalvikvm-heap(32123): Grow heap (frag case) to 2.976MB for 186718-byte allocation
D/dalvikvm(32123): GC_FOR_ALLOC freed <1K, 16% free 2871K/3392K, paused 13ms, total 13ms
D/dalvikvm(32123): GC_CONCURRENT freed 471K, 19% free 2838K/3492K, paused 3ms+8ms, total 25ms
D/dalvikvm(32123): GC_CONCURRENT freed 654K, 27% free 2568K/3492K, paused 2ms+1ms, total 15ms
W/ActivityManager(  691): Permission denied: checkComponentPermission() owningUid=10051
W/BroadcastQueue(  691): Permission Denial: broadcasting Intent { act=com.google.android.location.internal.server.ACTION_RESTARTED flg=0x10 } from com.google.android.apps.maps (pid=32123, uid=10074) is not exported from uid 10051 due to receiver com.google.android.gms/com.google.android.location.reporting.service.ExternalChangeReceiver
I/ActivityManager(  691): Start proc com.google.android.apps.maps:FriendService for broadcast com.google.android.apps.maps/com.google.googlenav.friend.android.ServiceReceiver: pid=32145 uid=10074 gids={50074, 3003, 1015, 1028}
D/dalvikvm(32123): GC_FOR_ALLOC freed 106K, 23% free 2712K/3492K, paused 127ms, total 127ms
D/dalvikvm(32123): GC_FOR_ALLOC freed <1K, 21% free 2767K/3492K, paused 13ms, total 13ms
I/dalvikvm-heap(32123): Grow heap (frag case) to 2.980MB for 110224-byte allocation
D/dalvikvm(32123): GC_FOR_ALLOC freed <1K, 21% free 2874K/3600K, paused 14ms, total 14ms
D/dalvikvm(32123): GC_FOR_ALLOC freed <1K, 21% free 2874K/3600K, paused 17ms, total 21ms
I/dalvikvm-heap(32123): Grow heap (frag case) to 3.032MB for 55120-byte allocation
D/dalvikvm(32123): GC_FOR_ALLOC freed 107K, 23% free 2821K/3656K, paused 47ms, total 47ms
I/dalvikvm(32123): Total arena pages for JIT: 11
I/dalvikvm(32123): Total arena pages for JIT: 12
I/dalvikvm(32123): Total arena pages for JIT: 13
I/dalvikvm(32123): Total arena pages for JIT: 14
I/dalvikvm(32123): Total arena pages for JIT: 15
I/dalvikvm(32123): Total arena pages for JIT: 16
I/dalvikvm(32123): Total arena pages for JIT: 17
I/dalvikvm(32123): Total arena pages for JIT: 18
D/dalvikvm(32123): GC_FOR_ALLOC freed 57K, 23% free 2824K/3656K, paused 14ms, total 14ms
D/dalvikvm(32123): GC_CONCURRENT freed 306K, 21% free 2906K/3656K, paused 3ms+2ms, total 16ms
D/dalvikvm(32123): GC_FOR_ALLOC freed 213K, 18% free 3005K/3656K, paused 13ms, total 13ms
D/dalvikvm(32123): GC_FOR_ALLOC freed 82K, 19% free 2977K/3656K, paused 13ms, total 13ms
W/Settings(32123): Setting airplane_mode_on has moved from android.provider.Settings.System to android.provider.Settings.Global, returning read-only value.
E/        (  691): ../../accel.c|inv_get_accel_offset|211 returning 19
D/Sensors (  691): enable accel bias check
V/Sensors (  691): enable - sensor Accelerometer (handle 4) dis -> en
E/Sensors (  691): mEnabled = 10
V/Sensors (  691): setDelay - sensor Accelerometer (handle 4), rate 200 ms (5.00 Hz)
V/Sensors (  691): setDelay - sensor Accelerometer (handle 4), rate 20 ms (50.00 Hz)
E/Sensors (  691): activatePendingSensors : mEnabled = 10
E/Sensors (  691): requested_sensors(0) from kernel
V/Sensors (  691): calling inv_set_mpu_sensors(000070)
I/MPL-fifo(  691): Actual ODR: 50000 mHz
E/Sensors (  691): set fifo rate - divider : 3, delay : 20 ms (50.00 Hz)
I/MPL-fifo(  691): Actual ODR: 50000 mHz
V/Sensors (  691): Starting DMP
W/MPL-9_sup(  691): 9 axis sensor fusion not available - No compass detected.
I/Sensors (  691): Enabled 9 axis sensor fusion
I/MPL-mldl_cfg_mpu:(  691): inv_mpu_resume(,,,,0070) -> 0070
E/Sensors (  691): accelHandler -0.202379 0.215552 9.787248
E/Sensors (  691): accelHandler -0.223934 0.197589 9.777667
E/Sensors (  691): accelHandler -0.215552 0.191602 9.772877
E/Sensors (  691): accelHandler -0.195194 0.185614 9.786050
D/dalvikvm(32123): GC_CONCURRENT freed 478K, 18% free 3008K/3668K, paused 9ms+5ms, total 153ms
D/dalvikvm(32123): WAIT_FOR_CONCURRENT_GC blocked 28ms
V/Sensors (  691): enable - sensor Accelerometer (handle 4) en -> dis
E/Sensors (  691): mEnabled = 0
V/Sensors (  691): setDelay - sensor Accelerometer (handle 4), rate 20 ms (50.00 Hz)
E/Sensors (  691): activatePendingSensors : mEnabled = 0
E/Sensors (  691): requested_sensors(70) from kernel
I/Sensors (  691): Disabled 9 axis sensor fusion
I/MPL-mldl_cfg_mpu:(  691): inv_mpu_suspend(,,,,7fff) -> 0000
V/Sensors (  691): calling inv_set_mpu_sensors(000000)
V/Sensors (  691): Starting DMP
W/MPL-9_sup(  691): 9 axis sensor fusion not available - No compass detected.
I/Sensors (  691): Enabled 9 axis sensor fusion
I/MPL-mldl_cfg_mpu:(  691): inv_mpu_resume(,,,,0000) -> 0000
V/Sensors (  691): Stopping DMP
I/Sensors (  691): Disabled 9 axis sensor fusion
I/MPL-mldl_cfg_mpu:(  691): inv_mpu_suspend(,,,,7fff) -> 0000
