D/dalvikvm(  367): Trying to load lib /data/data/com.rhomobile.gcm_push_client/lib/librhodes.so 0x40515e78
D/dalvikvm(  367): Added shared lib /data/data/com.rhomobile.gcm_push_client/lib/librhodes.so 0x40515e78
I/ActivityThread(  367): Pub com.rhomobile.gcm_push_client: com.rhomobile.rhodes.LocalFileProvider
I/RhodesApplication(  367): Initializing...
D/RhoFileApi(  367): App root path: /data/data/com.rhomobile.gcm_push_client/rhodata/
D/RhoFileApi(  367): Sqlite journals path: /data/data/com.rhomobile.gcm_push_client/sqlite_stmt_journals/
D/RhoFileApi(  367): Shared path: /data/data/com.rhomobile.gcm_push_client/rhodata/
D/RhodesApplication(  367): Root path: /data/data/com.rhomobile.gcm_push_client/rhodata/
I/RhodesApplication(  367): Application hash was changed
D/RhoFileApi(  367): Copy hash to FS
D/RhoFileApi(  367): File hash copied
D/RhoFileApi(  367): Copy rho.dat to FS
D/RhoFileApi(  367): File rho.dat copied
D/RhoFileApi(  367): Copy apps/rhoconfig.txt to FS
D/RhoFileApi(  367): File apps/rhoconfig.txt copied
I/RhoFileApi(  367): Opening stat table from FS: /data/data/com.rhomobile.gcm_push_client/rhodata/rho.dat
I/APP     (  367): T 06/11/2013 16:14:58:885 0000016f            RhoBundle| Removing files by list: /data/data/com.rhomobile.gcm_push_client/rhodata/apps, list: /data/data/com.rhomobile.gcm_push_client/rhodata/apps/rhofilelist.txt
D/RhoFileApi(  367): Copy apps/rhoconfig.txt to FS
D/RhoFileApi(  367): File apps/rhoconfig.txt copied
D/RhoFileApi(  367): App root path: /data/data/com.rhomobile.gcm_push_client/rhodata/
D/RhoFileApi(  367): Sqlite journals path: /data/data/com.rhomobile.gcm_push_client/sqlite_stmt_journals/
D/RhoFileApi(  367): Shared path: /data/data/com.rhomobile.gcm_push_client/rhodata/
I/APP     (  367): T 06/11/2013 16:14:58:897 0000016f               Rhodes| rho_cast<string, jstring>
I/APP     (  367): T 06/11/2013 16:14:58:897 0000016f               Rhodes| rho_cast<string, jstring>: /data/data/com.rhomobile.gcm_push_client/rhodata/
I/APP     (  367): T 06/11/2013 16:14:58:898 0000016f               Rhodes| rho_cast<string, jstring>
I/APP     (  367): T 06/11/2013 16:14:58:899 0000016f               Rhodes| rho_cast<string, jstring>: /data/data/com.rhomobile.gcm_push_client/sqlite_stmt_journals/
I/APP     (  367): T 06/11/2013 16:14:58:900 0000016f               Rhodes| rho_cast<string, jstring>
I/APP     (  367): T 06/11/2013 16:14:58:902 0000016f               Rhodes| rho_cast<string, jstring>: /data/data/com.rhomobile.gcm_push_client/rhodata/
I/APP     (  367): T 06/11/2013 16:14:58:902 0000016f               Rhodes| rho_cast<string, jstring>
I/APP     (  367): T 06/11/2013 16:14:58:903 0000016f               Rhodes| rho_cast<string, jstring>: /data/app/com.rhomobile.gcm_push_client-1.apk
I/APP     (  367): T 06/11/2013 16:14:58:904 0000016f    RhodesApplication| Root path: /data/data/com.rhomobile.gcm_push_client/rhodata/
I/APP     (  367): T 06/11/2013 16:14:58:905 0000016f     fileapi.cpp:1707| New FS mode: 1
I/APP     (  367): I 06/11/2013 16:14:58:911 0000016f    RhodesApplication| Initialized
I/APP     (  367): T 06/11/2013 16:14:58:914 0000016f               Rhodes| rho_cast<string, jstring>
I/APP     (  367): T 06/11/2013 16:14:58:915 0000016f               Rhodes| rho_cast<string, jstring>: full_screen
I/APP     (  367): T 06/11/2013 16:14:58:919 0000016f       RhodesActivity| onCreate
I/APP     (  367): T 06/11/2013 16:14:58:924 0000016f         BaseActivity| onCreate
I/APP     (  367): T 06/11/2013 16:14:58:939 0000016f               Rhodes| rho_cast<string, jstring>
I/APP     (  367): T 06/11/2013 16:14:58:939 0000016f               Rhodes| rho_cast<string, jstring>: disable_screen_rotation
I/APP     (  367): T 06/11/2013 16:14:58:941 0000016f         BaseActivity| Updating screen properties
I/APP     (  367): T 06/11/2013 16:14:58:949 0000016f       RhodesActivity| Creating default main view
I/APP     (  367): T 06/11/2013 16:14:58:975 0000016f       RhodesActivity| Creating splash screen
I/APP     (  367): I 06/11/2013 16:14:58:977 0000016f         SplashScreen| Looking for start page source
I/APP     (  367): I 06/11/2013 16:14:58:978 0000016f         SplashScreen| Loading image: apps/app/loading.png
D/dalvikvm(  367): GC_EXTERNAL_ALLOC freed 264K, 49% free 2827K/5511K, external 1625K/2137K, paused 40ms
I/APP     (  367): I 06/11/2013 16:14:59:162 0000016f         SplashScreen| Done
I/APP     (  367): I 06/11/2013 16:14:59:167 0000016f       RhodesActivity| Config path: /mnt/sdcard/Android/data/com.rhomobile.gcm_push_client/Config.xml
I/APP     (  367): I 06/11/2013 16:14:59:169 0000016f       RhodesActivity| Loading Config.xml from resources
I/APP     (  367): W 06/11/2013 16:14:59:171 0000016f       RhodesActivity| Error loading RhoElements configuraiton (NullPointerException): null
I/APP     (  367): T 06/11/2013 16:14:59:172 0000016f    RhoExtManagerImpl| Creating Google web view
I/APP     (  367): I 06/11/2013 16:14:59:324 0000016f        GoogleWebView| Initialize Google WEbView staff
I/APP     (  367): T 06/11/2013 16:14:59:326 0000016f     OsVersionManager| Feature Selector: interface com.rhomobile.rhodes.webview.IWebSettingsProvider
I/APP     (  367): T 06/11/2013 16:14:59:337 0000016f     OsVersionManager| Implementation: com.rhomobile.rhodes.webview.WebSettingsProviderBase, OS rev. 1
I/APP     (  367): T 06/11/2013 16:14:59:338 0000016f     OsVersionManager| feature map: OS 1, idx: 0
I/APP     (  367): T 06/11/2013 16:14:59:340 0000016f     OsVersionManager| feature map: OS 2, idx: 1
I/APP     (  367): T 06/11/2013 16:14:59:342 0000016f     OsVersionManager| feature map: OS 3, idx: 2
I/APP     (  367): T 06/11/2013 16:14:59:342 0000016f     OsVersionManager| feature map: OS 4, idx: 3
I/APP     (  367): T 06/11/2013 16:14:59:343 0000016f     OsVersionManager| feature map: OS 5, idx: 4
I/APP     (  367): T 06/11/2013 16:14:59:344 0000016f     OsVersionManager| feature map: OS 6, idx: 5
I/APP     (  367): T 06/11/2013 16:14:59:351 0000016f     OsVersionManager| feature map: OS 7, idx: 6
I/APP     (  367): T 06/11/2013 16:14:59:351 0000016f     OsVersionManager| feature map: OS 8, idx: 7
I/APP     (  367): T 06/11/2013 16:14:59:352 0000016f     OsVersionManager| feature map: OS 9, idx: 8
I/APP     (  367): T 06/11/2013 16:14:59:353 0000016f     OsVersionManager| feature map: OS 10, idx: 9
I/APP     (  367): T 06/11/2013 16:14:59:354 0000016f     OsVersionManager| feature map: OS 10, idx: 9
I/APP     (  367): T 06/11/2013 16:14:59:361 0000016f     OsVersionManager| Feature Selector: interface com.rhomobile.rhodes.webview.IWebSettingsProvider
I/APP     (  367): T 06/11/2013 16:14:59:362 0000016f     OsVersionManager| Implementation: com.rhomobile.rhodes.webview.WebSettingsProviderEclair, OS rev. 5
I/APP     (  367): T 06/11/2013 16:14:59:362 0000016f     OsVersionManager| feature map: OS 5, idx: 4
I/APP     (  367): T 06/11/2013 16:14:59:370 0000016f     OsVersionManager| feature map: OS 6, idx: 5
I/APP     (  367): T 06/11/2013 16:14:59:371 0000016f     OsVersionManager| feature map: OS 7, idx: 6
I/APP     (  367): T 06/11/2013 16:14:59:372 0000016f     OsVersionManager| feature map: OS 8, idx: 7
I/APP     (  367): T 06/11/2013 16:14:59:374 0000016f     OsVersionManager| feature map: OS 9, idx: 8
I/APP     (  367): T 06/11/2013 16:14:59:374 0000016f     OsVersionManager| feature map: OS 10, idx: 9
I/APP     (  367): T 06/11/2013 16:14:59:375 0000016f     OsVersionManager| feature map: OS 10, idx: 9
I/APP     (  367): T 06/11/2013 16:14:59:376 0000016f     OsVersionManager| Feature Selector: interface com.rhomobile.rhodes.webview.IWebSettingsProvider
I/APP     (  367): T 06/11/2013 16:14:59:382 0000016f     OsVersionManager| Implementation: com.rhomobile.rhodes.webview.WebSettingsProviderEclairMR1, OS rev. 7
I/APP     (  367): T 06/11/2013 16:14:59:383 0000016f     OsVersionManager| feature map: OS 7, idx: 6
I/APP     (  367): T 06/11/2013 16:14:59:384 0000016f     OsVersionManager| feature map: OS 8, idx: 7
I/APP     (  367): T 06/11/2013 16:14:59:384 0000016f     OsVersionManager| feature map: OS 9, idx: 8
I/APP     (  367): T 06/11/2013 16:14:59:385 0000016f     OsVersionManager| feature map: OS 10, idx: 9
I/APP     (  367): T 06/11/2013 16:14:59:386 0000016f     OsVersionManager| feature map: OS 10, idx: 9
I/APP     (  367): T 06/11/2013 16:14:59:391 0000016f     OsVersionManager| Feature Selector: interface com.rhomobile.rhodes.webview.IWebSettingsProvider
I/APP     (  367): T 06/11/2013 16:14:59:396 0000016f     OsVersionManager| Implementation: com.rhomobile.rhodes.webview.WebSettingsProviderFroyo, OS rev. 8
I/APP     (  367): T 06/11/2013 16:14:59:398 0000016f     OsVersionManager| feature map: OS 8, idx: 7
I/APP     (  367): T 06/11/2013 16:14:59:399 0000016f     OsVersionManager| feature map: OS 9, idx: 8
I/APP     (  367): T 06/11/2013 16:14:59:399 0000016f     OsVersionManager| feature map: OS 10, idx: 9
I/APP     (  367): T 06/11/2013 16:14:59:401 0000016f     OsVersionManager| feature map: OS 10, idx: 9
I/APP     (  367): T 06/11/2013 16:14:59:402 0000016f     OsVersionManager| Feature Selector: interface com.rhomobile.rhodes.webview.IWebSettingsProvider
I/APP     (  367): T 06/11/2013 16:14:59:403 0000016f     OsVersionManager| Implementation: com.rhomobile.rhodes.webview.WebSettingsProviderJellyBean, OS rev. 16
I/APP     (  367): T 06/11/2013 16:14:59:404 0000016f     OsVersionManager| feature map: OS 10, idx: 9
I/APP     (  367): T 06/11/2013 16:14:59:420 0000016f        GoogleWebView| applyWebSettings
I/APP     (  367): T 06/11/2013 16:14:59:421 0000016f    RhodesApplication| Current UiState : Undefined
I/APP     (  367): T 06/11/2013 16:14:59:422 0000016f    RhodesApplication| UiState handler added: MainActivityCreated
I/APP     (  367): T 06/11/2013 16:14:59:423 0000016f    RhodesApplication| Current AppState : Undefined
I/APP     (  367): T 06/11/2013 16:14:59:425 0000016f    RhodesApplication| AppState handler added: AppStarted
I/APP     (  367): T 06/11/2013 16:14:59:425 0000016f    RhodesApplication| Overall handlers: 1
I/APP     (  367): T 06/11/2013 16:14:59:427 0000016f    RhodesApplication| Current UiState : Undefined
I/APP     (  367): T 06/11/2013 16:14:59:430 0000016f    RhodesApplication| UiState handler added: MainActivityCreated
I/APP     (  367): T 06/11/2013 16:14:59:438 0000016f  MainActivityCreated| Starting commit. Current UiState: Undefined
I/APP     (  367): T 06/11/2013 16:14:59:439 0000016f  MainActivityCreated| Handlers gone: 2
I/APP     (  367): T 06/11/2013 16:14:59:441 0000016f  MainActivityCreated| Commit observers
I/APP     (  367): T 06/11/2013 16:14:59:441 0000016f  MainActivityCreated| After UiState commit: MainActivityCreated
I/APP     (  367): T 06/11/2013 16:14:59:443 0000016f            Undefined| Handlers have completed: 2
I/APP     (  367): I 06/11/2013 16:14:59:444 0000016f    RhodesApplication| New UiState: MainActivityCreated
I/APP     (  367): T 06/11/2013 16:14:59:445 0000016f       RhodesActivity| onStart
I/APP     (  367): T 06/11/2013 16:14:59:445 0000016f  MainActivityStarted| Starting commit. Current UiState: MainActivityCreated
I/APP     (  367): T 06/11/2013 16:14:59:446 0000016f  MainActivityStarted| Handlers gone: 0
I/APP     (  367): T 06/11/2013 16:14:59:453 0000016f  MainActivityStarted| Commit observers
I/APP     (  367): T 06/11/2013 16:14:59:454 0000016f  MainActivityStarted| After UiState commit: MainActivityStarted
I/APP     (  367): T 06/11/2013 16:14:59:455 0000016f            Undefined| Handlers have completed: 1
I/APP     (  367): I 06/11/2013 16:14:59:455 0000016f    RhodesApplication| New UiState: MainActivityStarted
I/APP     (  367): T 06/11/2013 16:14:59:456 0000016f       RhodesActivity| onResume
I/APP     (  367): I 06/11/2013 16:14:59:481 0000016f    LocalFileProvider| Revoke URI permissions: content:///com.rhomobile.gcm_push_client
W/ActivityManager(   61): No content provider found for: 
I/APP     (  367): I 06/11/2013 16:14:59:485 0000016f               Rhodes| Loading...
I/APP     (  367): I 06/11/2013 16:14:59:490 0000016f            RhodesApp| Trying to get free listening port.
I/APP     (  367): I 06/11/2013 16:14:59:492 0000016f            RhodesApp| Trying to bind of 0 port...
I/APP     (  367): I 06/11/2013 16:14:59:492 0000016f            RhodesApp| Got port to bind on: 32914
I/APP     (  367): I 06/11/2013 16:14:59:494 0000016f            RhodesApp| Free listening port: 32914
I/APP     (  367): T 06/11/2013 16:14:59:505 0000017c            RhodesApp| Starting new thread - env: 0x00319ea0, functions: 0x800a2988 ^^^^^^^^^^^^^^^^^^^^^^^^^^^^^^^^^^^^^^^^^^^^^^^^^^^^^
I/APP     (  367): I 06/11/2013 16:14:59:506 0000017c         AppCallbacks| Starting main routine...
I/APP     (  367): I 06/11/2013 16:14:59:512 0000017c         AppCallbacks| ThreadQueue blocked for 4294967295 seconds...
I/APP     (  367): I 06/11/2013 16:14:59:580 0000016f            RhodesApp| callAppActiveCallback
I/APP     (  367): I 06/11/2013 16:14:59:581 0000016f         AppCallbacks| addCommand: APP-ACTIVATED
I/APP     (  367): I 06/11/2013 16:14:59:584 0000017c         AppCallbacks| Received command APP-ACTIVATED which is greater than expected (LOCAL-SERVER-STARTED) - postpone it
I/APP     (  367): I 06/11/2013 16:14:59:585 0000017c         AppCallbacks| ThreadQueue blocked for 4294967295 seconds...
I/APP     (  367): T 06/11/2013 16:14:59:587 0000016f         AppActivated| Starting commit. Current AppState: Undefined
I/APP     (  367): I 06/11/2013 16:14:59:588 0000016f         AppActivated| Cannot commit now, application will be activated when started.
I/APP     (  367): T 06/11/2013 16:14:59:589 0000016f         AppActivated| After AppState commit: Undefined
I/APP     (  367): T 06/11/2013 16:14:59:590 0000016f            Undefined| Handlers have completed: 0
I/APP     (  367): I 06/11/2013 16:14:59:591 0000016f    RhodesApplication| New AppState: Undefined
I/APP     (  367): T 06/11/2013 16:14:59:594 0000017d            RhodesApp| Starting new thread - env: 0x00315e58, functions: 0x800a2988 ^^^^^^^^^^^^^^^^^^^^^^^^^^^^^^^^^^^^^^^^^^^^^^^^^^^^^
I/APP     (  367): I 06/11/2013 16:14:59:594 0000017d            RhodesApp| Starting RhodesApp main routine...
I/APP     (  367): I 06/11/2013 16:14:59:599 0000016f        RhodesService| handleCommand: startId=1, source=com.rhomobile.rhodes.BaseActivity
I/APP     (  367): I 06/11/2013 16:14:59:623 0000016f         AppCallbacks| addCommand: UI-CREATED
I/APP     (  367): I 06/11/2013 16:14:59:623 0000017c         AppCallbacks| Received command UI-CREATED which is greater than expected (LOCAL-SERVER-STARTED) - postpone it
I/APP     (  367): I 06/11/2013 16:14:59:624 0000017c         AppCallbacks| ThreadQueue blocked for 4294967295 seconds...
I/APP     (  367): T 06/11/2013 16:14:59:626 0000016f        GoogleWebView| Web settings is applying now
I/APP     (  367): T 06/11/2013 16:14:59:626 0000016f     OsVersionManager| Looking interface com.rhomobile.rhodes.webview.IWebSettingsProvider
I/APP     (  367): T 06/11/2013 16:14:59:635 0000016f  WebSettingsProvider| Enable Zoom: false
I/APP     (  367): I 06/11/2013 16:14:59:636 0000016f  WebSettingsProvider| Set web plugins state 'OFF'
I/APP     (  367): I 06/11/2013 16:14:59:637 0000016f        GoogleWebView| Setting RhoWebChromeClient and RhoWebViewClient
V/SimpleMainView.View(  367): ms[1370992499745]  Main Window :: onSizeChanged() old [ 480 x 724 ]  new [ 0 x 0 ]
I/APP     (  367): I 06/11/2013 16:14:59:770 0000016f ConnectionChangeReceiver| LOGGER: Network status change, connected = true
I/APP     (  367): E 06/11/2013 16:14:59:771 0000016f         RhodesAppJNI| nativeNotify
I/APP     (  367): E 06/11/2013 16:14:59:772 0000016f            RhodesApp| enter notifyReceiver
I/APP     (  367): E 06/11/2013 16:14:59:773 0000016f            RhodesApp| calling onNetworkStatusChanged
I/APP     (  367): I 06/11/2013 16:14:59:784 0000016f       RhodesActivity| New start parameters: 
I/APP     (  367): T 06/11/2013 16:14:59:785 0000016f               Rhodes| rho_cast<string, jstring>
I/APP     (  367): T 06/11/2013 16:14:59:786 0000016f               Rhodes| rho_cast<string, jstring>: 
I/APP     (  367): T 06/11/2013 16:14:59:786 0000016f               Rhodes| rho_cast<string, jstring>
I/APP     (  367): T 06/11/2013 16:14:59:787 0000016f               Rhodes| rho_cast<string, jstring>: &#
I/APP     (  367): I 06/11/2013 16:14:59:788 0000016f            RhodesApp| New start params: 
D/dalvikvm(  367): GREF has increased to 201
W/ActivityManager(   61): finishReceiver called but no pending broadcasts
I/ActivityManager(   61): Displayed com.rhomobile.gcm_push_client/com.rhomobile.rhodes.RhodesActivity: +1s985ms
I/APP     (  367): I 06/11/2013 16:15:00:161 0000017d              RhoRuby| Init_RhoBlobs: /data/data/com.rhomobile.gcm_push_client/rhodata/db/db-files
I/APP     (  367): I 06/11/2013 16:15:00:314 0000017d              RhoRuby| require_compiled: RhoApplicationApi
I/APP     (  367): T 06/11/2013 16:15:00:316 0000017d               Rhodes| rho_cast<jstring, string>: lib/RhoApplicationApi.iseq
I/APP     (  367): I 06/11/2013 16:15:00:363 0000017d              RhoRuby| require_compiled: RhoNetworkApi
I/APP     (  367): T 06/11/2013 16:15:00:363 0000017d               Rhodes| rho_cast<jstring, string>: lib/RhoNetworkApi.iseq
I/APP     (  367): I 06/11/2013 16:15:00:379 0000017d              RhoRuby| require_compiled: RhoDatabaseApi
I/APP     (  367): T 06/11/2013 16:15:00:380 0000017d               Rhodes| rho_cast<jstring, string>: lib/RhoDatabaseApi.iseq
I/APP     (  367): I 06/11/2013 16:15:00:429 0000017d              RhoRuby| require_compiled: RhoLogApi
I/APP     (  367): T 06/11/2013 16:15:00:430 0000017d               Rhodes| rho_cast<jstring, string>: lib/RhoLogApi.iseq
I/APP     (  367): T 06/11/2013 16:15:00:435 0000017d              WebView| Init_WebView
I/APP     (  367): T 06/11/2013 16:15:00:436 0000017d         RhodesAppJNI| rho_find_class - com.rho.webview.WebViewFactory
I/APP     (  367): T 06/11/2013 16:15:00:440 0000017d               Rhodes| rho_cast<string, jstring>
I/APP     (  367): T 06/11/2013 16:15:00:441 0000017d               Rhodes| rho_cast<string, jstring>: disable_loading_indication
I/APP     (  367): T 06/11/2013 16:15:00:442 0000017d               Rhodes| rho_cast<string, jstring>
I/APP     (  367): T 06/11/2013 16:15:00:443 0000017d               Rhodes| rho_cast<string, jstring>: enable_screen_zoom
I/APP     (  367): T 06/11/2013 16:15:00:443 0000017d               Rhodes| rho_cast<string, jstring>
I/APP     (  367): T 06/11/2013 16:15:00:445 0000017d               Rhodes| rho_cast<string, jstring>: enable_web_plugins
I/APP     (  367): T 06/11/2013 16:15:00:446 0000017d               Rhodes| rho_cast<string, jstring>
I/APP     (  367): T 06/11/2013 16:15:00:447 0000017d               Rhodes| rho_cast<string, jstring>: WebView.enableCache
I/APP     (  367): T 06/11/2013 16:15:00:447 0000017d    RhoExtManagerImpl| Set WebView config
I/APP     (  367): T 06/11/2013 16:15:00:448 0000017d    RhoExtManagerImpl| Set WebView config: tab 0
I/APP     (  367): T 06/11/2013 16:15:00:450 0000017d        GoogleWebView| applyWebSettings
I/APP     (  367): T 06/11/2013 16:15:00:451 0000017d    RhodesApplication| Current UiState : MainActivityStarted
I/APP     (  367): T 06/11/2013 16:15:00:452 0000017d    RhodesApplication| Running UiState handler immediately: MainActivityCreated
I/APP     (  367): T 06/11/2013 16:15:00:453 0000016f        GoogleWebView| Web settings is applying now
I/APP     (  367): T 06/11/2013 16:15:00:453 0000016f     OsVersionManager| Looking interface com.rhomobile.rhodes.webview.IWebSettingsProvider
I/APP     (  367): T 06/11/2013 16:15:00:458 0000016f  WebSettingsProvider| Enable Zoom: true
I/APP     (  367): I 06/11/2013 16:15:00:460 0000016f  WebSettingsProvider| Set web plugins state 'ON'
I/APP     (  367): T 06/11/2013 16:15:00:464 0000017d              WebView| Initializing Java factory
I/APP     (  367): T 06/11/2013 16:15:00:465 0000017d           WebViewJNI| setJavaFactory
I/APP     (  367): T 06/11/2013 16:15:00:466 0000017d         RhodesAppJNI| rho_find_class - com.rhomobile.rhodes.api.MethodExecutor
I/APP     (  367): T 06/11/2013 16:15:00:468 0000017d    MethodExecutorJNI| MethodExecutorJni JNI init succeeded
I/APP     (  367): T 06/11/2013 16:15:00:469 0000017d         RhodesAppJNI| rho_find_class - com.rho.webview.WebViewFactorySingleton
I/APP     (  367): T 06/11/2013 16:15:00:471 0000017d         RhodesAppJNI| rho_find_class - com.rho.webview.IWebViewFactory
I/APP     (  367): T 06/11/2013 16:15:00:472 0000017d         RhodesAppJNI| rho_find_class - com.rho.webview.WebViewSingletonBase
I/APP     (  367): T 06/11/2013 16:15:00:473 0000017d         RhodesAppJNI| rho_find_class - com.rho.webview.WebViewBase
I/APP     (  367): T 06/11/2013 16:15:00:475 0000017d         RhodesAppJNI| rho_find_class - com.rho.webview.WebViewSingletonBase$getFrameworkTask
I/APP     (  367): T 06/11/2013 16:15:00:476 0000017d         RhodesAppJNI| rho_find_class - com.rho.webview.WebViewSingletonBase$getFullScreenTask
I/APP     (  367): T 06/11/2013 16:15:00:477 0000017d         RhodesAppJNI| rho_find_class - com.rho.webview.WebViewSingletonBase$setFullScreenTask
I/APP     (  367): T 06/11/2013 16:15:00:480 0000017d         RhodesAppJNI| rho_find_class - com.rho.webview.WebViewSingletonBase$getEnableZoomTask
I/APP     (  367): T 06/11/2013 16:15:00:481 0000017d         RhodesAppJNI| rho_find_class - com.rho.webview.WebViewSingletonBase$getEnablePageLoadingIndicationTask
I/APP     (  367): T 06/11/2013 16:15:00:483 0000017d         RhodesAppJNI| rho_find_class - com.rho.webview.WebViewSingletonBase$getEnableWebPluginsTask
I/APP     (  367): T 06/11/2013 16:15:00:484 0000017d         RhodesAppJNI| rho_find_class - com.rho.webview.WebViewSingletonBase$getNavigationTimeoutTask
I/APP     (  367): T 06/11/2013 16:15:00:485 0000017d         RhodesAppJNI| rho_find_class - com.rho.webview.WebViewSingletonBase$setNavigationTimeoutTask
I/APP     (  367): T 06/11/2013 16:15:00:486 0000017d         RhodesAppJNI| rho_find_class - com.rho.webview.WebViewSingletonBase$getScrollTechniqueTask
I/APP     (  367): T 06/11/2013 16:15:00:487 0000017d         RhodesAppJNI| rho_find_class - com.rho.webview.WebViewSingletonBase$getFontFamilyTask
I/APP     (  367): T 06/11/2013 16:15:00:490 0000017d         RhodesAppJNI| rho_find_class - com.rho.webview.WebViewSingletonBase$getUserAgentTask
I/APP     (  367): T 06/11/2013 16:15:00:492 0000017d         RhodesAppJNI| rho_find_class - com.rho.webview.WebViewSingletonBase$getViewportEnabledTask
I/APP     (  367): T 06/11/2013 16:15:00:493 0000017d         RhodesAppJNI| rho_find_class - com.rho.webview.WebViewSingletonBase$getViewportWidthTask
I/APP     (  367): T 06/11/2013 16:15:00:494 0000017d         RhodesAppJNI| rho_find_class - com.rho.webview.WebViewSingletonBase$getCacheSizeTask
I/APP     (  367): T 06/11/2013 16:15:00:497 0000017d         RhodesAppJNI| rho_find_class - com.rho.webview.WebViewSingletonBase$getEnableCacheTask
I/APP     (  367): T 06/11/2013 16:15:00:498 0000017d         RhodesAppJNI| rho_find_class - com.rho.webview.WebViewSingletonBase$getAcceptLanguageTask
I/APP     (  367): T 06/11/2013 16:15:00:499 0000017d         RhodesAppJNI| rho_find_class - com.rho.webview.WebViewSingletonBase$setAcceptLanguageTask
I/APP     (  367): T 06/11/2013 16:15:00:502 0000017d         RhodesAppJNI| rho_find_class - com.rho.webview.WebViewSingletonBase$getZoomPageTask
I/APP     (  367): T 06/11/2013 16:15:00:504 0000017d         RhodesAppJNI| rho_find_class - com.rho.webview.WebViewSingletonBase$setZoomPageTask
I/APP     (  367): T 06/11/2013 16:15:00:509 0000017d         RhodesAppJNI| rho_find_class - com.rho.webview.WebViewSingletonBase$getTextZoomLevelTask
I/APP     (  367): T 06/11/2013 16:15:00:511 0000017d         RhodesAppJNI| rho_find_class - com.rho.webview.WebViewSingletonBase$setTextZoomLevelTask
I/APP     (  367): T 06/11/2013 16:15:00:513 0000017d         RhodesAppJNI| rho_find_class - com.rho.webview.WebViewSingletonBase$getActiveTabTask
I/APP     (  367): T 06/11/2013 16:15:00:514 0000017d         RhodesAppJNI| rho_find_class - com.rho.webview.WebViewSingletonBase$refreshTask
I/APP     (  367): T 06/11/2013 16:15:00:515 0000017d         RhodesAppJNI| rho_find_class - com.rho.webview.WebViewSingletonBase$navigateTask
I/APP     (  367): T 06/11/2013 16:15:00:516 0000017d         RhodesAppJNI| rho_find_class - com.rho.webview.WebViewSingletonBase$navigateBackTask
I/APP     (  367): T 06/11/2013 16:15:00:518 0000017d         RhodesAppJNI| rho_find_class - com.rho.webview.WebViewSingletonBase$currentLocationTask
I/APP     (  367): T 06/11/2013 16:15:00:518 0000017d         RhodesAppJNI| rho_find_class - com.rho.webview.WebViewSingletonBase$currentURLTask
I/APP     (  367): T 06/11/2013 16:15:00:521 0000017d         RhodesAppJNI| rho_find_class - com.rho.webview.WebViewSingletonBase$executeJavascriptTask
I/APP     (  367): T 06/11/2013 16:15:00:522 0000017d         RhodesAppJNI| rho_find_class - com.rho.webview.WebViewSingletonBase$active_tabTask
I/APP     (  367): T 06/11/2013 16:15:00:524 0000017d         RhodesAppJNI| rho_find_class - com.rho.webview.WebViewSingletonBase$full_screen_modeTask
I/APP     (  367): T 06/11/2013 16:15:00:525 0000017d         RhodesAppJNI| rho_find_class - com.rho.webview.WebViewSingletonBase$setCookieTask
I/APP     (  367): T 06/11/2013 16:15:00:526 0000017d         RhodesAppJNI| rho_find_class - com.rho.webview.WebViewSingletonBase$saveTask
I/APP     (  367): T 06/11/2013 16:15:00:529 0000017d           WebViewJNI| CWebView JNI init succeeded
I/APP     (  367): T 06/11/2013 16:15:00:530 0000017d           WebViewJNI| setJavaFactory succeeded
I/APP     (  367): T 06/11/2013 16:15:00:531 0000017d              WebView| Deleting JNI reference
I/APP     (  367): T 06/11/2013 16:15:00:532 0000017d              WebView| Initializing API
I/APP     (  367): I 06/11/2013 16:15:00:540 0000017d              RhoRuby| require_compiled: RhoWebViewApi
I/APP     (  367): T 06/11/2013 16:15:00:541 0000017d               Rhodes| rho_cast<jstring, string>: lib/RhoWebViewApi.iseq
I/APP     (  367): T 06/11/2013 16:15:00:549 0000017d              WebView| Init_WebView succeeded
I/APP     (  367): T 06/11/2013 16:15:00:550 0000017d   NativeToolbar_impl| Init_NativeToolbar
I/APP     (  367): T 06/11/2013 16:15:00:552 0000017d         RhodesAppJNI| rho_find_class - com.rho.nativetoolbar.NativeToolbarFactory
I/APP     (  367): T 06/11/2013 16:15:00:554 0000017d   NativeToolbar_impl| Initializing Java factory
I/APP     (  367): T 06/11/2013 16:15:00:555 0000017d     NativeToolbarJNI| setJavaFactory
I/APP     (  367): T 06/11/2013 16:15:00:557 0000017d         RhodesAppJNI| rho_find_class - com.rho.nativetoolbar.NativeToolbarFactorySingleton
I/APP     (  367): T 06/11/2013 16:15:00:559 0000017d         RhodesAppJNI| rho_find_class - com.rho.nativetoolbar.INativeToolbarFactory
I/APP     (  367): T 06/11/2013 16:15:00:561 0000017d         RhodesAppJNI| rho_find_class - com.rho.nativetoolbar.NativeToolbarSingletonBase
I/APP     (  367): T 06/11/2013 16:15:00:562 0000017d         RhodesAppJNI| rho_find_class - com.rho.nativetoolbar.NativeToolbarBase
I/APP     (  367): T 06/11/2013 16:15:00:563 0000017d         RhodesAppJNI| rho_find_class - com.rho.nativetoolbar.NativeToolbarSingletonBase$createTask
I/APP     (  367): T 06/11/2013 16:15:00:564 0000017d         RhodesAppJNI| rho_find_class - com.rho.nativetoolbar.NativeToolbarSingletonBase$removeTask
I/APP     (  367): T 06/11/2013 16:15:00:565 0000017d         RhodesAppJNI| rho_find_class - com.rho.nativetoolbar.NativeToolbarSingletonBase$isCreatedTask
I/APP     (  367): T 06/11/2013 16:15:00:566 0000017d     NativeToolbarJNI| CNativeToolbar JNI init succeeded
I/APP     (  367): T 06/11/2013 16:15:00:569 0000017d     NativeToolbarJNI| setJavaFactory succeeded
I/APP     (  367): T 06/11/2013 16:15:00:570 0000017d   NativeToolbar_impl| Deleting JNI reference
I/APP     (  367): T 06/11/2013 16:15:00:571 0000017d   NativeToolbar_impl| Initializing API
I/APP     (  367): T 06/11/2013 16:15:00:572 0000017d   NativeToolbar_impl| Init_NativeToolbar succeeded
I/APP     (  367): I 06/11/2013 16:15:00:574 0000017d              RhoRuby| require_compiled: RhoNativeToolbarApi
I/APP     (  367): T 06/11/2013 16:15:00:578 0000017d               Rhodes| rho_cast<jstring, string>: lib/RhoNativeToolbarApi.iseq
I/APP     (  367): T 06/11/2013 16:15:00:602 0000017d CRubyResultConvertor| getString()
I/APP     (  367): T 06/11/2013 16:15:00:603 0000017d CRubyResultConvertor| getString(): ANDROID
I/APP     (  367): T 06/11/2013 16:15:00:604 0000017d CRubyResultConvertor| getString(): create string
I/APP     (  367): T 06/11/2013 16:15:00:605 0000017d CRubyResultConvertor| getString()
I/APP     (  367): T 06/11/2013 16:15:00:605 0000017d CRubyResultConvertor| getString(): ANDROID
I/APP     (  367): T 06/11/2013 16:15:00:606 0000017d CRubyResultConvertor| getString(): create string
I/APP     (  367): T 06/11/2013 16:15:00:608 0000017d CRubyResultConvertor| getString()
I/APP     (  367): T 06/11/2013 16:15:00:608 0000017d CRubyResultConvertor| getString(): ANDROID
I/APP     (  367): T 06/11/2013 16:15:00:609 0000017d CRubyResultConvertor| getString(): create string
I/APP     (  367): T 06/11/2013 16:15:00:611 0000017d CRubyResultConvertor| getString()
I/APP     (  367): T 06/11/2013 16:15:00:612 0000017d CRubyResultConvertor| getString(): ANDROID
I/APP     (  367): T 06/11/2013 16:15:00:613 0000017d CRubyResultConvertor| getString(): create string
I/APP     (  367): T 06/11/2013 16:15:00:613 0000017d    NativeTabbar_impl| Init_NativeTabbar
I/APP     (  367): T 06/11/2013 16:15:00:614 0000017d         RhodesAppJNI| rho_find_class - com.rho.nativetabbar.NativeTabbarFactory
I/APP     (  367): T 06/11/2013 16:15:00:615 0000017d    NativeTabbar_impl| Initializing Java factory
I/APP     (  367): T 06/11/2013 16:15:00:616 0000017d      NativeTabbarJNI| setJavaFactory
I/APP     (  367): T 06/11/2013 16:15:00:618 0000017d         RhodesAppJNI| rho_find_class - com.rho.nativetabbar.NativeTabbarFactorySingleton
I/APP     (  367): T 06/11/2013 16:15:00:619 0000017d         RhodesAppJNI| rho_find_class - com.rho.nativetabbar.INativeTabbarFactory
I/APP     (  367): T 06/11/2013 16:15:00:619 0000017d         RhodesAppJNI| rho_find_class - com.rho.nativetabbar.NativeTabbarSingletonBase
I/APP     (  367): T 06/11/2013 16:15:00:621 0000017d         RhodesAppJNI| rho_find_class - com.rho.nativetabbar.NativeTabbarBase
I/APP     (  367): T 06/11/2013 16:15:00:624 0000017d         RhodesAppJNI| rho_find_class - com.rho.nativetabbar.NativeTabbarSingletonBase$createTask
I/APP     (  367): T 06/11/2013 16:15:00:625 0000017d         RhodesAppJNI| rho_find_class - com.rho.nativetabbar.NativeTabbarSingletonBase$currentTabIndexTask
I/APP     (  367): T 06/11/2013 16:15:00:626 0000017d         RhodesAppJNI| rho_find_class - com.rho.nativetabbar.NativeTabbarSingletonBase$removeTask
I/APP     (  367): T 06/11/2013 16:15:00:628 0000017d         RhodesAppJNI| rho_find_class - com.rho.nativetabbar.NativeTabbarSingletonBase$removeTabTask
I/APP     (  367): T 06/11/2013 16:15:00:629 0000017d         RhodesAppJNI| rho_find_class - com.rho.nativetabbar.NativeTabbarSingletonBase$setTabBadgeTask
I/APP     (  367): T 06/11/2013 16:15:00:634 0000017d         RhodesAppJNI| rho_find_class - com.rho.nativetabbar.NativeTabbarSingletonBase$switchTabTask
I/APP     (  367): T 06/11/2013 16:15:00:636 0000017d         RhodesAppJNI| rho_find_class - com.rho.nativetabbar.NativeTabbarSingletonBase$isCreatedTask
I/APP     (  367): T 06/11/2013 16:15:00:637 0000017d      NativeTabbarJNI| CNativeTabbar JNI init succeeded
I/APP     (  367): T 06/11/2013 16:15:00:638 0000017d      NativeTabbarJNI| setJavaFactory succeeded
I/APP     (  367): T 06/11/2013 16:15:00:640 0000017d    NativeTabbar_impl| Deleting JNI reference
I/APP     (  367): T 06/11/2013 16:15:00:640 0000017d    NativeTabbar_impl| Initializing API
I/APP     (  367): T 06/11/2013 16:15:00:643 0000017d    NativeTabbar_impl| Init_NativeTabbar succeeded
I/APP     (  367): I 06/11/2013 16:15:00:644 0000017d              RhoRuby| require_compiled: RhoNativeTabbarApi
I/APP     (  367): T 06/11/2013 16:15:00:646 0000017d               Rhodes| rho_cast<jstring, string>: lib/RhoNativeTabbarApi.iseq
I/APP     (  367): T 06/11/2013 16:15:00:657 0000017d CRubyResultConvertor| getString()
I/APP     (  367): T 06/11/2013 16:15:00:657 0000017d CRubyResultConvertor| getString(): ANDROID
I/APP     (  367): T 06/11/2013 16:15:00:659 0000017d CRubyResultConvertor| getString(): create string
I/APP     (  367): T 06/11/2013 16:15:00:659 0000017d CRubyResultConvertor| getString()
I/APP     (  367): T 06/11/2013 16:15:00:661 0000017d CRubyResultConvertor| getString(): ANDROID
I/APP     (  367): T 06/11/2013 16:15:00:661 0000017d CRubyResultConvertor| getString(): create string
I/APP     (  367): T 06/11/2013 16:15:00:662 0000017d CRubyResultConvertor| getString()
I/APP     (  367): T 06/11/2013 16:15:00:663 0000017d CRubyResultConvertor| getString(): ANDROID
I/APP     (  367): T 06/11/2013 16:15:00:663 0000017d CRubyResultConvertor| getString(): create string
I/APP     (  367): T 06/11/2013 16:15:00:665 0000017d CRubyResultConvertor| getString()
I/APP     (  367): T 06/11/2013 16:15:00:665 0000017d CRubyResultConvertor| getString(): ANDROID
I/APP     (  367): T 06/11/2013 16:15:00:666 0000017d CRubyResultConvertor| getString(): create string
I/APP     (  367): I 06/11/2013 16:15:00:678 0000017d              RhoRuby| require_compiled: RhoConnectClient
I/APP     (  367): T 06/11/2013 16:15:00:679 0000017d               Rhodes| rho_cast<jstring, string>: lib/RhoConnectClient.iseq
I/DEBUG   (   31): *** *** *** *** *** *** *** *** *** *** *** *** *** *** *** ***
I/DEBUG   (   31): Build fingerprint: 'generic/google_sdk/generic:2.3.4/GINGERBREAD/123630:eng/test-keys'
I/DEBUG   (   31): pid: 367, tid: 381  >>> com.rhomobile.gcm_push_client <<<
I/DEBUG   (   31): signal 11 (SIGSEGV), code 1 (SEGV_MAPERR), fault addr 00000000
I/DEBUG   (   31):  r0 00000000  r1 00000000  r2 ded94de3  r3 80cc61ec
I/DEBUG   (   31):  r4 afd4d5c8  r5 44543cbc  r6 0031b9f0  r7 44543cd8
I/DEBUG   (   31):  r8 80cb3bec  r9 80cc53b8  10 00100000  fp 80cc4b80
I/DEBUG   (   31):  ip 00000000  sp 44543b60  lr 80b05a18  pc 80b34134  cpsr 60000010
I/DEBUG   (   31):          #00  pc 00334134  /data/data/com.rhomobile.gcm_push_client/lib/librhodes.so
I/DEBUG   (   31):          #01  lr 80b05a18  /data/data/com.rhomobile.gcm_push_client/lib/librhodes.so
I/DEBUG   (   31): 
I/DEBUG   (   31): code around pc:
I/DEBUG   (   31): 80b34114 e24dd008 e59f403c e79f4004 e5943000 
I/DEBUG   (   31): 80b34124 e58d3004 e59f3030 e79f3003 e5930004 
I/DEBUG   (   31): 80b34134 e5903000 e5933008 e12fff33 e59d2004 
I/DEBUG   (   31): 80b34144 e5943000 e1520003 0a000000 ebf4e334 
I/DEBUG   (   31): 80b34154 e28dd008 e8bd8010 0017ead4 0017ede8 
I/DEBUG   (   31): 
I/DEBUG   (   31): code around lr:
I/DEBUG   (   31): 80b059f8 e24dd00c e59f409c e08f4004 e59f3098 
I/DEBUG   (   31): 80b05a08 e7943003 e5933000 e58d3004 eb00b9bd 
I/DEBUG   (   31): 80b05a18 e1a06000 e5903000 e5935028 e3a00fc6 
I/DEBUG   (   31): 80b05a28 eb048eab e1a07000 ebfff0e2 e1a00006 
I/DEBUG   (   31): 80b05a38 e1a01007 e12fff35 e59f3060 e7943003 
I/DEBUG   (   31): 
I/DEBUG   (   31): stack:
I/DEBUG   (   31):     44543b20  002b2b38  [heap]
I/DEBUG   (   31):     44543b24  80cc6574  
I/DEBUG   (   31):     44543b28  00000020  
I/DEBUG   (   31):     44543b2c  0031b9f0  [heap]
I/DEBUG   (   31):     44543b30  44543cd8  
I/DEBUG   (   31):     44543b34  afd1474d  /system/lib/libc.so
I/DEBUG   (   31):     44543b38  80cc6574  
I/DEBUG   (   31):     44543b3c  80c237b1  /data/data/com.rhomobile.gcm_push_client/lib/librhodes.so
I/DEBUG   (   31):     44543b40  fffffffe  
I/DEBUG   (   31):     44543b44  80cb3bec  /data/data/com.rhomobile.gcm_push_client/lib/librhodes.so
I/DEBUG   (   31):     44543b48  44543cbc  
I/DEBUG   (   31):     44543b4c  80acbd58  /data/data/com.rhomobile.gcm_push_client/lib/librhodes.so
I/DEBUG   (   31):     44543b50  44543cd8  
I/DEBUG   (   31):     44543b54  ded94d00  
I/DEBUG   (   31):     44543b58  df0027ad  
I/DEBUG   (   31):     44543b5c  00000000  
I/DEBUG   (   31): #00 44543b60  00000000  
I/DEBUG   (   31):     44543b64  ded94de3  
I/DEBUG   (   31):     44543b68  80cb3bec  /data/data/com.rhomobile.gcm_push_client/lib/librhodes.so
I/DEBUG   (   31):     44543b6c  80b05a18  /data/data/com.rhomobile.gcm_push_client/lib/librhodes.so
I/DEBUG   (   31):     44543b70  0031b9f0  [heap]
I/DEBUG   (   31):     44543b74  ded94de3  
I/DEBUG   (   31):     44543b78  80a13514  /data/data/com.rhomobile.gcm_push_client/lib/librhodes.so
I/DEBUG   (   31):     44543b7c  002a8b48  [heap]
I/DEBUG   (   31):     44543b80  44543cbc  
I/DEBUG   (   31):     44543b84  0031b9f0  [heap]
I/DEBUG   (   31):     44543b88  44543cd8  
I/DEBUG   (   31):     44543b8c  8091cd0c  /data/data/com.rhomobile.gcm_push_client/lib/librhodes.so
I/DEBUG   (   31):     44543b90  00100000  [heap]
I/DEBUG   (   31):     44543b94  80c2443b  /data/data/com.rhomobile.gcm_push_client/lib/librhodes.so
I/DEBUG   (   31):     44543b98  0031b9f0  [heap]
I/DEBUG   (   31):     44543b9c  44543cbc  
I/DEBUG   (   31):     44543ba0  0031b9f0  [heap]
I/DEBUG   (   31):     44543ba4  44543cbc  
D/Zygote  (   33): Process 367 terminated by signal (11)
I/ActivityManager(   61): Process com.rhomobile.gcm_push_client (pid 367) has died.
W/ActivityManager(   61): Scheduling restart of crashed service com.rhomobile.gcm_push_client/com.rhomobile.rhodes.RhodesService in 5000ms
E/InputDispatcher(   61): channel '4074ebf8 com.rhomobile.gcm_push_client/com.rhomobile.rhodes.RhodesActivity (server)' ~ Consumer closed input channel or an error occurred.  events=0x8
E/InputDispatcher(   61): channel '4074ebf8 com.rhomobile.gcm_push_client/com.rhomobile.rhodes.RhodesActivity (server)' ~ Channel is unrecoverably broken and will be disposed!
I/WindowManager(   61): WIN DEATH: Window{4074ebf8 com.rhomobile.gcm_push_client/com.rhomobile.rhodes.RhodesActivity paused=false}
I/BootReceiver(   61): Copying /data/tombstones/tombstone_08 to DropBox (SYSTEM_TOMBSTONE)
D/dalvikvm(   61): GC_FOR_MALLOC freed 679K, 44% free 5229K/9287K, external 4373K/5573K, paused 165ms
D/dalvikvm(   61): GC_FOR_MALLOC freed 400K, 47% free 4983K/9287K, external 4373K/5573K, paused 42ms
I/ActivityManager(   61): Start proc com.rhomobile.gcm_push_client for service com.rhomobile.gcm_push_client/com.rhomobile.rhodes.RhodesService: pid=386 uid=10038 gids={3003}
D/dalvikvm(   33): GC_EXPLICIT freed 11K, 50% free 2719K/5379K, external 1625K/2137K, paused 58ms
D/dalvikvm(   33): GC_EXPLICIT freed <1K, 50% free 2719K/5379K, external 1625K/2137K, paused 51ms
D/dalvikvm(   33): GC_EXPLICIT freed <1K, 50% free 2719K/5379K, external 1625K/2137K, paused 71ms
D/dalvikvm(  386): Trying to load lib /data/data/com.rhomobile.gcm_push_client/lib/librhodes.so 0x40515ff8
D/dalvikvm(  386): Added shared lib /data/data/com.rhomobile.gcm_push_client/lib/librhodes.so 0x40515ff8
I/ActivityThread(  386): Pub com.rhomobile.gcm_push_client: com.rhomobile.rhodes.LocalFileProvider
I/RhodesApplication(  386): Initializing...
D/RhoFileApi(  386): App root path: /data/data/com.rhomobile.gcm_push_client/rhodata/
D/RhoFileApi(  386): Sqlite journals path: /data/data/com.rhomobile.gcm_push_client/sqlite_stmt_journals/
D/RhoFileApi(  386): Shared path: /data/data/com.rhomobile.gcm_push_client/rhodata/
D/RhodesApplication(  386): Root path: /data/data/com.rhomobile.gcm_push_client/rhodata/
I/RhoFileApi(  386): Opening stat table from FS: /data/data/com.rhomobile.gcm_push_client/rhodata/rho.dat
I/APP     (  386): T 06/11/2013 16:15:08:255 00000182    RhodesApplication| Root path: /data/data/com.rhomobile.gcm_push_client/rhodata/
I/APP     (  386): T 06/11/2013 16:15:08:256 00000182     fileapi.cpp:1707| New FS mode: 1
I/APP     (  386): I 06/11/2013 16:15:08:261 00000182    RhodesApplication| Initialized
I/APP     (  386): I 06/11/2013 16:15:08:266 00000182    LocalFileProvider| Revoke URI permissions: content:///com.rhomobile.gcm_push_client
W/ActivityManager(   61): No content provider found for: 
I/APP     (  386): I 06/11/2013 16:15:08:269 00000182               Rhodes| Loading...
I/APP     (  386): I 06/11/2013 16:15:08:271 00000182            RhodesApp| Trying to get free listening port.
I/APP     (  386): I 06/11/2013 16:15:08:272 00000182            RhodesApp| Trying to bind of 0 port...
I/APP     (  386): I 06/11/2013 16:15:08:273 00000182            RhodesApp| Got port to bind on: 50720
I/APP     (  386): I 06/11/2013 16:15:08:274 00000182            RhodesApp| Free listening port: 50720
I/APP     (  386): T 06/11/2013 16:15:08:279 0000018a            RhodesApp| Starting new thread - env: 0x002ac508, functions: 0x800a2988 ^^^^^^^^^^^^^^^^^^^^^^^^^^^^^^^^^^^^^^^^^^^^^^^^^^^^^
I/APP     (  386): I 06/11/2013 16:15:08:280 0000018a         AppCallbacks| Starting main routine...
I/APP     (  386): I 06/11/2013 16:15:08:281 0000018a         AppCallbacks| ThreadQueue blocked for 4294967295 seconds...
I/APP     (  386): T 06/11/2013 16:15:08:277 00000182               Rhodes| rho_cast<string, jstring>
I/APP     (  386): T 06/11/2013 16:15:08:282 00000182               Rhodes| rho_cast<string, jstring>: full_screen
I/APP     (  386): T 06/11/2013 16:15:08:323 0000018b            RhodesApp| Starting new thread - env: 0x002b7178, functions: 0x800a2988 ^^^^^^^^^^^^^^^^^^^^^^^^^^^^^^^^^^^^^^^^^^^^^^^^^^^^^
I/APP     (  386): I 06/11/2013 16:15:08:323 0000018b            RhodesApp| Starting RhodesApp main routine...
I/APP     (  386): I 06/11/2013 16:15:08:346 00000182 ConnectionChangeReceiver| LOGGER: Network status change, connected = true
I/APP     (  386): E 06/11/2013 16:15:08:347 00000182         RhodesAppJNI| nativeNotify
I/APP     (  386): E 06/11/2013 16:15:08:348 00000182            RhodesApp| enter notifyReceiver
I/APP     (  386): E 06/11/2013 16:15:08:349 00000182            RhodesApp| calling onNetworkStatusChanged
I/APP     (  386): I 06/11/2013 16:15:08:430 0000018b              RhoRuby| Init_RhoBlobs: /data/data/com.rhomobile.gcm_push_client/rhodata/db/db-files
I/APP     (  386): I 06/11/2013 16:15:08:460 0000018b              RhoRuby| require_compiled: RhoApplicationApi
I/APP     (  386): T 06/11/2013 16:15:08:462 0000018b               Rhodes| rho_cast<jstring, string>: lib/RhoApplicationApi.iseq
I/APP     (  386): I 06/11/2013 16:15:08:485 0000018b              RhoRuby| require_compiled: RhoNetworkApi
I/APP     (  386): T 06/11/2013 16:15:08:486 0000018b               Rhodes| rho_cast<jstring, string>: lib/RhoNetworkApi.iseq
I/APP     (  386): I 06/11/2013 16:15:08:501 0000018b              RhoRuby| require_compiled: RhoDatabaseApi
I/APP     (  386): T 06/11/2013 16:15:08:502 0000018b               Rhodes| rho_cast<jstring, string>: lib/RhoDatabaseApi.iseq
I/APP     (  386): I 06/11/2013 16:15:08:546 0000018b              RhoRuby| require_compiled: RhoLogApi
I/APP     (  386): T 06/11/2013 16:15:08:547 0000018b               Rhodes| rho_cast<jstring, string>: lib/RhoLogApi.iseq
I/APP     (  386): T 06/11/2013 16:15:08:552 0000018b              WebView| Init_WebView
I/APP     (  386): T 06/11/2013 16:15:08:553 0000018b         RhodesAppJNI| rho_find_class - com.rho.webview.WebViewFactory
I/APP     (  386): T 06/11/2013 16:15:08:557 0000018b               Rhodes| rho_cast<string, jstring>
I/APP     (  386): T 06/11/2013 16:15:08:558 0000018b               Rhodes| rho_cast<string, jstring>: disable_loading_indication
I/APP     (  386): T 06/11/2013 16:15:08:559 0000018b               Rhodes| rho_cast<string, jstring>
I/APP     (  386): T 06/11/2013 16:15:08:560 0000018b               Rhodes| rho_cast<string, jstring>: enable_screen_zoom
I/APP     (  386): T 06/11/2013 16:15:08:561 0000018b               Rhodes| rho_cast<string, jstring>
I/APP     (  386): T 06/11/2013 16:15:08:563 0000018b               Rhodes| rho_cast<string, jstring>: enable_web_plugins
I/APP     (  386): T 06/11/2013 16:15:08:563 0000018b               Rhodes| rho_cast<string, jstring>
I/APP     (  386): T 06/11/2013 16:15:08:564 0000018b               Rhodes| rho_cast<string, jstring>: WebView.enableCache
I/APP     (  386): T 06/11/2013 16:15:08:565 0000018b    RhoExtManagerImpl| Set WebView config
W/dalvikvm(  386): JNI WARNING: JNI method called with exception raised
W/dalvikvm(  386):              in Ldalvik/system/NativeStart;.run ()V (IsSameObject)
W/dalvikvm(  386): Pending exception is:
I/dalvikvm(  386): Ljava/lang/NullPointerException;: RhodesActivity.sInstance == null
I/dalvikvm(  386): 	at com.rhomobile.rhodes.RhodesActivity.safeGetInstance(RhodesActivity.java:416)
I/dalvikvm(  386): 	at com.rhomobile.rhodes.extmanager.RhoExtManagerImpl.setWebViewConfig(RhoExtManagerImpl.java:853)
I/dalvikvm(  386): 	at com.rho.webview.WebViewSingleton.<init>(WebViewSingleton.java:47)
I/dalvikvm(  386): 	at com.rho.webview.WebViewFactory.<init>(WebViewFactory.java:5)
I/dalvikvm(  386): 	at dalvik.system.NativeStart.run(Native Method)
I/dalvikvm(  386): "Thread-11" prio=5 tid=10 NATIVE
I/dalvikvm(  386):   | group="main" sCount=0 dsCount=0 obj=0x40567680 self=0x2b7700
I/dalvikvm(  386):   | sysTid=395 nice=0 sched=0/0 cgrp=bg_non_interactive handle=2847032
I/dalvikvm(  386):   | schedstat=( 217799024 36641001 71 )
I/dalvikvm(  386):   at dalvik.system.NativeStart.run(Native Method)
I/dalvikvm(  386): 
E/dalvikvm(  386): VM aborting
I/DEBUG   (   31): *** *** *** *** *** *** *** *** *** *** *** *** *** *** *** ***
I/DEBUG   (   31): Build fingerprint: 'generic/google_sdk/generic:2.3.4/GINGERBREAD/123630:eng/test-keys'
I/DEBUG   (   31): pid: 386, tid: 395  >>> com.rhomobile.gcm_push_client <<<
I/DEBUG   (   31): signal 11 (SIGSEGV), code 1 (SEGV_MAPERR), fault addr deadd00d
I/DEBUG   (   31):  r0 fffffec4  r1 deadd00d  r2 00000026  r3 00000000
I/DEBUG   (   31):  r4 800a45c0  r5 00000000  r6 00000000  r7 002b7700
I/DEBUG   (   31):  r8 40572438  r9 80cc53b8  10 00100000  fp 80cc4b80
I/DEBUG   (   31):  ip 800a4720  sp 44196af8  lr afd19375  pc 80045a4a  cpsr 20000030
I/DEBUG   (   31):          #00  pc 00045a4a  /system/lib/libdvm.so
I/DEBUG   (   31):          #01  pc 00037748  /system/lib/libdvm.so
I/DEBUG   (   31):          #02  pc 00037868  /system/lib/libdvm.so
I/DEBUG   (   31):          #03  pc 0003919a  /system/lib/libdvm.so
I/DEBUG   (   31): 
I/DEBUG   (   31): code around pc:
I/DEBUG   (   31): 80045a28 447a4479 ed0cf7d1 20004c09 ee34f7d1 
I/DEBUG   (   31): 80045a38 447c4808 6bdb5823 d0002b00 49064798 
I/DEBUG   (   31): 80045a48 700a2226 eea0f7d1 000436b7 00045275 
I/DEBUG   (   31): 80045a58 0005eb82 fffffec4 deadd00d b510b40e 
I/DEBUG   (   31): 80045a68 4c0a4b09 447bb083 aa05591b 6b5bca02 
I/DEBUG   (   31): 
I/DEBUG   (   31): code around lr:
I/DEBUG   (   31): afd19354 b0834a0d 589c447b 26009001 686768a5 
I/DEBUG   (   31): afd19364 220ce008 2b005eab 1c28d003 47889901 
I/DEBUG   (   31): afd19374 35544306 d5f43f01 2c006824 b003d1ee 
I/DEBUG   (   31): afd19384 bdf01c30 000281a8 ffffff88 1c0fb5f0 
I/DEBUG   (   31): afd19394 43551c3d a904b087 1c16ac01 604d9004 
I/DEBUG   (   31): 
I/DEBUG   (   31): stack:
I/DEBUG   (   31):     44196ab8  00000015  
I/DEBUG   (   31):     44196abc  afd18407  /system/lib/libc.so
I/DEBUG   (   31):     44196ac0  afd42604  /system/lib/libc.so
I/DEBUG   (   31):     44196ac4  afd4682c  
I/DEBUG   (   31):     44196ac8  00000000  
I/DEBUG   (   31):     44196acc  afd19375  /system/lib/libc.so
I/DEBUG   (   31):     44196ad0  002b7700  [heap]
I/DEBUG   (   31):     44196ad4  afd183d9  /system/lib/libc.so
I/DEBUG   (   31):     44196ad8  002b7700  [heap]
I/DEBUG   (   31):     44196adc  0005eb82  [heap]
I/DEBUG   (   31):     44196ae0  00000000  
I/DEBUG   (   31):     44196ae4  00000000  
I/DEBUG   (   31):     44196ae8  002b7700  [heap]
I/DEBUG   (   31):     44196aec  afd18437  /system/lib/libc.so
I/DEBUG   (   31):     44196af0  df0027ad  
I/DEBUG   (   31):     44196af4  00000000  
I/DEBUG   (   31): #00 44196af8  00000001  
I/DEBUG   (   31):     44196afc  8003774d  /system/lib/libdvm.so
I/DEBUG   (   31): #01 44196b00  00000001  
I/DEBUG   (   31):     44196b04  8003786d  /system/lib/libdvm.so
I/BootReceiver(   61): Copying /data/tombstones/tombstone_09 to DropBox (SYSTEM_TOMBSTONE)
D/Zygote  (   33): Process 386 terminated by signal (11)
I/ActivityManager(   61): Process com.rhomobile.gcm_push_client (pid 386) has died.
W/ActivityManager(   61): Scheduling restart of crashed service com.rhomobile.gcm_push_client/com.rhomobile.rhodes.RhodesService in 20000ms
D/dalvikvm(   61): GC_FOR_MALLOC freed 683K, 46% free 5025K/9287K, external 4373K/5573K, paused 42ms
I/ActivityManager(   61): Start proc com.rhomobile.gcm_push_client for service com.rhomobile.gcm_push_client/com.rhomobile.rhodes.RhodesService: pid=397 uid=10038 gids={3003}
D/dalvikvm(  397): Trying to load lib /data/data/com.rhomobile.gcm_push_client/lib/librhodes.so 0x40513738
D/dalvikvm(  397): Added shared lib /data/data/com.rhomobile.gcm_push_client/lib/librhodes.so 0x40513738
I/ActivityThread(  397): Pub com.rhomobile.gcm_push_client: com.rhomobile.rhodes.LocalFileProvider
I/RhodesApplication(  397): Initializing...
D/RhoFileApi(  397): App root path: /data/data/com.rhomobile.gcm_push_client/rhodata/
D/RhoFileApi(  397): Sqlite journals path: /data/data/com.rhomobile.gcm_push_client/sqlite_stmt_journals/
D/RhoFileApi(  397): Shared path: /data/data/com.rhomobile.gcm_push_client/rhodata/
D/RhodesApplication(  397): Root path: /data/data/com.rhomobile.gcm_push_client/rhodata/
