I/DEBUG   (  471): pid: 565, tid: 565  >>> com.rhomobile.rho_push_client <<<
I/DEBUG   (  471): signal 11 (SIGSEGV), code 1 (SEGV_MAPERR), fault addr 00000000
I/DEBUG   (  471):  r0 00000000  r1 00000000  r2 80cc3644  r3 80cc3558
I/DEBUG   (  471):  r4 afd4d5c8  r5 bed443f0  r6 bed443d8  r7 4056d318
I/DEBUG   (  471):  r8 bed44420  r9 418fcd38  10 418fcd20  fp 42599768
I/DEBUG   (  471):  ip 80cb0c0c  sp bed443c8  lr 8088825c  pc 80b2d798  cpsr 60000010
I/DEBUG   (  471):          #00  pc 0032d798  /data/data/com.rhomobile.rho_push_client/lib/librhodes.so
I/DEBUG   (  471):          #01  lr 8088825c  /data/data/com.rhomobile.rho_push_client/lib/librhodes.so
I/DEBUG   (  471): 
I/DEBUG   (  471): code around pc:
I/DEBUG   (  471): 80b2d778 e24dd008 e59f403c e79f4004 e5943000 
I/DEBUG   (  471): 80b2d788 e58d3004 e59f3030 e79f3003 e5930004 
I/DEBUG   (  471): 80b2d798 e5903000 e5933008 e12fff33 e59d2004 
I/DEBUG   (  471): 80b2d7a8 e5943000 e1520003 0a000000 ebf4fd95 
I/DEBUG   (  471): 80b2d7b8 e28dd008 e8bd8010 0018246c 00182778 
I/DEBUG   (  471): 
I/DEBUG   (  471): code around lr:
I/DEBUG   (  471): 8088823c e1a01004 eb000091 e28d5018 e1a01004 
I/DEBUG   (  471): 8088824c e1a02007 e1a00005 eb00008c eb0a9545 
I/DEBUG   (  471): 8088825c e1a0100d e1a02005 e5903000 e593302c 
I/DEBUG   (  471): 8088826c e12fff33 e59d002c e1500005 0a000006 
I/DEBUG   (  471): 8088827c e3500000 0a000004 e59d1018 e0601001 
I/DEBUG   (  471): 
I/DEBUG   (  471): stack:
I/DEBUG   (  471):     bed44388  80c28ca4  /data/data/com.rhomobile.rho_push_client/lib/librhodes.so
I/DEBUG   (  471):     bed4438c  002a0e48  [heap]
I/DEBUG   (  471):     bed44390  002a0e90  [heap]
I/DEBUG   (  471):     bed44394  656e6e6f  
I/DEBUG   (  471):     bed44398  705f7463  
I/DEBUG   (  471):     bed4439c  00687375  [heap]
I/DEBUG   (  471):     bed443a0  002a0e8d  [heap]
I/DEBUG   (  471):     bed443a4  002a0e48  [heap]
I/DEBUG   (  471):     bed443a8  bed443f0  
I/DEBUG   (  471):     bed443ac  bed443f0  
I/DEBUG   (  471):     bed443b0  bed443d8  
I/DEBUG   (  471):     bed443b4  4056d318  /dev/ashmem/dalvik-heap (deleted)
I/DEBUG   (  471):     bed443b8  bed44420  
I/DEBUG   (  471):     bed443bc  418fcd38  
I/DEBUG   (  471):     bed443c0  df0027ad  
I/DEBUG   (  471):     bed443c4  00000000  
I/DEBUG   (  471): #00 bed443c8  00000000  
I/DEBUG   (  471):     bed443cc  ded94de3  
I/DEBUG   (  471):     bed443d0  0000abe0  [heap]
I/DEBUG   (  471):     bed443d4  8088825c  /data/data/com.rhomobile.rho_push_client/lib/librhodes.so
I/DEBUG   (  471):     bed443d8  636f6872  
I/DEBUG   (  471):     bed443dc  656e6e6f  
I/DEBUG   (  471):     bed443e0  705f7463  
I/DEBUG   (  471):     bed443e4  00687375  [heap]
I/DEBUG   (  471):     bed443e8  bed443e7  
I/DEBUG   (  471):     bed443ec  bed443d8  
I/DEBUG   (  471):     bed443f0  002a0e00  [heap]
I/DEBUG   (  471):     bed443f4  00000200  
I/DEBUG   (  471):     bed443f8  000001b4  
I/DEBUG   (  471):     bed443fc  c0000000  
I/DEBUG   (  471):     bed44400  002a0dfd  [heap]
I/DEBUG   (  471):     bed44404  002a0db8  [heap]
I/DEBUG   (  471):     bed44408  418fcd20  
I/DEBUG   (  471):     bed4440c  bed44440  
I/APP     (  565): I 06/11/2013 16:41:56:402 00000245                  APP| RHO serve: /app/Settings/check_registration
I/APP     (  565): I 06/11/2013 16:41:56:404 00000245                  APP| Params: {"rho_callback"=>"1"}
I/APP     (  565): I 06/11/2013 16:41:56:404 00000245                  APP| Check push registration
I/APP     (  565): I 06/11/2013 16:41:56:406 00000245           HttpServer| GC Start.
I/APP     (  565): I 06/11/2013 16:41:56:435 00000245           HttpServer| GC End.
I/BootReceiver(   61): Copying /data/tombstones/tombstone_08 to DropBox (SYSTEM_TOMBSTONE)
D/Zygote  (   33): Process 565 terminated by signal (11)
E/InputDispatcher(   61): channel '407438c8 com.rhomobile.rho_push_client/com.rhomobile.rhodes.RhodesActivity (server)' ~ Consumer closed input channel or an error occurred.  events=0x8
E/InputDispatcher(   61): channel '407438c8 com.rhomobile.rho_push_client/com.rhomobile.rhodes.RhodesActivity (server)' ~ Channel is unrecoverably broken and will be disposed!
D/dalvikvm(   61): GC_FOR_MALLOC freed 432K, 46% free 5234K/9671K, external 4373K/5573K, paused 72ms
I/dalvikvm-heap(   61): Grow heap (frag case) to 11.939MB for 196628-byte allocation
D/dalvikvm(   61): GC_FOR_MALLOC freed 6K, 46% free 5420K/9927K, external 4373K/5573K, paused 79ms
I/ActivityManager(   61): Process com.rhomobile.rho_push_client (pid 565) has died.
W/ActivityManager(   61): Scheduling restart of crashed service com.rhomobile.rho_push_client/com.rhomobile.rhodes.RhodesService in 5820ms
I/WindowManager(   61): WIN DEATH: Window{407438c8 com.rhomobile.rho_push_client/com.rhomobile.rhodes.RhodesActivity paused=false}
D/dalvikvm(   61): GC_FOR_MALLOC freed 131K, 47% free 5290K/9927K, external 4373K/5573K, paused 71ms
D/dalvikvm(   61): GC_FOR_MALLOC freed 375K, 50% free 5044K/9927K, external 4373K/5573K, paused 80ms
I/ActivityManager(   61): Start proc com.rhomobile.rho_push_client for service com.rhomobile.rho_push_client/com.rhomobile.rhodes.RhodesService: pid=609 uid=10040 gids={3003}
D/dalvikvm(   33): GC_EXPLICIT freed 11K, 50% free 2719K/5379K, external 1625K/2137K, paused 54ms
D/dalvikvm(   33): GC_EXPLICIT freed <1K, 50% free 2719K/5379K, external 1625K/2137K, paused 90ms
D/dalvikvm(   33): GC_EXPLICIT freed <1K, 50% free 2719K/5379K, external 1625K/2137K, paused 81ms
D/dalvikvm(  609): Trying to load lib /data/data/com.rhomobile.rho_push_client/lib/librhodes.so 0x405159d0
D/dalvikvm(  609): Added shared lib /data/data/com.rhomobile.rho_push_client/lib/librhodes.so 0x405159d0
I/ActivityThread(  609): Pub com.rhomobile.rho_push_client: com.rhomobile.rhodes.LocalFileProvider
I/RhodesApplication(  609): Initializing...
D/RhoFileApi(  609): App root path: /data/data/com.rhomobile.rho_push_client/rhodata/
D/RhoFileApi(  609): Sqlite journals path: /data/data/com.rhomobile.rho_push_client/sqlite_stmt_journals/
D/RhoFileApi(  609): Shared path: /data/data/com.rhomobile.rho_push_client/rhodata/
D/RhodesApplication(  609): Root path: /data/data/com.rhomobile.rho_push_client/rhodata/
I/RhoFileApi(  609): Opening stat table from FS: /data/data/com.rhomobile.rho_push_client/rhodata/rho.dat
I/APP     (  609): I 06/11/2013 16:42:04:985 00000261    RhodesApplication| Initialized
I/APP     (  609): I 06/11/2013 16:42:04:990 00000261    LocalFileProvider| Revoke URI permissions: content:///com.rhomobile.rho_push_client
W/ActivityManager(   61): No content provider found for: 
I/APP     (  609): I 06/11/2013 16:42:04:994 00000261               Rhodes| Loading...
I/APP     (  609): I 06/11/2013 16:42:04:997 00000261            RhodesApp| Trying to get free listening port.
I/APP     (  609): I 06/11/2013 16:42:04:999 00000261            RhodesApp| Trying to bind of 0 port...
I/APP     (  609): I 06/11/2013 16:42:05:000 00000261            RhodesApp| Got port to bind on: 44821
I/APP     (  609): I 06/11/2013 16:42:05:002 00000261            RhodesApp| Free listening port: 44821
I/APP     (  609): I 06/11/2013 16:42:05:028 00000269         AppCallbacks| Starting main routine...
I/APP     (  609): I 06/11/2013 16:42:05:029 00000269         AppCallbacks| ThreadQueue blocked for 4294967295 seconds...
I/APP     (  609): I 06/11/2013 16:42:05:088 00000261        RhodesService| handleCommand: startId=2, source=com.rhomobile.rhodes.PushContract
I/APP     (  609): I 06/11/2013 16:42:05:091 00000261        RhodesService| Received PUSH registration id: c647f525-0ac6-4251-b007-44401e08155c:61bae9b76777752eca51dccfd80fe559
I/APP     (  609): I 06/11/2013 16:42:05:095 0000026a            RhodesApp| Starting RhodesApp main routine...
I/APP     (  609): I 06/11/2013 16:42:05:190 0000026a              RhoRuby| Init_RhoBlobs: /data/data/com.rhomobile.rho_push_client/rhodata/db/db-files
I/DEBUG   (  471): *** *** *** *** *** *** *** *** *** *** *** *** *** *** *** ***
I/DEBUG   (  471): Build fingerprint: 'generic/google_sdk/generic:2.3.4/GINGERBREAD/123630:eng/test-keys'
I/DEBUG   (  471): pid: 609, tid: 609  >>> com.rhomobile.rho_push_client <<<
I/DEBUG   (  471): signal 11 (SIGSEGV), code 1 (SEGV_MAPERR), fault addr 00000000
I/DEBUG   (  471):  r0 00000000  r1 00000000  r2 80cc3644  r3 80cc3558
I/DEBUG   (  471):  r4 afd4d5c8  r5 bed443f0  r6 bed443d8  r7 40565f40
I/DEBUG   (  471):  r8 bed44420  r9 418fcd38  10 418fcd20  fp 42599768
I/DEBUG   (  471):  ip 80cb0c0c  sp bed443c8  lr 8088825c  pc 80b2d798  cpsr 60000010
I/APP     (  609): I 06/11/2013 16:42:05:259 0000026a              RhoRuby| require_compiled: RhoApplicationApi
I/APP     (  609): I 06/11/2013 16:42:05:304 0000026a              RhoRuby| require_compiled: RhoNetworkApi
I/APP     (  609): I 06/11/2013 16:42:05:337 0000026a              RhoRuby| require_compiled: RhoDatabaseApi
I/DEBUG   (  471):          #00  pc 0032d798  /data/data/com.rhomobile.rho_push_client/lib/librhodes.so
I/DEBUG   (  471):          #01  lr 8088825c  /data/data/com.rhomobile.rho_push_client/lib/librhodes.so
I/DEBUG   (  471): 
I/DEBUG   (  471): code around pc:
I/DEBUG   (  471): 80b2d778 e24dd008 e59f403c e79f4004 e5943000 
I/DEBUG   (  471): 80b2d788 e58d3004 e59f3030 e79f3003 e5930004 
I/DEBUG   (  471): 80b2d798 e5903000 e5933008 e12fff33 e59d2004 
I/DEBUG   (  471): 80b2d7a8 e5943000 e1520003 0a000000 ebf4fd95 
I/DEBUG   (  471): 80b2d7b8 e28dd008 e8bd8010 0018246c 00182778 
I/DEBUG   (  471): 
I/DEBUG   (  471): code around lr:
I/DEBUG   (  471): 8088823c e1a01004 eb000091 e28d5018 e1a01004 
I/DEBUG   (  471): 8088824c e1a02007 e1a00005 eb00008c eb0a9545 
I/DEBUG   (  471): 8088825c e1a0100d e1a02005 e5903000 e593302c 
I/DEBUG   (  471): 8088826c e12fff33 e59d002c e1500005 0a000006 
I/DEBUG   (  471): 8088827c e3500000 0a000004 e59d1018 e0601001 
I/DEBUG   (  471): 
I/DEBUG   (  471): stack:
I/DEBUG   (  471):     bed44388  80c28ca4  /data/data/com.rhomobile.rho_push_client/lib/librhodes.so
I/DEBUG   (  471):     bed4438c  002a0b20  [heap]
I/DEBUG   (  471):     bed44390  002a0b68  [heap]
I/DEBUG   (  471):     bed44394  656e6e6f  
I/DEBUG   (  471):     bed44398  705f7463  
I/DEBUG   (  471):     bed4439c  00687375  
I/DEBUG   (  471):     bed443a0  002a0b65  [heap]
I/DEBUG   (  471):     bed443a4  002a0b20  [heap]
I/DEBUG   (  471):     bed443a8  bed443f0  
I/DEBUG   (  471):     bed443ac  bed443f0  
I/DEBUG   (  471):     bed443b0  bed443d8  
I/DEBUG   (  471):     bed443b4  40565f40  /dev/ashmem/dalvik-heap (deleted)
I/DEBUG   (  471):     bed443b8  bed44420  
I/DEBUG   (  471):     bed443bc  418fcd38  
I/DEBUG   (  471):     bed443c0  df002777  
I/DEBUG   (  471):     bed443c4  e3a070ad  
I/DEBUG   (  471): #00 bed443c8  00000000  
I/DEBUG   (  471):     bed443cc  ded94de3  
I/DEBUG   (  471):     bed443d0  0000abe0  [heap]
I/DEBUG   (  471):     bed443d4  8088825c  /data/data/com.rhomobile.rho_push_client/lib/librhodes.so
I/DEBUG   (  471):     bed443d8  636f6872  
I/DEBUG   (  471):     bed443dc  656e6e6f  
I/DEBUG   (  471):     bed443e0  705f7463  
I/DEBUG   (  471):     bed443e4  00687375  
I/DEBUG   (  471):     bed443e8  bed443e7  
I/DEBUG   (  471):     bed443ec  bed443d8  
I/DEBUG   (  471):     bed443f0  002a0bb0  [heap]
I/DEBUG   (  471):     bed443f4  00000360  
I/DEBUG   (  471):     bed443f8  000001b4  
I/APP     (  609): I 06/11/2013 16:42:05:461 0000026a              RhoRuby| require_compiled: RhoLogApi
I/DEBUG   (  471):     bed443fc  c0000000  
I/DEBUG   (  471):     bed44400  002a0bad  [heap]
I/DEBUG   (  471):     bed44404  002a0b68  [heap]
I/DEBUG   (  471):     bed44408  418fcd20  
I/DEBUG   (  471):     bed4440c  bed44440  
W/dalvikvm(  609): JNI WARNING: JNI method called with exception raised
W/dalvikvm(  609):              in Ldalvik/system/NativeStart;.run ()V (IsSameObject)
W/dalvikvm(  609): Pending exception is:
I/dalvikvm(  609): Ljava/lang/NullPointerException;: RhodesActivity.sInstance == null
I/dalvikvm(  609): 	at com.rhomobile.rhodes.RhodesActivity.safeGetInstance(RhodesActivity.java:416)
I/dalvikvm(  609): 	at com.rhomobile.rhodes.extmanager.RhoExtManagerImpl.setWebViewConfig(RhoExtManagerImpl.java:853)
I/dalvikvm(  609): 	at com.rho.webview.WebViewSingleton.<init>(WebViewSingleton.java:47)
I/dalvikvm(  609): 	at com.rho.webview.WebViewFactory.<init>(WebViewFactory.java:5)
I/dalvikvm(  609): 	at dalvik.system.NativeStart.run(Native Method)
I/dalvikvm(  609): "Thread-11" prio=5 tid=10 NATIVE
I/dalvikvm(  609):   | group="main" sCount=0 dsCount=0 obj=0x405674d0 self=0x2917a0
I/dalvikvm(  609):   | sysTid=618 nice=0 sched=0/0 cgrp=default handle=2810056
I/dalvikvm(  609):   | schedstat=( 207949022 199420019 58 )
I/dalvikvm(  609):   at dalvik.system.NativeStart.run(Native Method)
I/dalvikvm(  609): 
E/dalvikvm(  609): VM aborting
I/ActivityManager(   61): Process com.rhomobile.rho_push_client (pid 609) has died.
W/ActivityManager(   61): Scheduling restart of crashed service com.rhomobile.rho_push_client/com.rhomobile.rhodes.RhodesService in 23280ms
I/BootReceiver(   61): Copying /data/tombstones/tombstone_09 to DropBox (SYSTEM_TOMBSTONE)
I/DEBUG   (  471): debuggerd committing suicide to free the zombie!
D/Zygote  (   33): Process 609 terminated by signal (11)
I/DEBUG   (  620): debuggerd: May  4 2011 16:18:10
D/dalvikvm(  187): GC_EXPLICIT freed 14K, 50% free 2996K/5959K, external 1625K/2137K, paused 535ms
D/dalvikvm(  239): GC_EXPLICIT freed 8K, 52% free 2778K/5703K, external 1625K/2137K, paused 32ms
D/dalvikvm(  305): GC_EXPLICIT freed 7K, 51% free 2724K/5511K, external 1625K/2137K, paused 53ms
D/dalvikvm(  337): GC_EXPLICIT freed 2K, 48% free 3520K/6727K, external 1625K/2137K, paused 36ms
D/dalvikvm(  352): GC_EXPLICIT freed 2K, 51% free 2718K/5511K, external 1625K/2137K, paused 60ms
I/ActivityManager(   61): Start proc com.rhomobile.rho_push_client for service com.rhomobile.rho_push_client/com.rhomobile.rhodes.RhodesService: pid=621 uid=10040 gids={3003}
D/dalvikvm(  621): Trying to load lib /data/data/com.rhomobile.rho_push_client/lib/librhodes.so 0x40513180
D/dalvikvm(  621): Added shared lib /data/data/com.rhomobile.rho_push_client/lib/librhodes.so 0x40513180
I/ActivityThread(  621): Pub com.rhomobile.rho_push_client: com.rhomobile.rhodes.LocalFileProvider
I/RhodesApplication(  621): Initializing...
D/RhoFileApi(  621): App root path: /data/data/com.rhomobile.rho_push_client/rhodata/
D/RhoFileApi(  621): Sqlite journals path: /data/data/com.rhomobile.rho_push_client/sqlite_stmt_journals/
D/RhoFileApi(  621): Shared path: /data/data/com.rhomobile.rho_push_client/rhodata/
D/RhodesApplication(  621): Root path: /data/data/com.rhomobile.rho_push_client/rhodata/
I/RhoFileApi(  621): Opening stat table from FS: /data/data/com.rhomobile.rho_push_client/rhodata/rho.dat
I/APP     (  621): I 06/11/2013 16:42:29:124 0000026d    RhodesApplication| Initialized
I/APP     (  621): I 06/11/2013 16:42:29:129 0000026d    LocalFileProvider| Revoke URI permissions: content:///com.rhomobile.rho_push_client
W/ActivityManager(   61): No content provider found for: 
I/APP     (  621): I 06/11/2013 16:42:29:136 0000026d               Rhodes| Loading...
I/APP     (  621): I 06/11/2013 16:42:29:138 0000026d            RhodesApp| Trying to get free listening port.
I/APP     (  621): I 06/11/2013 16:42:29:139 0000026d            RhodesApp| Trying to bind of 0 port...
I/APP     (  621): I 06/11/2013 16:42:29:141 0000026d            RhodesApp| Got port to bind on: 54312
I/APP     (  621): I 06/11/2013 16:42:29:143 0000026d            RhodesApp| Free listening port: 54312
I/APP     (  621): I 06/11/2013 16:42:29:151 00000275         AppCallbacks| Starting main routine...
I/APP     (  621): I 06/11/2013 16:42:29:152 00000275         AppCallbacks| ThreadQueue blocked for 4294967295 seconds...
I/APP     (  621): I 06/11/2013 16:42:29:192 0000026d        RhodesService| handleCommand: startId=2, source=com.rhomobile.rhodes.PushContract
I/APP     (  621): I 06/11/2013 16:42:29:194 0000026d        RhodesService| Received PUSH registration id: c647f525-0ac6-4251-b007-44401e08155c:61bae9b76777752eca51dccfd80fe559
I/APP     (  621): I 06/11/2013 16:42:29:197 00000276            RhodesApp| Starting RhodesApp main routine...
I/APP     (  621): I 06/11/2013 16:42:29:293 00000276              RhoRuby| Init_RhoBlobs: /data/data/com.rhomobile.rho_push_client/rhodata/db/db-files
I/DEBUG   (  620): *** *** *** *** *** *** *** *** *** *** *** *** *** *** *** ***
I/DEBUG   (  620): Build fingerprint: 'generic/google_sdk/generic:2.3.4/GINGERBREAD/123630:eng/test-keys'
I/DEBUG   (  620): pid: 621, tid: 621  >>> com.rhomobile.rho_push_client <<<
I/DEBUG   (  620): signal 11 (SIGSEGV), code 1 (SEGV_MAPERR), fault addr 00000000
I/DEBUG   (  620):  r0 00000000  r1 00000000  r2 80cc3644  r3 80cc3558
I/DEBUG   (  620):  r4 afd4d5c8  r5 bed443f0  r6 bed443d8  r7 405636f0
I/DEBUG   (  620):  r8 bed44420  r9 418fcd38  10 418fcd20  fp 42599768
I/DEBUG   (  620):  ip 80cb0c0c  sp bed443c8  lr 8088825c  pc 80b2d798  cpsr 60000010
I/APP     (  621): I 06/11/2013 16:42:29:366 00000276              RhoRuby| require_compiled: RhoApplicationApi
I/APP     (  621): I 06/11/2013 16:42:29:415 00000276              RhoRuby| require_compiled: RhoNetworkApi
I/APP     (  621): I 06/11/2013 16:42:29:444 00000276              RhoRuby| require_compiled: RhoDatabaseApi
I/DEBUG   (  620):          #00  pc 0032d798  /data/data/com.rhomobile.rho_push_client/lib/librhodes.so
I/DEBUG   (  620):          #01  lr 8088825c  /data/data/com.rhomobile.rho_push_client/lib/librhodes.so
I/DEBUG   (  620): 
I/DEBUG   (  620): code around pc:
I/DEBUG   (  620): 80b2d778 e24dd008 e59f403c e79f4004 e5943000 
I/DEBUG   (  620): 80b2d788 e58d3004 e59f3030 e79f3003 e5930004 
I/DEBUG   (  620): 80b2d798 e5903000 e5933008 e12fff33 e59d2004 
I/DEBUG   (  620): 80b2d7a8 e5943000 e1520003 0a000000 ebf4fd95 
I/DEBUG   (  620): 80b2d7b8 e28dd008 e8bd8010 0018246c 00182778 
I/DEBUG   (  620): 
I/DEBUG   (  620): code around lr:
I/DEBUG   (  620): 8088823c e1a01004 eb000091 e28d5018 e1a01004 
I/DEBUG   (  620): 8088824c e1a02007 e1a00005 eb00008c eb0a9545 
I/DEBUG   (  620): 8088825c e1a0100d e1a02005 e5903000 e593302c 
I/DEBUG   (  620): 8088826c e12fff33 e59d002c e1500005 0a000006 
I/DEBUG   (  620): 8088827c e3500000 0a000004 e59d1018 e0601001 
I/DEBUG   (  620): 
I/DEBUG   (  620): stack:
I/DEBUG   (  620):     bed44388  80c28ca4  /data/data/com.rhomobile.rho_push_client/lib/librhodes.so
I/DEBUG   (  620):     bed4438c  002a0b28  [heap]
I/DEBUG   (  620):     bed44390  002a0b70  [heap]
I/DEBUG   (  620):     bed44394  656e6e6f  
I/DEBUG   (  620):     bed44398  705f7463  
I/DEBUG   (  620):     bed4439c  00687375  
I/DEBUG   (  620):     bed443a0  002a0b6d  [heap]
I/DEBUG   (  620):     bed443a4  002a0b28  [heap]
I/DEBUG   (  620):     bed443a8  bed443f0  
I/DEBUG   (  620):     bed443ac  bed443f0  
I/DEBUG   (  620):     bed443b0  bed443d8  
I/DEBUG   (  620):     bed443b4  405636f0  /dev/ashmem/dalvik-heap (deleted)
I/DEBUG   (  620):     bed443b8  bed44420  
I/DEBUG   (  620):     bed443bc  418fcd38  
I/DEBUG   (  620):     bed443c0  df002777  
I/DEBUG   (  620):     bed443c4  e3a070ad  
I/DEBUG   (  620): #00 bed443c8  00000000  
I/DEBUG   (  620):     bed443cc  ded94de3  
I/DEBUG   (  620):     bed443d0  0000abe0  [heap]
I/DEBUG   (  620):     bed443d4  8088825c  /data/data/com.rhomobile.rho_push_client/lib/librhodes.so
I/DEBUG   (  620):     bed443d8  636f6872  
I/APP     (  621): I 06/11/2013 16:42:29:559 00000276              RhoRuby| require_compiled: RhoLogApi
I/DEBUG   (  620):     bed443dc  656e6e6f  
I/DEBUG   (  620):     bed443e0  705f7463  
I/DEBUG   (  620):     bed443e4  00687375  
I/DEBUG   (  620):     bed443e8  bed443e7  
I/DEBUG   (  620):     bed443ec  bed443d8  
I/DEBUG   (  620):     bed443f0  002a0bb8  [heap]
I/DEBUG   (  620):     bed443f4  00000360  
I/DEBUG   (  620):     bed443f8  000001b4  
I/DEBUG   (  620):     bed443fc  c0000000  
I/DEBUG   (  620):     bed44400  002a0bb5  [heap]
I/DEBUG   (  620):     bed44404  002a0b70  [heap]
I/DEBUG   (  620):     bed44408  418fcd20  
I/DEBUG   (  620):     bed4440c  bed44440  
W/dalvikvm(  621): JNI WARNING: JNI method called with exception raised
W/dalvikvm(  621):              in Ldalvik/system/NativeStart;.run ()V (IsSameObject)
W/dalvikvm(  621): Pending exception is:
I/dalvikvm(  621): Ljava/lang/NullPointerException;: RhodesActivity.sInstance == null
I/dalvikvm(  621): 	at com.rhomobile.rhodes.RhodesActivity.safeGetInstance(RhodesActivity.java:416)
I/dalvikvm(  621): 	at com.rhomobile.rhodes.extmanager.RhoExtManagerImpl.setWebViewConfig(RhoExtManagerImpl.java:853)
I/dalvikvm(  621): 	at com.rho.webview.WebViewSingleton.<init>(WebViewSingleton.java:47)
I/dalvikvm(  621): 	at com.rho.webview.WebViewFactory.<init>(WebViewFactory.java:5)
I/dalvikvm(  621): 	at dalvik.system.NativeStart.run(Native Method)
I/dalvikvm(  621): "Thread-11" prio=5 tid=10 NATIVE
I/dalvikvm(  621):   | group="main" sCount=0 dsCount=0 obj=0x40564c80 self=0x2917a0
I/dalvikvm(  621):   | sysTid=630 nice=0 sched=0/0 cgrp=default handle=2810064
I/dalvikvm(  621):   | schedstat=( 208195026 204684016 61 )
I/dalvikvm(  621):   at dalvik.system.NativeStart.run(Native Method)
I/dalvikvm(  621): 
E/dalvikvm(  621): VM aborting
I/ActivityManager(   61): Process com.rhomobile.rho_push_client (pid 621) has died.
W/ActivityManager(   61): Canceling start item Intent { cmp=com.rhomobile.rho_push_client/com.rhomobile.rhodes.RhodesService (has extras) } in service ComponentInfo{com.rhomobile.rho_push_client/com.rhomobile.rhodes.RhodesService}
W/ActivityManager(   61): Scheduling restart of crashed service com.rhomobile.rho_push_client/com.rhomobile.rhodes.RhodesService in 93120ms
I/BootReceiver(   61): Copying /data/tombstones/tombstone_00 to DropBox (SYSTEM_TOMBSTONE)
I/DEBUG   (  620): debuggerd committing suicide to free the zombie!
D/Zygote  (   33): Process 621 terminated by signal (11)
I/DEBUG   (  632): debuggerd: May  4 2011 16:18:10
I/ConnectionHandler-ANS(  591): ===> IOException while getting next message from http://192.168.1.128:8675
I/ConnectionHandler-ANS(  591): ANS initiating nextMessage fetch for http://192.168.1.128:8675
I/ConnectionHandler-ANS(  591): ===> trouble fetching last message - initiating 8000ms delayed retry (http://192.168.1.128:8675)
I/ConnectionHandler-ANS(  591): ===> Establishing connection to http://192.168.1.128:8675...
I/ConnectionHandler-ANS(  591): ===> IOException while getting next message from http://192.168.1.128:8675
I/ConnectionHandler-ANS(  591): ANS initiating nextMessage fetch for http://192.168.1.128:8675
I/ConnectionHandler-ANS(  591): ===> trouble fetching last message - initiating 16000ms delayed retry (http://192.168.1.128:8675)
I/ActivityManager(   61): Start proc com.rhomobile.rho_push_client for service com.rhomobile.rho_push_client/com.rhomobile.rhodes.RhodesService: pid=633 uid=10040 gids={3003}
D/dalvikvm(  633): Trying to load lib /data/data/com.rhomobile.rho_push_client/lib/librhodes.so 0x405133c8
D/dalvikvm(  633): Added shared lib /data/data/com.rhomobile.rho_push_client/lib/librhodes.so 0x405133c8
I/ActivityThread(  633): Pub com.rhomobile.rho_push_client: com.rhomobile.rhodes.LocalFileProvider
I/RhodesApplication(  633): Initializing...
D/RhoFileApi(  633): App root path: /data/data/com.rhomobile.rho_push_client/rhodata/
D/RhoFileApi(  633): Sqlite journals path: /data/data/com.rhomobile.rho_push_client/sqlite_stmt_journals/
D/RhoFileApi(  633): Shared path: /data/data/com.rhomobile.rho_push_client/rhodata/
D/RhodesApplication(  633): Root path: /data/data/com.rhomobile.rho_push_client/rhodata/
I/RhoFileApi(  633): Opening stat table from FS: /data/data/com.rhomobile.rho_push_client/rhodata/rho.dat
I/APP     (  633): I 06/11/2013 16:44:03:059 00000279    RhodesApplication| Initialized
I/APP     (  633): I 06/11/2013 16:44:03:064 00000279    LocalFileProvider| Revoke URI permissions: content:///com.rhomobile.rho_push_client
W/ActivityManager(   61): No content provider found for: 
I/APP     (  633): I 06/11/2013 16:44:03:067 00000279               Rhodes| Loading...
I/APP     (  633): I 06/11/2013 16:44:03:069 00000279            RhodesApp| Trying to get free listening port.
I/APP     (  633): I 06/11/2013 16:44:03:070 00000279            RhodesApp| Trying to bind of 0 port...
I/APP     (  633): I 06/11/2013 16:44:03:072 00000279            RhodesApp| Got port to bind on: 60191
I/APP     (  633): I 06/11/2013 16:44:03:072 00000279            RhodesApp| Free listening port: 60191
I/APP     (  633): I 06/11/2013 16:44:03:080 00000281         AppCallbacks| Starting main routine...
I/APP     (  633): I 06/11/2013 16:44:03:081 00000281         AppCallbacks| ThreadQueue blocked for 4294967295 seconds...
I/APP     (  633): I 06/11/2013 16:44:03:123 00000282            RhodesApp| Starting RhodesApp main routine...
I/APP     (  633): I 06/11/2013 16:44:03:144 00000279 ConnectionChangeReceiver| LOGGER: Network status change, connected = true
I/APP     (  633): E 06/11/2013 16:44:03:146 00000279         RhodesAppJNI| nativeNotify
I/APP     (  633): E 06/11/2013 16:44:03:146 00000279            RhodesApp| enter notifyReceiver
I/APP     (  633): E 06/11/2013 16:44:03:147 00000279            RhodesApp| calling onNetworkStatusChanged
I/APP     (  633): I 06/11/2013 16:44:03:227 00000282              RhoRuby| Init_RhoBlobs: /data/data/com.rhomobile.rho_push_client/rhodata/db/db-files
I/APP     (  633): I 06/11/2013 16:44:03:256 00000282              RhoRuby| require_compiled: RhoApplicationApi
I/APP     (  633): I 06/11/2013 16:44:03:277 00000282              RhoRuby| require_compiled: RhoNetworkApi
I/APP     (  633): I 06/11/2013 16:44:03:291 00000282              RhoRuby| require_compiled: RhoDatabaseApi
I/APP     (  633): I 06/11/2013 16:44:03:334 00000282              RhoRuby| require_compiled: RhoLogApi
W/dalvikvm(  633): JNI WARNING: JNI method called with exception raised
W/dalvikvm(  633):              in Ldalvik/system/NativeStart;.run ()V (IsSameObject)
W/dalvikvm(  633): Pending exception is:
I/dalvikvm(  633): Ljava/lang/NullPointerException;: RhodesActivity.sInstance == null
I/dalvikvm(  633): 	at com.rhomobile.rhodes.RhodesActivity.safeGetInstance(RhodesActivity.java:416)
I/dalvikvm(  633): 	at com.rhomobile.rhodes.extmanager.RhoExtManagerImpl.setWebViewConfig(RhoExtManagerImpl.java:853)
I/dalvikvm(  633): 	at com.rho.webview.WebViewSingleton.<init>(WebViewSingleton.java:47)
I/dalvikvm(  633): 	at com.rho.webview.WebViewFactory.<init>(WebViewFactory.java:5)
I/dalvikvm(  633): 	at dalvik.system.NativeStart.run(Native Method)
I/dalvikvm(  633): "Thread-11" prio=5 tid=10 NATIVE
I/dalvikvm(  633):   | group="main" sCount=0 dsCount=0 obj=0x40563830 self=0x2ae2e0
I/dalvikvm(  633):   | sysTid=642 nice=0 sched=0/0 cgrp=bg_non_interactive handle=2809112
I/dalvikvm(  633):   | schedstat=( 203661022 26574001 45 )
I/dalvikvm(  633):   at dalvik.system.NativeStart.run(Native Method)
I/dalvikvm(  633): 
E/dalvikvm(  633): VM aborting
I/DEBUG   (  632): *** *** *** *** *** *** *** *** *** *** *** *** *** *** *** ***
I/DEBUG   (  632): Build fingerprint: 'generic/google_sdk/generic:2.3.4/GINGERBREAD/123630:eng/test-keys'
I/DEBUG   (  632): pid: 633, tid: 642  >>> com.rhomobile.rho_push_client <<<
I/DEBUG   (  632): signal 11 (SIGSEGV), code 1 (SEGV_MAPERR), fault addr deadd00d
I/DEBUG   (  632):  r0 fffffec4  r1 deadd00d  r2 00000026  r3 00000000
I/DEBUG   (  632):  r4 800a45c0  r5 00000000  r6 00000000  r7 002ae2e0
I/DEBUG   (  632):  r8 4056e5e8  r9 80cc2428  10 00100000  fp 80cc1bf0
I/DEBUG   (  632):  ip 800a4720  sp 4413baf8  lr afd19375  pc 80045a4a  cpsr 20000030
I/DEBUG   (  632):          #00  pc 00045a4a  /system/lib/libdvm.so
I/DEBUG   (  632):          #01  pc 00037748  /system/lib/libdvm.so
I/DEBUG   (  632):          #02  pc 00037868  /system/lib/libdvm.so
I/DEBUG   (  632):          #03  pc 0003919a  /system/lib/libdvm.so
I/DEBUG   (  632): 
I/DEBUG   (  632): code around pc:
I/DEBUG   (  632): 80045a28 447a4479 ed0cf7d1 20004c09 ee34f7d1 
I/DEBUG   (  632): 80045a38 447c4808 6bdb5823 d0002b00 49064798 
I/DEBUG   (  632): 80045a48 700a2226 eea0f7d1 000436b7 00045275 
I/DEBUG   (  632): 80045a58 0005eb82 fffffec4 deadd00d b510b40e 
I/DEBUG   (  632): 80045a68 4c0a4b09 447bb083 aa05591b 6b5bca02 
I/DEBUG   (  632): 
I/DEBUG   (  632): code around lr:
I/DEBUG   (  632): afd19354 b0834a0d 589c447b 26009001 686768a5 
I/DEBUG   (  632): afd19364 220ce008 2b005eab 1c28d003 47889901 
I/DEBUG   (  632): afd19374 35544306 d5f43f01 2c006824 b003d1ee 
I/DEBUG   (  632): afd19384 bdf01c30 000281a8 ffffff88 1c0fb5f0 
I/DEBUG   (  632): afd19394 43551c3d a904b087 1c16ac01 604d9004 
I/DEBUG   (  632): 
I/DEBUG   (  632): stack:
I/DEBUG   (  632):     4413bab8  00000015  
I/DEBUG   (  632):     4413babc  afd18407  /system/lib/libc.so
I/DEBUG   (  632):     4413bac0  afd42604  /system/lib/libc.so
I/DEBUG   (  632):     4413bac4  afd4682c  
I/DEBUG   (  632):     4413bac8  00000000  
I/DEBUG   (  632):     4413bacc  afd19375  /system/lib/libc.so
I/DEBUG   (  632):     4413bad0  002ae2e0  [heap]
I/DEBUG   (  632):     4413bad4  afd183d9  /system/lib/libc.so
I/DEBUG   (  632):     4413bad8  002ae2e0  [heap]
I/DEBUG   (  632):     4413badc  0005eb82  [heap]
I/DEBUG   (  632):     4413bae0  00000000  
I/DEBUG   (  632):     4413bae4  00000000  
I/DEBUG   (  632):     4413bae8  002ae2e0  [heap]
I/DEBUG   (  632):     4413baec  afd18437  /system/lib/libc.so
I/DEBUG   (  632):     4413baf0  df0027ad  
I/DEBUG   (  632):     4413baf4  00000000  
I/DEBUG   (  632): #00 4413baf8  00000001  
I/DEBUG   (  632):     4413bafc  8003774d  /system/lib/libdvm.so
I/DEBUG   (  632): #01 4413bb00  00000001  
I/DEBUG   (  632):     4413bb04  8003786d  /system/lib/libdvm.so
I/BootReceiver(   61): Copying /data/tombstones/tombstone_01 to DropBox (SYSTEM_TOMBSTONE)
D/Zygote  (   33): Process 633 terminated by signal (11)
I/ActivityManager(   61): Process com.rhomobile.rho_push_client (pid 633) has died.
W/ActivityManager(   61): Scheduling restart of crashed service com.rhomobile.rho_push_client/com.rhomobile.rhodes.RhodesService in 372480ms
