I/APP     (  454): I 06/11/2013 16:26:27:331 000001d2         AppCallbacks| Received command UI-CREATED which is greater than expected (LOCAL-SERVER-STARTED) - postpone it
I/APP     (  454): I 06/11/2013 16:26:27:332 000001d2         AppCallbacks| ThreadQueue blocked for 4294967295 seconds...
I/APP     (  454): T 06/11/2013 16:26:27:333 000001c6        GoogleWebView| Web settings is applying now
I/APP     (  454): T 06/11/2013 16:26:27:334 000001c6     OsVersionManager| Looking interface com.rhomobile.rhodes.webview.IWebSettingsProvider
I/APP     (  454): T 06/11/2013 16:26:27:342 000001c6  WebSettingsProvider| Enable Zoom: false
I/APP     (  454): I 06/11/2013 16:26:27:343 000001c6  WebSettingsProvider| Set web plugins state 'OFF'
I/APP     (  454): I 06/11/2013 16:26:27:345 000001c6        GoogleWebView| Setting RhoWebChromeClient and RhoWebViewClient
V/SimpleMainView.View(  454): ms[1370993187422]  Main Window :: onSizeChanged() old [ 480 x 724 ]  new [ 0 x 0 ]
I/APP     (  454): I 06/11/2013 16:26:27:465 000001c6 ConnectionChangeReceiver| LOGGER: Network status change, connected = true
I/APP     (  454): E 06/11/2013 16:26:27:472 000001c6         RhodesAppJNI| nativeNotify
I/APP     (  454): E 06/11/2013 16:26:27:472 000001c6            RhodesApp| enter notifyReceiver
I/APP     (  454): E 06/11/2013 16:26:27:473 000001c6            RhodesApp| calling onNetworkStatusChanged
D/dalvikvm(  454): GREF has increased to 201
I/APP     (  454): I 06/11/2013 16:26:27:499 000001c6       RhodesActivity| New start parameters: 
I/APP     (  454): T 06/11/2013 16:26:27:500 000001c6               Rhodes| rho_cast<string, jstring>
I/APP     (  454): T 06/11/2013 16:26:27:501 000001c6               Rhodes| rho_cast<string, jstring>: 
I/APP     (  454): T 06/11/2013 16:26:27:502 000001c6               Rhodes| rho_cast<string, jstring>
I/APP     (  454): T 06/11/2013 16:26:27:504 000001c6               Rhodes| rho_cast<string, jstring>: &#
I/APP     (  454): I 06/11/2013 16:26:27:504 000001c6            RhodesApp| New start params: 
I/ActivityManager(   61): Displayed com.rhomobile.gcm_push_client/com.rhomobile.rhodes.RhodesActivity: +1s697ms
I/APP     (  454): I 06/11/2013 16:26:27:746 000001d5              RhoRuby| Init_RhoBlobs: /data/data/com.rhomobile.gcm_push_client/rhodata/db/db-files
I/APP     (  454): I 06/11/2013 16:26:27:881 000001d5              RhoRuby| require_compiled: RhoApplicationApi
I/APP     (  454): T 06/11/2013 16:26:27:893 000001d5               Rhodes| rho_cast<jstring, string>: lib/RhoApplicationApi.iseq
I/APP     (  454): I 06/11/2013 16:26:27:924 000001d5              RhoRuby| require_compiled: RhoNetworkApi
I/APP     (  454): T 06/11/2013 16:26:27:925 000001d5               Rhodes| rho_cast<jstring, string>: lib/RhoNetworkApi.iseq
I/APP     (  454): I 06/11/2013 16:26:27:942 000001d5              RhoRuby| require_compiled: RhoDatabaseApi
I/APP     (  454): T 06/11/2013 16:26:27:943 000001d5               Rhodes| rho_cast<jstring, string>: lib/RhoDatabaseApi.iseq
I/APP     (  454): I 06/11/2013 16:26:27:996 000001d5              RhoRuby| require_compiled: RhoLogApi
I/APP     (  454): T 06/11/2013 16:26:27:997 000001d5               Rhodes| rho_cast<jstring, string>: lib/RhoLogApi.iseq
I/APP     (  454): T 06/11/2013 16:26:28:002 000001d5              WebView| Init_WebView
I/APP     (  454): T 06/11/2013 16:26:28:004 000001d5         RhodesAppJNI| rho_find_class - com.rho.webview.WebViewFactory
I/APP     (  454): T 06/11/2013 16:26:28:008 000001d5               Rhodes| rho_cast<string, jstring>
I/APP     (  454): T 06/11/2013 16:26:28:010 000001d5               Rhodes| rho_cast<string, jstring>: disable_loading_indication
I/APP     (  454): T 06/11/2013 16:26:28:012 000001d5               Rhodes| rho_cast<string, jstring>
I/APP     (  454): T 06/11/2013 16:26:28:012 000001d5               Rhodes| rho_cast<string, jstring>: enable_screen_zoom
I/APP     (  454): T 06/11/2013 16:26:28:013 000001d5               Rhodes| rho_cast<string, jstring>
I/APP     (  454): T 06/11/2013 16:26:28:014 000001d5               Rhodes| rho_cast<string, jstring>: enable_web_plugins
I/APP     (  454): T 06/11/2013 16:26:28:016 000001d5               Rhodes| rho_cast<string, jstring>
I/APP     (  454): T 06/11/2013 16:26:28:017 000001d5               Rhodes| rho_cast<string, jstring>: WebView.enableCache
I/APP     (  454): T 06/11/2013 16:26:28:018 000001d5    RhoExtManagerImpl| Set WebView config
I/APP     (  454): T 06/11/2013 16:26:28:018 000001d5    RhoExtManagerImpl| Set WebView config: tab 0
I/APP     (  454): T 06/11/2013 16:26:28:020 000001d5        GoogleWebView| applyWebSettings
I/APP     (  454): T 06/11/2013 16:26:28:021 000001d5    RhodesApplication| Current UiState : MainActivityStarted
I/APP     (  454): T 06/11/2013 16:26:28:022 000001d5    RhodesApplication| Running UiState handler immediately: MainActivityCreated
I/APP     (  454): T 06/11/2013 16:26:28:023 000001c6        GoogleWebView| Web settings is applying now
I/APP     (  454): T 06/11/2013 16:26:28:023 000001c6     OsVersionManager| Looking interface com.rhomobile.rhodes.webview.IWebSettingsProvider
I/APP     (  454): T 06/11/2013 16:26:28:030 000001c6  WebSettingsProvider| Enable Zoom: true
I/APP     (  454): I 06/11/2013 16:26:28:031 000001c6  WebSettingsProvider| Set web plugins state 'ON'
I/APP     (  454): T 06/11/2013 16:26:28:037 000001d5              WebView| Initializing Java factory
I/APP     (  454): T 06/11/2013 16:26:28:039 000001d5           WebViewJNI| setJavaFactory
I/APP     (  454): T 06/11/2013 16:26:28:039 000001d5         RhodesAppJNI| rho_find_class - com.rhomobile.rhodes.api.MethodExecutor
I/APP     (  454): T 06/11/2013 16:26:28:041 000001d5    MethodExecutorJNI| MethodExecutorJni JNI init succeeded
I/APP     (  454): T 06/11/2013 16:26:28:043 000001d5         RhodesAppJNI| rho_find_class - com.rho.webview.WebViewFactorySingleton
I/APP     (  454): T 06/11/2013 16:26:28:044 000001d5         RhodesAppJNI| rho_find_class - com.rho.webview.IWebViewFactory
I/APP     (  454): T 06/11/2013 16:26:28:046 000001d5         RhodesAppJNI| rho_find_class - com.rho.webview.WebViewSingletonBase
I/APP     (  454): T 06/11/2013 16:26:28:047 000001d5         RhodesAppJNI| rho_find_class - com.rho.webview.WebViewBase
I/APP     (  454): T 06/11/2013 16:26:28:048 000001d5         RhodesAppJNI| rho_find_class - com.rho.webview.WebViewSingletonBase$getFrameworkTask
I/APP     (  454): T 06/11/2013 16:26:28:050 000001d5         RhodesAppJNI| rho_find_class - com.rho.webview.WebViewSingletonBase$getFullScreenTask
I/APP     (  454): T 06/11/2013 16:26:28:052 000001d5         RhodesAppJNI| rho_find_class - com.rho.webview.WebViewSingletonBase$setFullScreenTask
I/APP     (  454): T 06/11/2013 16:26:28:053 000001d5         RhodesAppJNI| rho_find_class - com.rho.webview.WebViewSingletonBase$getEnableZoomTask
I/APP     (  454): T 06/11/2013 16:26:28:054 000001d5         RhodesAppJNI| rho_find_class - com.rho.webview.WebViewSingletonBase$getEnablePageLoadingIndicationTask
I/APP     (  454): T 06/11/2013 16:26:28:056 000001d5         RhodesAppJNI| rho_find_class - com.rho.webview.WebViewSingletonBase$getEnableWebPluginsTask
I/APP     (  454): T 06/11/2013 16:26:28:057 000001d5         RhodesAppJNI| rho_find_class - com.rho.webview.WebViewSingletonBase$getNavigationTimeoutTask
I/APP     (  454): T 06/11/2013 16:26:28:058 000001d5         RhodesAppJNI| rho_find_class - com.rho.webview.WebViewSingletonBase$setNavigationTimeoutTask
I/APP     (  454): T 06/11/2013 16:26:28:059 000001d5         RhodesAppJNI| rho_find_class - com.rho.webview.WebViewSingletonBase$getScrollTechniqueTask
I/APP     (  454): T 06/11/2013 16:26:28:060 000001d5         RhodesAppJNI| rho_find_class - com.rho.webview.WebViewSingletonBase$getFontFamilyTask
I/APP     (  454): T 06/11/2013 16:26:28:061 000001d5         RhodesAppJNI| rho_find_class - com.rho.webview.WebViewSingletonBase$getUserAgentTask
I/APP     (  454): T 06/11/2013 16:26:28:064 000001d5         RhodesAppJNI| rho_find_class - com.rho.webview.WebViewSingletonBase$getViewportEnabledTask
I/APP     (  454): T 06/11/2013 16:26:28:066 000001d5         RhodesAppJNI| rho_find_class - com.rho.webview.WebViewSingletonBase$getViewportWidthTask
I/APP     (  454): T 06/11/2013 16:26:28:067 000001d5         RhodesAppJNI| rho_find_class - com.rho.webview.WebViewSingletonBase$getCacheSizeTask
I/APP     (  454): T 06/11/2013 16:26:28:068 000001d5         RhodesAppJNI| rho_find_class - com.rho.webview.WebViewSingletonBase$getEnableCacheTask
I/APP     (  454): T 06/11/2013 16:26:28:069 000001d5         RhodesAppJNI| rho_find_class - com.rho.webview.WebViewSingletonBase$getAcceptLanguageTask
I/APP     (  454): T 06/11/2013 16:26:28:074 000001d5         RhodesAppJNI| rho_find_class - com.rho.webview.WebViewSingletonBase$setAcceptLanguageTask
I/APP     (  454): T 06/11/2013 16:26:28:076 000001d5         RhodesAppJNI| rho_find_class - com.rho.webview.WebViewSingletonBase$getZoomPageTask
I/APP     (  454): T 06/11/2013 16:26:28:077 000001d5         RhodesAppJNI| rho_find_class - com.rho.webview.WebViewSingletonBase$setZoomPageTask
I/APP     (  454): T 06/11/2013 16:26:28:078 000001d5         RhodesAppJNI| rho_find_class - com.rho.webview.WebViewSingletonBase$getTextZoomLevelTask
I/APP     (  454): T 06/11/2013 16:26:28:080 000001d5         RhodesAppJNI| rho_find_class - com.rho.webview.WebViewSingletonBase$setTextZoomLevelTask
I/APP     (  454): T 06/11/2013 16:26:28:081 000001d5         RhodesAppJNI| rho_find_class - com.rho.webview.WebViewSingletonBase$getActiveTabTask
I/APP     (  454): T 06/11/2013 16:26:28:082 000001d5         RhodesAppJNI| rho_find_class - com.rho.webview.WebViewSingletonBase$refreshTask
I/APP     (  454): T 06/11/2013 16:26:28:083 000001d5         RhodesAppJNI| rho_find_class - com.rho.webview.WebViewSingletonBase$navigateTask
I/APP     (  454): T 06/11/2013 16:26:28:085 000001d5         RhodesAppJNI| rho_find_class - com.rho.webview.WebViewSingletonBase$navigateBackTask
I/APP     (  454): T 06/11/2013 16:26:28:086 000001d5         RhodesAppJNI| rho_find_class - com.rho.webview.WebViewSingletonBase$currentLocationTask
I/APP     (  454): T 06/11/2013 16:26:28:087 000001d5         RhodesAppJNI| rho_find_class - com.rho.webview.WebViewSingletonBase$currentURLTask
I/APP     (  454): T 06/11/2013 16:26:28:088 000001d5         RhodesAppJNI| rho_find_class - com.rho.webview.WebViewSingletonBase$executeJavascriptTask
I/APP     (  454): T 06/11/2013 16:26:28:090 000001d5         RhodesAppJNI| rho_find_class - com.rho.webview.WebViewSingletonBase$active_tabTask
I/APP     (  454): T 06/11/2013 16:26:28:091 000001d5         RhodesAppJNI| rho_find_class - com.rho.webview.WebViewSingletonBase$full_screen_modeTask
I/APP     (  454): T 06/11/2013 16:26:28:092 000001d5         RhodesAppJNI| rho_find_class - com.rho.webview.WebViewSingletonBase$setCookieTask
I/APP     (  454): T 06/11/2013 16:26:28:093 000001d5         RhodesAppJNI| rho_find_class - com.rho.webview.WebViewSingletonBase$saveTask
I/APP     (  454): T 06/11/2013 16:26:28:097 000001d5           WebViewJNI| CWebView JNI init succeeded
I/APP     (  454): T 06/11/2013 16:26:28:098 000001d5           WebViewJNI| setJavaFactory succeeded
I/APP     (  454): T 06/11/2013 16:26:28:100 000001d5              WebView| Deleting JNI reference
I/APP     (  454): T 06/11/2013 16:26:28:101 000001d5              WebView| Initializing API
I/APP     (  454): I 06/11/2013 16:26:28:109 000001d5              RhoRuby| require_compiled: RhoWebViewApi
I/APP     (  454): T 06/11/2013 16:26:28:110 000001d5               Rhodes| rho_cast<jstring, string>: lib/RhoWebViewApi.iseq
I/APP     (  454): T 06/11/2013 16:26:28:122 000001d5              WebView| Init_WebView succeeded
I/APP     (  454): T 06/11/2013 16:26:28:123 000001d5   NativeToolbar_impl| Init_NativeToolbar
I/APP     (  454): T 06/11/2013 16:26:28:124 000001d5         RhodesAppJNI| rho_find_class - com.rho.nativetoolbar.NativeToolbarFactory
I/APP     (  454): T 06/11/2013 16:26:28:126 000001d5   NativeToolbar_impl| Initializing Java factory
I/APP     (  454): T 06/11/2013 16:26:28:126 000001d5     NativeToolbarJNI| setJavaFactory
I/APP     (  454): T 06/11/2013 16:26:28:127 000001d5         RhodesAppJNI| rho_find_class - com.rho.nativetoolbar.NativeToolbarFactorySingleton
I/APP     (  454): T 06/11/2013 16:26:28:129 000001d5         RhodesAppJNI| rho_find_class - com.rho.nativetoolbar.INativeToolbarFactory
I/APP     (  454): T 06/11/2013 16:26:28:131 000001d5         RhodesAppJNI| rho_find_class - com.rho.nativetoolbar.NativeToolbarSingletonBase
I/APP     (  454): T 06/11/2013 16:26:28:132 000001d5         RhodesAppJNI| rho_find_class - com.rho.nativetoolbar.NativeToolbarBase
I/APP     (  454): T 06/11/2013 16:26:28:134 000001d5         RhodesAppJNI| rho_find_class - com.rho.nativetoolbar.NativeToolbarSingletonBase$createTask
I/APP     (  454): T 06/11/2013 16:26:28:135 000001d5         RhodesAppJNI| rho_find_class - com.rho.nativetoolbar.NativeToolbarSingletonBase$removeTask
I/APP     (  454): T 06/11/2013 16:26:28:136 000001d5         RhodesAppJNI| rho_find_class - com.rho.nativetoolbar.NativeToolbarSingletonBase$isCreatedTask
I/APP     (  454): T 06/11/2013 16:26:28:137 000001d5     NativeToolbarJNI| CNativeToolbar JNI init succeeded
I/APP     (  454): T 06/11/2013 16:26:28:138 000001d5     NativeToolbarJNI| setJavaFactory succeeded
I/APP     (  454): T 06/11/2013 16:26:28:140 000001d5   NativeToolbar_impl| Deleting JNI reference
I/APP     (  454): T 06/11/2013 16:26:28:141 000001d5   NativeToolbar_impl| Initializing API
I/APP     (  454): T 06/11/2013 16:26:28:142 000001d5   NativeToolbar_impl| Init_NativeToolbar succeeded
I/APP     (  454): I 06/11/2013 16:26:28:144 000001d5              RhoRuby| require_compiled: RhoNativeToolbarApi
I/APP     (  454): T 06/11/2013 16:26:28:145 000001d5               Rhodes| rho_cast<jstring, string>: lib/RhoNativeToolbarApi.iseq
I/APP     (  454): T 06/11/2013 16:26:28:171 000001d5 CRubyResultConvertor| getString()
I/APP     (  454): T 06/11/2013 16:26:28:172 000001d5 CRubyResultConvertor| getString(): ANDROID
I/APP     (  454): T 06/11/2013 16:26:28:173 000001d5 CRubyResultConvertor| getString(): create string
I/APP     (  454): T 06/11/2013 16:26:28:174 000001d5 CRubyResultConvertor| getString()
I/APP     (  454): T 06/11/2013 16:26:28:175 000001d5 CRubyResultConvertor| getString(): ANDROID
I/APP     (  454): T 06/11/2013 16:26:28:175 000001d5 CRubyResultConvertor| getString(): create string
I/APP     (  454): T 06/11/2013 16:26:28:176 000001d5 CRubyResultConvertor| getString()
I/APP     (  454): T 06/11/2013 16:26:28:176 000001d5 CRubyResultConvertor| getString(): ANDROID
I/APP     (  454): T 06/11/2013 16:26:28:178 000001d5 CRubyResultConvertor| getString(): create string
I/APP     (  454): T 06/11/2013 16:26:28:179 000001d5 CRubyResultConvertor| getString()
I/APP     (  454): T 06/11/2013 16:26:28:179 000001d5 CRubyResultConvertor| getString(): ANDROID
I/APP     (  454): T 06/11/2013 16:26:28:181 000001d5 CRubyResultConvertor| getString(): create string
I/APP     (  454): T 06/11/2013 16:26:28:183 000001d5    NativeTabbar_impl| Init_NativeTabbar
I/APP     (  454): T 06/11/2013 16:26:28:184 000001d5         RhodesAppJNI| rho_find_class - com.rho.nativetabbar.NativeTabbarFactory
I/APP     (  454): T 06/11/2013 16:26:28:186 000001d5    NativeTabbar_impl| Initializing Java factory
I/APP     (  454): T 06/11/2013 16:26:28:187 000001d5      NativeTabbarJNI| setJavaFactory
I/APP     (  454): T 06/11/2013 16:26:28:188 000001d5         RhodesAppJNI| rho_find_class - com.rho.nativetabbar.NativeTabbarFactorySingleton
I/APP     (  454): T 06/11/2013 16:26:28:189 000001d5         RhodesAppJNI| rho_find_class - com.rho.nativetabbar.INativeTabbarFactory
I/APP     (  454): T 06/11/2013 16:26:28:191 000001d5         RhodesAppJNI| rho_find_class - com.rho.nativetabbar.NativeTabbarSingletonBase
I/APP     (  454): T 06/11/2013 16:26:28:192 000001d5         RhodesAppJNI| rho_find_class - com.rho.nativetabbar.NativeTabbarBase
I/APP     (  454): T 06/11/2013 16:26:28:193 000001d5         RhodesAppJNI| rho_find_class - com.rho.nativetabbar.NativeTabbarSingletonBase$createTask
I/APP     (  454): T 06/11/2013 16:26:28:195 000001d5         RhodesAppJNI| rho_find_class - com.rho.nativetabbar.NativeTabbarSingletonBase$currentTabIndexTask
I/APP     (  454): T 06/11/2013 16:26:28:196 000001d5         RhodesAppJNI| rho_find_class - com.rho.nativetabbar.NativeTabbarSingletonBase$removeTask
I/APP     (  454): T 06/11/2013 16:26:28:197 000001d5         RhodesAppJNI| rho_find_class - com.rho.nativetabbar.NativeTabbarSingletonBase$removeTabTask
I/APP     (  454): T 06/11/2013 16:26:28:200 000001d5         RhodesAppJNI| rho_find_class - com.rho.nativetabbar.NativeTabbarSingletonBase$setTabBadgeTask
I/APP     (  454): T 06/11/2013 16:26:28:201 000001d5         RhodesAppJNI| rho_find_class - com.rho.nativetabbar.NativeTabbarSingletonBase$switchTabTask
I/APP     (  454): T 06/11/2013 16:26:28:202 000001d5         RhodesAppJNI| rho_find_class - com.rho.nativetabbar.NativeTabbarSingletonBase$isCreatedTask
I/APP     (  454): T 06/11/2013 16:26:28:204 000001d5      NativeTabbarJNI| CNativeTabbar JNI init succeeded
I/APP     (  454): T 06/11/2013 16:26:28:206 000001d5      NativeTabbarJNI| setJavaFactory succeeded
I/APP     (  454): T 06/11/2013 16:26:28:206 000001d5    NativeTabbar_impl| Deleting JNI reference
I/APP     (  454): T 06/11/2013 16:26:28:207 000001d5    NativeTabbar_impl| Initializing API
I/APP     (  454): T 06/11/2013 16:26:28:210 000001d5    NativeTabbar_impl| Init_NativeTabbar succeeded
I/APP     (  454): I 06/11/2013 16:26:28:212 000001d5              RhoRuby| require_compiled: RhoNativeTabbarApi
I/APP     (  454): T 06/11/2013 16:26:28:216 000001d5               Rhodes| rho_cast<jstring, string>: lib/RhoNativeTabbarApi.iseq
I/APP     (  454): T 06/11/2013 16:26:28:226 000001d5 CRubyResultConvertor| getString()
I/APP     (  454): T 06/11/2013 16:26:28:227 000001d5 CRubyResultConvertor| getString(): ANDROID
I/APP     (  454): T 06/11/2013 16:26:28:228 000001d5 CRubyResultConvertor| getString(): create string
I/APP     (  454): T 06/11/2013 16:26:28:229 000001d5 CRubyResultConvertor| getString()
I/APP     (  454): T 06/11/2013 16:26:28:230 000001d5 CRubyResultConvertor| getString(): ANDROID
I/APP     (  454): T 06/11/2013 16:26:28:231 000001d5 CRubyResultConvertor| getString(): create string
I/APP     (  454): T 06/11/2013 16:26:28:233 000001d5 CRubyResultConvertor| getString()
I/APP     (  454): T 06/11/2013 16:26:28:233 000001d5 CRubyResultConvertor| getString(): ANDROID
I/APP     (  454): T 06/11/2013 16:26:28:234 000001d5 CRubyResultConvertor| getString(): create string
I/APP     (  454): T 06/11/2013 16:26:28:235 000001d5 CRubyResultConvertor| getString()
I/APP     (  454): T 06/11/2013 16:26:28:235 000001d5 CRubyResultConvertor| getString(): ANDROID
I/APP     (  454): T 06/11/2013 16:26:28:236 000001d5 CRubyResultConvertor| getString(): create string
I/APP     (  454): I 06/11/2013 16:26:28:248 000001d5              RhoRuby| require_compiled: RhoConnectClient
I/APP     (  454): T 06/11/2013 16:26:28:249 000001d5               Rhodes| rho_cast<jstring, string>: lib/RhoConnectClient.iseq
I/DEBUG   (   31): *** *** *** *** *** *** *** *** *** *** *** *** *** *** *** ***
I/DEBUG   (   31): Build fingerprint: 'generic/google_sdk/generic:2.3.4/GINGERBREAD/123630:eng/test-keys'
I/DEBUG   (   31): pid: 454, tid: 469  >>> com.rhomobile.gcm_push_client <<<
I/DEBUG   (   31): signal 11 (SIGSEGV), code 1 (SEGV_MAPERR), fault addr 00000000
I/DEBUG   (   31):  r0 00000000  r1 00000000  r2 ded94de3  r3 80cc61ec
I/DEBUG   (   31):  r4 afd4d5c8  r5 44746cbc  r6 0031f1c0  r7 44746cd8
I/DEBUG   (   31):  r8 80cb3bec  r9 80cc53b8  10 00100000  fp 80cc4b80
I/DEBUG   (   31):  ip 00000000  sp 44746b60  lr 80b05a18  pc 80b34134  cpsr 60000010
I/DEBUG   (   31):          #00  pc 00334134  /data/data/com.rhomobile.gcm_push_client/lib/librhodes.so
I/DEBUG   (   31):          #01  lr 80b05a18  /data/data/com.rhomobile.gcm_push_client/lib/librhodes.so
I/DEBUG   (   31): 
I/DEBUG   (   31): code around pc:
I/DEBUG   (   31): 80b34114 e24dd008 e59f403c e79f4004 e5943000 
I/DEBUG   (   31): 80b34124 e58d3004 e59f3030 e79f3003 e5930004 
I/DEBUG   (   31): 80b34134 e5903000 e5933008 e12fff33 e59d2004 
I/DEBUG   (   31): 80b34144 e5943000 e1520003 0a000000 ebf4e334 
I/DEBUG   (   31): 80b34154 e28dd008 e8bd8010 0017ead4 0017ede8 
I/DEBUG   (   31): 
I/DEBUG   (   31): code around lr:
I/DEBUG   (   31): 80b059f8 e24dd00c e59f409c e08f4004 e59f3098 
I/DEBUG   (   31): 80b05a08 e7943003 e5933000 e58d3004 eb00b9bd 
I/DEBUG   (   31): 80b05a18 e1a06000 e5903000 e5935028 e3a00fc6 
I/DEBUG   (   31): 80b05a28 eb048eab e1a07000 ebfff0e2 e1a00006 
I/DEBUG   (   31): 80b05a38 e1a01007 e12fff35 e59f3060 e7943003 
I/DEBUG   (   31): 
I/DEBUG   (   31): stack:
I/DEBUG   (   31):     44746b20  002b2b40  [heap]
I/DEBUG   (   31):     44746b24  80cc6574  
I/DEBUG   (   31):     44746b28  00000020  
I/DEBUG   (   31):     44746b2c  0031f1c0  [heap]
I/DEBUG   (   31):     44746b30  44746cd8  
I/DEBUG   (   31):     44746b34  afd1474d  /system/lib/libc.so
I/DEBUG   (   31):     44746b38  80cc6574  
I/DEBUG   (   31):     44746b3c  80c237b1  /data/data/com.rhomobile.gcm_push_client/lib/librhodes.so
I/DEBUG   (   31):     44746b40  fffffffe  
I/DEBUG   (   31):     44746b44  80cb3bec  /data/data/com.rhomobile.gcm_push_client/lib/librhodes.so
I/DEBUG   (   31):     44746b48  44746cbc  
I/DEBUG   (   31):     44746b4c  80acbd58  /data/data/com.rhomobile.gcm_push_client/lib/librhodes.so
I/DEBUG   (   31):     44746b50  44746cd8  
I/DEBUG   (   31):     44746b54  ded94d00  
I/DEBUG   (   31):     44746b58  df0027ad  
I/DEBUG   (   31):     44746b5c  00000000  
I/DEBUG   (   31): #00 44746b60  00000000  
I/DEBUG   (   31):     44746b64  ded94de3  
I/DEBUG   (   31):     44746b68  80cb3bec  /data/data/com.rhomobile.gcm_push_client/lib/librhodes.so
I/DEBUG   (   31):     44746b6c  80b05a18  /data/data/com.rhomobile.gcm_push_client/lib/librhodes.so
I/DEBUG   (   31):     44746b70  0031f1c0  [heap]
I/DEBUG   (   31):     44746b74  ded94de3  
I/DEBUG   (   31):     44746b78  80a13514  /data/data/com.rhomobile.gcm_push_client/lib/librhodes.so
I/DEBUG   (   31):     44746b7c  002a8b68  [heap]
I/DEBUG   (   31):     44746b80  44746cbc  
I/DEBUG   (   31):     44746b84  0031f1c0  [heap]
I/DEBUG   (   31):     44746b88  44746cd8  
I/DEBUG   (   31):     44746b8c  8091cd0c  /data/data/com.rhomobile.gcm_push_client/lib/librhodes.so
I/DEBUG   (   31):     44746b90  00100000  [heap]
I/DEBUG   (   31):     44746b94  80c2443b  /data/data/com.rhomobile.gcm_push_client/lib/librhodes.so
I/DEBUG   (   31):     44746b98  0031f1c0  [heap]
I/DEBUG   (   31):     44746b9c  44746cbc  
I/DEBUG   (   31):     44746ba0  0031f1c0  [heap]
I/DEBUG   (   31):     44746ba4  44746cbc  
I/BootReceiver(   61): Copying /data/tombstones/tombstone_03 to DropBox (SYSTEM_TOMBSTONE)
I/DEBUG   (   31): debuggerd committing suicide to free the zombie!
D/Zygote  (   33): Process 454 terminated by signal (11)
E/InputDispatcher(   61): channel '406d6ec0 com.rhomobile.gcm_push_client/com.rhomobile.rhodes.RhodesActivity (server)' ~ Consumer closed input channel or an error occurred.  events=0x8
E/InputDispatcher(   61): channel '406d6ec0 com.rhomobile.gcm_push_client/com.rhomobile.rhodes.RhodesActivity (server)' ~ Channel is unrecoverably broken and will be disposed!
I/DEBUG   (  471): debuggerd: May  4 2011 16:18:10
D/dalvikvm(   61): GC_FOR_MALLOC freed 487K, 45% free 5189K/9415K, external 4373K/5573K, paused 76ms
I/dalvikvm-heap(   61): Grow heap (frag case) to 11.895MB for 196628-byte allocation
D/dalvikvm(   61): GC_FOR_MALLOC freed 6K, 45% free 5374K/9671K, external 4373K/5573K, paused 44ms
I/WindowManager(   61): WIN DEATH: Window{406d6ec0 com.rhomobile.gcm_push_client/com.rhomobile.rhodes.RhodesActivity paused=false}
I/ActivityManager(   61): Process com.rhomobile.gcm_push_client (pid 454) has died.
W/ActivityManager(   61): Scheduling restart of crashed service com.rhomobile.gcm_push_client/com.rhomobile.rhodes.RhodesService in 5000ms
D/dalvikvm(   61): GC_FOR_MALLOC freed 494K, 49% free 5010K/9671K, external 4373K/5573K, paused 71ms
I/ActivityManager(   61): Start proc com.rhomobile.gcm_push_client for service com.rhomobile.gcm_push_client/com.rhomobile.rhodes.RhodesService: pid=472 uid=10038 gids={3003}
D/dalvikvm(  472): Trying to load lib /data/data/com.rhomobile.gcm_push_client/lib/librhodes.so 0x40514758
D/dalvikvm(  472): Added shared lib /data/data/com.rhomobile.gcm_push_client/lib/librhodes.so 0x40514758
I/ActivityThread(  472): Pub com.rhomobile.gcm_push_client: com.rhomobile.rhodes.LocalFileProvider
I/RhodesApplication(  472): Initializing...
D/RhoFileApi(  472): App root path: /data/data/com.rhomobile.gcm_push_client/rhodata/
D/RhoFileApi(  472): Sqlite journals path: /data/data/com.rhomobile.gcm_push_client/sqlite_stmt_journals/
D/RhoFileApi(  472): Shared path: /data/data/com.rhomobile.gcm_push_client/rhodata/
D/RhodesApplication(  472): Root path: /data/data/com.rhomobile.gcm_push_client/rhodata/
I/RhoFileApi(  472): Opening stat table from FS: /data/data/com.rhomobile.gcm_push_client/rhodata/rho.dat
I/APP     (  472): T 06/11/2013 16:26:35:845 000001d8    RhodesApplication| Root path: /data/data/com.rhomobile.gcm_push_client/rhodata/
I/APP     (  472): T 06/11/2013 16:26:35:847 000001d8     fileapi.cpp:1707| New FS mode: 1
I/APP     (  472): I 06/11/2013 16:26:35:852 000001d8    RhodesApplication| Initialized
I/APP     (  472): I 06/11/2013 16:26:35:856 000001d8    LocalFileProvider| Revoke URI permissions: content:///com.rhomobile.gcm_push_client
W/ActivityManager(   61): No content provider found for: 
I/APP     (  472): I 06/11/2013 16:26:35:859 000001d8               Rhodes| Loading...
I/APP     (  472): I 06/11/2013 16:26:35:862 000001d8            RhodesApp| Trying to get free listening port.
I/APP     (  472): I 06/11/2013 16:26:35:863 000001d8            RhodesApp| Trying to bind of 0 port...
I/APP     (  472): I 06/11/2013 16:26:35:863 000001d8            RhodesApp| Got port to bind on: 47233
I/APP     (  472): I 06/11/2013 16:26:35:865 000001d8            RhodesApp| Free listening port: 47233
I/APP     (  472): T 06/11/2013 16:26:35:868 000001d8               Rhodes| rho_cast<string, jstring>
I/APP     (  472): T 06/11/2013 16:26:35:868 000001d8               Rhodes| rho_cast<string, jstring>: full_screen
I/APP     (  472): T 06/11/2013 16:26:35:895 000001e0            RhodesApp| Starting new thread - env: 0x002ac508, functions: 0x800a2988 ^^^^^^^^^^^^^^^^^^^^^^^^^^^^^^^^^^^^^^^^^^^^^^^^^^^^^
I/APP     (  472): I 06/11/2013 16:26:35:896 000001e0         AppCallbacks| Starting main routine...
I/APP     (  472): I 06/11/2013 16:26:35:897 000001e0         AppCallbacks| ThreadQueue blocked for 4294967295 seconds...
I/APP     (  472): I 06/11/2013 16:26:35:944 000001d8 ConnectionChangeReceiver| LOGGER: Network status change, connected = true
I/APP     (  472): T 06/11/2013 16:26:35:945 000001e1            RhodesApp| Starting new thread - env: 0x002b7210, functions: 0x800a2988 ^^^^^^^^^^^^^^^^^^^^^^^^^^^^^^^^^^^^^^^^^^^^^^^^^^^^^
I/APP     (  472): I 06/11/2013 16:26:35:947 000001e1            RhodesApp| Starting RhodesApp main routine...
I/APP     (  472): E 06/11/2013 16:26:35:953 000001d8         RhodesAppJNI| nativeNotify
I/APP     (  472): E 06/11/2013 16:26:35:954 000001d8            RhodesApp| enter notifyReceiver
I/APP     (  472): E 06/11/2013 16:26:35:955 000001d8            RhodesApp| calling onNetworkStatusChanged
D/dalvikvm(  187): GC_EXPLICIT freed 356K, 49% free 3065K/5959K, external 1634K/2137K, paused 112ms
I/APP     (  472): I 06/11/2013 16:26:36:092 000001e1              RhoRuby| Init_RhoBlobs: /data/data/com.rhomobile.gcm_push_client/rhodata/db/db-files
I/APP     (  472): I 06/11/2013 16:26:36:120 000001e1              RhoRuby| require_compiled: RhoApplicationApi
I/APP     (  472): T 06/11/2013 16:26:36:122 000001e1               Rhodes| rho_cast<jstring, string>: lib/RhoApplicationApi.iseq
I/APP     (  472): I 06/11/2013 16:26:36:145 000001e1              RhoRuby| require_compiled: RhoNetworkApi
I/APP     (  472): T 06/11/2013 16:26:36:146 000001e1               Rhodes| rho_cast<jstring, string>: lib/RhoNetworkApi.iseq
I/APP     (  472): I 06/11/2013 16:26:36:161 000001e1              RhoRuby| require_compiled: RhoDatabaseApi
I/APP     (  472): T 06/11/2013 16:26:36:162 000001e1               Rhodes| rho_cast<jstring, string>: lib/RhoDatabaseApi.iseq
I/APP     (  472): I 06/11/2013 16:26:36:205 000001e1              RhoRuby| require_compiled: RhoLogApi
I/APP     (  472): T 06/11/2013 16:26:36:206 000001e1               Rhodes| rho_cast<jstring, string>: lib/RhoLogApi.iseq
I/APP     (  472): T 06/11/2013 16:26:36:211 000001e1              WebView| Init_WebView
I/APP     (  472): T 06/11/2013 16:26:36:212 000001e1         RhodesAppJNI| rho_find_class - com.rho.webview.WebViewFactory
I/APP     (  472): T 06/11/2013 16:26:36:217 000001e1               Rhodes| rho_cast<string, jstring>
I/APP     (  472): T 06/11/2013 16:26:36:217 000001e1               Rhodes| rho_cast<string, jstring>: disable_loading_indication
I/APP     (  472): T 06/11/2013 16:26:36:220 000001e1               Rhodes| rho_cast<string, jstring>
I/APP     (  472): T 06/11/2013 16:26:36:221 000001e1               Rhodes| rho_cast<string, jstring>: enable_screen_zoom
I/APP     (  472): T 06/11/2013 16:26:36:221 000001e1               Rhodes| rho_cast<string, jstring>
I/APP     (  472): T 06/11/2013 16:26:36:222 000001e1               Rhodes| rho_cast<string, jstring>: enable_web_plugins
I/APP     (  472): T 06/11/2013 16:26:36:224 000001e1               Rhodes| rho_cast<string, jstring>
I/APP     (  472): T 06/11/2013 16:26:36:224 000001e1               Rhodes| rho_cast<string, jstring>: WebView.enableCache
I/APP     (  472): T 06/11/2013 16:26:36:225 000001e1    RhoExtManagerImpl| Set WebView config
W/dalvikvm(  472): JNI WARNING: JNI method called with exception raised
W/dalvikvm(  472):              in Ldalvik/system/NativeStart;.run ()V (IsSameObject)
W/dalvikvm(  472): Pending exception is:
I/dalvikvm(  472): Ljava/lang/NullPointerException;: RhodesActivity.sInstance == null
I/dalvikvm(  472): 	at com.rhomobile.rhodes.RhodesActivity.safeGetInstance(RhodesActivity.java:416)
I/dalvikvm(  472): 	at com.rhomobile.rhodes.extmanager.RhoExtManagerImpl.setWebViewConfig(RhoExtManagerImpl.java:853)
I/dalvikvm(  472): 	at com.rho.webview.WebViewSingleton.<init>(WebViewSingleton.java:47)
I/dalvikvm(  472): 	at com.rho.webview.WebViewFactory.<init>(WebViewFactory.java:5)
I/dalvikvm(  472): 	at dalvik.system.NativeStart.run(Native Method)
I/dalvikvm(  472): "Thread-11" prio=5 tid=10 NATIVE
I/dalvikvm(  472):   | group="main" sCount=0 dsCount=0 obj=0x40566890 self=0x2b7788
I/dalvikvm(  472):   | sysTid=481 nice=0 sched=0/0 cgrp=bg_non_interactive handle=2847032
I/dalvikvm(  472):   | schedstat=( 212293025 87168005 72 )
I/dalvikvm(  472):   at dalvik.system.NativeStart.run(Native Method)
I/dalvikvm(  472): 
E/dalvikvm(  472): VM aborting
I/DEBUG   (  471): *** *** *** *** *** *** *** *** *** *** *** *** *** *** *** ***
I/DEBUG   (  471): Build fingerprint: 'generic/google_sdk/generic:2.3.4/GINGERBREAD/123630:eng/test-keys'
I/DEBUG   (  471): pid: 472, tid: 481  >>> com.rhomobile.gcm_push_client <<<
I/DEBUG   (  471): signal 11 (SIGSEGV), code 1 (SEGV_MAPERR), fault addr deadd00d
I/DEBUG   (  471):  r0 fffffec4  r1 deadd00d  r2 00000026  r3 00000000
I/DEBUG   (  471):  r4 800a45c0  r5 00000000  r6 00000000  r7 002b7788
I/DEBUG   (  471):  r8 40570b98  r9 80cc53b8  10 00100000  fp 80cc4b80
I/DEBUG   (  471):  ip 800a4720  sp 44196af8  lr afd19375  pc 80045a4a  cpsr 20000030
I/DEBUG   (  471):          #00  pc 00045a4a  /system/lib/libdvm.so
I/DEBUG   (  471):          #01  pc 00037748  /system/lib/libdvm.so
I/DEBUG   (  471):          #02  pc 00037868  /system/lib/libdvm.so
I/DEBUG   (  471):          #03  pc 0003919a  /system/lib/libdvm.so
I/DEBUG   (  471): 
I/DEBUG   (  471): code around pc:
I/DEBUG   (  471): 80045a28 447a4479 ed0cf7d1 20004c09 ee34f7d1 
I/DEBUG   (  471): 80045a38 447c4808 6bdb5823 d0002b00 49064798 
I/DEBUG   (  471): 80045a48 700a2226 eea0f7d1 000436b7 00045275 
I/DEBUG   (  471): 80045a58 0005eb82 fffffec4 deadd00d b510b40e 
I/DEBUG   (  471): 80045a68 4c0a4b09 447bb083 aa05591b 6b5bca02 
I/DEBUG   (  471): 
I/DEBUG   (  471): code around lr:
I/DEBUG   (  471): afd19354 b0834a0d 589c447b 26009001 686768a5 
I/DEBUG   (  471): afd19364 220ce008 2b005eab 1c28d003 47889901 
I/DEBUG   (  471): afd19374 35544306 d5f43f01 2c006824 b003d1ee 
I/DEBUG   (  471): afd19384 bdf01c30 000281a8 ffffff88 1c0fb5f0 
I/DEBUG   (  471): afd19394 43551c3d a904b087 1c16ac01 604d9004 
I/DEBUG   (  471): 
I/DEBUG   (  471): stack:
I/DEBUG   (  471):     44196ab8  00000015  
I/DEBUG   (  471):     44196abc  afd18407  /system/lib/libc.so
I/DEBUG   (  471):     44196ac0  afd42604  /system/lib/libc.so
I/DEBUG   (  471):     44196ac4  afd4682c  
I/DEBUG   (  471):     44196ac8  00000000  
I/DEBUG   (  471):     44196acc  afd19375  /system/lib/libc.so
I/DEBUG   (  471):     44196ad0  002b7788  [heap]
I/DEBUG   (  471):     44196ad4  afd183d9  /system/lib/libc.so
I/DEBUG   (  471):     44196ad8  002b7788  [heap]
I/DEBUG   (  471):     44196adc  0005eb82  [heap]
I/DEBUG   (  471):     44196ae0  00000000  
I/DEBUG   (  471):     44196ae4  00000000  
I/DEBUG   (  471):     44196ae8  002b7788  [heap]
I/DEBUG   (  471):     44196aec  afd18437  /system/lib/libc.so
I/DEBUG   (  471):     44196af0  df0027ad  
I/DEBUG   (  471):     44196af4  00000000  
I/DEBUG   (  471): #00 44196af8  00000001  
I/DEBUG   (  471):     44196afc  8003774d  /system/lib/libdvm.so
I/DEBUG   (  471): #01 44196b00  00000001  
I/DEBUG   (  471):     44196b04  8003786d  /system/lib/libdvm.so
I/BootReceiver(   61): Copying /data/tombstones/tombstone_04 to DropBox (SYSTEM_TOMBSTONE)
D/Zygote  (   33): Process 472 terminated by signal (11)
I/ActivityManager(   61): Process com.rhomobile.gcm_push_client (pid 472) has died.
W/ActivityManager(   61): Scheduling restart of crashed service com.rhomobile.gcm_push_client/com.rhomobile.rhodes.RhodesService in 20000ms
D/dalvikvm(  239): GC_EXPLICIT freed 497K, 52% free 2779K/5703K, external 1625K/2137K, paused 39ms
D/dalvikvm(  285): GC_EXPLICIT freed 743K, 49% free 3363K/6535K, external 1625K/2137K, paused 66ms
D/dalvikvm(  305): GC_EXPLICIT freed 8K, 51% free 2724K/5511K, external 1625K/2137K, paused 32ms
D/dalvikvm(  337): GC_EXPLICIT freed 110K, 48% free 3522K/6727K, external 1625K/2137K, paused 51ms
I/ActivityManager(   61): Start proc com.rhomobile.gcm_push_client for service com.rhomobile.gcm_push_client/com.rhomobile.rhodes.RhodesService: pid=483 uid=10038 gids={3003}
D/dalvikvm(  483): Trying to load lib /data/data/com.rhomobile.gcm_push_client/lib/librhodes.so 0x40514b60
D/dalvikvm(  483): Added shared lib /data/data/com.rhomobile.gcm_push_client/lib/librhodes.so 0x40514b60
I/ActivityThread(  483): Pub com.rhomobile.gcm_push_client: com.rhomobile.rhodes.LocalFileProvider
I/RhodesApplication(  483): Initializing...
D/RhoFileApi(  483): App root path: /data/data/com.rhomobile.gcm_push_client/rhodata/
D/RhoFileApi(  483): Sqlite journals path: /data/data/com.rhomobile.gcm_push_client/sqlite_stmt_journals/
D/RhoFileApi(  483): Shared path: /data/data/com.rhomobile.gcm_push_client/rhodata/
D/RhodesApplication(  483): Root path: /data/data/com.rhomobile.gcm_push_client/rhodata/
I/RhoFileApi(  483): Opening stat table from FS: /data/data/com.rhomobile.gcm_push_client/rhodata/rho.dat
I/APP     (  483): T 06/11/2013 16:26:57:994 000001e3    RhodesApplication| Root path: /data/data/com.rhomobile.gcm_push_client/rhodata/
I/APP     (  483): T 06/11/2013 16:26:57:996 000001e3     fileapi.cpp:1707| New FS mode: 1
I/APP     (  483): I 06/11/2013 16:26:58:001 000001e3    RhodesApplication| Initialized
I/APP     (  483): I 06/11/2013 16:26:58:006 000001e3    LocalFileProvider| Revoke URI permissions: content:///com.rhomobile.gcm_push_client
W/ActivityManager(   61): No content provider found for: 
I/APP     (  483): I 06/11/2013 16:26:58:010 000001e3               Rhodes| Loading...
I/APP     (  483): I 06/11/2013 16:26:58:012 000001e3            RhodesApp| Trying to get free listening port.
I/APP     (  483): I 06/11/2013 16:26:58:013 000001e3            RhodesApp| Trying to bind of 0 port...
I/APP     (  483): I 06/11/2013 16:26:58:014 000001e3            RhodesApp| Got port to bind on: 50135
I/APP     (  483): I 06/11/2013 16:26:58:015 000001e3            RhodesApp| Free listening port: 50135
I/APP     (  483): T 06/11/2013 16:26:58:017 000001e3               Rhodes| rho_cast<string, jstring>
I/APP     (  483): T 06/11/2013 16:26:58:019 000001e3               Rhodes| rho_cast<string, jstring>: full_screen
I/APP     (  483): T 06/11/2013 16:26:58:021 000001eb            RhodesApp| Starting new thread - env: 0x002ade00, functions: 0x800a2988 ^^^^^^^^^^^^^^^^^^^^^^^^^^^^^^^^^^^^^^^^^^^^^^^^^^^^^
I/APP     (  483): I 06/11/2013 16:26:58:022 000001eb         AppCallbacks| Starting main routine...
I/APP     (  483): I 06/11/2013 16:26:58:023 000001eb         AppCallbacks| ThreadQueue blocked for 4294967295 seconds...
I/APP     (  483): T 06/11/2013 16:26:58:062 000001ec            RhodesApp| Starting new thread - env: 0x002b7208, functions: 0x800a2988 ^^^^^^^^^^^^^^^^^^^^^^^^^^^^^^^^^^^^^^^^^^^^^^^^^^^^^
I/APP     (  483): I 06/11/2013 16:26:58:063 000001ec            RhodesApp| Starting RhodesApp main routine...
I/APP     (  483): I 06/11/2013 16:26:58:085 000001e3 ConnectionChangeReceiver| LOGGER: Network status change, connected = true
I/APP     (  483): E 06/11/2013 16:26:58:085 000001e3         RhodesAppJNI| nativeNotify
I/APP     (  483): E 06/11/2013 16:26:58:087 000001e3            RhodesApp| enter notifyReceiver
I/APP     (  483): E 06/11/2013 16:26:58:087 000001e3            RhodesApp| calling onNetworkStatusChanged
I/APP     (  483): I 06/11/2013 16:26:58:162 000001ec              RhoRuby| Init_RhoBlobs: /data/data/com.rhomobile.gcm_push_client/rhodata/db/db-files
I/APP     (  483): I 06/11/2013 16:26:58:190 000001ec              RhoRuby| require_compiled: RhoApplicationApi
I/APP     (  483): T 06/11/2013 16:26:58:191 000001ec               Rhodes| rho_cast<jstring, string>: lib/RhoApplicationApi.iseq
I/APP     (  483): I 06/11/2013 16:26:58:214 000001ec              RhoRuby| require_compiled: RhoNetworkApi
I/APP     (  483): T 06/11/2013 16:26:58:215 000001ec               Rhodes| rho_cast<jstring, string>: lib/RhoNetworkApi.iseq
I/APP     (  483): I 06/11/2013 16:26:58:229 000001ec              RhoRuby| require_compiled: RhoDatabaseApi
I/APP     (  483): T 06/11/2013 16:26:58:230 000001ec               Rhodes| rho_cast<jstring, string>: lib/RhoDatabaseApi.iseq
I/APP     (  483): I 06/11/2013 16:26:58:273 000001ec              RhoRuby| require_compiled: RhoLogApi
I/APP     (  483): T 06/11/2013 16:26:58:274 000001ec               Rhodes| rho_cast<jstring, string>: lib/RhoLogApi.iseq
I/APP     (  483): T 06/11/2013 16:26:58:279 000001ec              WebView| Init_WebView
I/APP     (  483): T 06/11/2013 16:26:58:280 000001ec         RhodesAppJNI| rho_find_class - com.rho.webview.WebViewFactory
I/APP     (  483): T 06/11/2013 16:26:58:284 000001ec               Rhodes| rho_cast<string, jstring>
I/APP     (  483): T 06/11/2013 16:26:58:285 000001ec               Rhodes| rho_cast<string, jstring>: disable_loading_indication
I/APP     (  483): T 06/11/2013 16:26:58:286 000001ec               Rhodes| rho_cast<string, jstring>
I/APP     (  483): T 06/11/2013 16:26:58:286 000001ec               Rhodes| rho_cast<string, jstring>: enable_screen_zoom
I/APP     (  483): T 06/11/2013 16:26:58:288 000001ec               Rhodes| rho_cast<string, jstring>
I/APP     (  483): T 06/11/2013 16:26:58:289 000001ec               Rhodes| rho_cast<string, jstring>: enable_web_plugins
I/APP     (  483): T 06/11/2013 16:26:58:289 000001ec               Rhodes| rho_cast<string, jstring>
I/APP     (  483): T 06/11/2013 16:26:58:291 000001ec               Rhodes| rho_cast<string, jstring>: WebView.enableCache
I/APP     (  483): T 06/11/2013 16:26:58:291 000001ec    RhoExtManagerImpl| Set WebView config
W/dalvikvm(  483): JNI WARNING: JNI method called with exception raised
W/dalvikvm(  483):              in Ldalvik/system/NativeStart;.run ()V (IsSameObject)
W/dalvikvm(  483): Pending exception is:
I/dalvikvm(  483): Ljava/lang/NullPointerException;: RhodesActivity.sInstance == null
I/dalvikvm(  483): 	at com.rhomobile.rhodes.RhodesActivity.safeGetInstance(RhodesActivity.java:416)
I/dalvikvm(  483): 	at com.rhomobile.rhodes.extmanager.RhoExtManagerImpl.setWebViewConfig(RhoExtManagerImpl.java:853)
I/dalvikvm(  483): 	at com.rho.webview.WebViewSingleton.<init>(WebViewSingleton.java:47)
I/dalvikvm(  483): 	at com.rho.webview.WebViewFactory.<init>(WebViewFactory.java:5)
I/dalvikvm(  483): 	at dalvik.system.NativeStart.run(Native Method)
I/dalvikvm(  483): "Thread-11" prio=5 tid=10 NATIVE
I/dalvikvm(  483):   | group="main" sCount=0 dsCount=0 obj=0x405661e8 self=0x2b7710
I/dalvikvm(  483):   | sysTid=492 nice=0 sched=0/0 cgrp=bg_non_interactive handle=2846904
I/dalvikvm(  483):   | schedstat=( 206677022 31005001 65 )
I/dalvikvm(  483):   at dalvik.system.NativeStart.run(Native Method)
I/dalvikvm(  483): 
E/dalvikvm(  483): VM aborting
I/DEBUG   (  471): *** *** *** *** *** *** *** *** *** *** *** *** *** *** *** ***
I/DEBUG   (  471): Build fingerprint: 'generic/google_sdk/generic:2.3.4/GINGERBREAD/123630:eng/test-keys'
I/DEBUG   (  471): pid: 483, tid: 492  >>> com.rhomobile.gcm_push_client <<<
I/DEBUG   (  471): signal 11 (SIGSEGV), code 1 (SEGV_MAPERR), fault addr deadd00d
I/DEBUG   (  471):  r0 fffffec4  r1 deadd00d  r2 00000026  r3 00000000
I/DEBUG   (  471):  r4 800a45c0  r5 00000000  r6 00000000  r7 002b7710
I/DEBUG   (  471):  r8 40570fa0  r9 80cc53b8  10 00100000  fp 80cc4b80
I/DEBUG   (  471):  ip 800a4720  sp 44196af8  lr afd19375  pc 80045a4a  cpsr 20000030
I/DEBUG   (  471):          #00  pc 00045a4a  /system/lib/libdvm.so
I/DEBUG   (  471):          #01  pc 00037748  /system/lib/libdvm.so
I/DEBUG   (  471):          #02  pc 00037868  /system/lib/libdvm.so
I/DEBUG   (  471):          #03  pc 0003919a  /system/lib/libdvm.so
I/DEBUG   (  471): 
I/DEBUG   (  471): code around pc:
I/DEBUG   (  471): 80045a28 447a4479 ed0cf7d1 20004c09 ee34f7d1 
I/DEBUG   (  471): 80045a38 447c4808 6bdb5823 d0002b00 49064798 
I/DEBUG   (  471): 80045a48 700a2226 eea0f7d1 000436b7 00045275 
I/DEBUG   (  471): 80045a58 0005eb82 fffffec4 deadd00d b510b40e 
I/DEBUG   (  471): 80045a68 4c0a4b09 447bb083 aa05591b 6b5bca02 
I/DEBUG   (  471): 
I/DEBUG   (  471): code around lr:
I/DEBUG   (  471): afd19354 b0834a0d 589c447b 26009001 686768a5 
I/DEBUG   (  471): afd19364 220ce008 2b005eab 1c28d003 47889901 
I/DEBUG   (  471): afd19374 35544306 d5f43f01 2c006824 b003d1ee 
I/DEBUG   (  471): afd19384 bdf01c30 000281a8 ffffff88 1c0fb5f0 
I/DEBUG   (  471): afd19394 43551c3d a904b087 1c16ac01 604d9004 
I/DEBUG   (  471): 
I/DEBUG   (  471): stack:
I/DEBUG   (  471):     44196ab8  00000015  
I/DEBUG   (  471):     44196abc  afd18407  /system/lib/libc.so
I/DEBUG   (  471):     44196ac0  afd42604  /system/lib/libc.so
I/DEBUG   (  471):     44196ac4  afd4682c  
I/DEBUG   (  471):     44196ac8  00000000  
I/DEBUG   (  471):     44196acc  afd19375  /system/lib/libc.so
I/DEBUG   (  471):     44196ad0  002b7710  [heap]
I/DEBUG   (  471):     44196ad4  afd183d9  /system/lib/libc.so
I/DEBUG   (  471):     44196ad8  002b7710  [heap]
I/DEBUG   (  471):     44196adc  0005eb82  [heap]
I/DEBUG   (  471):     44196ae0  00000000  
I/DEBUG   (  471):     44196ae4  00000000  
I/DEBUG   (  471):     44196ae8  002b7710  [heap]
I/DEBUG   (  471):     44196aec  afd18437  /system/lib/libc.so
I/DEBUG   (  471):     44196af0  df0027ad  
I/DEBUG   (  471):     44196af4  00000000  
I/DEBUG   (  471): #00 44196af8  00000001  
I/DEBUG   (  471):     44196afc  8003774d  /system/lib/libdvm.so
I/DEBUG   (  471): #01 44196b00  00000001  
I/DEBUG   (  471):     44196b04  8003786d  /system/lib/libdvm.so
I/BootReceiver(   61): Copying /data/tombstones/tombstone_05 to DropBox (SYSTEM_TOMBSTONE)
D/Zygote  (   33): Process 483 terminated by signal (11)
D/dalvikvm(   61): GC_FOR_MALLOC freed 1067K, 49% free 4982K/9671K, external 4373K/5573K, paused 55ms
I/ActivityManager(   61): Process com.rhomobile.gcm_push_client (pid 483) has died.
W/ActivityManager(   61): Scheduling restart of crashed service com.rhomobile.gcm_push_client/com.rhomobile.rhodes.RhodesService in 80000ms
D/dalvikvm(  352): GC_EXPLICIT freed 323K, 51% free 2719K/5511K, external 1625K/2137K, paused 38ms
I/ActivityManager(   61): Start proc com.rhomobile.gcm_push_client for service com.rhomobile.gcm_push_client/com.rhomobile.rhodes.RhodesService: pid=494 uid=10038 gids={3003}
D/dalvikvm(  494): Trying to load lib /data/data/com.rhomobile.gcm_push_client/lib/librhodes.so 0x40514f68
D/dalvikvm(  494): Added shared lib /data/data/com.rhomobile.gcm_push_client/lib/librhodes.so 0x40514f68
I/ActivityThread(  494): Pub com.rhomobile.gcm_push_client: com.rhomobile.rhodes.LocalFileProvider
I/RhodesApplication(  494): Initializing...
D/RhoFileApi(  494): App root path: /data/data/com.rhomobile.gcm_push_client/rhodata/
D/RhoFileApi(  494): Sqlite journals path: /data/data/com.rhomobile.gcm_push_client/sqlite_stmt_journals/
D/RhoFileApi(  494): Shared path: /data/data/com.rhomobile.gcm_push_client/rhodata/
D/RhodesApplication(  494): Root path: /data/data/com.rhomobile.gcm_push_client/rhodata/
I/RhoFileApi(  494): Opening stat table from FS: /data/data/com.rhomobile.gcm_push_client/rhodata/rho.dat
I/APP     (  494): T 06/11/2013 16:28:20:109 000001ee    RhodesApplication| Root path: /data/data/com.rhomobile.gcm_push_client/rhodata/
I/APP     (  494): T 06/11/2013 16:28:20:112 000001ee     fileapi.cpp:1707| New FS mode: 1
I/APP     (  494): I 06/11/2013 16:28:20:117 000001ee    RhodesApplication| Initialized
I/APP     (  494): I 06/11/2013 16:28:20:122 000001ee    LocalFileProvider| Revoke URI permissions: content:///com.rhomobile.gcm_push_client
W/ActivityManager(   61): No content provider found for: 
I/APP     (  494): I 06/11/2013 16:28:20:126 000001ee               Rhodes| Loading...
I/APP     (  494): I 06/11/2013 16:28:20:129 000001ee            RhodesApp| Trying to get free listening port.
I/APP     (  494): I 06/11/2013 16:28:20:131 000001ee            RhodesApp| Trying to bind of 0 port...
I/APP     (  494): I 06/11/2013 16:28:20:132 000001ee            RhodesApp| Got port to bind on: 47506
I/APP     (  494): I 06/11/2013 16:28:20:132 000001ee            RhodesApp| Free listening port: 47506
I/APP     (  494): T 06/11/2013 16:28:20:136 000001ee               Rhodes| rho_cast<string, jstring>
I/APP     (  494): T 06/11/2013 16:28:20:137 000001ee               Rhodes| rho_cast<string, jstring>: full_screen
I/APP     (  494): T 06/11/2013 16:28:20:141 000001f6            RhodesApp| Starting new thread - env: 0x002ac508, functions: 0x800a2988 ^^^^^^^^^^^^^^^^^^^^^^^^^^^^^^^^^^^^^^^^^^^^^^^^^^^^^
I/APP     (  494): I 06/11/2013 16:28:20:142 000001f6         AppCallbacks| Starting main routine...
I/APP     (  494): I 06/11/2013 16:28:20:142 000001f6         AppCallbacks| ThreadQueue blocked for 4294967295 seconds...
I/APP     (  494): T 06/11/2013 16:28:20:183 000001f7            RhodesApp| Starting new thread - env: 0x002b7178, functions: 0x800a2988 ^^^^^^^^^^^^^^^^^^^^^^^^^^^^^^^^^^^^^^^^^^^^^^^^^^^^^
I/APP     (  494): I 06/11/2013 16:28:20:183 000001f7            RhodesApp| Starting RhodesApp main routine...
I/APP     (  494): I 06/11/2013 16:28:20:206 000001ee ConnectionChangeReceiver| LOGGER: Network status change, connected = true
I/APP     (  494): E 06/11/2013 16:28:20:208 000001ee         RhodesAppJNI| nativeNotify
I/APP     (  494): E 06/11/2013 16:28:20:209 000001ee            RhodesApp| enter notifyReceiver
I/APP     (  494): E 06/11/2013 16:28:20:210 000001ee            RhodesApp| calling onNetworkStatusChanged
I/APP     (  494): I 06/11/2013 16:28:20:292 000001f7              RhoRuby| Init_RhoBlobs: /data/data/com.rhomobile.gcm_push_client/rhodata/db/db-files
I/APP     (  494): I 06/11/2013 16:28:20:323 000001f7              RhoRuby| require_compiled: RhoApplicationApi
I/APP     (  494): T 06/11/2013 16:28:20:325 000001f7               Rhodes| rho_cast<jstring, string>: lib/RhoApplicationApi.iseq
I/APP     (  494): I 06/11/2013 16:28:20:349 000001f7              RhoRuby| require_compiled: RhoNetworkApi
I/APP     (  494): T 06/11/2013 16:28:20:350 000001f7               Rhodes| rho_cast<jstring, string>: lib/RhoNetworkApi.iseq
I/APP     (  494): I 06/11/2013 16:28:20:366 000001f7              RhoRuby| require_compiled: RhoDatabaseApi
I/APP     (  494): T 06/11/2013 16:28:20:368 000001f7               Rhodes| rho_cast<jstring, string>: lib/RhoDatabaseApi.iseq
I/APP     (  494): I 06/11/2013 16:28:20:414 000001f7              RhoRuby| require_compiled: RhoLogApi
I/APP     (  494): T 06/11/2013 16:28:20:415 000001f7               Rhodes| rho_cast<jstring, string>: lib/RhoLogApi.iseq
I/APP     (  494): T 06/11/2013 16:28:20:421 000001f7              WebView| Init_WebView
I/APP     (  494): T 06/11/2013 16:28:20:422 000001f7         RhodesAppJNI| rho_find_class - com.rho.webview.WebViewFactory
I/APP     (  494): T 06/11/2013 16:28:20:428 000001f7               Rhodes| rho_cast<string, jstring>
I/APP     (  494): T 06/11/2013 16:28:20:429 000001f7               Rhodes| rho_cast<string, jstring>: disable_loading_indication
