I/DEBUG   (   31): debuggerd: May  4 2011 16:18:10
I/Netd    (   30): Netd 1.0 starting
I/Vold    (   29): Vold 2.1 (the revenge) firing up
D/Vold    (   29): USB mass storage support is not enabled in the kernel
D/Vold    (   29): usb_configuration switch is not enabled in the kernel
D/qemud   (   38): entering main loop
D/Vold    (   29): Volume sdcard state changing -1 (Initializing) -> 0 (No-Media)
D/Vold    (   29): Volume sdcard state changing 0 (No-Media) -> 1 (Idle-Unmounted)
D/qemud   (   38): fdhandler_accept_event: accepting on fd 9
D/qemud   (   38): created client 0xe078 listening on fd 10
D/qemud   (   38): client_fd_receive: attempting registration for service 'boot-properties'
D/qemud   (   38): client_fd_receive:    -> received channel id 1
D/qemud   (   38): client_registration: registration succeeded for client 1
I/qemu-props(   52): connected to 'boot-properties' qemud service.
I/qemu-props(   52): receiving..
I/qemu-props(   52): received: dalvik.vm.heapsize=24m
I/qemu-props(   52): receiving..
I/qemu-props(   52): received: qemu.sf.lcd_density=240
I/qemu-props(   52): receiving..
I/qemu-props(   52): received: qemu.hw.mainkeys=1
I/qemu-props(   52): receiving..
I/qemu-props(   52): received: qemu.sf.fake_camera=back
I/qemu-props(   52): receiving..
I/qemu-props(   52): exiting (4 properties set).
D/qemud   (   38): fdhandler_event: disconnect on fd 10
D/AndroidRuntime(   33): 
D/AndroidRuntime(   33): >>>>>> AndroidRuntime START com.android.internal.os.ZygoteInit <<<<<<
D/AndroidRuntime(   33): CheckJNI is ON
I/        (   34): ServiceManager: 0xad50
D/AudioHardwareInterface(   34): setMode(NORMAL)
I/CameraService(   34): CameraService started (pid=34)
I/AudioFlinger(   34): AudioFlinger's thread 0xc658 ready to run
D/qemud   (   38): fdhandler_accept_event: accepting on fd 9
D/qemud   (   38): created client 0xe078 listening on fd 10
D/qemud   (   38): fdhandler_event: disconnect on fd 10
D/qemud   (   38): fdhandler_accept_event: accepting on fd 9
D/qemud   (   38): created client 0xe078 listening on fd 10
D/qemud   (   38): client_fd_receive: attempting registration for service 'gsm'
D/qemud   (   38): client_fd_receive:    -> received channel id 2
D/qemud   (   38): client_registration: registration succeeded for client 2
I/SamplingProfilerIntegration(   33): Profiler is disabled.
I/Zygote  (   33): Preloading classes...
E/Zygote  (   33): setreuid() failed. errno: 2
D/dalvikvm(   33): GC_EXPLICIT freed 47K, 78% free 234K/1024K, external 0K/0K, paused 6ms
D/dalvikvm(   33): GC_EXPLICIT freed 1K, 73% free 284K/1024K, external 0K/0K, paused 3ms
D/dalvikvm(   33): GC_EXPLICIT freed 20K, 69% free 318K/1024K, external 0K/0K, paused 3ms
D/dalvikvm(   33): GC_EXPLICIT freed 17K, 66% free 355K/1024K, external 0K/0K, paused 3ms
D/dalvikvm(   33): GC_EXPLICIT freed 26K, 63% free 383K/1024K, external 0K/0K, paused 3ms
D/dalvikvm(   33): GC_EXPLICIT freed 21K, 57% free 442K/1024K, external 0K/0K, paused 5ms
W/MediaProfiles(   33): could not find media config xml file
D/dalvikvm(   33): GC_EXPLICIT freed 99K, 47% free 548K/1024K, external 0K/0K, paused 5ms
D/dalvikvm(   33): GC_EXPLICIT freed 272K, 28% free 885K/1219K, external 0K/0K, paused 12ms
D/dalvikvm(   33): GC_EXPLICIT freed 21K, 24% free 933K/1219K, external 0K/0K, paused 8ms
D/RenderScript_jni(   33): RenderScript JNI library not found!
D/dalvikvm(   33): GC_EXPLICIT freed 25K, 19% free 999K/1219K, external 0K/0K, paused 11ms
D/dalvikvm(   33): GC_EXPLICIT freed 47K, 5% free 1282K/1347K, external 0K/0K, paused 13ms
D/dalvikvm(   33): GC_EXPLICIT freed 24K, 3% free 1312K/1347K, external 0K/0K, paused 15ms
D/dalvikvm(   33): GC_EXPLICIT freed 28K, 6% free 1337K/1411K, external 0K/0K, paused 14ms
D/dalvikvm(   33): GC_EXPLICIT freed 14K, 3% free 1378K/1411K, external 0K/0K, paused 16ms
W/Zygote  (   33): Class not found for preloading: android.widget.TextView$SelectionModifierCursorController$1
D/dalvikvm(   33): GC_EXPLICIT freed 28K, 5% free 1403K/1475K, external 0K/0K, paused 14ms
D/dalvikvm(   33): GC_EXPLICIT freed 31K, 3% free 1442K/1475K, external 0K/0K, paused 17ms
D/dalvikvm(   33): GC_EXPLICIT freed 38K, 6% free 1459K/1539K, external 0K/0K, paused 14ms
D/dalvikvm(   33): GC_EXPLICIT freed 41K, 5% free 1474K/1539K, external 0K/0K, paused 25ms
D/dalvikvm(   33): GC_EXPLICIT freed 55K, 8% free 1487K/1603K, external 0K/0K, paused 14ms
D/dalvikvm(   33): GC_FOR_MALLOC freed 2885K, 57% free 2238K/5123K, external 0K/0K, paused 66ms
D/dalvikvm(   33): GC_EXPLICIT freed 2445K, 52% free 2491K/5123K, external 0K/0K, paused 47ms
D/dalvikvm(   33): GC_EXPLICIT freed 148K, 51% free 2555K/5123K, external 0K/0K, paused 32ms
D/dalvikvm(   33): GC_EXPLICIT freed 73K, 50% free 2580K/5123K, external 0K/0K, paused 28ms
D/dalvikvm(   33): GC_EXPLICIT freed 36K, 50% free 2598K/5123K, external 0K/0K, paused 31ms
D/dalvikvm(   33): GC_EXPLICIT freed 31K, 49% free 2621K/5123K, external 0K/0K, paused 27ms
D/dalvikvm(   33): GC_EXPLICIT freed 38K, 49% free 2644K/5123K, external 0K/0K, paused 31ms
I/Zygote  (   33): ...preloaded 1829 classes in 7338ms.
E/Zygote  (   33): setreuid() failed. errno: 17
D/dalvikvm(   33): GC_EXPLICIT freed 19K, 49% free 2641K/5123K, external 0K/0K, paused 34ms
I/Zygote  (   33): Preloading resources...
D/dalvikvm(   33): GC_EXTERNAL_ALLOC freed <1K, 49% free 2643K/5123K, external 0K/0K, paused 31ms
W/Zygote  (   33): Preloaded drawable resource #0x1080093 (res/drawable-hdpi/sym_def_app_icon.png) that varies with configuration!!
W/Zygote  (   33): Preloaded drawable resource #0x1080002 (res/drawable-hdpi/arrow_down_float.png) that varies with configuration!!
W/Zygote  (   33): Preloaded drawable resource #0x10800b4 (res/drawable/btn_check.xml) that varies with configuration!!
W/Zygote  (   33): Preloaded drawable resource #0x10800b7 (res/drawable-hdpi/btn_check_label_background.9.png) that varies with configuration!!
W/Zygote  (   33): Preloaded drawable resource #0x10800b8 (res/drawable-hdpi/btn_check_off.png) that varies with configuration!!
W/Zygote  (   33): Preloaded drawable resource #0x10800bd (res/drawable-hdpi/btn_check_on.png) that varies with configuration!!
W/Zygote  (   33): Preloaded drawable resource #0x1080004 (res/drawable/btn_default.xml) that varies with configuration!!
W/Zygote  (   33): Preloaded drawable resource #0x1080005 (res/drawable/btn_default_small.xml) that varies with configuration!!
W/Zygote  (   33): Preloaded drawable resource #0x1080006 (res/drawable/btn_dropdown.xml) that varies with configuration!!
D/dalvikvm(   33): GC_EXTERNAL_ALLOC freed 15K, 48% free 2665K/5123K, external 508K/532K, paused 27ms
W/Zygote  (   33): Preloaded drawable resource #0x1080008 (res/drawable/btn_plus.xml) that varies with configuration!!
W/Zygote  (   33): Preloaded drawable resource #0x1080007 (res/drawable/btn_minus.xml) that varies with configuration!!
W/Zygote  (   33): Preloaded drawable resource #0x1080009 (res/drawable/btn_radio.xml) that varies with configuration!!
W/Zygote  (   33): Preloaded drawable resource #0x108000a (res/drawable/btn_star.xml) that varies with configuration!!
D/dalvikvm(   33): GC_EXPLICIT freed 9K, 48% free 2680K/5123K, external 927K/1049K, paused 34ms
W/Zygote  (   33): Preloaded drawable resource #0x1080132 (res/drawable/btn_toggle.xml) that varies with configuration!!
W/Zygote  (   33): Preloaded drawable resource #0x1080196 (res/drawable-hdpi/ic_emergency.png) that varies with configuration!!
W/Zygote  (   33): Preloaded drawable resource #0x1080012 (res/drawable-hdpi/divider_horizontal_bright.9.png) that varies with configuration!!
W/Zygote  (   33): Preloaded drawable resource #0x1080014 (res/drawable-hdpi/divider_horizontal_dark.9.png) that varies with configuration!!
W/Zygote  (   33): Preloaded drawable resource #0x1080016 (res/drawable/edit_text.xml) that varies with configuration!!
W/Zygote  (   33): Preloaded drawable resource #0x1080170 (res/drawable/expander_group.xml) that varies with configuration!!
D/dalvikvm(   33): GC_EXTERNAL_ALLOC freed 10K, 48% free 2688K/5123K, external 1032K/1049K, paused 28ms
W/Zygote  (   33): Preloaded drawable resource #0x1080062 (res/drawable/list_selector_background.xml) that varies with configuration!!
W/Zygote  (   33): Preloaded drawable resource #0x108022a (res/drawable-hdpi/menu_background.9.png) that varies with configuration!!
W/Zygote  (   33): Preloaded drawable resource #0x108022b (res/drawable-hdpi/menu_background_fill_parent_width.9.png) that varies with configuration!!
W/Zygote  (   33): Preloaded drawable resource #0x108022c (res/drawable/menu_selector.xml) that varies with configuration!!
W/Zygote  (   33): Preloaded drawable resource #0x108023a (res/drawable-hdpi/panel_background.9.png) that varies with configuration!!
W/Zygote  (   33): Preloaded drawable resource #0x1080242 (res/drawable-hdpi/popup_bottom_bright.9.png) that varies with configuration!!
W/Zygote  (   33): Preloaded drawable resource #0x1080243 (res/drawable-hdpi/popup_bottom_dark.9.png) that varies with configuration!!
W/Zygote  (   33): Preloaded drawable resource #0x1080244 (res/drawable-hdpi/popup_bottom_medium.9.png) that varies with configuration!!
W/Zygote  (   33): Preloaded drawable resource #0x1080245 (res/drawable-hdpi/popup_center_bright.9.png) that varies with configuration!!
W/Zygote  (   33): Preloaded drawable resource #0x1080246 (res/drawable-hdpi/popup_center_dark.9.png) that varies with configuration!!
W/Zygote  (   33): Preloaded drawable resource #0x1080249 (res/drawable-hdpi/popup_full_dark.9.png) that varies with configuration!!
W/Zygote  (   33): Preloaded drawable resource #0x108024c (res/drawable-hdpi/popup_top_bright.9.png) that varies with configuration!!
W/Zygote  (   33): Preloaded drawable resource #0x108024d (res/drawable-hdpi/popup_top_dark.9.png) that varies with configuration!!
W/Zygote  (   33): Preloaded drawable resource #0x108006d (res/drawable/progress_indeterminate_horizontal.xml) that varies with configuration!!
W/Zygote  (   33): Preloaded drawable resource #0x1080253 (res/drawable/progress_small.xml) that varies with configuration!!
W/Zygote  (   33): Preloaded drawable resource #0x1080254 (res/drawable/progress_small_titlebar.xml) that varies with configuration!!
W/Zygote  (   33): Preloaded drawable resource #0x1080274 (res/drawable-hdpi/scrollbar_handle_horizontal.9.png) that varies with configuration!!
W/Zygote  (   33): Preloaded drawable resource #0x1080275 (res/drawable-hdpi/scrollbar_handle_vertical.9.png) that varies with configuration!!
D/dalvikvm(   33): GC_EXPLICIT freed 20K, 48% free 2706K/5123K, external 1327K/1566K, paused 39ms
W/Zygote  (   33): Preloaded drawable resource #0x1080071 (res/drawable/spinner_dropdown_background.xml) that varies with configuration!!
W/Zygote  (   33): Preloaded drawable resource #0x1080316 (res/drawable-hdpi/text_select_handle_left.png) that varies with configuration!!
W/Zygote  (   33): Preloaded drawable resource #0x1080317 (res/drawable-hdpi/text_select_handle_middle.png) that varies with configuration!!
W/Zygote  (   33): Preloaded drawable resource #0x1080318 (res/drawable-hdpi/text_select_handle_right.png) that varies with configuration!!
W/Zygote  (   33): Preloaded drawable resource #0x1080339 (res/drawable-hdpi/title_bar_shadow.9.png) that varies with configuration!!
W/Zygote  (   33): Preloaded drawable resource #0x10801d8 (res/drawable-hdpi/indicator_code_lock_drag_direction_green_up.png) that varies with configuration!!
W/Zygote  (   33): Preloaded drawable resource #0x10801d9 (res/drawable-hdpi/indicator_code_lock_drag_direction_red_up.png) that varies with configuration!!
W/Zygote  (   33): Preloaded drawable resource #0x10801da (res/drawable-hdpi/indicator_code_lock_point_area_default.png) that varies with configuration!!
W/Zygote  (   33): Preloaded drawable resource #0x10801db (res/drawable-hdpi/indicator_code_lock_point_area_green.png) that varies with configuration!!
D/dalvikvm(   33): GC_EXTERNAL_ALLOC freed 15K, 48% free 2707K/5123K, external 1561K/1566K, paused 27ms
W/Zygote  (   33): Preloaded drawable resource #0x10801dc (res/drawable-hdpi/indicator_code_lock_point_area_red.png) that varies with configuration!!
I/Zygote  (   33): ...preloaded 51 resources in 672ms.
I/Zygote  (   33): ...preloaded 15 resources in 12ms.
D/dalvikvm(   33): GC_EXPLICIT freed 8K, 48% free 2713K/5123K, external 1625K/2137K, paused 32ms
D/dalvikvm(   33): GC_EXPLICIT freed 5K, 48% free 2708K/5123K, external 1625K/2137K, paused 26ms
D/dalvikvm(   33): GC_EXPLICIT freed <1K, 48% free 2707K/5123K, external 1625K/2137K, paused 39ms
I/dalvikvm(   33): System server process 61 has been created
I/Zygote  (   33): Accepting command socket connections
E/BatteryService(   61): usbOnlinePath not found
E/BatteryService(   61): batteryVoltagePath not found
E/BatteryService(   61): batteryTemperaturePath not found
I/sysproc (   61): Entered system_init()
I/sysproc (   61): ServiceManager: 0x8c668
I/SurfaceFlinger(   61): SurfaceFlinger is starting
I/SurfaceFlinger(   61): SurfaceFlinger's main thread ready to run. Initializing graphics H/W...
E/SurfaceFlinger(   61): Couldn't open /sys/power/wait_for_fb_sleep or /sys/power/wait_for_fb_wake
I/gralloc (   61): using (fd=26)
I/gralloc (   61): id           = 
I/gralloc (   61): xres         = 480 px
I/gralloc (   61): yres         = 800 px
I/gralloc (   61): xres_virtual = 480 px
I/gralloc (   61): yres_virtual = 1600 px
I/gralloc (   61): bpp          = 16
I/gralloc (   61): r            = 11:5
I/gralloc (   61): g            =  5:6
I/gralloc (   61): b            =  0:5
I/gralloc (   61): width        = 74 mm (164.756760 dpi)
I/gralloc (   61): height       = 123 mm (165.203247 dpi)
I/gralloc (   61): refresh rate = 60.00 Hz
D/libEGL  (   61): egl.cfg not found, using default config
D/libEGL  (   61): loaded /system/lib/egl/libGLES_android.so
I/SurfaceFlinger(   61): EGL informations:
I/SurfaceFlinger(   61): # of configs : 8
I/SurfaceFlinger(   61): vendor    : Android
I/SurfaceFlinger(   61): version   : 1.4 Android META-EGL
I/SurfaceFlinger(   61): extensions: EGL_KHR_image EGL_KHR_image_base EGL_KHR_image_pixmap EGL_ANDROID_image_native_buffer EGL_ANDROID_swap_rectangle 
I/SurfaceFlinger(   61): Client API: OpenGL ES
I/SurfaceFlinger(   61): EGLSurface: 5-6-5-0, config=0x0
I/SurfaceFlinger(   61): OpenGL informations:
I/SurfaceFlinger(   61): vendor    : Android
I/SurfaceFlinger(   61): renderer  : Android PixelFlinger 1.4
I/SurfaceFlinger(   61): version   : OpenGL ES-CM 1.0
I/SurfaceFlinger(   61): extensions: GL_OES_byte_coordinates GL_OES_fixed_point GL_OES_single_precision GL_OES_read_format GL_OES_compressed_paletted_texture GL_OES_draw_texture GL_OES_matrix_get GL_OES_query_matrix GL_OES_EGL_image GL_OES_compressed_ETC1_RGB8_texture GL_ARB_texture_compression GL_ARB_texture_non_power_of_two GL_ANDROID_user_clip_plane GL_ANDROID_vertex_buffer_object GL_ANDROID_generate_mipmap 
I/SurfaceFlinger(   61): GL_MAX_TEXTURE_SIZE = 4096
I/SurfaceFlinger(   61): GL_MAX_VIEWPORT_DIMS = 4096
I/SurfaceFlinger(   61): flags = 000c0000
D/SensorService(   61): nuSensorService starting...
E/SensorService(   61): couldn't open device for module sensors (Invalid argument)
I/sysproc (   61): System server: starting Android runtime.
I/sysproc (   61): System server: starting Android services.
I/SystemServer(   61): Entered the Android system server!
I/sysproc (   61): System server: entering thread pool.
I/SystemServer(   61): Entropy Service
I/SystemServer(   61): Power Manager
I/SystemServer(   61): Activity Manager
I/ActivityManager(   61): Memory class: 24
D/libEGL  (   73): egl.cfg not found, using default config
D/libEGL  (   73): loaded /system/lib/egl/libGLES_android.so
W/zipro   (   73): Unable to open zip '/data/local/bootanimation.zip': No such file or directory
W/zipro   (   73): Unable to open zip '/system/media/bootanimation.zip': No such file or directory
I/ARMAssembler(   61): generated scanline__00000077:03010104_00000004_00000000 [ 22 ipp] (41 ins) at [0x444361e8:0x4443628c] in 4188000 ns
I/ARMAssembler(   73): generated scanline__00000077:03545404_00000A01_00000000 [ 30 ipp] (51 ins) at [0x404281e8:0x404282b4] in 2400000 ns
I/SystemServer(   61): Telephony Registry
I/SystemServer(   61): Package Manager
I/Installer(   61): connecting...
I/installd(   35): new connection
D/dalvikvm(   61): GC_CONCURRENT freed 124K, 47% free 3038K/5639K, external 1625K/2137K, paused 4ms+4ms
W/PackageManager(   61): Running ENG build: no pre-dexopt!
D/dalvikvm(   61): GC_CONCURRENT freed 337K, 47% free 3177K/5959K, external 1625K/2137K, paused 4ms+4ms
D/szipinf (   61): Initializing inflate state
D/dalvikvm(   61): GC_CONCURRENT freed 177K, 44% free 3455K/6087K, external 1625K/2137K, paused 4ms+4ms
D/dalvikvm(   61): GC_CONCURRENT freed 206K, 41% free 3829K/6471K, external 1625K/2137K, paused 4ms+5ms
D/PackageManager(   61): No files in app dir /vendor/app
I/PackageManager(   61): Unpacking native libraries for /data/app/com.rhomobile.gcm_push_client-2.apk
I/PackageManager(   61): Unpacking native libraries for /data/app/SoftKeyboard.apk
I/PackageManager(   61): Unpacking native libraries for /data/app/GestureBuilder.apk
I/PackageManager(   61): Unpacking native libraries for /data/app/CubeLiveWallpapers.apk
D/szipinf (   61): Initializing inflate state
W/PackageParser(   61): No actions in intent filter at /data/app/ApiDemos.apk Binary XML file line #1882
W/PackageParser(   61): No actions in intent filter at /data/app/ApiDemos.apk Binary XML file line #1888
W/PackageManager(   61): Package com.example.android.apis desires unavailable shared library com.example.will.never.exist; ignoring!
I/PackageManager(   61): Unpacking native libraries for /data/app/ApiDemos.apk
D/dalvikvm(   61): GC_CONCURRENT freed 277K, 39% free 4272K/6983K, external 1625K/2137K, paused 3ms+6ms
I/PackageManager(   61): Time to scan packages: 3.523 seconds
W/PackageManager(   61): Unknown permission android.permission.ADD_SYSTEM_SERVICE in package com.android.phone
W/PackageManager(   61): Not granting permission android.permission.SEND_DOWNLOAD_COMPLETED_INTENTS to package com.android.browser (protectionLevel=2 flags=0x9be45)
W/PackageManager(   61): Unknown permission com.google.android.gm.permission.WRITE_GMAIL in package com.android.settings
W/PackageManager(   61): Unknown permission com.google.android.gm.permission.READ_GMAIL in package com.android.settings
W/PackageManager(   61): Unknown permission android.permission.READ_OWNER_DATA in package com.android.email
W/PackageManager(   61): Unknown permission com.android.providers.im.permission.READ_ONLY in package com.google.android.apps.maps
W/PackageManager(   61): Not granting permission android.permission.DEVICE_POWER to package com.android.deskclock (protectionLevel=2 flags=0x8be45)
D/dalvikvm(   61): GC_EXPLICIT freed 323K, 42% free 4174K/7111K, external 1625K/2137K, paused 52ms
I/SystemServer(   61): Account Manager
I/SystemServer(   61): Content Manager
I/SystemServer(   61): System Content Providers
I/ActivityThread(   61): Pub settings: com.android.providers.settings.SettingsProvider
I/SystemServer(   61): Battery Service
D/SettingsProvider(   61): cache for settings table 'secure' rows=33; fullycached=true
I/SystemServer(   61): Lights Service
I/SystemServer(   61): Vibrator Service
D/qemud   (   38): fdhandler_accept_event: accepting on fd 9
D/qemud   (   38): created client 0x12f38 listening on fd 11
D/qemud   (   38): client_fd_receive: attempting registration for service 'hw-control'
D/qemud   (   38): client_fd_receive:    -> received channel id 3
D/qemud   (   38): client_registration: registration succeeded for client 3
D/SettingsProvider(   61): cache for settings table 'system' rows=46; fullycached=true
I/SystemServer(   61): Alarm Manager
I/SystemServer(   61): Init Watchdog
I/SystemServer(   61): Window Manager
I/InputManager(   61): Initializing input manager
I/InputManager(   61): Starting input manager
I/SystemServer(   61): Registering null Bluetooth Service (emulator)
E/System  (   61): Failure starting core service
E/System  (   61): java.lang.SecurityException
E/System  (   61): 	at android.os.BinderProxy.transact(Native Method)
E/System  (   61): 	at android.os.ServiceManagerProxy.addService(ServiceManagerNative.java:146)
E/System  (   61): 	at android.os.ServiceManager.addService(ServiceManager.java:72)
E/System  (   61): 	at com.android.server.ServerThread.run(SystemServer.java:207)
I/SystemServer(   61): Device Policy
I/SystemServer(   61): Status Bar
I/SystemServer(   61): Clipboard Service
I/SystemServer(   61): Input Method Service
I/EventHub(   61): New keyboard: device->id=0x10000 devname='qwerty2' propName='hw.keyboards.65536.devname' keylayout='/system/usr/keylayout/qwerty.kl'
I/EventHub(   61): New device: path=/dev/input/event0 name=qwerty2 id=0x10000 (of 0x1) index=1 fd=86 classes=0x2d
E/EventHub(   61): could not get driver version for /dev/input/mouse0, Not a typewriter
E/EventHub(   61): could not get driver version for /dev/input/mice, Not a typewriter
I/InputManager-Callbacks(   61): No input device calibration properties found for device qwerty2.
I/InputReader(   61): Device added: id=0x0, name=qwerty2, sources=00011307
I/InputManagerService(   61): Enabled input methods: com.android.inputmethod.pinyin/.PinyinIME:jp.co.omronsoft.openwnn/.OpenWnnJAJP:com.android.inputmethod.latin/.LatinIME:com.example.android.softkeyboard/.SoftKeyboard
I/SystemServer(   61): NetStat Service
I/SystemServer(   61): NetworkManagement Service
I/SystemServer(   61): Connectivity Service
I/WifiService(   61): WifiService starting up with Wi-Fi disabled
D/NetworkManagmentService(   61): Registering observer
I/SystemServer(   61): Throttle Service
I/SystemServer(   61): Accessibility Manager
I/SystemServer(   61): Mount Service
I/SystemServer(   61): Notification Manager
I/SystemServer(   61): Device Storage Monitor
I/SystemServer(   61): Location Manager
I/SystemServer(   61): Search Service
I/SystemServer(   61): DropBox Service
I/SystemServer(   61): Wallpaper Service
D/VoldCmdListener(   29): volume list
I/PackageManager(   61): Updating external media status from unmounted to unmounted
D/VoldCmdListener(   29): share status ums
I/SystemServer(   61): Audio Service
D/AudioHardwareInterface(   34): setMode(NORMAL)
W/AudioPolicyManagerBase(   34): setPhoneState() setting same state 0
E/SoundPool(   61): error loading /system/media/audio/ui/Effect_Tick.ogg
W/AudioService(   61): Soundpool could not load file: /system/media/audio/ui/Effect_Tick.ogg
E/SoundPool(   61): error loading /system/media/audio/ui/KeypressStandard.ogg
W/AudioService(   61): Soundpool could not load file: /system/media/audio/ui/KeypressStandard.ogg
E/SoundPool(   61): error loading /system/media/audio/ui/KeypressSpacebar.ogg
W/AudioService(   61): Soundpool could not load file: /system/media/audio/ui/KeypressSpacebar.ogg
E/SoundPool(   61): error loading /system/media/audio/ui/KeypressDelete.ogg
W/AudioService(   61): Soundpool could not load file: /system/media/audio/ui/KeypressDelete.ogg
E/SoundPool(   61): error loading /system/media/audio/ui/KeypressReturn.ogg
W/AudioService(   61): Soundpool could not load file: /system/media/audio/ui/KeypressReturn.ogg
I/SystemServer(   61): Headset Observer
W/HeadsetObserver(   61): This kernel does not have wired headset support
I/SystemServer(   61): Dock Observer
W/DockObserver(   61): This kernel does not have dock station support
I/SystemServer(   61): USB Service
W/UsbDeviceSettingsManager(   61): settings file not found
I/UsbService(   61): This kernel does not have USB configuration switch support
I/SystemServer(   61): UI Mode Manager Service
I/SystemServer(   61): Backup Service
I/BackupManagerService(   61): Backup enabled => true
I/SystemServer(   61): AppWidget Service
I/SystemServer(   61): Recognition Service
I/SystemServer(   61): DiskStats Service
I/WindowManager(   61): SAFE MODE not enabled
D/dalvikvm(   61): JIT started for system_server
D/PowerManagerService(   61): system ready!
I/ActivityManager(   61): System now ready
I/SystemServer(   61): Making services ready
I/StatusBarManagerService(   61): Starting service: ComponentInfo{com.android.systemui/com.android.systemui.statusbar.StatusBarService}
I/Zygote  (   61): Process: zygote socket opened
I/ActivityManager(   61): Start proc com.android.systemui for service com.android.systemui/.statusbar.StatusBarService: pid=107 uid=1000 gids={3002, 3001, 3003}
I/ActivityManager(   61): Config changed: { scale=1.0 imsi=0/0 loc=en_US touch=0 keys=0/0/0 nav=0/0 orien=0 layout=0 uiMode=17 seq=2}
I/ActivityManager(   61): Config changed: { scale=1.0 imsi=0/0 loc=en_US touch=3 keys=1/1/2 nav=3/1 orien=1 layout=34 uiMode=17 seq=3}
W/RecognitionManagerService(   61): no available voice recognition services found
D/dalvikvm(   61): GREF has increased to 201
I/ActivityManager(   61): Start proc com.android.inputmethod.latin for service com.android.inputmethod.latin/.LatinIME: pid=115 uid=10022 gids={}
D/NetworkManagmentService(   61): Registering observer
E/ThrottleService(   61): Could not open GPS configuration file /etc/gps.conf
I/ActivityManager(   61): Start proc com.android.phone for added application com.android.phone: pid=125 uid=1001 gids={3002, 3001, 3003, 1015}
I/ActivityManager(   61): Starting: Intent { act=android.intent.action.MAIN cat=[android.intent.category.HOME] flg=0x10000000 cmp=com.android.launcher/com.android.launcher2.Launcher } from pid 0
I/ActivityManager(   61): Start proc com.android.launcher for activity com.android.launcher/com.android.launcher2.Launcher: pid=128 uid=10021 gids={}
I/SystemServer(   61): Enabled StrictMode for system server main thread.
D/dalvikvm(  107): GC_CONCURRENT freed 396K, 50% free 2830K/5639K, external 1625K/2137K, paused 3ms+76ms
D/dalvikvm(  115): GC_CONCURRENT freed 396K, 50% free 2829K/5639K, external 1625K/2137K, paused 3ms+3ms
D/dalvikvm(   61): GC_CONCURRENT freed 401K, 39% free 4552K/7431K, external 2130K/2137K, paused 4ms+5ms
D/dalvikvm(   61): GC_EXTERNAL_ALLOC freed 17K, 39% free 4535K/7431K, external 2130K/2137K, paused 123ms
W/GpsLocationProvider(   61): Could not open GPS configuration file /etc/gps.conf
W/ActivityManager(   61): Unable to start service Intent { act=@0 }: not found
W/ActivityManager(   61): Unable to start service Intent { act=@0 }: not found
D/dalvikvm(  125): GC_CONCURRENT freed 404K, 50% free 2822K/5639K, external 1625K/2137K, paused 3ms+35ms
D/dalvikvm(  128): GC_CONCURRENT freed 401K, 50% free 2824K/5639K, external 1625K/2137K, paused 3ms+2ms
I/ActivityManager(   61): Start proc android.process.acore for content provider com.android.providers.contacts/.ContactsProvider2: pid=149 uid=10000 gids={3003, 1015}
I/ActivityThread(  128): Pub com.android.launcher2.settings: com.android.launcher2.LauncherProvider
D/dalvikvm(  115): GC_EXTERNAL_ALLOC freed 74K, 49% free 2922K/5639K, external 2095K/2137K, paused 84ms
D/dalvikvm(   61): GC_EXTERNAL_ALLOC freed 85K, 40% free 4524K/7431K, external 2743K/2770K, paused 48ms
D/qemud   (   38): fdhandler_accept_event: accepting on fd 9
D/qemud   (   38): created client 0x12f88 listening on fd 12
I/ActivityThread(  125): Pub mms: com.android.providers.telephony.MmsProvider
D/qemud   (   38): client_fd_receive: attempting registration for service 'gps'
D/qemud   (   38): client_fd_receive:    -> received channel id 4
I/StatusBarManagerService(   61): registerStatusBar bar=com.android.internal.statusbar.IStatusBar$Stub$Proxy@4061d008
D/qemud   (   38): client_registration: registration succeeded for client 4
E/logwrapper(  162): executing /system/bin/tc failed: No such file or directory
I/logwrapper(   30): /system/bin/tc terminated by exit(1)
D/VoldCmdListener(   29): share status ums
E/logwrapper(  163): executing /system/bin/tc failed: No such file or directory
I/logwrapper(   30): /system/bin/tc terminated by exit(1)
D/StorageNotification(  107): Startup with UMS connection false (media state unmounted)
I/ActivityThread(  125): Pub sms: com.android.providers.telephony.SmsProvider
E/logwrapper(  164): executing /system/bin/tc failed: No such file or directory
I/logwrapper(   30): /system/bin/tc terminated by exit(1)
I/ActivityThread(  125): Pub telephony: com.android.providers.telephony.TelephonyProvider
I/ActivityThread(  125): Pub icc: com.android.phone.IccProvider
I/ActivityManager(   61): Start proc com.android.settings for broadcast com.android.settings/.widget.SettingsAppWidgetProvider: pid=166 uid=1000 gids={3002, 3001, 3003}
I/StorageNotification(  107): UMS connection changed to false (media state unmounted)
I/ActivityThread(  125): Pub mms-sms: com.android.providers.telephony.MmsSmsProvider
I/ActivityThread(  149): Pub com.android.social: com.android.providers.contacts.SocialProvider
I/ActivityThread(  149): Pub applications: com.android.providers.applications.ApplicationsProvider
D/dalvikvm(  149): GC_CONCURRENT freed 404K, 51% free 2793K/5639K, external 1625K/2137K, paused 3ms+53ms
D/dalvikvm(   61): GC_EXTERNAL_ALLOC freed 336K, 39% free 4657K/7559K, external 3304K/3338K, paused 100ms
I/ActivityThread(  149): Pub contacts;com.android.contacts: com.android.providers.contacts.ContactsProvider2
D/CallManager(  125): registerPhone(GSM Handler{4055eb10})
W/ActivityManager(   61): Unable to start service Intent { act=com.android.ussd.IExtendedNetworkService }: not found
D/dalvikvm(  166): GC_CONCURRENT freed 404K, 50% free 2821K/5639K, external 1625K/2137K, paused 4ms+24ms
I/TelephonyRegistry(   61): notifyServiceState: 3 home null null null  Unknown CSS not supported -1 -1RoamInd: -1DefRoamInd: -1EmergOnly: false
D/AlarmManagerService(   61): Kernel timezone updated to 420 minutes west of GMT
D/dalvikvm(  128): GC_EXTERNAL_ALLOC freed 53K, 49% free 2878K/5639K, external 2128K/2137K, paused 271ms
D/dalvikvm(   61): GC_EXTERNAL_ALLOC freed 50K, 38% free 4699K/7559K, external 4183K/4237K, paused 146ms
W/SystemClock(  125): Unable to set rtc to 1370992475: Invalid argument
I/TelephonyRegistry(   61): notifyDataConnection: state=0 isDataConnectivityPossible=false reason=radioTurnedOff interfaceName=null networkType=0
I/TelephonyRegistry(   61): notifyDataConnection: state=0 isDataConnectivityPossible=false reason=gprsDetached interfaceName=null networkType=0
I/ActivityManager(   61): Start proc com.google.process.gapps for broadcast com.google.android.gsf/.checkin.CheckinService$Receiver: pid=187 uid=10013 gids={3003, 1015, 2001, 1007}
D/dalvikvm(   61): GC_EXTERNAL_ALLOC freed 109K, 38% free 4696K/7559K, external 4120K/5135K, paused 137ms
I/TelephonyRegistry(   61): notifyServiceState: 0 home Android Android 310260  UMTS CSS not supported -1 -1RoamInd: -1DefRoamInd: -1EmergOnly: false
I/TelephonyRegistry(   61): notifyDataConnection: state=0 isDataConnectivityPossible=false reason=null interfaceName=null networkType=3
D/SystemClock(  125): Setting time of day to sec=1370992475
D/dalvikvm(  128): GC_EXTERNAL_ALLOC freed 25K, 49% free 2900K/5639K, external 2668K/2681K, paused 262ms
D/dalvikvm(  125): GC_CONCURRENT freed 264K, 47% free 3061K/5767K, external 1625K/2137K, paused 3ms+16ms
D/dalvikvm(   61): GC_EXTERNAL_ALLOC freed 71K, 38% free 4693K/7559K, external 4073K/5086K, paused 182ms
D/MccTable(  125): updateMccMncConfiguration: mcc=310, mnc=260
D/MccTable(  125): locale set to en_us
D/MccTable(  125): WIFI_NUM_ALLOWED_CHANNELS set to 11
I/WifiService(   61): WifiService trying to setNumAllowed to 11 with persist set to true
I/ActivityManager(   61): Config changed: { scale=1.0 imsi=310/260 loc=en_US touch=3 keys=1/1/2 nav=3/1 orien=1 layout=34 uiMode=17 seq=4}
I/TelephonyRegistry(   61): notifyMessageWaitingChanged: false
I/TelephonyRegistry(   61): notifyCallForwardingChanged: false
I/ActivityThread(  187): Pub com.google.settings: com.google.android.gsf.settings.GoogleSettingsProvider
I/ActivityThread(  187): Pub com.google.android.gsf.gservices: com.google.android.gsf.gservices.GservicesProvider
I/GservicesProvider(  187): Gservices pushing to system: true; secure: true
I/ActivityThread(  187): Pub subscribedfeeds: com.google.android.gsf.subscribedfeeds.SubscribedFeedsProvider
D/dalvikvm(  187): GC_CONCURRENT freed 330K, 50% free 2796K/5575K, external 1625K/2137K, paused 4ms+77ms
D/dalvikvm(  128): GC_EXTERNAL_ALLOC freed 6K, 49% free 2912K/5639K, external 3368K/3387K, paused 524ms
I/ActivityThread(  149): Pub call_log: com.android.providers.contacts.CallLogProvider
I/ActivityThread(  149): Pub user_dictionary: com.android.providers.userdictionary.UserDictionaryProvider
I/ActivityThread(  187): Pub com.google.android.providers.talk: com.google.android.gsf.talk.TalkProvider
D/TelephonyProvider(  125): Setting numeric '310260' to be the current operator
I/TelephonyRegistry(   61): notifyDataConnection: state=1 isDataConnectivityPossible=true reason=simLoaded interfaceName=null networkType=3
I/TelephonyRegistry(   61): notifyDataConnection: state=2 isDataConnectivityPossible=true reason=simLoaded interfaceName=/dev/omap_csmi_tty1 networkType=3
D/MobileDataStateTracker(   61): CONNECTED event did not supply a default gateway.
D/Tethering(   61): MasterInitialState.processMessage what=3
D/dalvikvm(  128): GC_EXTERNAL_ALLOC freed 54K, 48% free 2959K/5639K, external 4217K/4261K, paused 31ms
D/SntpClient(   61): request time failed: java.net.SocketException: Address family not supported by protocol
D/dalvikvm(   61): GREF has increased to 301
I/ActivityManager(   61): Start proc com.android.deskclock for broadcast com.android.deskclock/.AlarmInitReceiver: pid=208 uid=10027 gids={}
D/dalvikvm(   61): GC_CONCURRENT freed 706K, 40% free 4859K/8007K, external 4373K/5573K, paused 4ms+6ms
D/dalvikvm(  128): GC_EXTERNAL_ALLOC freed 28K, 48% free 2978K/5639K, external 5345K/5346K, paused 226ms
D/dalvikvm(  128): GC_EXPLICIT freed 20K, 48% free 2984K/5639K, external 5417K/6692K, paused 104ms
I/ActivityThread(  208): Pub com.android.deskclock: com.android.deskclock.AlarmProvider
D/dalvikvm(  208): GC_CONCURRENT freed 367K, 50% free 2793K/5575K, external 1625K/2137K, paused 4ms+37ms
I/ActivityManager(   61): Start proc com.android.music for broadcast com.android.music/.MediaAppWidgetProvider: pid=220 uid=10015 gids={3003, 1015}
D/dalvikvm(   33): GC_EXPLICIT freed 10K, 50% free 2719K/5379K, external 1625K/2137K, paused 92ms
D/dalvikvm(   33): GC_EXPLICIT freed <1K, 50% free 2719K/5379K, external 1625K/2137K, paused 151ms
D/dalvikvm(   33): GC_EXPLICIT freed <1K, 50% free 2719K/5379K, external 1625K/2137K, paused 94ms
D/dalvikvm(  220): GC_CONCURRENT freed 410K, 51% free 2816K/5639K, external 1625K/2137K, paused 4ms+3ms
I/SurfaceFlinger(   61): Boot is finished (15988 ms)
D/PowerManagerService(   61): bootCompleted
I/ARMAssembler(   61): generated scanline__00000177:03010104_00000002_00000000 [ 44 ipp] (66 ins) at [0x44436290:0x44436398] in 696000 ns
I/ARMAssembler(   61): generated scanline__00000177:03515104_00000001_00000000 [ 73 ipp] (95 ins) at [0x444363a0:0x4443651c] in 635000 ns
D/VoldCmdListener(   29): volume mount /mnt/sdcard
I/Vold    (   29): /dev/block/vold/179:0 being considered for volume sdcard
D/Vold    (   29): Volume sdcard state changing 1 (Idle-Unmounted) -> 3 (Checking)
I/StorageNotification(  107): Media {/mnt/sdcard} state changed from {unmounted} -> {checking}
I/ActivityManager(   61): Start proc com.android.protips for broadcast com.android.protips/.ProtipWidget: pid=231 uid=10009 gids={}
D/dalvikvm(  107): GC_EXTERNAL_ALLOC freed 156K, 49% free 2912K/5639K, external 2129K/2137K, paused 261ms
I/ActivityManager(   61): Start proc com.android.quicksearchbox for broadcast com.android.quicksearchbox/.SearchWidgetProvider: pid=239 uid=10008 gids={3003}
I/EventLogService(  187): Aggregate from 1370983158384 (log), 1370983158384 (data)
D/dalvikvm(   61): GC_EXPLICIT freed 349K, 41% free 4728K/8007K, external 4373K/5573K, paused 112ms
I/ActivityThread(  239): Pub com.android.quicksearchbox.google: com.android.quicksearchbox.google.GoogleSuggestionProvider
I/ActivityThread(  239): Pub com.android.quicksearchbox.shortcuts: com.android.quicksearchbox.ShortcutsProvider
I/SearchManagerService(   61): Building list of searchable activities
I//system/bin/fsck_msdos(   29): ** /dev/block/vold/179:0
I//system/bin/fsck_msdos(   29): ** Phase 1 - Read and Compare FATs
I//system/bin/fsck_msdos(   29): Attempting to allocate 1016 KB for FAT
I//system/bin/fsck_msdos(   29): Attempting to allocate 1016 KB for FAT
I/ActivityManager(   61): Start proc android.process.media for broadcast com.android.providers.downloads/.DownloadReceiver: pid=251 uid=10017 gids={1015, 1006, 2001, 3003}
I/ActivityThread(  251): Pub media: com.android.providers.media.MediaProvider
V/MediaProvider(  251): Attached volume: internal
I/ActivityThread(  251): Pub downloads: com.android.providers.downloads.DownloadProvider
I/ActivityThread(  251): Pub drm: com.android.providers.drm.DrmProvider
D/dalvikvm(  187): GC_CONCURRENT freed 470K, 50% free 2937K/5831K, external 1625K/2137K, paused 3ms+9ms
D/OtaStartupReceiver(  125): Not a CDMA phone, no need to process OTA
I/ActivityManager(   61): Start proc com.android.mms for broadcast com.android.mms/.transaction.MmsSystemEventReceiver: pid=261 uid=10016 gids={3003, 1015}
I/RecoverySystem(   61): No recovery log file
D/GTalkService(  187): [RawStanzaProvidersMgr] ##### searchProvidersFromIntent
D/GTalkService(  187): [RawStanzaProvidersMgr] no intent receivers found
D/GTalkService(  187): ##### Network broadcast (connected=true) type=mobile, state=CONNECTED
I/ActivityThread(  261): Pub com.android.mms.SuggestionsProvider: com.android.mms.SuggestionsProvider
I/ActivityManager(   61): Start proc com.google.android.apps.maps:FriendService for broadcast com.google.android.apps.maps/com.google.googlenav.friend.android.ServiceReceiver: pid=285 uid=10018 gids={3003, 1015}
D/AndroidRuntime(  295): 
D/AndroidRuntime(  295): >>>>>> AndroidRuntime START com.android.internal.os.RuntimeInit <<<<<<
D/AndroidRuntime(  295): CheckJNI is ON
V/update.Download(  187): deleting all update downloads
D/AndroidRuntime(  295): Calling main entry com.android.commands.pm.Pm
I/ActivityManager(   61): Start proc com.android.defcontainer for service com.android.defcontainer/.DefaultContainerService: pid=305 uid=10028 gids={1015, 2001}
D/MediaScannerService(  251): start scanning volume internal
I//system/bin/fsck_msdos(   29): ** Phase 2 - Check Cluster Chains
I//system/bin/fsck_msdos(   29): ** Phase 3 - Checking Directories
I//system/bin/fsck_msdos(   29): ** Phase 4 - Checking for Lost Files
I//system/bin/fsck_msdos(   29): 3 files, 129022 free (258045 clusters)
I/Vold    (   29): Filesystem check completed OK
I/Vold    (   29): Device /dev/block/vold/179:0, target /mnt/sdcard mounted @ /mnt/secure/staging
D/Vold    (   29): Volume sdcard state changing 3 (Checking) -> 4 (Mounted)
D/dalvikvm(  187): GC_CONCURRENT freed 509K, 50% free 2991K/5959K, external 1625K/2137K, paused 4ms+10ms
D/dalvikvm(  305): GC_EXPLICIT freed 318K, 51% free 2724K/5511K, external 1625K/2137K, paused 110ms
I/PackageManager(   61): Updating external media status from unmounted to mounted
I/ActivityManager(   61): Starting: Intent { flg=0x10000000 cmp=com.google.android.gsf/.update.SystemUpdateInstallDialog } from pid 187
I/StorageNotification(  107): Media {/mnt/sdcard} state changed from {checking} -> {mounted}
I/ActivityManager(   61): Start proc com.android.email for broadcast com.android.email/.service.EmailBroadcastReceiver: pid=315 uid=10025 gids={3003, 1015}
I/ActivityManager(   61): Displayed com.android.launcher/com.android.launcher2.Launcher: +17s154ms
I/ActivityThread(  315): Pub com.android.email.provider: com.android.email.provider.EmailProvider
I/ActivityThread(  315): Pub com.android.email.attachmentprovider: com.android.email.provider.AttachmentProvider
I/ActivityThread(  315): Pub com.android.exchange.provider: com.android.exchange.provider.ExchangeProvider
D/dalvikvm(   61): GREF has increased to 401
D/EAS SyncManager(  315): !!! EAS SyncManager, onCreate
I/dalvikvm(   61): Jit: resizing JitTable from 512 to 1024
D/Eas Debug(  315): Logging: 
D/EAS SyncManager(  315): !!! EAS SyncManager, onDestroy
D/Email   (  315): BOOT_COMPLETED
D/EAS SyncManager(  315): !!! EAS SyncManager, onCreate
D/EAS SyncManager(  315): !!! EAS SyncManager, onStartCommand
D/EAS SyncManager(  315): !!! EAS SyncManager, stopping self
D/EAS SyncManager(  315): !!! EAS SyncManager, onDestroy
D/dalvikvm(  125): GREF has increased to 201
D/MediaScanner(  251):  prescan time: 990ms
D/MediaScanner(  251):     scan time: 8ms
D/MediaScanner(  251): postscan time: 0ms
D/MediaScanner(  251):    total time: 998ms
D/MediaScannerService(  251): done scanning volume internal
W/ActivityManager(   61): No content provider found for: 
D/dalvikvm(  128): GC_EXTERNAL_ALLOC freed 356K, 48% free 3116K/5959K, external 4417K/4423K, paused 47ms
D/MediaScannerService(  251): start scanning volume external
D/dalvikvm(  128): GC_EXPLICIT freed 147K, 49% free 3098K/5959K, external 5119K/5293K, paused 38ms
V/MediaProvider(  251): /mnt/sdcard volume ID: 403837190
V/MediaProvider(  251): Attached volume: external
V/MediaScanner(  251): pruneDeadThumbnailFiles... android.database.sqlite.SQLiteCursor@405c3fb0
V/MediaScanner(  251): /pruneDeadThumbnailFiles... android.database.sqlite.SQLiteCursor@405c3fb0
D/MediaScanner(  251):  prescan time: 40ms
D/MediaScanner(  251):     scan time: 2ms
D/MediaScanner(  251): postscan time: 19ms
D/MediaScanner(  251):    total time: 61ms
D/MediaScannerService(  251): done scanning volume external
W/ActivityManager(   61): No content provider found for: 
D/VoldCmdListener(   29): asec list
I/PackageManager(   61): No secure containers on sdcard
W/PackageManager(   61): Unknown permission android.permission.ADD_SYSTEM_SERVICE in package com.android.phone
W/PackageManager(   61): Not granting permission android.permission.SEND_DOWNLOAD_COMPLETED_INTENTS to package com.android.browser (protectionLevel=2 flags=0x9be45)
W/PackageManager(   61): Unknown permission com.google.android.gm.permission.WRITE_GMAIL in package com.android.settings
W/PackageManager(   61): Unknown permission com.google.android.gm.permission.READ_GMAIL in package com.android.settings
W/PackageManager(   61): Unknown permission android.permission.READ_OWNER_DATA in package com.android.email
W/PackageManager(   61): Unknown permission com.android.providers.im.permission.READ_ONLY in package com.google.android.apps.maps
W/PackageManager(   61): Not granting permission android.permission.DEVICE_POWER to package com.android.deskclock (protectionLevel=2 flags=0x8be45)
D/PackageParser(   61): Scanning package: /data/app/vmdl-235534421.tmp
D/dalvikvm(   61): GC_CONCURRENT freed 1207K, 43% free 5017K/8711K, external 4373K/5573K, paused 4ms+5ms
D/dalvikvm(   61): GC_CONCURRENT freed 1441K, 44% free 5178K/9159K, external 4373K/5573K, paused 4ms+4ms
I/PackageManager(   61): Removing non-system package:com.rhomobile.gcm_push_client
I/ActivityManager(   61): Force stopping package com.rhomobile.gcm_push_client uid=10038
D/PackageManager(   61): Scanning package com.rhomobile.gcm_push_client
I/PackageManager(   61): Package com.rhomobile.gcm_push_client codePath changed from /data/app/com.rhomobile.gcm_push_client-2.apk to /data/app/com.rhomobile.gcm_push_client-1.apk; Retaining data and using new
I/PackageManager(   61): Unpacking native libraries for /data/app/com.rhomobile.gcm_push_client-1.apk
I/dalvikvm(   61): Jit: resizing JitTable from 1024 to 2048
D/installd(   35): DexInv: --- BEGIN '/data/app/com.rhomobile.gcm_push_client-1.apk' ---
D/dalvikvm(  336): DexOpt: load 83ms, verify+opt 590ms
D/installd(   35): DexInv: --- END '/data/app/com.rhomobile.gcm_push_client-1.apk' (success) ---
W/PackageManager(   61): Code path for pkg : com.rhomobile.gcm_push_client changing from /data/app/com.rhomobile.gcm_push_client-2.apk to /data/app/com.rhomobile.gcm_push_client-1.apk
W/PackageManager(   61): Resource path for pkg : com.rhomobile.gcm_push_client changing from /data/app/com.rhomobile.gcm_push_client-2.apk to /data/app/com.rhomobile.gcm_push_client-1.apk
D/PackageManager(   61): Registered content provider: com.rhomobile.gcm_push_client, className = com.rhomobile.rhodes.LocalFileProvider, isSyncable = false
D/PackageManager(   61):   Providers: com.rhomobile.rhodes.LocalFileProvider
D/PackageManager(   61):   Services: com.rhomobile.rhodes.RhodesService com.rhomobile.rhodes.gcm.GCMIntentService
D/PackageManager(   61):   Receivers: com.rhomobile.rhodes.gcm.GCMBroadcastReceiver
D/PackageManager(   61):   Activities: com.rhomobile.rhodes.RhodesActivity com.rhomobile.rhodes.alert.PopupActivity com.rhomobile.rhodes.ui.FileList com.rhomobile.rhodes.signature.ImageCapture com.rhomobile.rhodes.datetime.DateTimePickerScreen com.rhomobile.rhodes.mapview.MapView com.rhomobile.rhodes.mapview.GoogleMapView com.rhomobile.rhodes.bluetooth.RhoBluetoothDeviceListActivity
D/PackageManager(   61):   Permissions: com.rhomobile.gcm_push_client.permission.C2D_MESSAGE
I/ActivityManager(   61): Force stopping package com.rhomobile.gcm_push_client uid=10038
D/dalvikvm(   61): GC_CONCURRENT freed 1554K, 44% free 5252K/9287K, external 4373K/5573K, paused 5ms+8ms
I/installd(   35): move /data/dalvik-cache/data@app@com.rhomobile.gcm_push_client-1.apk@classes.dex -> /data/dalvik-cache/data@app@com.rhomobile.gcm_push_client-1.apk@classes.dex
D/PackageManager(   61): New package installed in /data/app/com.rhomobile.gcm_push_client-1.apk
W/PackageManager(   61): Unknown permission android.permission.ADD_SYSTEM_SERVICE in package com.android.phone
W/PackageManager(   61): Not granting permission android.permission.SEND_DOWNLOAD_COMPLETED_INTENTS to package com.android.browser (protectionLevel=2 flags=0x9be45)
W/PackageManager(   61): Unknown permission com.google.android.gm.permission.WRITE_GMAIL in package com.android.settings
W/PackageManager(   61): Unknown permission com.google.android.gm.permission.READ_GMAIL in package com.android.settings
W/PackageManager(   61): Unknown permission android.permission.READ_OWNER_DATA in package com.android.email
W/PackageManager(   61): Unknown permission com.android.providers.im.permission.READ_ONLY in package com.google.android.apps.maps
W/PackageManager(   61): Not granting permission android.permission.DEVICE_POWER to package com.android.deskclock (protectionLevel=2 flags=0x8be45)
I/ActivityManager(   61): Force stopping package com.rhomobile.gcm_push_client uid=10038
D/dalvikvm(  128): GC_EXPLICIT freed 81K, 50% free 3017K/5959K, external 4738K/5293K, paused 41ms
D/dalvikvm(  149): GC_EXPLICIT freed 292K, 49% free 2957K/5703K, external 1625K/2137K, paused 88ms
I/ActivityManager(   61): Start proc com.google.android.apps.maps for broadcast com.google.android.apps.maps/com.google.android.location.internal.NlpPackageUpdateReceiver: pid=337 uid=10018 gids={3003, 1015}
W/RecognitionManagerService(   61): no available voice recognition services found
D/dalvikvm(   61): GC_EXPLICIT freed 815K, 48% free 4878K/9287K, external 4373K/5573K, paused 77ms
I/ActivityThread(  337): Pub com.google.android.maps.LocalSuggestionProvider: com.google.googlenav.provider.LocalSuggestionProvider
I/ActivityThread(  337): Pub com.google.android.maps.LayerInfoProvider: com.google.googlenav.layer.LayerInfoProvider
I/ActivityThread(  337): Pub com.google.android.maps.TrafficProvider: com.google.googlenav.appwidget.traffic.TrafficProvider
I/ActivityThread(  337): Pub com.google.android.maps.SuggestionProvider: com.google.googlenav.suggest.android.SuggestProvider
I/ActivityThread(  337): Pub com.google.android.maps.SearchHistoryProvider: com.google.googlenav.provider.SearchHistoryProvider
I/ActivityThread(  337): Pub com.google.android.maps.NavigationAvailabilityProvider: com.google.googlenav.provider.NavigationAvailabilityProvider
I/installd(   35): unlink /data/dalvik-cache/data@app@com.rhomobile.gcm_push_client-2.apk@classes.dex
D/AndroidRuntime(  295): Shutting down VM
D/dalvikvm(  295): GC_CONCURRENT freed 100K, 72% free 294K/1024K, external 0K/0K, paused 1ms+1ms
D/jdwp    (  295): adbd disconnected
I/dalvikvm(  295): JNI: AttachCurrentThread (from ???.???)
I/AndroidRuntime(  295): NOTE: attach of thread 'Binder Thread #3' failed
I/ActivityThread(  337): Pub com.google.android.maps.StarredItemProvider: com.google.googlenav.provider.StarredItemProvider
D/dalvikvm(  337): GC_CONCURRENT freed 826K, 49% free 3486K/6727K, external 1625K/2137K, paused 3ms+3ms
I/ActivityManager(   61): Start proc com.svox.pico for broadcast com.svox.pico/.VoiceDataInstallerReceiver: pid=352 uid=10010 gids={}
D/AndroidRuntime(  351): 
D/AndroidRuntime(  351): >>>>>> AndroidRuntime START com.android.internal.os.RuntimeInit <<<<<<
D/AndroidRuntime(  351): CheckJNI is ON
I/ActivityThread(  352): Pub com.svox.pico.providers.SettingsProvider: com.svox.pico.providers.SettingsProvider
D/GTalkService(  187): handlePackageInstalled: re-initialize providers
D/GTalkService(  187): [RawStanzaProvidersMgr] ##### searchProvidersFromIntent
D/GTalkService(  187): [RawStanzaProvidersMgr] no intent receivers found
D/AndroidRuntime(  351): Calling main entry com.android.commands.am.Am
I/ActivityManager(   61): Starting: Intent { act=android.intent.action.MAIN flg=0x10000000 cmp=com.rhomobile.gcm_push_client/com.rhomobile.rhodes.RhodesActivity } from pid 351
I/ActivityManager(   61): Start proc com.rhomobile.gcm_push_client for activity com.rhomobile.gcm_push_client/com.rhomobile.rhodes.RhodesActivity: pid=367 uid=10038 gids={3003}
D/AndroidRuntime(  351): Shutting down VM
D/dalvikvm(  351): GC_CONCURRENT freed 100K, 69% free 318K/1024K, external 0K/0K, paused 1ms+1ms
D/jdwp    (  351): adbd disconnected
I/AndroidRuntime(  351): NOTE: attach of thread 'Binder Thread #3' failed
